mylog        Mon, 03 Jul 2017 17:36:42 DEBUG    invalid: 002001_2017-04-01_None
mylog        Mon, 03 Jul 2017 17:36:42 DEBUG    valid: 002001_2017-03-31_[-0.9517497  -0.81847952 -0.79102002 -0.78096078  1.662243    0.92499821
  0.75496881 -0.9517497  -0.81847952 -0.79102002 -0.78096078  1.662243
  0.92499821  0.75496881]
mylog        Mon, 03 Jul 2017 17:36:42 DEBUG    valid: 002001_2017-03-30_[-0.95419875 -0.80003792 -0.79911143 -0.79048355  1.66665249  0.86863351
  0.80854564 -0.95419875 -0.80003792 -0.79911143 -0.79048355  1.66665249
  0.86863351  0.80854564]
mylog        Mon, 03 Jul 2017 17:36:43 DEBUG    valid: 002001_2017-03-29_[-0.99435291 -0.7800302  -0.7754195  -0.7891467   1.66722339  0.86602653
  0.80569938 -0.99435291 -0.7800302  -0.7754195  -0.7891467   1.66722339
  0.86602653  0.80569938]
mylog        Mon, 03 Jul 2017 17:36:43 DEBUG    valid: 002001_2017-03-28_[-0.85154711 -0.84232125 -0.80956139 -0.83564326  1.68646753  0.8575114
  0.79509408 -0.85154711 -0.84232125 -0.80956139 -0.83564326  1.68646753
  0.8575114   0.79509408]
mylog        Mon, 03 Jul 2017 17:36:43 DEBUG    valid: 002001_2017-03-27_[-0.72129916 -0.92167489 -0.8625202  -0.82371196  1.69354098  0.84960523
  0.78606    -0.72129916 -0.92167489 -0.8625202  -0.82371196  1.69354098
  0.84960523  0.78606   ]
mylog        Mon, 03 Jul 2017 17:36:43 DEBUG    invalid: 002001_2017-03-26_None
mylog        Mon, 03 Jul 2017 17:36:43 DEBUG    invalid: 002001_2017-03-25_None
mylog        Mon, 03 Jul 2017 17:36:43 DEBUG    valid: 002001_2017-03-24_[-0.75155156 -0.89986463 -0.87065307 -0.81239454  1.68837874  0.85443882
  0.79164624 -0.75155156 -0.89986463 -0.87065307 -0.81239454  1.68837874
  0.85443882  0.79164624]
mylog        Mon, 03 Jul 2017 17:36:43 DEBUG    valid: 002001_2017-03-23_[-0.84617078 -0.83549877 -0.86338261 -0.77953334  1.71148878  0.770488
  0.84260873 -0.84617078 -0.83549877 -0.86338261 -0.77953334  1.71148878
  0.770488    0.84260873]
mylog        Mon, 03 Jul 2017 17:36:43 DEBUG    valid: 002001_2017-03-22_[-0.97323715 -0.76271209 -0.84825467 -0.73793284  1.69934219  0.77601415
  0.8467804  -0.97323715 -0.76271209 -0.84825467 -0.73793284  1.69934219
  0.77601415  0.8467804 ]
mylog        Mon, 03 Jul 2017 17:36:43 DEBUG    valid: 002001_2017-03-21_[-0.99329245 -0.72192623 -0.84237127 -0.75971439  1.70282797  0.77155043
  0.84292595 -0.99329245 -0.72192623 -0.84237127 -0.75971439  1.70282797
  0.77155043  0.84292595]
mylog        Mon, 03 Jul 2017 17:36:44 DEBUG    valid: 002001_2017-03-20_[-0.73527333 -0.79801402 -0.92628908 -0.85068336  1.72817454  0.75369948
  0.82838577 -0.73527333 -0.79801402 -0.92628908 -0.85068336  1.72817454
  0.75369948  0.82838577]
mylog        Mon, 03 Jul 2017 17:36:44 DEBUG    invalid: 002001_2017-03-19_None
mylog        Mon, 03 Jul 2017 17:36:44 DEBUG    invalid: 002001_2017-03-18_None
mylog        Mon, 03 Jul 2017 17:36:44 DEBUG    valid: 002001_2017-03-17_[-0.69162083 -0.84671326 -0.91454355 -0.85777145  1.72342286  0.75656175
  0.83066448 -0.69162083 -0.84671326 -0.91454355 -0.85777145  1.72342286
  0.75656175  0.83066448]
mylog        Mon, 03 Jul 2017 17:36:44 DEBUG    valid: 002001_2017-03-16_[-0.68811672 -0.94488855 -0.86516817 -0.86554236  1.5928666   0.76127949
  1.00956971 -0.68811672 -0.94488855 -0.86516817 -0.86554236  1.5928666
  0.76127949  1.00956971]
mylog        Mon, 03 Jul 2017 17:36:44 DEBUG    valid: 002001_2017-03-15_[-0.71304301 -0.98719452 -0.83553733 -0.83115467  1.58404124  0.76990408
  1.0129842  -0.71304301 -0.98719452 -0.83553733 -0.83115467  1.58404124
  0.76990408  1.0129842 ]
mylog        Mon, 03 Jul 2017 17:36:44 DEBUG    valid: 002001_2017-03-14_[-0.91175776 -0.9352336  -0.7697035  -0.75826024  1.57365949  0.78254468
  1.01875093 -0.91175776 -0.9352336  -0.7697035  -0.75826024  1.57365949
  0.78254468  1.01875093]
mylog        Mon, 03 Jul 2017 17:36:44 DEBUG    valid: 002001_2017-03-13_[-0.9545641  -0.95288988 -0.67270788 -0.7851626   1.57504762  0.77582489
  1.01445195 -0.9545641  -0.95288988 -0.67270788 -0.7851626   1.57504762
  0.77582489  1.01445195]
mylog        Mon, 03 Jul 2017 17:36:44 DEBUG    invalid: 002001_2017-03-12_None
mylog        Mon, 03 Jul 2017 17:36:44 DEBUG    invalid: 002001_2017-03-11_None
mylog        Mon, 03 Jul 2017 17:36:44 DEBUG    valid: 002001_2017-03-10_[-1.09593374 -0.86421654 -0.63788375 -0.75573207  1.56313059  0.77812695
  1.01250856 -1.09593374 -0.86421654 -0.63788375 -0.75573207  1.56313059
  0.77812695  1.01250856]
mylog        Mon, 03 Jul 2017 17:36:45 DEBUG    valid: 002001_2017-03-09_[-1.11972296 -0.75342407 -0.69508538 -0.83186041  1.21694672  0.82755178
  1.35559432 -1.11972296 -0.75342407 -0.69508538 -0.83186041  1.21694672
  0.82755178  1.35559432]
mylog        Mon, 03 Jul 2017 17:36:45 DEBUG    valid: 002001_2017-03-08_[-0.89808857 -0.80286984 -0.76627076 -0.94912009  1.22788825  0.81276404
  1.37569698 -0.89808857 -0.80286984 -0.76627076 -0.94912009  1.22788825
  0.81276404  1.37569698]
mylog        Mon, 03 Jul 2017 17:36:45 DEBUG    valid: 002001_2017-03-07_[-1.0319574  -0.71590753 -0.75023062 -0.90996895  1.22238015  0.82005143
  1.36563292 -1.0319574  -0.71590753 -0.75023062 -0.90996895  1.22238015
  0.82005143  1.36563292]
mylog        Mon, 03 Jul 2017 17:36:45 DEBUG    valid: 002001_2017-03-06_[-0.89074861 -0.55382413 -0.88710821 -1.05426601  1.22020646  0.79365738
  1.37208312 -0.89074861 -0.55382413 -0.88710821 -1.05426601  1.22020646
  0.79365738  1.37208312]
mylog        Mon, 03 Jul 2017 17:36:45 DEBUG    invalid: 002001_2017-03-05_None
mylog        Mon, 03 Jul 2017 17:36:45 DEBUG    invalid: 002001_2017-03-04_None
mylog        Mon, 03 Jul 2017 17:36:45 DEBUG    valid: 002001_2017-03-03_[-0.40403031 -0.6938512  -1.03860025 -1.18522065  1.20231926  0.75933552
  1.36004762 -0.40403031 -0.6938512  -1.03860025 -1.18522065  1.20231926
  0.75933552  1.36004762]
mylog        Mon, 03 Jul 2017 17:36:45 DEBUG    valid: 002001_2017-03-02_[-0.78918571 -0.58937409 -0.84874331 -0.97428581  0.66870229  0.67259739
  1.86028924 -0.78918571 -0.58937409 -0.84874331 -0.97428581  0.66870229
  0.67259739  1.86028924]
mylog        Mon, 03 Jul 2017 17:36:45 DEBUG    valid: 002001_2017-03-01_[-0.62219798 -0.60468238 -0.89658907 -1.0515948   0.652815    0.65677897
  1.86547026 -0.62219798 -0.60468238 -0.89658907 -1.0515948   0.652815
  0.65677897  1.86547026]
mylog        Mon, 03 Jul 2017 17:36:46 DEBUG    valid: 002001_2017-02-28_[ 0.46210077 -0.8955741  -1.01595259 -1.24797956  0.49519555  0.49914387
  1.70306607  0.46210077 -0.8955741  -1.01595259 -1.24797956  0.49519555
  0.49914387  1.70306607]
mylog        Mon, 03 Jul 2017 17:36:46 DEBUG    valid: 002001_2017-02-27_[-0.75852054 -0.83303767 -0.7735298  -0.90146825  0.73052014  0.73402267
  1.80201346 -0.75852054 -0.83303767 -0.7735298  -0.90146825  0.73052014
  0.73402267  1.80201346]
mylog        Mon, 03 Jul 2017 17:36:46 DEBUG    invalid: 002001_2017-02-26_None
mylog        Mon, 03 Jul 2017 17:36:46 DEBUG    invalid: 002001_2017-02-25_None
mylog        Mon, 03 Jul 2017 17:36:46 DEBUG    valid: 002001_2017-02-24_[-0.8971333  -0.81488173 -0.71736094 -0.84909948  0.74647396  0.74985938
  1.78214211 -0.8971333  -0.81488173 -0.71736094 -0.84909948  0.74647396
  0.74985938  1.78214211]
mylog        Mon, 03 Jul 2017 17:36:46 DEBUG    valid: 002001_2017-02-23_[-0.50815415 -0.90364811 -0.81877552 -0.96124563  0.54538217  0.80768906
  1.83875219 -0.50815415 -0.90364811 -0.81877552 -0.96124563  0.54538217
  0.80768906  1.83875219]
mylog        Mon, 03 Jul 2017 17:36:46 DEBUG    valid: 002001_2017-02-22_[-0.89810694 -0.79020783 -0.71359416 -0.84739992  0.5967628   0.84277218
  1.80977387 -0.89810694 -0.79020783 -0.71359416 -0.84739992  0.5967628
  0.84277218  1.80977387]
mylog        Mon, 03 Jul 2017 17:36:46 DEBUG    valid: 002001_2017-02-21_[-0.89286494 -0.66617085 -0.76930079 -0.90484896  0.5792385   0.83139374
  1.82255328 -0.89286494 -0.66617085 -0.76930079 -0.90484896  0.5792385
  0.83139374  1.82255328]
mylog        Mon, 03 Jul 2017 17:36:46 DEBUG    valid: 002001_2017-02-20_[-0.9380965  -0.64369448 -0.76018393 -0.89227872  0.58514863  0.8344944
  1.8146106  -0.9380965  -0.64369448 -0.76018393 -0.89227872  0.58514863
  0.8344944   1.8146106 ]
mylog        Mon, 03 Jul 2017 17:36:46 DEBUG    invalid: 002001_2017-02-19_None
mylog        Mon, 03 Jul 2017 17:36:47 DEBUG    invalid: 002001_2017-02-18_None
mylog        Mon, 03 Jul 2017 17:36:47 DEBUG    valid: 002001_2017-02-17_[-0.84789404 -0.65109036 -0.79912281 -0.92990888  0.57276917  0.82732521
  1.8279217  -0.84789404 -0.65109036 -0.79912281 -0.92990888  0.57276917
  0.82732521  1.8279217 ]
mylog        Mon, 03 Jul 2017 17:36:47 DEBUG    valid: 002001_2017-02-16_[-0.58756414 -0.66653426 -0.83362931 -0.95239875  0.3193442   0.7258872
  1.99489507 -0.58756414 -0.66653426 -0.83362931 -0.95239875  0.3193442
  0.7258872   1.99489507]
mylog        Mon, 03 Jul 2017 17:36:47 DEBUG    valid: 002001_2017-02-15_[-0.10965477 -0.77652653 -0.96432993 -1.04429994  0.26110146  0.67338753
  1.96032218 -0.10965477 -0.77652653 -0.96432993 -1.04429994  0.26110146
  0.67338753  1.96032218]
mylog        Mon, 03 Jul 2017 17:36:47 DEBUG    valid: 002001_2017-02-14_[-0.73751824 -0.73075235 -0.82262339 -0.83163555  0.39971671  0.77526963
  1.94754319 -0.73751824 -0.73075235 -0.82262339 -0.83163555  0.39971671
  0.77526963  1.94754319]
mylog        Mon, 03 Jul 2017 17:36:47 DEBUG    valid: 002001_2017-02-13_[-0.6742181  -0.76332341 -0.83653579 -0.84383623  0.39651389  0.77304162
  1.94835802 -0.6742181  -0.76332341 -0.83653579 -0.84383623  0.39651389
  0.77304162  1.94835802]
mylog        Mon, 03 Jul 2017 17:36:47 DEBUG    invalid: 002001_2017-02-12_None
mylog        Mon, 03 Jul 2017 17:36:47 DEBUG    invalid: 002001_2017-02-11_None
mylog        Mon, 03 Jul 2017 17:36:47 DEBUG    valid: 002001_2017-02-10_[-0.74283456 -0.75360209 -0.8248896  -0.81258713  0.41290977  0.78295736
  1.93804626 -0.74283456 -0.75360209 -0.8248896  -0.81258713  0.41290977
  0.78295736  1.93804626]
mylog        Mon, 03 Jul 2017 17:36:48 DEBUG    valid: 002001_2017-02-09_[-0.62894293 -0.82845201 -0.86974212 -0.83652486  0.42869789  0.84879286
  1.88617117 -0.62894293 -0.82845201 -0.86974212 -0.83652486  0.42869789
  0.84879286  1.88617117]
mylog        Mon, 03 Jul 2017 17:36:48 DEBUG    valid: 002001_2017-02-08_[-0.79228983 -0.81355856 -0.82023049 -0.76806936  0.46116161  0.86628701
  1.86669963 -0.79228983 -0.81355856 -0.82023049 -0.76806936  0.46116161
  0.86628701  1.86669963]
mylog        Mon, 03 Jul 2017 17:36:48 DEBUG    valid: 002001_2017-02-07_[-0.79338947 -0.83479861 -0.81883564 -0.74739459  0.46232262  0.86672914
  1.86536654 -0.79338947 -0.83479861 -0.81883564 -0.74739459  0.46232262
  0.86672914  1.86536654]
mylog        Mon, 03 Jul 2017 17:36:48 DEBUG    valid: 002001_2017-02-06_[-0.75199546 -0.84435228 -0.84608364 -0.74536461  0.45445821  0.86266187
  1.87067591 -0.75199546 -0.84435228 -0.84608364 -0.74536461  0.45445821
  0.86266187  1.87067591]
mylog        Mon, 03 Jul 2017 17:36:48 DEBUG    invalid: 002001_2017-02-05_None
mylog        Mon, 03 Jul 2017 17:36:48 DEBUG    invalid: 002001_2017-02-04_None
mylog        Mon, 03 Jul 2017 17:36:48 DEBUG    valid: 002001_2017-02-03_[-0.85504782 -0.83477402 -0.80442023 -0.70132887  0.46673957  0.86843918
  1.86039217 -0.85504782 -0.83477402 -0.80442023 -0.70132887  0.46673957
  0.86843918  1.86039217]
mylog        Mon, 03 Jul 2017 17:36:48 DEBUG    invalid: 002001_2017-02-02_None
mylog        Mon, 03 Jul 2017 17:36:48 DEBUG    invalid: 002001_2017-02-01_None
mylog        Mon, 03 Jul 2017 17:36:48 DEBUG    invalid: 002001_2017-01-31_None
mylog        Mon, 03 Jul 2017 17:36:49 DEBUG    invalid: 002001_2017-01-30_None
mylog        Mon, 03 Jul 2017 17:36:49 DEBUG    invalid: 002001_2017-01-29_None
mylog        Mon, 03 Jul 2017 17:36:49 DEBUG    invalid: 002001_2017-01-28_None
mylog        Mon, 03 Jul 2017 17:36:49 DEBUG    invalid: 002001_2017-01-27_None
mylog        Mon, 03 Jul 2017 17:36:49 DEBUG    valid: 002001_2017-01-26_[-0.87755028 -0.84312541 -0.82595799 -0.74086836  0.66101197  0.86503153
  1.76145853 -0.87755028 -0.84312541 -0.82595799 -0.74086836  0.66101197
  0.86503153  1.76145853]
mylog        Mon, 03 Jul 2017 17:36:49 DEBUG    valid: 002001_2017-01-25_[-0.89321564 -0.82194727 -0.79256221 -0.71650931  0.49491583  0.90886531
  1.8204533  -0.89321564 -0.82194727 -0.79256221 -0.71650931  0.49491583
  0.90886531  1.8204533 ]
mylog        Mon, 03 Jul 2017 17:36:49 DEBUG    valid: 002001_2017-01-24_[-0.80221074 -0.85270418 -0.82328159 -0.73673132  0.4781886   0.90186522
  1.83487402 -0.80221074 -0.85270418 -0.82328159 -0.73673132  0.4781886
  0.90186522  1.83487402]
mylog        Mon, 03 Jul 2017 17:36:49 DEBUG    valid: 002001_2017-01-23_[-0.86455616 -0.84602777 -0.79976441 -0.7093908   0.48760004  0.90570263
  1.82643647 -0.86455616 -0.84602777 -0.79976441 -0.7093908   0.48760004
  0.90570263  1.82643647]
mylog        Mon, 03 Jul 2017 17:36:49 DEBUG    invalid: 002001_2017-01-22_None
mylog        Mon, 03 Jul 2017 17:36:49 DEBUG    invalid: 002001_2017-01-21_None
mylog        Mon, 03 Jul 2017 17:36:49 DEBUG    valid: 002001_2017-01-20_[-0.82266608 -0.84026148 -0.81712693 -0.73485394  0.47795794  0.90179461
  1.83515588 -0.82266608 -0.84026148 -0.81712693 -0.73485394  0.47795794
  0.90179461  1.83515588]
mylog        Mon, 03 Jul 2017 17:36:50 DEBUG    valid: 002001_2017-01-19_[-0.88221394 -0.83755666 -0.78966927 -0.74264038  0.58092669  0.86648262
  1.80467094 -0.88221394 -0.83755666 -0.78966927 -0.74264038  0.58092669
  0.86648262  1.80467094]
mylog        Mon, 03 Jul 2017 17:36:50 DEBUG    valid: 002001_2017-01-18_[-0.87318126 -0.82863575 -0.80026984 -0.74652179  0.57500259  0.86326417
  1.81034187 -0.87318126 -0.82863575 -0.80026984 -0.74652179  0.57500259
  0.86326417  1.81034187]
mylog        Mon, 03 Jul 2017 17:36:50 DEBUG    valid: 002001_2017-01-17_[-0.9187022  -0.81678933 -0.77502958 -0.73504018  0.57359405  0.86207856
  1.80988867 -0.9187022  -0.81678933 -0.77502958 -0.73504018  0.57359405
  0.86207856  1.80988867]
mylog        Mon, 03 Jul 2017 17:36:50 DEBUG    valid: 002001_2017-01-16_[-0.80557042 -0.85833881 -0.79069993 -0.78260495  0.5567944   0.853235
  1.8271847  -0.80557042 -0.85833881 -0.79069993 -0.78260495  0.5567944
  0.853235    1.8271847 ]
mylog        Mon, 03 Jul 2017 17:36:50 DEBUG    invalid: 002001_2017-01-15_None
mylog        Mon, 03 Jul 2017 17:36:50 DEBUG    invalid: 002001_2017-01-14_None
mylog        Mon, 03 Jul 2017 17:36:50 DEBUG    valid: 002001_2017-01-13_[-0.88349774 -0.8532003  -0.76038672 -0.74146653  0.56199117  0.85573512
  1.82082501 -0.88349774 -0.8532003  -0.76038672 -0.74146653  0.56199117
  0.85573512  1.82082501]
mylog        Mon, 03 Jul 2017 17:36:50 DEBUG    valid: 002001_2017-01-12_[-0.81456641 -0.81424627 -0.77949866 -0.75917152  0.41914244  0.85592455
  1.89241587 -0.81456641 -0.81424627 -0.77949866 -0.75917152  0.41914244
  0.85592455  1.89241587]
mylog        Mon, 03 Jul 2017 17:36:51 DEBUG    valid: 002001_2017-01-11_[-0.84222622 -0.81420075 -0.75879477 -0.75476263  0.42346429  0.85785354
  1.88866654 -0.84222622 -0.81420075 -0.75879477 -0.75476263  0.42346429
  0.85785354  1.88866654]
mylog        Mon, 03 Jul 2017 17:36:51 DEBUG    valid: 002001_2017-01-10_[-0.89266847 -0.77974141 -0.73383779 -0.7601876   0.42117997  0.85632472
  1.88893056 -0.89266847 -0.77974141 -0.73383779 -0.7601876   0.42117997
  0.85632472  1.88893056]
mylog        Mon, 03 Jul 2017 17:36:51 DEBUG    valid: 002001_2017-01-09_[-0.8812415  -0.74358398 -0.74975073 -0.78563155  0.41201665  0.8520236
  1.89616751 -0.8812415  -0.74358398 -0.74975073 -0.78563155  0.41201665
  0.8520236   1.89616751]
mylog        Mon, 03 Jul 2017 17:36:51 DEBUG    invalid: 002001_2017-01-08_None
mylog        Mon, 03 Jul 2017 17:36:51 DEBUG    invalid: 002001_2017-01-07_None
mylog        Mon, 03 Jul 2017 17:36:51 DEBUG    valid: 002001_2017-01-06_[-0.71090801 -0.76595304 -0.81764057 -0.84695728  0.38665782  0.83977417
  1.91502691 -0.71090801 -0.76595304 -0.81764057 -0.84695728  0.38665782
  0.83977417  1.91502691]
mylog        Mon, 03 Jul 2017 17:36:51 DEBUG    valid: 002001_2017-01-05_[-0.88092564 -0.76407735 -0.78755151 -0.77031885  0.46308231  0.89090982
  1.84888122 -0.88092564 -0.76407735 -0.78755151 -0.77031885  0.46308231
  0.89090982  1.84888122]
mylog        Mon, 03 Jul 2017 17:36:51 DEBUG    valid: 002001_2017-01-04_[-0.74056155 -0.7939682  -0.828701   -0.82440355  0.44004094  0.88057972
  1.86701362 -0.74056155 -0.7939682  -0.828701   -0.82440355  0.44004094
  0.88057972  1.86701362]
mylog        Mon, 03 Jul 2017 17:36:51 DEBUG    valid: 002001_2017-01-03_[-0.70619832 -0.78938728 -0.84336979 -0.84273695  0.43385015  0.8773684
  1.8704738  -0.70619832 -0.78938728 -0.84336979 -0.84273695  0.43385015
  0.8773684   1.8704738 ]
mylog        Mon, 03 Jul 2017 17:36:52 DEBUG    invalid: 002001_2017-01-02_None
mylog        Mon, 03 Jul 2017 17:36:52 DEBUG    invalid: 002001_2017-01-01_None
mylog        Mon, 03 Jul 2017 17:36:52 DEBUG    invalid: 002001_2016-12-31_None
mylog        Mon, 03 Jul 2017 17:36:52 DEBUG    valid: 002001_2016-12-30_[-0.74648366 -0.79970793 -0.83332551 -0.81369483  0.44774611  0.88414778
  1.86131804 -0.74648366 -0.79970793 -0.83332551 -0.81369483  0.44774611
  0.88414778  1.86131804]
mylog        Mon, 03 Jul 2017 17:36:52 DEBUG    valid: 002001_2016-12-29_[-0.89020497 -0.79720869 -0.75687216 -0.76764685  0.40452704  1.01290172
  1.7945039  -0.89020497 -0.79720869 -0.75687216 -0.76764685  0.40452704
  1.01290172  1.7945039 ]
mylog        Mon, 03 Jul 2017 17:36:52 DEBUG    valid: 002001_2016-12-28_[-0.77357788 -0.84102189 -0.79313622 -0.79581699  0.38817473  1.00893312
  1.80644513 -0.77357788 -0.84102189 -0.79313622 -0.79581699  0.38817473
  1.00893312  1.80644513]
mylog        Mon, 03 Jul 2017 17:36:52 DEBUG    valid: 002001_2016-12-27_[-0.6653972  -0.8608531  -0.83954147 -0.82532324  0.37573169  1.0040679
  1.81131542 -0.6653972  -0.8608531  -0.83954147 -0.82532324  0.37573169
  1.0040679   1.81131542]
mylog        Mon, 03 Jul 2017 17:36:52 DEBUG    invalid: 002001_2016-12-26_None
mylog        Mon, 03 Jul 2017 17:36:52 DEBUG    invalid: 002001_2016-12-25_None
mylog        Mon, 03 Jul 2017 17:36:52 DEBUG    invalid: 002001_2016-12-24_None
mylog        Mon, 03 Jul 2017 17:36:53 DEBUG    invalid: 002001_2016-12-23_None
mylog        Mon, 03 Jul 2017 17:36:53 DEBUG    invalid: 002001_2016-12-22_None
mylog        Mon, 03 Jul 2017 17:36:53 DEBUG    invalid: 002001_2016-12-21_None
mylog        Mon, 03 Jul 2017 17:36:53 DEBUG    valid: 002001_2016-12-20_[-0.83716538 -0.80983782 -0.7992404  -0.76758635  0.40467167  1.01349186
  1.79566642 -0.83716538 -0.80983782 -0.7992404  -0.76758635  0.40467167
  1.01349186  1.79566642]
mylog        Mon, 03 Jul 2017 17:36:53 DEBUG    valid: 002001_2016-12-19_[-0.90376874 -0.80675081 -0.80260344 -0.75891106  0.53279088  0.99770474
  1.74153842 -0.90376874 -0.80675081 -0.80260344 -0.75891106  0.53279088
  0.99770474  1.74153842]
mylog        Mon, 03 Jul 2017 17:36:53 DEBUG    invalid: 002001_2016-12-18_None
mylog        Mon, 03 Jul 2017 17:36:53 DEBUG    invalid: 002001_2016-12-17_None
mylog        Mon, 03 Jul 2017 17:36:53 DEBUG    valid: 002001_2016-12-16_[-0.91623537 -0.74566037 -0.82377313 -0.77996197  0.52347028  0.99437274
  1.74778781 -0.91623537 -0.74566037 -0.82377313 -0.77996197  0.52347028
  0.99437274  1.74778781]
mylog        Mon, 03 Jul 2017 17:36:53 DEBUG    valid: 002001_2016-12-15_[-0.7829073  -0.79122102 -0.82955993 -0.83042284  0.49254314  0.93342971
  1.80813824 -0.7829073  -0.79122102 -0.82955993 -0.83042284  0.49254314
  0.93342971  1.80813824]
mylog        Mon, 03 Jul 2017 17:36:53 DEBUG    valid: 002001_2016-12-14_[-0.76342732 -0.82371908 -0.82701184 -0.82173823  0.49563794  0.93464222
  1.80561631 -0.76342732 -0.82371908 -0.82701184 -0.82173823  0.49563794
  0.93464222  1.80561631]
mylog        Mon, 03 Jul 2017 17:36:54 DEBUG    valid: 002001_2016-12-13_[-0.87113691 -0.80923261 -0.78571136 -0.77979339  0.51228852  0.94125912
  1.79232663 -0.87113691 -0.80923261 -0.78571136 -0.77979339  0.51228852
  0.94125912  1.79232663]
mylog        Mon, 03 Jul 2017 17:36:54 DEBUG    valid: 002001_2016-12-12_[-0.57383035 -0.91195233 -0.86150733 -0.86258855  0.47745451  0.92362057
  1.80880348 -0.57383035 -0.91195233 -0.86150733 -0.86258855  0.47745451
  0.92362057  1.80880348]
mylog        Mon, 03 Jul 2017 17:36:54 DEBUG    invalid: 002001_2016-12-11_None
mylog        Mon, 03 Jul 2017 17:36:54 DEBUG    invalid: 002001_2016-12-10_None
mylog        Mon, 03 Jul 2017 17:36:54 DEBUG    valid: 002001_2016-12-09_[-0.84196791 -0.87299793 -0.77601116 -0.7594921   0.52085909  0.94452924
  1.78508078 -0.84196791 -0.87299793 -0.77601116 -0.7594921   0.52085909
  0.94452924  1.78508078]
mylog        Mon, 03 Jul 2017 17:36:54 DEBUG    valid: 002001_2016-12-08_[-0.91757484 -0.80806629 -0.78181214 -0.77625336  0.61908263  0.90928014
  1.75534387 -0.91757484 -0.80806629 -0.78181214 -0.77625336  0.61908263
  0.90928014  1.75534387]
mylog        Mon, 03 Jul 2017 17:36:54 DEBUG    valid: 002001_2016-12-07_[-0.89509592 -0.80472703 -0.79293554 -0.78811918  0.61263124  0.90619062
  1.7620558  -0.89509592 -0.80472703 -0.79293554 -0.78811918  0.61263124
  0.90619062  1.7620558 ]
mylog        Mon, 03 Jul 2017 17:36:54 DEBUG    valid: 002001_2016-12-06_[-0.94683814 -0.77792347 -0.77819454 -0.77579322  0.6138796   0.9062441
  1.75862566 -0.94683814 -0.77792347 -0.77819454 -0.77579322  0.6138796
  0.9062441   1.75862566]
mylog        Mon, 03 Jul 2017 17:36:55 DEBUG    valid: 002001_2016-12-05_[-0.91617718 -0.7745713  -0.78821187 -0.79621845  0.60518955  0.90213135
  1.7678579  -0.91617718 -0.7745713  -0.78821187 -0.79621845  0.60518955
  0.90213135  1.7678579 ]
mylog        Mon, 03 Jul 2017 17:36:55 DEBUG    invalid: 002001_2016-12-04_None
mylog        Mon, 03 Jul 2017 17:36:55 DEBUG    invalid: 002001_2016-12-03_None
mylog        Mon, 03 Jul 2017 17:36:55 DEBUG    valid: 002001_2016-12-02_[-0.58693445 -0.85991681 -0.89384646 -0.89954414  0.56808727  0.88056569
  1.7915889  -0.58693445 -0.85991681 -0.89384646 -0.89954414  0.56808727
  0.88056569  1.7915889 ]
mylog        Mon, 03 Jul 2017 17:36:55 DEBUG    valid: 002001_2016-12-01_[-0.83763961 -0.80636795 -0.82542481 -0.81057277  0.67288963  0.82477273
  1.78234278 -0.83763961 -0.80636795 -0.82542481 -0.81057277  0.67288963
  0.82477273  1.78234278]
mylog        Mon, 03 Jul 2017 17:36:55 DEBUG    valid: 002001_2016-11-30_[-0.82839126 -0.81419526 -0.82476673 -0.81187505  0.67164557  0.82388453
  1.7836982  -0.82839126 -0.81419526 -0.82476673 -0.81187505  0.67164557
  0.82388453  1.7836982 ]
mylog        Mon, 03 Jul 2017 17:36:55 DEBUG    valid: 002001_2016-11-29_[-0.82198475 -0.82021048 -0.83034696 -0.80630996  0.67113386  0.82351239
  1.7842059  -0.82198475 -0.82021048 -0.83034696 -0.80630996  0.67113386
  0.82351239  1.7842059 ]
mylog        Mon, 03 Jul 2017 17:36:55 DEBUG    valid: 002001_2016-11-28_[-0.81671905 -0.81620474 -0.83618103 -0.8091932   0.67036618  0.8229553
  1.78497654 -0.81671905 -0.81620474 -0.83618103 -0.8091932   0.67036618
  0.8229553   1.78497654]
mylog        Mon, 03 Jul 2017 17:36:55 DEBUG    invalid: 002001_2016-11-27_None
mylog        Mon, 03 Jul 2017 17:36:56 DEBUG    invalid: 002001_2016-11-26_None
mylog        Mon, 03 Jul 2017 17:36:56 DEBUG    valid: 002001_2016-11-25_[-0.77167423 -0.84531605 -0.84241849 -0.81528658  0.66608806  0.81978881
  1.78881848 -0.77167423 -0.84531605 -0.84241849 -0.81528658  0.66608806
  0.81978881  1.78881848]
mylog        Mon, 03 Jul 2017 17:36:56 DEBUG    valid: 002001_2016-11-24_[-0.8681026  -0.86020197 -0.83908281 -0.78705484  0.89455642  0.80734091
  1.6525449  -0.8681026  -0.86020197 -0.83908281 -0.78705484  0.89455642
  0.80734091  1.6525449 ]
mylog        Mon, 03 Jul 2017 17:36:56 DEBUG    valid: 002001_2016-11-23_[-0.86768412 -0.8551992  -0.83789434 -0.79303408  0.89350371  0.80595954
  1.6543485  -0.86768412 -0.8551992  -0.83789434 -0.79303408  0.89350371
  0.80595954  1.6543485 ]
mylog        Mon, 03 Jul 2017 17:36:56 DEBUG    valid: 002001_2016-11-22_[-0.82515628 -0.87327831 -0.85021119 -0.80363048  0.89133195  0.80314031
  1.65780399 -0.82515628 -0.87327831 -0.85021119 -0.80363048  0.89133195
  0.80314031  1.65780399]
mylog        Mon, 03 Jul 2017 17:36:56 DEBUG    valid: 002001_2016-11-21_[-0.88800088 -0.86086272 -0.8268687  -0.7781697   0.89453608  0.80738288
  1.65198304 -0.88800088 -0.86086272 -0.8268687  -0.7781697   0.89453608
  0.80738288  1.65198304]
mylog        Mon, 03 Jul 2017 17:36:56 DEBUG    invalid: 002001_2016-11-20_None
mylog        Mon, 03 Jul 2017 17:36:56 DEBUG    invalid: 002001_2016-11-19_None
mylog        Mon, 03 Jul 2017 17:36:57 DEBUG    valid: 002001_2016-11-18_[-0.89370576 -0.84609047 -0.83259313 -0.78003023  0.89250275  0.80474915
  1.6551677  -0.89370576 -0.84609047 -0.83259313 -0.78003023  0.89250275
  0.80474915  1.6551677 ]
mylog        Mon, 03 Jul 2017 17:36:57 DEBUG    valid: 002001_2016-11-17_[-0.84795481 -0.86051239 -0.85857366 -0.80410762  0.87208346  0.87969424
  1.61937079 -0.84795481 -0.86051239 -0.85857366 -0.80410762  0.87208346
  0.87969424  1.61937079]
mylog        Mon, 03 Jul 2017 17:36:57 DEBUG    valid: 002001_2016-11-16_[-0.90154082 -0.84225293 -0.84376636 -0.7836281   0.87381742  0.88137615
  1.61599464 -0.90154082 -0.84225293 -0.84376636 -0.7836281   0.87381742
  0.88137615  1.61599464]
mylog        Mon, 03 Jul 2017 17:36:57 DEBUG    valid: 002001_2016-11-15_[-0.90324906 -0.84907036 -0.84226985 -0.77491522  0.87145043  0.87906378
  1.61899029 -0.90324906 -0.84907036 -0.84226985 -0.77491522  0.87145043
  0.87906378  1.61899029]
mylog        Mon, 03 Jul 2017 17:36:57 DEBUG    valid: 002001_2016-11-14_[-0.83358087 -0.88148835 -0.88272762 -0.76755605  0.86473678  0.87251133
  1.62810477 -0.83358087 -0.88148835 -0.88272762 -0.76755605  0.86473678
  0.87251133  1.62810477]
mylog        Mon, 03 Jul 2017 17:36:57 DEBUG    invalid: 002001_2016-11-13_None
mylog        Mon, 03 Jul 2017 17:36:57 DEBUG    invalid: 002001_2016-11-12_None
mylog        Mon, 03 Jul 2017 17:36:57 DEBUG    valid: 002001_2016-11-11_[-0.87653009 -0.87938958 -0.86050093 -0.74963868  0.86678562  0.87450533
  1.62476832 -0.87653009 -0.87938958 -0.86050093 -0.74963868  0.86678562
  0.87450533  1.62476832]
mylog        Mon, 03 Jul 2017 17:36:57 DEBUG    valid: 002001_2016-11-10_[-0.86700656 -0.89850982 -0.8237658  -0.76468774  0.75137683  0.96489666
  1.63769643 -0.86700656 -0.89850982 -0.8237658  -0.76468774  0.75137683
  0.96489666  1.63769643]
mylog        Mon, 03 Jul 2017 17:36:58 DEBUG    valid: 002001_2016-11-09_[-0.90192399 -0.88551156 -0.8147474  -0.75234567  0.75428314  0.96621877
  1.63402671 -0.90192399 -0.88551156 -0.8147474  -0.75234567  0.75428314
  0.96621877  1.63402671]
mylog        Mon, 03 Jul 2017 17:36:58 DEBUG    valid: 002001_2016-11-08_[-0.89193545 -0.87701696 -0.82466007 -0.76017282  0.75125705  0.96481081
  1.63771744 -0.89193545 -0.87701696 -0.82466007 -0.76017282  0.75125705
  0.96481081  1.63771744]
mylog        Mon, 03 Jul 2017 17:36:58 DEBUG    valid: 002001_2016-11-07_[-0.89255941 -0.88165806 -0.81921977 -0.76027772  0.75137698  0.96484723
  1.63749075 -0.89255941 -0.88165806 -0.81921977 -0.76027772  0.75137698
  0.96484723  1.63749075]
mylog        Mon, 03 Jul 2017 17:36:58 DEBUG    invalid: 002001_2016-11-06_None
mylog        Mon, 03 Jul 2017 17:36:58 DEBUG    invalid: 002001_2016-11-05_None
mylog        Mon, 03 Jul 2017 17:36:58 DEBUG    valid: 002001_2016-11-04_[-0.92727289 -0.8584246  -0.80852769 -0.7580132   0.75028619  0.96410507
  1.63784712 -0.92727289 -0.8584246  -0.80852769 -0.7580132   0.75028619
  0.96410507  1.63784712]
mylog        Mon, 03 Jul 2017 17:36:58 DEBUG    valid: 002001_2016-11-03_[-0.92225294 -0.79541021 -0.83962855 -0.80145452  0.66760894  1.11901285
  1.57212442 -0.92225294 -0.79541021 -0.83962855 -0.80145452  0.66760894
  1.11901285  1.57212442]
mylog        Mon, 03 Jul 2017 17:36:58 DEBUG    valid: 002001_2016-11-02_[-0.86267394 -0.82393901 -0.84654049 -0.82580098  0.6630575   1.11907643
  1.57682048 -0.86267394 -0.82393901 -0.84654049 -0.82580098  0.6630575
  1.11907643  1.57682048]
mylog        Mon, 03 Jul 2017 17:36:59 DEBUG    valid: 002001_2016-11-01_[-0.95298698 -0.80928914 -0.78940377 -0.80620145  0.66941509  1.1187272
  1.56973906 -0.95298698 -0.80928914 -0.78940377 -0.80620145  0.66941509
  1.1187272   1.56973906]
mylog        Mon, 03 Jul 2017 17:36:59 DEBUG    valid: 002001_2016-10-31_[-0.86062215 -0.85956697 -0.7616613  -0.87149504  0.65302959  1.1171965
  1.58311936 -0.86062215 -0.85956697 -0.7616613  -0.87149504  0.65302959
  1.1171965   1.58311936]
mylog        Mon, 03 Jul 2017 17:36:59 DEBUG    invalid: 002001_2016-10-30_None
mylog        Mon, 03 Jul 2017 17:36:59 DEBUG    invalid: 002001_2016-10-29_None
mylog        Mon, 03 Jul 2017 17:36:59 DEBUG    valid: 002001_2016-10-28_[-0.5649167  -0.94560428 -0.84481666 -0.96501949  0.62397512  1.10617765
  1.59020436 -0.5649167  -0.94560428 -0.84481666 -0.96501949  0.62397512
  1.10617765  1.59020436]
mylog        Mon, 03 Jul 2017 17:36:59 DEBUG    valid: 002001_2016-10-27_[-0.9296829  -0.849485   -0.72280352 -0.8117537   0.53988432  1.17000512
  1.60383568 -0.9296829  -0.849485   -0.72280352 -0.8117537   0.53988432
  1.17000512  1.60383568]
mylog        Mon, 03 Jul 2017 17:36:59 DEBUG    valid: 002001_2016-10-26_[-0.90052682 -0.84010819 -0.7439516  -0.82794519  0.53249012  1.17041802
  1.60962368 -0.90052682 -0.84010819 -0.7439516  -0.82794519  0.53249012
  1.17041802  1.60962368]
mylog        Mon, 03 Jul 2017 17:36:59 DEBUG    valid: 002001_2016-10-25_[-0.90314963 -0.79300203 -0.75792468 -0.85498944  0.52486726  1.17001205
  1.61418646 -0.90314963 -0.79300203 -0.75792468 -0.85498944  0.52486726
  1.17001205  1.61418646]
mylog        Mon, 03 Jul 2017 17:37:00 DEBUG    valid: 002001_2016-10-24_[-0.8708075  -0.68456496 -0.82273279 -0.91718996  0.50354102  1.16736105
  1.62439314 -0.8708075  -0.68456496 -0.82273279 -0.91718996  0.50354102
  1.16736105  1.62439314]
mylog        Mon, 03 Jul 2017 17:37:00 DEBUG    invalid: 002001_2016-10-23_None
mylog        Mon, 03 Jul 2017 17:37:00 DEBUG    invalid: 002001_2016-10-22_None
mylog        Mon, 03 Jul 2017 17:37:00 DEBUG    valid: 002001_2016-10-21_[-0.91358128 -0.66860412 -0.80817338 -0.90557371  0.50902488  1.16696269
  1.61994493 -0.91358128 -0.66860412 -0.80817338 -0.90557371  0.50902488
  1.16696269  1.61994493]
mylog        Mon, 03 Jul 2017 17:37:00 DEBUG    valid: 002001_2016-10-20_[-0.85734958 -0.68432881 -0.82730153 -0.90869963  0.43412182  1.25578052
  1.58777721 -0.85734958 -0.68432881 -0.82730153 -0.90869963  0.43412182
  1.25578052  1.58777721]
mylog        Mon, 03 Jul 2017 17:37:00 DEBUG    valid: 002001_2016-10-19_[-0.65891512 -0.75857009 -0.89579652 -0.95003756  0.41538541  1.25445176
  1.59348212 -0.65891512 -0.75857009 -0.89579652 -0.95003756  0.41538541
  1.25445176  1.59348212]
mylog        Mon, 03 Jul 2017 17:37:00 DEBUG    valid: 002001_2016-10-18_[-0.21319311 -0.88699921 -1.01767833 -1.03142834  0.36532509  1.21943295
  1.56454094 -0.21319311 -0.88699921 -1.01767833 -1.03142834  0.36532509
  1.21943295  1.56454094]
mylog        Mon, 03 Jul 2017 17:37:00 DEBUG    valid: 002001_2016-10-17_[-0.75511705 -0.83969569 -0.87533318 -0.8306993   0.4747966   1.2553337
  1.57071493 -0.75511705 -0.83969569 -0.87533318 -0.8306993   0.4747966
  1.2553337   1.57071493]
mylog        Mon, 03 Jul 2017 17:37:00 DEBUG    invalid: 002001_2016-10-16_None
mylog        Mon, 03 Jul 2017 17:37:00 DEBUG    invalid: 002001_2016-10-15_None
mylog        Mon, 03 Jul 2017 17:37:01 DEBUG    valid: 002001_2016-10-14_[-0.82819623 -0.82024141 -0.86052838 -0.797171    0.48386925  1.25528586
  1.5669819  -0.82819623 -0.82024141 -0.86052838 -0.797171    0.48386925
  1.25528586  1.5669819 ]
mylog        Mon, 03 Jul 2017 17:37:01 DEBUG    valid: 002001_2016-10-13_[-0.87501372 -0.83736114 -0.86555432 -0.78642085  0.61747162  1.29730259
  1.44957582 -0.87501372 -0.83736114 -0.86555432 -0.78642085  0.61747162
  1.29730259  1.44957582]
mylog        Mon, 03 Jul 2017 17:37:01 DEBUG    valid: 002001_2016-10-12_[-0.79707102 -0.87784475 -0.88110264 -0.80519204  0.6094807   1.29867916
  1.45305059 -0.79707102 -0.87784475 -0.88110264 -0.80519204  0.6094807
  1.29867916  1.45305059]
mylog        Mon, 03 Jul 2017 17:37:01 DEBUG    valid: 002001_2016-10-11_[-0.86809262 -0.87215363 -0.85668167 -0.76782685  0.62027185  1.2965075
  1.44797542 -0.86809262 -0.87215363 -0.85668167 -0.76782685  0.62027185
  1.2965075   1.44797542]
mylog        Mon, 03 Jul 2017 17:37:01 DEBUG    valid: 002001_2016-10-10_[-0.78704502 -0.90935594 -0.88736093 -0.77596977  0.61024547  1.29774739
  1.45173881 -0.78704502 -0.90935594 -0.88736093 -0.77596977  0.61024547
  1.29774739  1.45173881]
mylog        Mon, 03 Jul 2017 17:37:01 DEBUG    invalid: 002001_2016-10-09_None
mylog        Mon, 03 Jul 2017 17:37:01 DEBUG    invalid: 002001_2016-10-08_None
mylog        Mon, 03 Jul 2017 17:37:01 DEBUG    invalid: 002001_2016-10-07_None
mylog        Mon, 03 Jul 2017 17:37:01 DEBUG    invalid: 002001_2016-10-06_None
mylog        Mon, 03 Jul 2017 17:37:02 DEBUG    invalid: 002001_2016-10-05_None
mylog        Mon, 03 Jul 2017 17:37:02 DEBUG    invalid: 002001_2016-10-04_None
mylog        Mon, 03 Jul 2017 17:37:02 DEBUG    invalid: 002001_2016-10-03_None
mylog        Mon, 03 Jul 2017 17:37:02 DEBUG    invalid: 002001_2016-10-02_None
mylog        Mon, 03 Jul 2017 17:37:02 DEBUG    invalid: 002001_2016-10-01_None
mylog        Mon, 03 Jul 2017 17:37:02 DEBUG    valid: 002001_2016-09-30_[-0.88432653 -0.88485283 -0.85815093 -0.73583576  0.62078482  1.29561415
  1.44676707 -0.88432653 -0.88485283 -0.85815093 -0.73583576  0.62078482
  1.29561415  1.44676707]
mylog        Mon, 03 Jul 2017 17:37:02 DEBUG    valid: 002001_2016-09-29_[-0.92830899 -0.88899802 -0.85309343 -0.74600326  0.80336203  1.26041396
  1.35262772 -0.92830899 -0.88899802 -0.85309343 -0.74600326  0.80336203
  1.26041396  1.35262772]
mylog        Mon, 03 Jul 2017 17:37:02 DEBUG    valid: 002001_2016-09-28_[-0.94722305 -0.8726839  -0.84368898 -0.75171737  0.79996026  1.26115202
  1.35420101 -0.94722305 -0.8726839  -0.84368898 -0.75171737  0.79996026
  1.26115202  1.35420101]
mylog        Mon, 03 Jul 2017 17:37:02 DEBUG    valid: 002001_2016-09-27_[-0.92785311 -0.89168109 -0.83884912 -0.75667633  0.79601425  1.26246744
  1.35657797 -0.92785311 -0.89168109 -0.83884912 -0.75667633  0.79601425
  1.26246744  1.35657797]
mylog        Mon, 03 Jul 2017 17:37:03 DEBUG    valid: 002001_2016-09-26_[-0.90140781 -0.90778255 -0.8390955  -0.76651751  0.79160481  1.26394967
  1.35924889 -0.90140781 -0.90778255 -0.8390955  -0.76651751  0.79160481
  1.26394967  1.35924889]
mylog        Mon, 03 Jul 2017 17:37:03 DEBUG    invalid: 002001_2016-09-25_None
mylog        Mon, 03 Jul 2017 17:37:03 DEBUG    invalid: 002001_2016-09-24_None
mylog        Mon, 03 Jul 2017 17:37:03 DEBUG    valid: 002001_2016-09-23_[-0.93983205 -0.91562167 -0.81774618 -0.73823577  0.78996658  1.26301406
  1.35845504 -0.93983205 -0.91562167 -0.81774618 -0.73823577  0.78996658
  1.26301406  1.35845504]
mylog        Mon, 03 Jul 2017 17:37:03 DEBUG    valid: 002001_2016-09-22_[-0.87826143 -0.93883667 -0.84192044 -0.79380834  1.00135368  1.20687834
  1.24459485 -0.87826143 -0.93883667 -0.84192044 -0.79380834  1.00135368
  1.20687834  1.24459485]
mylog        Mon, 03 Jul 2017 17:37:03 DEBUG    valid: 002001_2016-09-21_[-0.99318727 -0.88685014 -0.80726323 -0.76087485  1.00224461  1.20441496
  1.24151591 -0.99318727 -0.88685014 -0.80726323 -0.76087485  1.00224461
  1.20441496  1.24151591]
mylog        Mon, 03 Jul 2017 17:37:03 DEBUG    valid: 002001_2016-09-20_[-0.96386838 -0.87421278 -0.82881824 -0.7843013   1.00058687  1.20642033
  1.2441935  -0.96386838 -0.87421278 -0.82881824 -0.7843013   1.00058687
  1.20642033  1.2441935 ]
mylog        Mon, 03 Jul 2017 17:37:03 DEBUG    valid: 002001_2016-09-19_[-0.99450765 -0.85319436 -0.80423174 -0.79726647  0.99872382  1.20620081
  1.24427559 -0.99450765 -0.85319436 -0.80423174 -0.79726647  0.99872382
  1.20620081  1.24427559]
mylog        Mon, 03 Jul 2017 17:37:03 DEBUG    invalid: 002001_2016-09-18_None
mylog        Mon, 03 Jul 2017 17:37:03 DEBUG    invalid: 002001_2016-09-17_None
mylog        Mon, 03 Jul 2017 17:37:04 DEBUG    invalid: 002001_2016-09-16_None
mylog        Mon, 03 Jul 2017 17:37:04 DEBUG    invalid: 002001_2016-09-15_None
mylog        Mon, 03 Jul 2017 17:37:04 DEBUG    valid: 002001_2016-09-14_[-0.92790271 -0.85191404 -0.83864954 -0.83510058  0.99618096  1.2091515
  1.24823442 -0.92790271 -0.85191404 -0.83864954 -0.83510058  0.99618096
  1.2091515   1.24823442]
mylog        Mon, 03 Jul 2017 17:37:04 DEBUG    valid: 002001_2016-09-13_[-0.88260598 -0.84911612 -0.86963252 -0.85979539  1.06891602  1.2123418
  1.17989219 -0.88260598 -0.84911612 -0.86963252 -0.85979539  1.06891602
  1.2123418   1.17989219]
mylog        Mon, 03 Jul 2017 17:37:04 DEBUG    valid: 002001_2016-09-12_[-0.89091512 -0.86401938 -0.8767165  -0.82912292  1.06866986  1.21229994
  1.17980411 -0.89091512 -0.86401938 -0.8767165  -0.82912292  1.06866986
  1.21229994  1.17980411]
mylog        Mon, 03 Jul 2017 17:37:04 DEBUG    invalid: 002001_2016-09-11_None
mylog        Mon, 03 Jul 2017 17:37:04 DEBUG    invalid: 002001_2016-09-10_None
mylog        Mon, 03 Jul 2017 17:37:04 DEBUG    valid: 002001_2016-09-09_[-0.88006661 -0.88716885 -0.87238646 -0.82099753  1.06857605  1.21227772
  1.17976569 -0.88006661 -0.88716885 -0.87238646 -0.82099753  1.06857605
  1.21227772  1.17976569]
mylog        Mon, 03 Jul 2017 17:37:04 DEBUG    valid: 002001_2016-09-08_[-0.85283418 -0.86965269 -0.8932325  -0.84794525  1.15148868  1.17186217
  1.14031377 -0.85283418 -0.86965269 -0.8932325  -0.84794525  1.15148868
  1.17186217  1.14031377]
mylog        Mon, 03 Jul 2017 17:37:05 DEBUG    valid: 002001_2016-09-07_[-0.82198672 -0.90327244 -0.87361419 -0.86426159  1.15129043  1.17180806
  1.14003645 -0.82198672 -0.90327244 -0.87361419 -0.86426159  1.15129043
  1.17180806  1.14003645]
mylog        Mon, 03 Jul 2017 17:37:05 DEBUG    valid: 002001_2016-09-06_[-0.92869903 -0.87974816 -0.84175177 -0.81189087  1.15102005  1.17101947
  1.14005031 -0.92869903 -0.87974816 -0.84175177 -0.81189087  1.15102005
  1.17101947  1.14005031]
mylog        Mon, 03 Jul 2017 17:37:05 DEBUG    valid: 002001_2016-09-05_[-0.96876952 -0.86422509 -0.82832306 -0.79857161  1.15030538  1.17017959
  1.13940431 -0.96876952 -0.86422509 -0.82832306 -0.79857161  1.15030538
  1.17017959  1.13940431]
mylog        Mon, 03 Jul 2017 17:37:05 DEBUG    invalid: 002001_2016-09-04_None
mylog        Mon, 03 Jul 2017 17:37:05 DEBUG    invalid: 002001_2016-09-03_None
mylog        Mon, 03 Jul 2017 17:37:05 DEBUG    valid: 002001_2016-09-02_[-0.73950447 -0.9258962  -0.91337005 -0.87974742  1.14970996  1.17050359
  1.13830459 -0.73950447 -0.9258962  -0.91337005 -0.87974742  1.14970996
  1.17050359  1.13830459]
mylog        Mon, 03 Jul 2017 17:37:05 DEBUG    valid: 002001_2016-09-01_[-0.91327743 -0.88355302 -0.8692971  -0.79492019  1.20982941  1.1269571
  1.12426124 -0.91327743 -0.88355302 -0.8692971  -0.79492019  1.20982941
  1.1269571   1.12426124]
mylog        Mon, 03 Jul 2017 17:37:05 DEBUG    valid: 002001_2016-08-31_[-0.93940614 -0.82166321 -0.88421502 -0.81507574  1.21021757  1.12643402
  1.12370852 -0.93940614 -0.82166321 -0.88421502 -0.81507574  1.21021757
  1.12643402  1.12370852]
mylog        Mon, 03 Jul 2017 17:37:06 DEBUG    valid: 002001_2016-08-30_[-0.93948786 -0.83336365 -0.87113259 -0.81670977  1.21038601  1.12651806
  1.12378981 -0.93948786 -0.83336365 -0.87113259 -0.81670977  1.21038601
  1.12651806  1.12378981]
mylog        Mon, 03 Jul 2017 17:37:06 DEBUG    valid: 002001_2016-08-29_[-0.89593769 -0.87272425 -0.84328007 -0.85049145  1.21210257  1.12655685
  1.12377403 -0.89593769 -0.87272425 -0.84328007 -0.85049145  1.21210257
  1.12655685  1.12377403]
mylog        Mon, 03 Jul 2017 17:37:06 DEBUG    invalid: 002001_2016-08-28_None
mylog        Mon, 03 Jul 2017 17:37:06 DEBUG    invalid: 002001_2016-08-27_None
mylog        Mon, 03 Jul 2017 17:37:06 DEBUG    valid: 002001_2016-08-26_[-0.90658746 -0.89162601 -0.83244    -0.83104736  1.21189306  1.12629613
  1.12351164 -0.90658746 -0.89162601 -0.83244    -0.83104736  1.21189306
  1.12629613  1.12351164]
mylog        Mon, 03 Jul 2017 17:37:06 DEBUG    valid: 002001_2016-08-25_[-0.62545432 -1.00875031 -0.92235556 -0.88720817  1.1546994   1.15169636
  1.13737258 -0.62545432 -1.00875031 -0.92235556 -0.88720817  1.1546994
  1.15169636  1.13737258]
mylog        Mon, 03 Jul 2017 17:37:06 DEBUG    valid: 002001_2016-08-24_[-0.96345112 -0.92255791 -0.81022622 -0.76119709  1.15878367  1.15598909
  1.14265959 -0.96345112 -0.92255791 -0.81022622 -0.76119709  1.15878367
  1.15598909  1.14265959]
mylog        Mon, 03 Jul 2017 17:37:06 DEBUG    valid: 002001_2016-08-23_[-0.94708851 -0.9157026  -0.81909859 -0.77744933  1.15952095  1.15668129
  1.14313679 -0.94708851 -0.9157026  -0.81909859 -0.77744933  1.15952095
  1.15668129  1.14313679]
mylog        Mon, 03 Jul 2017 17:37:06 DEBUG    valid: 002001_2016-08-22_[-0.98326534 -0.81532828 -0.84996294 -0.81064411  1.15958093  1.15669425
  1.14292549 -0.98326534 -0.81532828 -0.84996294 -0.81064411  1.15958093
  1.15669425  1.14292549]
mylog        Mon, 03 Jul 2017 17:37:07 DEBUG    invalid: 002001_2016-08-21_None
mylog        Mon, 03 Jul 2017 17:37:07 DEBUG    invalid: 002001_2016-08-20_None
mylog        Mon, 03 Jul 2017 17:37:07 DEBUG    valid: 002001_2016-08-19_[-1.04525572 -0.76907751 -0.83350014 -0.80475355  1.15735333  1.15447686
  1.14075674 -1.04525572 -0.76907751 -0.83350014 -0.80475355  1.15735333
  1.15447686  1.14075674]
mylog        Mon, 03 Jul 2017 17:37:07 DEBUG    valid: 002001_2016-08-18_[-0.96256231 -0.80419613 -0.83428946 -0.85530975  1.12563733  1.07602746
  1.25469287 -0.96256231 -0.80419613 -0.83428946 -0.85530975  1.12563733
  1.07602746  1.25469287]
mylog        Mon, 03 Jul 2017 17:37:07 DEBUG    valid: 002001_2016-08-17_[-0.90334327 -0.82561695 -0.85627885 -0.8737875   1.12628785  1.07623002
  1.25650871 -0.90334327 -0.82561695 -0.85627885 -0.8737875   1.12628785
  1.07623002  1.25650871]
mylog        Mon, 03 Jul 2017 17:37:07 DEBUG    valid: 002001_2016-08-16_[-0.44325182 -0.94562952 -0.99985427 -1.01461224  1.10628672  1.05352835
  1.24353278 -0.44325182 -0.94562952 -0.99985427 -1.01461224  1.10628672
  1.05352835  1.24353278]
mylog        Mon, 03 Jul 2017 17:37:07 DEBUG    valid: 002001_2016-08-15_[-0.79636917 -0.91093259 -0.88401153 -0.86692106  1.12665873  1.07779038
  1.25378525 -0.79636917 -0.91093259 -0.88401153 -0.86692106  1.12665873
  1.07779038  1.25378525]
mylog        Mon, 03 Jul 2017 17:37:07 DEBUG    invalid: 002001_2016-08-14_None
mylog        Mon, 03 Jul 2017 17:37:07 DEBUG    invalid: 002001_2016-08-13_None
mylog        Mon, 03 Jul 2017 17:37:08 DEBUG    valid: 002001_2016-08-12_[-0.93509358 -0.88479557 -0.80974988 -0.828145    1.12707857  1.07927795
  1.2514275  -0.93509358 -0.88479557 -0.80974988 -0.828145    1.12707857
  1.07927795  1.2514275 ]
mylog        Mon, 03 Jul 2017 17:37:08 DEBUG    valid: 002001_2016-08-11_[-0.95022452 -0.83646823 -0.79539584 -0.87197099  1.13492768  1.0430346
  1.27609729 -0.95022452 -0.83646823 -0.79539584 -0.87197099  1.13492768
  1.0430346   1.27609729]
mylog        Mon, 03 Jul 2017 17:37:08 DEBUG    valid: 002001_2016-08-10_[-0.86096656 -0.86917133 -0.82620911 -0.9000448   1.13546928  1.042257
  1.27866551 -0.86096656 -0.86917133 -0.82620911 -0.9000448   1.13546928
  1.042257    1.27866551]
mylog        Mon, 03 Jul 2017 17:37:08 DEBUG    valid: 002001_2016-08-09_[-0.96617782 -0.85396212 -0.77260822 -0.85998235  1.13466154  1.04375806
  1.27431091 -0.96617782 -0.85396212 -0.77260822 -0.85998235  1.13466154
  1.04375806  1.27431091]
mylog        Mon, 03 Jul 2017 17:37:08 DEBUG    valid: 002001_2016-08-08_[-0.90154148 -0.86766256 -0.80583021 -0.88091309  1.13547966  1.04315429
  1.27731339 -0.90154148 -0.86766256 -0.80583021 -0.88091309  1.13547966
  1.04315429  1.27731339]
mylog        Mon, 03 Jul 2017 17:37:08 DEBUG    invalid: 002001_2016-08-07_None
mylog        Mon, 03 Jul 2017 17:37:08 DEBUG    invalid: 002001_2016-08-06_None
mylog        Mon, 03 Jul 2017 17:37:08 DEBUG    valid: 002001_2016-08-05_[-0.62074173 -0.90091236 -0.92665034 -0.98829858  1.12815022  1.03089421
  1.27755857 -0.62074173 -0.90091236 -0.92665034 -0.98829858  1.12815022
  1.03089421  1.27755857]
mylog        Mon, 03 Jul 2017 17:37:09 DEBUG    valid: 002001_2016-08-04_[-0.96796144 -0.74687954 -0.84058235 -0.87945156  1.1057013   0.95232789
  1.3768457  -0.96796144 -0.74687954 -0.84058235 -0.87945156  1.1057013
  0.95232789  1.3768457 ]
mylog        Mon, 03 Jul 2017 17:37:09 DEBUG    valid: 002001_2016-08-03_[-0.98918338 -0.74256639 -0.83132018 -0.87043009  1.10538996  0.95259063
  1.37551944 -0.98918338 -0.74256639 -0.83132018 -0.87043009  1.10538996
  0.95259063  1.37551944]
mylog        Mon, 03 Jul 2017 17:37:09 DEBUG    valid: 002001_2016-08-02_[-0.92874302 -0.72984141 -0.87509252 -0.90094054  1.10505275  0.94948071
  1.38008403 -0.92874302 -0.72984141 -0.87509252 -0.90094054  1.10505275
  0.94948071  1.38008403]
mylog        Mon, 03 Jul 2017 17:37:09 DEBUG    valid: 002001_2016-08-01_[-0.60666519 -0.84724715 -0.97083839 -0.99019308  1.09670272  0.93412897
  1.38411211 -0.60666519 -0.84724715 -0.97083839 -0.99019308  1.09670272
  0.93412897  1.38411211]
mylog        Mon, 03 Jul 2017 17:37:09 DEBUG    invalid: 002001_2016-07-31_None
mylog        Mon, 03 Jul 2017 17:37:09 DEBUG    invalid: 002001_2016-07-30_None
mylog        Mon, 03 Jul 2017 17:37:09 DEBUG    valid: 002001_2016-07-29_[-0.46119689 -0.93885637 -1.00244472 -0.98586724  1.08821139  0.92707617
  1.37307766 -0.46119689 -0.93885637 -1.00244472 -0.98586724  1.08821139
  0.92707617  1.37307766]
mylog        Mon, 03 Jul 2017 17:37:09 DEBUG    valid: 002001_2016-07-28_[-0.8955987  -0.85154221 -0.85887431 -0.81218293  1.03681557  0.90346787
  1.47791471 -0.8955987  -0.85154221 -0.85887431 -0.81218293  1.03681557
  0.90346787  1.47791471]
mylog        Mon, 03 Jul 2017 17:37:09 DEBUG    valid: 002001_2016-07-27_[-0.73939894 -0.89956337 -0.91000821 -0.86304225  1.03202987  0.89514139
  1.48484151 -0.73939894 -0.89956337 -0.91000821 -0.86304225  1.03202987
  0.89514139  1.48484151]
mylog        Mon, 03 Jul 2017 17:37:10 DEBUG    valid: 002001_2016-07-26_[-0.90833448 -0.87518397 -0.84972557 -0.78511566  1.03838417  0.90700548
  1.47297003 -0.90833448 -0.87518397 -0.84972557 -0.78511566  1.03838417
  0.90700548  1.47297003]
mylog        Mon, 03 Jul 2017 17:37:10 DEBUG    valid: 002001_2016-07-25_[-0.89522869 -0.87841815 -0.85758005 -0.78610846  1.03651935  0.90316044
  1.47765555 -0.89522869 -0.87841815 -0.85758005 -0.78610846  1.03651935
  0.90316044  1.47765555]
mylog        Mon, 03 Jul 2017 17:37:10 DEBUG    invalid: 002001_2016-07-24_None
mylog        Mon, 03 Jul 2017 17:37:10 DEBUG    invalid: 002001_2016-07-23_None
mylog        Mon, 03 Jul 2017 17:37:10 DEBUG    valid: 002001_2016-07-22_[-0.86352213 -0.88606977 -0.85796951 -0.80964502  1.03525527  0.90030906
  1.48164209 -0.86352213 -0.88606977 -0.85796951 -0.80964502  1.03525527
  0.90030906  1.48164209]
mylog        Mon, 03 Jul 2017 17:37:10 DEBUG    valid: 002001_2016-07-21_[-0.87589439 -0.87996181 -0.85102369 -0.80051647  1.0636844   0.84360996
  1.500102   -0.87589439 -0.87996181 -0.85102369 -0.80051647  1.0636844
  0.84360996  1.500102  ]
mylog        Mon, 03 Jul 2017 17:37:10 DEBUG    valid: 002001_2016-07-20_[-0.96659607 -0.8471451  -0.81826167 -0.77303959  1.0640667   0.84755348
  1.49342224 -0.96659607 -0.8471451  -0.81826167 -0.77303959  1.0640667
  0.84755348  1.49342224]
mylog        Mon, 03 Jul 2017 17:37:10 DEBUG    valid: 002001_2016-07-19_[-0.83982621 -0.89022258 -0.85333332 -0.823172    1.06261501  0.84013386
  1.50380525 -0.83982621 -0.89022258 -0.85333332 -0.823172    1.06261501
  0.84013386  1.50380525]
mylog        Mon, 03 Jul 2017 17:37:11 DEBUG    valid: 002001_2016-07-18_[-0.85759849 -0.87952983 -0.84429735 -0.82499213  1.06234537  0.83917996
  1.50489248 -0.85759849 -0.87952983 -0.84429735 -0.82499213  1.06234537
  0.83917996  1.50489248]
mylog        Mon, 03 Jul 2017 17:37:11 DEBUG    invalid: 002001_2016-07-17_None
mylog        Mon, 03 Jul 2017 17:37:11 DEBUG    invalid: 002001_2016-07-16_None
mylog        Mon, 03 Jul 2017 17:37:11 DEBUG    valid: 002001_2016-07-15_[-0.90630303 -0.85229733 -0.81915337 -0.82780145  1.06199522  0.83863878
  1.50492117 -0.90630303 -0.85229733 -0.81915337 -0.82780145  1.06199522
  0.83863878  1.50492117]
mylog        Mon, 03 Jul 2017 17:37:11 DEBUG    valid: 002001_2016-07-14_[-0.90200276 -0.85207543 -0.81256837 -0.81203087  0.90206844  0.8776291
  1.59897989 -0.90200276 -0.85207543 -0.81256837 -0.81203087  0.90206844
  0.8776291   1.59897989]
mylog        Mon, 03 Jul 2017 17:37:11 DEBUG    valid: 002001_2016-07-13_[-0.95883363 -0.83175179 -0.79254247 -0.79386496  0.90366225  0.8794579
  1.59387271 -0.95883363 -0.83175179 -0.79254247 -0.79386496  0.90366225
  0.8794579   1.59387271]
mylog        Mon, 03 Jul 2017 17:37:11 DEBUG    valid: 002001_2016-07-12_[-0.80870038 -0.8720955  -0.84284472 -0.8517684   0.89562575  0.87060277
  1.60918048 -0.80870038 -0.8720955  -0.84284472 -0.8517684   0.89562575
  0.87060277  1.60918048]
mylog        Mon, 03 Jul 2017 17:37:11 DEBUG    valid: 002001_2016-07-11_[-0.77951555 -0.88139385 -0.83109746 -0.88014891  0.89198618  0.86668462
  1.61348496 -0.77951555 -0.88139385 -0.83109746 -0.88014891  0.89198618
  0.86668462  1.61348496]
mylog        Mon, 03 Jul 2017 17:37:11 DEBUG    invalid: 002001_2016-07-10_None
mylog        Mon, 03 Jul 2017 17:37:12 DEBUG    invalid: 002001_2016-07-09_None
mylog        Mon, 03 Jul 2017 17:37:12 DEBUG    valid: 002001_2016-07-08_[-0.92788432 -0.80738149 -0.80780498 -0.83263976  0.89865069  0.87394655
  1.60311332 -0.92788432 -0.80738149 -0.80780498 -0.83263976  0.89865069
  0.87394655  1.60311332]
mylog        Mon, 03 Jul 2017 17:37:12 DEBUG    valid: 002001_2016-07-07_[-0.9231514  -0.80320694 -0.80852107 -0.83987038  0.89009354  0.87864099
  1.60601526 -0.9231514  -0.80320694 -0.80852107 -0.83987038  0.89009354
  0.87864099  1.60601526]
mylog        Mon, 03 Jul 2017 17:37:12 DEBUG    valid: 002001_2016-07-06_[-0.89080999 -0.81147735 -0.82679363 -0.84614246  0.88897341  0.87745854
  1.6087915  -0.89080999 -0.81147735 -0.82679363 -0.84614246  0.88897341
  0.87745854  1.6087915 ]
mylog        Mon, 03 Jul 2017 17:37:12 DEBUG    valid: 002001_2016-07-05_[-0.76845113 -0.84286833 -0.87718281 -0.88238141  0.88340933  0.87169364
  1.61578073 -0.76845113 -0.84286833 -0.87718281 -0.88238141  0.88340933
  0.87169364  1.61578073]
mylog        Mon, 03 Jul 2017 17:37:12 DEBUG    valid: 002001_2016-07-04_[-0.69607628 -0.82929663 -0.9274542  -0.90801171  0.87527678  0.86332776
  1.62223429 -0.69607628 -0.82929663 -0.9274542  -0.90801171  0.87527678
  0.86332776  1.62223429]
mylog        Mon, 03 Jul 2017 17:37:12 DEBUG    invalid: 002001_2016-07-03_None
mylog        Mon, 03 Jul 2017 17:37:12 DEBUG    invalid: 002001_2016-07-02_None
mylog        Mon, 03 Jul 2017 17:37:13 DEBUG    valid: 002001_2016-07-01_[-0.86815563 -0.81276232 -0.86284323 -0.83310345  0.89119022  0.87975678
  1.60591762 -0.86815563 -0.81276232 -0.86284323 -0.83310345  0.89119022
  0.87975678  1.60591762]
mylog        Mon, 03 Jul 2017 17:37:13 DEBUG    valid: 002001_2016-06-30_[-0.90252201 -0.80258598 -0.83077284 -0.82306786  0.75644623  0.97340588
  1.62909657 -0.90252201 -0.80258598 -0.83077284 -0.82306786  0.75644623
  0.97340588  1.62909657]
mylog        Mon, 03 Jul 2017 17:37:13 DEBUG    valid: 002001_2016-06-29_[-0.85996583 -0.82982815 -0.84193261 -0.82748101  0.75477579  0.97278484
  1.63164697 -0.85996583 -0.82982815 -0.84193261 -0.82748101  0.75477579
  0.97278484  1.63164697]
mylog        Mon, 03 Jul 2017 17:37:13 DEBUG    valid: 002001_2016-06-28_[-0.52007901 -0.94957229 -0.9275723  -0.92123948  0.72779003  0.95380611
  1.63686693 -0.52007901 -0.94957229 -0.9275723  -0.92123948  0.72779003
  0.95380611  1.63686693]
mylog        Mon, 03 Jul 2017 17:37:13 DEBUG    valid: 002001_2016-06-27_[-0.90414194 -0.85584418 -0.81251781 -0.79248694  0.76980645  0.97998847
  1.61519596 -0.90414194 -0.85584418 -0.81251781 -0.79248694  0.76980645
  0.97998847  1.61519596]
mylog        Mon, 03 Jul 2017 17:37:13 DEBUG    invalid: 002001_2016-06-26_None
mylog        Mon, 03 Jul 2017 17:37:13 DEBUG    invalid: 002001_2016-06-25_None
mylog        Mon, 03 Jul 2017 17:37:13 DEBUG    valid: 002001_2016-06-24_[-0.82083575 -0.87980926 -0.82856135 -0.83330456  0.7622433   0.97644937
  1.62381825 -0.82083575 -0.87980926 -0.82856135 -0.83330456  0.7622433
  0.97644937  1.62381825]
mylog        Mon, 03 Jul 2017 17:37:13 DEBUG    valid: 002001_2016-06-23_[-0.92916419 -0.80098426 -0.80245277 -0.81248183  0.69039446  1.01856387
  1.63612471 -0.92916419 -0.80098426 -0.80245277 -0.81248183  0.69039446
  1.01856387  1.63612471]
mylog        Mon, 03 Jul 2017 17:37:14 DEBUG    valid: 002001_2016-06-22_[-0.95404878 -0.78877579 -0.78817119 -0.81206715  0.68951877  1.01784453
  1.6356996  -0.95404878 -0.78877579 -0.78817119 -0.81206715  0.68951877
  1.01784453  1.6356996 ]
mylog        Mon, 03 Jul 2017 17:37:14 DEBUG    valid: 002001_2016-06-21_[-0.79644979 -0.82680791 -0.84540456 -0.8697329   0.67243888  1.01276204
  1.65319425 -0.79644979 -0.82680791 -0.84540456 -0.8697329   0.67243888
  1.01276204  1.65319425]
mylog        Mon, 03 Jul 2017 17:37:14 DEBUG    valid: 002001_2016-06-20_[-0.88506855 -0.82133029 -0.77891776 -0.85547717  0.67892953  1.01485443
  1.64700981 -0.88506855 -0.82133029 -0.77891776 -0.85547717  0.67892953
  1.01485443  1.64700981]
mylog        Mon, 03 Jul 2017 17:37:14 DEBUG    invalid: 002001_2016-06-19_None
mylog        Mon, 03 Jul 2017 17:37:14 DEBUG    invalid: 002001_2016-06-18_None
mylog        Mon, 03 Jul 2017 17:37:14 DEBUG    valid: 002001_2016-06-17_[-0.66574902 -0.8640173  -0.85697293 -0.93660158  0.65813163  1.00563372
  1.65957549 -0.66574902 -0.8640173  -0.85697293 -0.93660158  0.65813163
  1.00563372  1.65957549]
mylog        Mon, 03 Jul 2017 17:37:14 DEBUG    valid: 002001_2016-06-16_[-0.87383289 -0.81808487 -0.77366201 -0.84052616  0.59801317  1.00936311
  1.69872966 -0.87383289 -0.81808487 -0.77366201 -0.84052616  0.59801317
  1.00936311  1.69872966]
mylog        Mon, 03 Jul 2017 17:37:14 DEBUG    valid: 002001_2016-06-15_[-0.83092381 -0.82393522 -0.7858245  -0.86220656  0.59097051  1.00719335
  1.70472622 -0.83092381 -0.82393522 -0.7858245  -0.86220656  0.59097051
  1.00719335  1.70472622]
mylog        Mon, 03 Jul 2017 17:37:15 DEBUG    valid: 002001_2016-06-14_[-0.84786635 -0.81361198 -0.78652082 -0.85732921  0.5956697   1.00872069
  1.70093797 -0.84786635 -0.81361198 -0.78652082 -0.85732921  0.5956697
  1.00872069  1.70093797]
mylog        Mon, 03 Jul 2017 17:37:15 DEBUG    valid: 002001_2016-06-13_[-0.76747939 -0.7630493  -0.85073326 -0.91291998  0.57970858  1.00275366
  1.71171967 -0.76747939 -0.7630493  -0.85073326 -0.91291998  0.57970858
  1.00275366  1.71171967]
mylog        Mon, 03 Jul 2017 17:37:15 DEBUG    invalid: 002001_2016-06-12_None
mylog        Mon, 03 Jul 2017 17:37:15 DEBUG    invalid: 002001_2016-06-11_None
mylog        Mon, 03 Jul 2017 17:37:15 DEBUG    invalid: 002001_2016-06-10_None
mylog        Mon, 03 Jul 2017 17:37:15 DEBUG    invalid: 002001_2016-06-09_None
mylog        Mon, 03 Jul 2017 17:37:15 DEBUG    valid: 002001_2016-06-08_[-0.86244854 -0.75299249 -0.8248949  -0.86435883  0.59648048  1.0086974
  1.69951688 -0.86244854 -0.75299249 -0.8248949  -0.86435883  0.59648048
  1.0086974   1.69951688]
mylog        Mon, 03 Jul 2017 17:37:15 DEBUG    valid: 002001_2016-06-07_[-0.82717961 -0.77350392 -0.87665916 -0.89424057  0.7132723   1.09763646
  1.5606745  -0.82717961 -0.77350392 -0.87665916 -0.89424057  0.7132723
  1.09763646  1.5606745 ]
mylog        Mon, 03 Jul 2017 17:37:15 DEBUG    valid: 002001_2016-06-06_[-0.85961526 -0.75650912 -0.87423747 -0.88207738  0.71629683  1.09809674
  1.55804566 -0.85961526 -0.75650912 -0.87423747 -0.88207738  0.71629683
  1.09809674  1.55804566]
mylog        Mon, 03 Jul 2017 17:37:15 DEBUG    invalid: 002001_2016-06-05_None
mylog        Mon, 03 Jul 2017 17:37:15 DEBUG    invalid: 002001_2016-06-04_None
mylog        Mon, 03 Jul 2017 17:37:16 DEBUG    valid: 002001_2016-06-03_[-0.48423075 -0.88495367 -0.96752991 -0.98730537  0.68154456  1.08076811
  1.56170704 -0.48423075 -0.88495367 -0.96752991 -0.98730537  0.68154456
  1.08076811  1.56170704]
mylog        Mon, 03 Jul 2017 17:37:16 DEBUG    valid: 002001_2016-06-02_[-0.87718569 -0.84181514 -0.85879716 -0.8220049   0.73789515  1.22774952
  1.43415822 -0.87718569 -0.84181514 -0.85879716 -0.8220049   0.73789515
  1.22774952  1.43415822]
mylog        Mon, 03 Jul 2017 17:37:16 DEBUG    valid: 002001_2016-06-01_[-0.76313033 -0.88451771 -0.89562246 -0.85235607  0.73082296  1.22771478
  1.43708882 -0.76313033 -0.88451771 -0.89562246 -0.85235607  0.73082296
  1.22771478  1.43708882]
mylog        Mon, 03 Jul 2017 17:37:16 DEBUG    valid: 002001_2016-05-31_[-0.75280589 -0.9181166  -0.88471124 -0.8397527   0.73351052  1.22697336
  1.43490255 -0.75280589 -0.9181166  -0.88471124 -0.8397527   0.73351052
  1.22697336  1.43490255]
mylog        Mon, 03 Jul 2017 17:37:16 DEBUG    valid: 002001_2016-05-30_[-0.88710735 -0.89248628 -0.84062808 -0.78007233  0.74463729  1.2263412
  1.42931555 -0.88710735 -0.89248628 -0.84062808 -0.78007233  0.74463729
  1.2263412   1.42931555]
mylog        Mon, 03 Jul 2017 17:37:16 DEBUG    invalid: 002001_2016-05-29_None
mylog        Mon, 03 Jul 2017 17:37:16 DEBUG    invalid: 002001_2016-05-28_None
mylog        Mon, 03 Jul 2017 17:37:16 DEBUG    valid: 002001_2016-05-27_[-0.91128408 -0.85118977 -0.85361411 -0.78372873  0.74299464  1.2265366
  1.43028545 -0.91128408 -0.85118977 -0.85361411 -0.78372873  0.74299464
  1.2265366   1.43028545]
mylog        Mon, 03 Jul 2017 17:37:17 DEBUG    valid: 002001_2016-05-26_[-0.92582872 -0.86533376 -0.86401401 -0.77825128  0.87193621  1.30255327
  1.25893829 -0.92582872 -0.86533376 -0.86401401 -0.77825128  0.87193621
  1.30255327  1.25893829]
mylog        Mon, 03 Jul 2017 17:37:17 DEBUG    valid: 002001_2016-05-25_[-0.95285351 -0.86575028 -0.85136783 -0.76164742  0.87144455  1.30188583
  1.25828866 -0.95285351 -0.86575028 -0.85136783 -0.76164742  0.87144455
  1.30188583  1.25828866]
mylog        Mon, 03 Jul 2017 17:37:17 DEBUG    valid: 002001_2016-05-24_[-0.89693481 -0.86982737 -0.87156923 -0.79520159  0.86615711  1.30596066
  1.26141524 -0.89693481 -0.86982737 -0.87156923 -0.79520159  0.86615711
  1.30596066  1.26141524]
mylog        Mon, 03 Jul 2017 17:37:17 DEBUG    valid: 002001_2016-05-23_[-0.76316068 -0.90810126 -0.91591203 -0.84254686  0.85790972  1.30873652
  1.2630746  -0.76316068 -0.90810126 -0.91591203 -0.84254686  0.85790972
  1.30873652  1.2630746 ]
mylog        Mon, 03 Jul 2017 17:37:17 DEBUG    invalid: 002001_2016-05-22_None
mylog        Mon, 03 Jul 2017 17:37:17 DEBUG    invalid: 002001_2016-05-21_None
mylog        Mon, 03 Jul 2017 17:37:17 DEBUG    valid: 002001_2016-05-20_[-0.93301049 -0.88684386 -0.84550414 -0.76666753  0.86940605  1.30328254
  1.25933744 -0.93301049 -0.88684386 -0.84550414 -0.76666753  0.86940605
  1.30328254  1.25933744]
mylog        Mon, 03 Jul 2017 17:37:17 DEBUG    valid: 002001_2016-05-19_[-0.95866841 -0.89515642 -0.81715586 -0.76165168  0.90841817  1.36394196
  1.16027223 -0.95866841 -0.89515642 -0.81715586 -0.76165168  0.90841817
  1.36394196  1.16027223]
mylog        Mon, 03 Jul 2017 17:37:18 DEBUG    valid: 002001_2016-05-18_[-0.85097655 -0.92475397 -0.86515645 -0.79375573  0.90268765  1.37057672
  1.16137833 -0.85097655 -0.92475397 -0.86515645 -0.79375573  0.90268765
  1.37057672  1.16137833]
mylog        Mon, 03 Jul 2017 17:37:18 DEBUG    valid: 002001_2016-05-17_[-0.87200503 -0.91248539 -0.8580589  -0.79256727  0.90357491  1.37005507
  1.16148662 -0.87200503 -0.91248539 -0.8580589  -0.79256727  0.90357491
  1.37005507  1.16148662]
mylog        Mon, 03 Jul 2017 17:37:18 DEBUG    valid: 002001_2016-05-16_[-0.99891002 -0.87591283 -0.79857271 -0.75603948  0.90604054  1.36409868
  1.15929581 -0.99891002 -0.87591283 -0.79857271 -0.75603948  0.90604054
  1.36409868  1.15929581]
mylog        Mon, 03 Jul 2017 17:37:18 DEBUG    invalid: 002001_2016-05-15_None
mylog        Mon, 03 Jul 2017 17:37:18 DEBUG    invalid: 002001_2016-05-14_None
mylog        Mon, 03 Jul 2017 17:37:18 DEBUG    valid: 002001_2016-05-13_[-0.95562413 -0.87152844 -0.82086224 -0.78486603  0.90287401  1.36926848
  1.16073835 -0.95562413 -0.87152844 -0.82086224 -0.78486603  0.90287401
  1.36926848  1.16073835]
mylog        Mon, 03 Jul 2017 17:37:18 DEBUG    valid: 002001_2016-05-12_[-0.93194371 -0.8339558  -0.82687889 -0.82540666  0.91326195  1.47562801
  1.0292951  -0.93194371 -0.8339558  -0.82687889 -0.82540666  0.91326195
  1.47562801  1.0292951 ]
mylog        Mon, 03 Jul 2017 17:37:18 DEBUG    valid: 002001_2016-05-11_[-0.88444139 -0.86867665 -0.82587621 -0.83980715  0.9112731   1.47909612
  1.02843219 -0.88444139 -0.86867665 -0.82587621 -0.83980715  0.9112731
  1.47909612  1.02843219]
mylog        Mon, 03 Jul 2017 17:37:18 DEBUG    valid: 002001_2016-05-10_[-0.91923549 -0.85849681 -0.81957599 -0.82102937  0.9127532   1.47651097
  1.0290735  -0.91923549 -0.85849681 -0.81957599 -0.82102937  0.9127532
  1.47651097  1.0290735 ]
mylog        Mon, 03 Jul 2017 17:37:19 DEBUG    valid: 002001_2016-05-09_[-0.9108549  -0.8284469  -0.84111076 -0.83760771  0.91042375  1.47971147
  1.02788505 -0.9108549  -0.8284469  -0.84111076 -0.83760771  0.91042375
  1.47971147  1.02788505]
mylog        Mon, 03 Jul 2017 17:37:19 DEBUG    invalid: 002001_2016-05-08_None
mylog        Mon, 03 Jul 2017 17:37:19 DEBUG    invalid: 002001_2016-05-07_None
mylog        Mon, 03 Jul 2017 17:37:19 DEBUG    valid: 002001_2016-05-06_[-0.66169835 -0.92171059 -0.90943726 -0.91086485  0.89730066  1.48736216
  1.01904822 -0.66169835 -0.92171059 -0.90943726 -0.91086485  0.89730066
  1.48736216  1.01904822]
mylog        Mon, 03 Jul 2017 17:37:19 DEBUG    valid: 002001_2016-05-05_[-0.99665636 -0.81346572 -0.79511249 -0.80327849  1.00843924  1.49189524
  0.90817858 -0.99665636 -0.81346572 -0.79511249 -0.80327849  1.00843924
  1.49189524  0.90817858]
mylog        Mon, 03 Jul 2017 17:37:19 DEBUG    valid: 002001_2016-05-04_[-0.93333483 -0.81395417 -0.81718316 -0.84591234  1.00542216  1.50265868
  0.90230365 -0.93333483 -0.81395417 -0.81718316 -0.84591234  1.00542216
  1.50265868  0.90230365]
mylog        Mon, 03 Jul 2017 17:37:19 DEBUG    valid: 002001_2016-05-03_[-0.76586709 -0.87498304 -0.87743725 -0.88930396  1.00120682  1.51087415
  0.89551037 -0.76586709 -0.87498304 -0.87743725 -0.88930396  1.00120682
  1.51087415  0.89551037]
mylog        Mon, 03 Jul 2017 17:37:19 DEBUG    invalid: 002001_2016-05-02_None
mylog        Mon, 03 Jul 2017 17:37:19 DEBUG    invalid: 002001_2016-05-01_None
mylog        Mon, 03 Jul 2017 17:37:20 DEBUG    invalid: 002001_2016-04-30_None
mylog        Mon, 03 Jul 2017 17:37:20 DEBUG    valid: 002001_2016-04-29_[-0.96629984 -0.83461646 -0.80288276 -0.80664907  1.00827106  1.49480497
  0.9073721  -0.96629984 -0.83461646 -0.80288276 -0.80664907  1.00827106
  1.49480497  0.9073721 ]
mylog        Mon, 03 Jul 2017 17:37:20 DEBUG    valid: 002001_2016-04-28_[-0.68358218 -0.90697638 -0.90936861 -0.89562843  1.18091761  1.44946705
  0.76517095 -0.68358218 -0.90697638 -0.90936861 -0.89562843  1.18091761
  1.44946705  0.76517095]
mylog        Mon, 03 Jul 2017 17:37:20 DEBUG    valid: 002001_2016-04-27_[-0.80425691 -0.84916929 -0.8899027  -0.86277115  1.18348077  1.44682157
  0.77579771 -0.80425691 -0.84916929 -0.8899027  -0.86277115  1.18348077
  1.44682157  0.77579771]
mylog        Mon, 03 Jul 2017 17:37:20 DEBUG    valid: 002001_2016-04-26_[-0.9495424  -0.78990397 -0.84955041 -0.81723295  1.18232406  1.43909727
  0.7848084  -0.9495424  -0.78990397 -0.84955041 -0.81723295  1.18232406
  1.43909727  0.7848084 ]
mylog        Mon, 03 Jul 2017 17:37:20 DEBUG    valid: 002001_2016-04-25_[-0.9536366  -0.80709739 -0.84191355 -0.80305761  1.18234595  1.44019601
  0.7831632  -0.9536366  -0.80709739 -0.84191355 -0.80305761  1.18234595
  1.44019601  0.7831632 ]
mylog        Mon, 03 Jul 2017 17:37:20 DEBUG    invalid: 002001_2016-04-24_None
mylog        Mon, 03 Jul 2017 17:37:20 DEBUG    invalid: 002001_2016-04-23_None
mylog        Mon, 03 Jul 2017 17:37:20 DEBUG    valid: 002001_2016-04-22_[-0.86969405 -0.83222727 -0.87664439 -0.8280098   1.18364591  1.44702312
  0.77590648 -0.86969405 -0.83222727 -0.87664439 -0.8280098   1.18364591
  1.44702312  0.77590648]
mylog        Mon, 03 Jul 2017 17:37:21 DEBUG    valid: 002001_2016-04-21_[-0.62612965 -0.92866805 -0.93803075 -0.87887894  1.33879495  1.3588515
  0.67406093 -0.62612965 -0.92866805 -0.93803075 -0.87887894  1.33879495
  1.3588515   0.67406093]
mylog        Mon, 03 Jul 2017 17:37:21 DEBUG    valid: 002001_2016-04-20_[-0.75466102 -0.92906224 -0.88281663 -0.82132659  1.33836139  1.35787474
  0.69163034 -0.75466102 -0.92906224 -0.88281663 -0.82132659  1.33836139
  1.35787474  0.69163034]
mylog        Mon, 03 Jul 2017 17:37:21 DEBUG    valid: 002001_2016-04-19_[-0.96132091 -0.87849585 -0.81231734 -0.73873041  1.33133987  1.35010461
  0.70942003 -0.96132091 -0.87849585 -0.81231734 -0.73873041  1.33133987
  1.35010461  0.70942003]
mylog        Mon, 03 Jul 2017 17:37:21 DEBUG    valid: 002001_2016-04-18_[-0.88897121 -0.89143236 -0.84168821 -0.76944054  1.3369964   1.3562683
  0.69826762 -0.88897121 -0.89143236 -0.84168821 -0.76944054  1.3369964
  1.3562683   0.69826762]
mylog        Mon, 03 Jul 2017 17:37:21 DEBUG    invalid: 002001_2016-04-17_None
mylog        Mon, 03 Jul 2017 17:37:21 DEBUG    invalid: 002001_2016-04-16_None
mylog        Mon, 03 Jul 2017 17:37:21 DEBUG    valid: 002001_2016-04-15_[-0.98935511 -0.86321518 -0.81534626 -0.71865669  1.33214616  1.35111966
  0.70330743 -0.98935511 -0.86321518 -0.81534626 -0.71865669  1.33214616
  1.35111966  0.70330743]
mylog        Mon, 03 Jul 2017 17:37:21 DEBUG    valid: 002001_2016-04-14_[-0.87673485 -0.88223563 -0.83677701 -0.75138936  1.4707896   1.30194071
  0.57440654 -0.87673485 -0.88223563 -0.83677701 -0.75138936  1.4707896
  1.30194071  0.57440654]
mylog        Mon, 03 Jul 2017 17:37:22 DEBUG    valid: 002001_2016-04-13_[-0.90958307 -0.84103981 -0.8395911  -0.75597518  1.47156707  1.30219826
  0.57242383 -0.90958307 -0.84103981 -0.8395911  -0.75597518  1.47156707
  1.30219826  0.57242383]
mylog        Mon, 03 Jul 2017 17:37:22 DEBUG    valid: 002001_2016-04-12_[-0.8647872  -0.84961911 -0.86088187 -0.76969761  1.47524722  1.30393765
  0.56580094 -0.8647872  -0.84961911 -0.86088187 -0.76969761  1.47524722
  1.30393765  0.56580094]
mylog        Mon, 03 Jul 2017 17:37:22 DEBUG    valid: 002001_2016-04-11_[-0.93739518 -0.83474787 -0.82214189 -0.74893702  1.47267018  1.30230648
  0.56824529 -0.93739518 -0.83474787 -0.82214189 -0.74893702  1.47267018
  1.30230648  0.56824529]
mylog        Mon, 03 Jul 2017 17:37:22 DEBUG    invalid: 002001_2016-04-10_None
mylog        Mon, 03 Jul 2017 17:37:22 DEBUG    invalid: 002001_2016-04-09_None
mylog        Mon, 03 Jul 2017 17:37:22 DEBUG    valid: 002001_2016-04-08_[-0.91362867 -0.85444041 -0.81358527 -0.76106181  1.47541472  1.30366574
  0.5636357  -0.91362867 -0.85444041 -0.81358527 -0.76106181  1.47541472
  1.30366574  0.5636357 ]
mylog        Mon, 03 Jul 2017 17:37:22 DEBUG    valid: 002001_2016-04-07_[-0.73038597 -0.87788324 -0.85005934 -0.81640413  1.57929131  1.28091752
  0.41452385 -0.73038597 -0.87788324 -0.85005934 -0.81640413  1.57929131
  1.28091752  0.41452385]
mylog        Mon, 03 Jul 2017 17:37:22 DEBUG    valid: 002001_2016-04-06_[-0.8616997  -0.86071467 -0.79368678 -0.77001885  1.57030632  1.27975155
  0.43606213 -0.8616997  -0.86071467 -0.79368678 -0.77001885  1.57030632
  1.27975155  0.43606213]
mylog        Mon, 03 Jul 2017 17:37:23 DEBUG    valid: 002001_2016-04-05_[-0.85434663 -0.88291942 -0.78486179 -0.7611431   1.57196988  1.27981637
  0.43148469 -0.85434663 -0.88291942 -0.78486179 -0.7611431   1.57196988
  1.27981637  0.43148469]
mylog        Mon, 03 Jul 2017 17:37:23 DEBUG    invalid: 002001_2016-04-04_None
mylog        Mon, 03 Jul 2017 17:37:23 DEBUG    invalid: 002001_2016-04-03_None
mylog        Mon, 03 Jul 2017 17:37:23 DEBUG    invalid: 002001_2016-04-02_None
mylog        Mon, 03 Jul 2017 17:37:23 DEBUG    valid: 002001_2016-04-01_[-0.95919749 -0.82264657 -0.75907234 -0.73949237  1.56801859  1.27769874
  0.43469144 -0.95919749 -0.82264657 -0.75907234 -0.73949237  1.56801859
  1.27769874  0.43469144]
mylog        Mon, 03 Jul 2017 17:37:23 DEBUG    valid: 002001_2016-03-31_[-0.83454739 -0.83806295 -0.77418538 -0.79232684  1.68399278  1.18314493
  0.37198485 -0.83454739 -0.83806295 -0.77418538 -0.79232684  1.68399278
  1.18314493  0.37198485]
mylog        Mon, 03 Jul 2017 17:37:23 DEBUG    valid: 002001_2016-03-30_[-0.91759641 -0.81086249 -0.74362588 -0.76827535  1.67767631  1.18240563
  0.38027819 -0.91759641 -0.81086249 -0.74362588 -0.76827535  1.67767631
  1.18240563  0.38027819]
mylog        Mon, 03 Jul 2017 17:37:23 DEBUG    valid: 002001_2016-03-29_[-0.96441305 -0.76806457 -0.74504994 -0.75904094  1.67628535  1.18112
  0.37916316 -0.96441305 -0.76806457 -0.74504994 -0.75904094  1.67628535
  1.18112     0.37916316]
mylog        Mon, 03 Jul 2017 17:37:23 DEBUG    valid: 002001_2016-03-28_[-0.72972857 -0.81545738 -0.8319087  -0.84142342  1.70170498  1.18048426
  0.33632883 -0.72972857 -0.81545738 -0.8319087  -0.84142342  1.70170498
  1.18048426  0.33632883]
mylog        Mon, 03 Jul 2017 17:37:24 DEBUG    invalid: 002001_2016-03-27_None
mylog        Mon, 03 Jul 2017 17:37:24 DEBUG    invalid: 002001_2016-03-26_None
mylog        Mon, 03 Jul 2017 17:37:24 DEBUG    valid: 002001_2016-03-25_[-0.82190681 -0.80044391 -0.8027002  -0.80397008  1.69452851  1.18215755
  0.35233493 -0.82190681 -0.80044391 -0.8027002  -0.80397008  1.69452851
  1.18215755  0.35233493]
mylog        Mon, 03 Jul 2017 17:37:24 DEBUG    valid: 002001_2016-03-24_[-0.8561084  -0.74668829 -0.81969352 -0.78931431  1.74909242  1.10920048
  0.35351162 -0.8561084  -0.74668829 -0.81969352 -0.78931431  1.74909242
  1.10920048  0.35351162]
mylog        Mon, 03 Jul 2017 17:37:24 DEBUG    valid: 002001_2016-03-23_[-0.78172129 -0.75526028 -0.86421311 -0.80421203  1.75522925  1.10753832
  0.34263915 -0.78172129 -0.75526028 -0.86421311 -0.80421203  1.75522925
  1.10753832  0.34263915]
mylog        Mon, 03 Jul 2017 17:37:24 DEBUG    valid: 002001_2016-03-22_[-0.76137415 -0.78741757 -0.86387469 -0.7980184   1.75043635  1.10892493
  0.35132353 -0.76137415 -0.78741757 -0.86387469 -0.7980184   1.75043635
  1.10892493  0.35132353]
mylog        Mon, 03 Jul 2017 17:37:24 DEBUG    valid: 002001_2016-03-21_[-0.78559812 -0.80086747 -0.82539988 -0.80365742  1.74744433  1.11027567
  0.3578029  -0.78559812 -0.80086747 -0.82539988 -0.80365742  1.74744433
  1.11027567  0.3578029 ]
mylog        Mon, 03 Jul 2017 17:37:24 DEBUG    invalid: 002001_2016-03-20_None
mylog        Mon, 03 Jul 2017 17:37:24 DEBUG    invalid: 002001_2016-03-19_None
mylog        Mon, 03 Jul 2017 17:37:25 DEBUG    valid: 002001_2016-03-18_[-0.60643068 -0.8439575  -0.86873056 -0.87143269  1.75462082  1.10283365
  0.33309696 -0.60643068 -0.8439575  -0.86873056 -0.87143269  1.75462082
  1.10283365  0.33309696]
mylog        Mon, 03 Jul 2017 17:37:25 DEBUG    valid: 002001_2016-03-17_[-0.73575208 -0.86419613 -0.82735113 -0.80948878  1.73150813  1.09976938
  0.40551061 -0.73575208 -0.86419613 -0.82735113 -0.80948878  1.73150813
  1.09976938  0.40551061]
mylog        Mon, 03 Jul 2017 17:37:25 DEBUG    valid: 002001_2016-03-16_[-0.9129052  -0.84073016 -0.75209492 -0.74630662  1.7109118   1.10403225
  0.43709285 -0.9129052  -0.84073016 -0.75209492 -0.74630662  1.7109118
  1.10403225  0.43709285]
mylog        Mon, 03 Jul 2017 17:37:25 DEBUG    valid: 002001_2016-03-15_[-0.8252362  -0.86903547 -0.76517022 -0.78711652  1.72186374  1.10261415
  0.42208052 -0.8252362  -0.86903547 -0.76517022 -0.78711652  1.72186374
  1.10261415  0.42208052]
mylog        Mon, 03 Jul 2017 17:37:25 DEBUG    valid: 002001_2016-03-14_[-0.72920432 -0.84837669 -0.79555859 -0.85829152  1.73652531  1.09820096
  0.39670484 -0.72920432 -0.84837669 -0.79555859 -0.85829152  1.73652531
  1.09820096  0.39670484]
mylog        Mon, 03 Jul 2017 17:37:25 DEBUG    invalid: 002001_2016-03-13_None
mylog        Mon, 03 Jul 2017 17:37:25 DEBUG    invalid: 002001_2016-03-12_None
mylog        Mon, 03 Jul 2017 17:37:25 DEBUG    valid: 002001_2016-03-11_[-0.95650805 -0.76852084 -0.71550077 -0.80139024  1.71713452  1.10096633
  0.42381905 -0.95650805 -0.76852084 -0.71550077 -0.80139024  1.71713452
  1.10096633  0.42381905]
mylog        Mon, 03 Jul 2017 17:37:25 DEBUG    valid: 002001_2016-03-10_[-1.00796464 -0.74408836 -0.66225501 -0.81205164  1.72117472  1.09690117
  0.40828376 -1.00796464 -0.74408836 -0.66225501 -0.81205164  1.72117472
  1.09690117  0.40828376]
mylog        Mon, 03 Jul 2017 17:37:26 DEBUG    valid: 002001_2016-03-09_[-0.95229457 -0.73939445 -0.66293116 -0.86371368  1.73544441  1.09478874
  0.3881007  -0.95229457 -0.73939445 -0.66293116 -0.86371368  1.73544441
  1.09478874  0.3881007 ]
mylog        Mon, 03 Jul 2017 17:37:26 DEBUG    valid: 002001_2016-03-08_[-0.52479047 -0.82411791 -0.79895159 -1.01874958  1.76006108  1.07893764
  0.32761082 -0.52479047 -0.82411791 -0.79895159 -1.01874958  1.76006108
  1.07893764  0.32761082]
mylog        Mon, 03 Jul 2017 17:37:26 DEBUG    valid: 002001_2016-03-07_[-0.69217281 -0.76173611 -0.7927179  -0.96358004  1.7472501   1.09256186
  0.37039491 -0.69217281 -0.76173611 -0.7927179  -0.96358004  1.7472501
  1.09256186  0.37039491]
mylog        Mon, 03 Jul 2017 17:37:26 DEBUG    invalid: 002001_2016-03-06_None
mylog        Mon, 03 Jul 2017 17:37:26 DEBUG    invalid: 002001_2016-03-05_None
mylog        Mon, 03 Jul 2017 17:37:26 DEBUG    valid: 002001_2016-03-04_[-0.86056487 -0.67788179 -0.77217808 -0.91832798  1.73037346  1.09804236
  0.4005369  -0.86056487 -0.67788179 -0.77217808 -0.91832798  1.73037346
  1.09804236  0.4005369 ]
mylog        Mon, 03 Jul 2017 17:37:26 DEBUG    valid: 002001_2016-03-03_[-0.76562374 -0.59075782 -0.77206609 -0.95501094  1.93294982  0.8568244
  0.29368436 -0.76562374 -0.59075782 -0.77206609 -0.95501094  1.93294982
  0.8568244   0.29368436]
mylog        Mon, 03 Jul 2017 17:37:26 DEBUG    valid: 002001_2016-03-02_[-0.71311506 -0.55731785 -0.81617822 -0.9854965   1.93245804  0.85241885
  0.28723074 -0.71311506 -0.55731785 -0.81617822 -0.9854965   1.93245804
  0.85241885  0.28723074]
mylog        Mon, 03 Jul 2017 17:37:27 DEBUG    valid: 002001_2016-03-01_[-0.52040843 -0.64099273 -0.87077615 -1.01958915  1.93167011  0.84450638
  0.27558996 -0.52040843 -0.64099273 -0.87077615 -1.01958915  1.93167011
  0.84450638  0.27558996]
mylog        Mon, 03 Jul 2017 17:37:27 DEBUG    valid: 002001_2016-02-29_[-0.5098312  -0.72567496 -0.86509922 -0.98033386  1.9164814   0.85893715
  0.3055207  -0.5098312  -0.72567496 -0.86509922 -0.98033386  1.9164814
  0.85893715  0.3055207 ]
mylog        Mon, 03 Jul 2017 17:37:27 DEBUG    invalid: 002001_2016-02-28_None
mylog        Mon, 03 Jul 2017 17:37:27 DEBUG    invalid: 002001_2016-02-27_None
mylog        Mon, 03 Jul 2017 17:37:27 DEBUG    valid: 002001_2016-02-26_[-0.40917784 -0.81952926 -0.88283406 -0.96418603  1.9008862   0.85981779
  0.31502321 -0.40917784 -0.81952926 -0.88283406 -0.96418603  1.9008862
  0.85981779  0.31502321]
mylog        Mon, 03 Jul 2017 17:37:27 DEBUG    valid: 002001_2016-02-25_[-0.39315978 -0.85611563 -0.92151628 -0.93933223  1.86417144  0.8775545
  0.36839799 -0.39315978 -0.85611563 -0.92151628 -0.93933223  1.86417144
  0.8775545   0.36839799]
mylog        Mon, 03 Jul 2017 17:37:27 DEBUG    valid: 002001_2016-02-24_[-0.79509096 -0.82929131 -0.82543745 -0.75101564  1.84384353  0.91751727
  0.43947456 -0.79509096 -0.82929131 -0.82543745 -0.75101564  1.84384353
  0.91751727  0.43947456]
mylog        Mon, 03 Jul 2017 17:37:27 DEBUG    valid: 002001_2016-02-23_[-0.93109413 -0.78777586 -0.80208085 -0.68551531  1.82738771  0.9229203
  0.45615814 -0.93109413 -0.78777586 -0.80208085 -0.68551531  1.82738771
  0.9229203   0.45615814]
mylog        Mon, 03 Jul 2017 17:37:27 DEBUG    valid: 002001_2016-02-22_[-0.90055391 -0.77915637 -0.82407451 -0.69914036  1.83488966  0.92007003
  0.44796546 -0.90055391 -0.77915637 -0.82407451 -0.69914036  1.83488966
  0.92007003  0.44796546]
mylog        Mon, 03 Jul 2017 17:37:28 DEBUG    invalid: 002001_2016-02-21_None
mylog        Mon, 03 Jul 2017 17:37:28 DEBUG    invalid: 002001_2016-02-20_None
mylog        Mon, 03 Jul 2017 17:37:28 DEBUG    valid: 002001_2016-02-19_[-0.62614925 -0.82969184 -0.92296952 -0.79569054  1.85603356  0.90470622
  0.41376137 -0.62614925 -0.82969184 -0.92296952 -0.79569054  1.85603356
  0.90470622  0.41376137]
mylog        Mon, 03 Jul 2017 17:37:28 DEBUG    valid: 002001_2016-02-18_[-0.84657065 -0.80195957 -0.89195364 -0.72965607  1.74584554  0.98851677
  0.53577762 -0.84657065 -0.80195957 -0.89195364 -0.72965607  1.74584554
  0.98851677  0.53577762]
mylog        Mon, 03 Jul 2017 17:37:28 DEBUG    valid: 002001_2016-02-17_[-0.79857182 -0.79897052 -0.90957624 -0.7614724   1.74880096  0.98746296
  0.53232705 -0.79857182 -0.79897052 -0.90957624 -0.7614724   1.74880096
  0.98746296  0.53232705]
mylog        Mon, 03 Jul 2017 17:37:28 DEBUG    valid: 002001_2016-02-16_[-0.78725497 -0.83388897 -0.88462476 -0.76668047  1.74541374  0.98947254
  0.53756289 -0.78725497 -0.83388897 -0.88462476 -0.76668047  1.74541374
  0.98947254  0.53756289]
mylog        Mon, 03 Jul 2017 17:37:28 DEBUG    valid: 002001_2016-02-15_[-0.7232572  -0.87246658 -0.88313504 -0.79088721  1.74524476  0.98845815
  0.53604311 -0.7232572  -0.87246658 -0.88313504 -0.79088721  1.74524476
  0.98845815  0.53604311]
mylog        Mon, 03 Jul 2017 17:37:28 DEBUG    invalid: 002001_2016-02-14_None
mylog        Mon, 03 Jul 2017 17:37:28 DEBUG    invalid: 002001_2016-02-13_None
mylog        Mon, 03 Jul 2017 17:37:28 DEBUG    invalid: 002001_2016-02-12_None
mylog        Mon, 03 Jul 2017 17:37:29 DEBUG    invalid: 002001_2016-02-11_None
mylog        Mon, 03 Jul 2017 17:37:29 DEBUG    invalid: 002001_2016-02-10_None
mylog        Mon, 03 Jul 2017 17:37:29 DEBUG    invalid: 002001_2016-02-09_None
mylog        Mon, 03 Jul 2017 17:37:29 DEBUG    invalid: 002001_2016-02-08_None
mylog        Mon, 03 Jul 2017 17:37:29 DEBUG    invalid: 002001_2016-02-07_None
mylog        Mon, 03 Jul 2017 17:37:29 DEBUG    invalid: 002001_2016-02-06_None
mylog        Mon, 03 Jul 2017 17:37:29 DEBUG    valid: 002001_2016-02-05_[-0.81050791 -0.89237146 -0.81114165 -0.76668023  1.73416276  0.99439095
  0.55214754 -0.81050791 -0.89237146 -0.81114165 -0.76668023  1.73416276
  0.99439095  0.55214754]
mylog        Mon, 03 Jul 2017 17:37:29 DEBUG    valid: 002001_2016-02-04_[-0.75815701 -0.97980525 -0.74696281 -0.81836018  1.6786747   1.03578266
  0.5888279  -0.75815701 -0.97980525 -0.74696281 -0.81836018  1.6786747
  1.03578266  0.5888279 ]
mylog        Mon, 03 Jul 2017 17:37:29 DEBUG    valid: 002001_2016-02-03_[-0.9847751  -0.95503363 -0.53969165 -0.80908699  1.65768626  1.03270271
  0.59819839 -0.9847751  -0.95503363 -0.53969165 -0.80908699  1.65768626
  1.03270271  0.59819839]
mylog        Mon, 03 Jul 2017 17:37:30 DEBUG    valid: 002001_2016-02-02_[-0.96652281 -0.93452291 -0.49901076 -0.87677621  1.66757223  1.02722352
  0.58203695 -0.96652281 -0.93452291 -0.49901076 -0.87677621  1.66757223
  1.02722352  0.58203695]
mylog        Mon, 03 Jul 2017 17:37:30 DEBUG    valid: 002001_2016-02-01_[-1.05823358 -0.86868932 -0.46701242 -0.87404985  1.65880063  1.02493274
  0.5842518  -1.05823358 -0.86868932 -0.46701242 -0.87404985  1.65880063
  1.02493274  0.5842518 ]
mylog        Mon, 03 Jul 2017 17:37:30 DEBUG    invalid: 002001_2016-01-31_None
mylog        Mon, 03 Jul 2017 17:37:30 DEBUG    invalid: 002001_2016-01-30_None
mylog        Mon, 03 Jul 2017 17:37:30 DEBUG    valid: 002001_2016-01-29_[-1.07123781 -0.76794382 -0.51398109 -0.91503033  1.66727129  1.02405201
  0.57686974 -1.07123781 -0.76794382 -0.51398109 -0.91503033  1.66727129
  1.02405201  0.57686974]
mylog        Mon, 03 Jul 2017 17:37:30 DEBUG    valid: 002001_2016-01-28_[-1.02236304 -0.56734238 -0.58156893 -1.035686    1.77102772  0.88309975
  0.55283288 -1.02236304 -0.56734238 -0.58156893 -1.035686    1.77102772
  0.88309975  0.55283288]
mylog        Mon, 03 Jul 2017 17:37:30 DEBUG    valid: 002001_2016-01-27_[-0.88015523 -0.25087606 -0.75972204 -1.2162103   1.77829548  0.83901741
  0.48965075 -0.88015523 -0.25087606 -0.75972204 -1.2162103   1.77829548
  0.83901741  0.48965075]
mylog        Mon, 03 Jul 2017 17:37:30 DEBUG    valid: 002001_2016-01-26_[-0.92644611 -0.12378948 -0.80341408 -1.21722198  1.75257449  0.83061168
  0.48768548 -0.92644611 -0.12378948 -0.80341408 -1.21722198  1.75257449
  0.83061168  0.48768548]
mylog        Mon, 03 Jul 2017 17:37:31 DEBUG    valid: 002001_2016-01-25_[-0.62992917 -0.18053015 -0.93190968 -1.30383933  1.76665301  0.81648606
  0.46306926 -0.62992917 -0.18053015 -0.93190968 -1.30383933  1.76665301
  0.81648606  0.46306926]
mylog        Mon, 03 Jul 2017 17:37:31 DEBUG    invalid: 002001_2016-01-24_None
mylog        Mon, 03 Jul 2017 17:37:31 DEBUG    invalid: 002001_2016-01-23_None
mylog        Mon, 03 Jul 2017 17:37:31 DEBUG    valid: 002001_2016-01-22_[ 0.03625559 -0.4592148  -1.08504703 -1.38230925  1.71718172  0.76386169
  0.40927209  0.03625559 -0.4592148  -1.08504703 -1.38230925  1.71718172
  0.76386169  0.40927209]
mylog        Mon, 03 Jul 2017 17:37:31 DEBUG    valid: 002001_2016-01-21_[ 1.47144855 -0.66582159 -1.18963869 -1.37730911  0.72609482  0.60772418
  0.42750183  1.47144855 -0.66582159 -1.18963869 -1.37730911  0.72609482
  0.60772418  0.42750183]
mylog        Mon, 03 Jul 2017 17:37:31 DEBUG    valid: 002001_2016-01-20_[ 0.26492361 -0.95830826 -1.20262393 -1.17320151  1.1673684   1.04447502
  0.85736668  0.26492361 -0.95830826 -1.20262393 -1.17320151  1.1673684
  1.04447502  0.85736668]
mylog        Mon, 03 Jul 2017 17:37:31 DEBUG    valid: 002001_2016-01-19_[-0.39410372 -0.96704231 -1.07309497 -0.94931148  1.2596237   1.1473978
  0.97653099 -0.39410372 -0.96704231 -1.07309497 -0.94931148  1.2596237
  1.1473978   0.97653099]
mylog        Mon, 03 Jul 2017 17:37:31 DEBUG    valid: 002001_2016-01-18_[-0.92374953 -0.86562826 -0.90501647 -0.75731471  1.26995697  1.16827937
  1.01347262 -0.92374953 -0.86562826 -0.90501647 -0.75731471  1.26995697
  1.16827937  1.01347262]
mylog        Mon, 03 Jul 2017 17:37:32 DEBUG    invalid: 002001_2016-01-17_None
mylog        Mon, 03 Jul 2017 17:37:32 DEBUG    invalid: 002001_2016-01-16_None
mylog        Mon, 03 Jul 2017 17:37:32 DEBUG    valid: 002001_2016-01-15_[-0.92244677 -0.84379596 -0.91779772 -0.76772732  1.27071322  1.16840825
  1.01264629 -0.92244677 -0.84379596 -0.91779772 -0.76772732  1.27071322
  1.16840825  1.01264629]
mylog        Mon, 03 Jul 2017 17:37:32 DEBUG    valid: 002001_2016-01-14_[-0.92362232 -0.84283772 -0.92446668 -0.76785748  1.12944915  1.20794791
  1.12138713 -0.92362232 -0.84283772 -0.92446668 -0.76785748  1.12944915
  1.20794791  1.12138713]
mylog        Mon, 03 Jul 2017 17:37:32 DEBUG    valid: 002001_2016-01-13_[-0.80142124 -0.92707291 -0.9420675  -0.78747588  1.12902312  1.20811413
  1.12090028 -0.80142124 -0.92707291 -0.9420675  -0.78747588  1.12902312
  1.20811413  1.12090028]
mylog        Mon, 03 Jul 2017 17:37:32 DEBUG    valid: 002001_2016-01-12_[-0.82530729 -0.94651349 -0.9103504  -0.77631858  1.12948499  1.2075358
  1.12146898 -0.82530729 -0.94651349 -0.9103504  -0.77631858  1.12948499
  1.2075358   1.12146898]
mylog        Mon, 03 Jul 2017 17:37:32 DEBUG    valid: 002001_2016-01-11_[-0.78244639 -0.97720872 -0.88896252 -0.80860086  1.12877924  1.20777285
  1.1206664  -0.78244639 -0.97720872 -0.88896252 -0.80860086  1.12877924
  1.20777285  1.1206664 ]
mylog        Mon, 03 Jul 2017 17:37:32 DEBUG    invalid: 002001_2016-01-10_None
mylog        Mon, 03 Jul 2017 17:37:33 DEBUG    invalid: 002001_2016-01-09_None
mylog        Mon, 03 Jul 2017 17:37:33 DEBUG    valid: 002001_2016-01-08_[-0.88129042 -0.9809062  -0.8008186  -0.79432211  1.12915982  1.20701345
  1.12116406 -0.88129042 -0.9809062  -0.8008186  -0.79432211  1.12915982
  1.20701345  1.12116406]
mylog        Mon, 03 Jul 2017 17:37:33 DEBUG    valid: 002001_2016-01-07_[-1.14118241 -0.9070329  -0.64312627 -0.73637105  1.10088512  1.17144956
  1.15537795 -1.14118241 -0.9070329  -0.64312627 -0.73637105  1.10088512
  1.17144956  1.15537795]
mylog        Mon, 03 Jul 2017 17:37:33 DEBUG    valid: 002001_2016-01-06_[-1.01901003 -0.94173339 -0.67266302 -0.81275964  1.10495179  1.17904478
  1.16216951 -1.01901003 -0.94173339 -0.67266302 -0.81275964  1.10495179
  1.17904478  1.16216951]
mylog        Mon, 03 Jul 2017 17:37:33 DEBUG    valid: 002001_2016-01-05_[-0.92655734 -0.95073508 -0.70444579 -0.87240901  1.10623706  1.18265779
  1.16525236 -0.92655734 -0.95073508 -0.70444579 -0.87240901  1.10623706
  1.18265779  1.16525236]
mylog        Mon, 03 Jul 2017 17:37:33 DEBUG    valid: 002001_2016-01-04_[-1.01294182 -0.86059095 -0.69995224 -0.87759969  1.10511868  1.18170453
  1.1642615  -1.01294182 -0.86059095 -0.69995224 -0.87759969  1.10511868
  1.18170453  1.1642615 ]
mylog        Mon, 03 Jul 2017 17:37:33 DEBUG    invalid: 002001_2016-01-03_None
mylog        Mon, 03 Jul 2017 17:37:33 DEBUG    invalid: 002001_2016-01-02_None
mylog        Mon, 03 Jul 2017 17:37:34 DEBUG    invalid: 002001_2016-01-01_None
mylog        Mon, 03 Jul 2017 17:37:34 DEBUG    valid: 002001_2015-12-31_[-1.05143508 -0.74923021 -0.73536031 -0.9106235   1.10274169  1.18084841
  1.16305899 -1.05143508 -0.74923021 -0.73536031 -0.9106235   1.10274169
  1.18084841  1.16305899]
mylog        Mon, 03 Jul 2017 17:37:34 DEBUG    valid: 002001_2015-12-30_[-1.10011559 -0.58935479 -0.77652149 -0.95981801  1.08279407  1.15070092
  1.19231489 -1.10011559 -0.58935479 -0.77652149 -0.95981801  1.08279407
  1.15070092  1.19231489]
mylog        Mon, 03 Jul 2017 17:37:34 DEBUG    valid: 002001_2015-12-29_[-0.97341047 -0.59420506 -0.84453153 -1.02293029  1.08394239  1.15407769
  1.19705727 -0.97341047 -0.59420506 -0.84453153 -1.02293029  1.08394239
  1.15407769  1.19705727]
mylog        Mon, 03 Jul 2017 17:37:34 DEBUG    valid: 002001_2015-12-28_[-0.66407609 -0.67390598 -0.95977824 -1.1263073   1.07792288  1.15075596
  1.19538876 -0.66407609 -0.67390598 -0.95977824 -1.1263073   1.07792288
  1.15075596  1.19538876]
mylog        Mon, 03 Jul 2017 17:37:34 DEBUG    invalid: 002001_2015-12-27_None
mylog        Mon, 03 Jul 2017 17:37:34 DEBUG    invalid: 002001_2015-12-26_None
mylog        Mon, 03 Jul 2017 17:37:34 DEBUG    valid: 002001_2015-12-25_[-0.46121282 -0.75620573 -1.02484992 -1.14996465  1.067676    1.14009043
  1.18446669 -0.46121282 -0.75620573 -1.02484992 -1.14996465  1.067676
  1.14009043  1.18446669]
mylog        Mon, 03 Jul 2017 17:37:35 DEBUG    valid: 002001_2015-12-24_[-0.04065086 -0.87644822 -1.0982495  -1.16478694  0.63107478  1.17404477
  1.37501597 -0.04065086 -0.87644822 -1.0982495  -1.16478694  0.63107478
  1.17404477  1.37501597]
mylog        Mon, 03 Jul 2017 17:37:35 DEBUG    valid: 002001_2015-12-23_[-0.71300784 -0.81705774 -0.93830641 -0.92686927  0.74403613  1.23478192
  1.41642321 -0.71300784 -0.81705774 -0.93830641 -0.92686927  0.74403613
  1.23478192  1.41642321]
mylog        Mon, 03 Jul 2017 17:37:35 DEBUG    valid: 002001_2015-12-22_[-0.76235067 -0.83866459 -0.92574632 -0.87584288  0.75447129  1.23511542
  1.41301775 -0.76235067 -0.83866459 -0.92574632 -0.87584288  0.75447129
  1.23511542  1.41301775]
mylog        Mon, 03 Jul 2017 17:37:35 DEBUG    valid: 002001_2015-12-21_[-0.72054083 -0.87901361 -0.93253096 -0.86889252  0.75729745  1.2336781
  1.41000237 -0.72054083 -0.87901361 -0.93253096 -0.86889252  0.75729745
  1.2336781   1.41000237]
mylog        Mon, 03 Jul 2017 17:37:35 DEBUG    invalid: 002001_2015-12-20_None
mylog        Mon, 03 Jul 2017 17:37:35 DEBUG    invalid: 002001_2015-12-19_None
mylog        Mon, 03 Jul 2017 17:37:35 DEBUG    valid: 002001_2015-12-18_[-0.81941284 -0.87426236 -0.88848687 -0.82692902  0.76917318  1.23394519
  1.40597272 -0.81941284 -0.87426236 -0.88848687 -0.82692902  0.76917318
  1.23394519  1.40597272]
mylog        Mon, 03 Jul 2017 17:37:35 DEBUG    valid: 002001_2015-12-17_[-0.77208744 -0.91662205 -0.8917474  -0.85227865  0.957386    1.06185235
  1.41349719 -0.77208744 -0.91662205 -0.8917474  -0.85227865  0.957386
  1.06185235  1.41349719]
mylog        Mon, 03 Jul 2017 17:37:36 DEBUG    valid: 002001_2015-12-16_[-0.87991254 -0.89620355 -0.84786742 -0.81218087  0.96340911  1.06514713
  1.40760814 -0.87991254 -0.89620355 -0.84786742 -0.81218087  0.96340911
  1.06514713  1.40760814]
mylog        Mon, 03 Jul 2017 17:37:36 DEBUG    valid: 002001_2015-12-15_[-0.9200516  -0.88628541 -0.82569677 -0.8032846   0.96410128  1.06529468
  1.40592242 -0.9200516  -0.88628541 -0.82569677 -0.8032846   0.96410128
  1.06529468  1.40592242]
mylog        Mon, 03 Jul 2017 17:37:36 DEBUG    valid: 002001_2015-12-14_[-0.8778259  -0.89979028 -0.84392619 -0.81432735  0.96240804  1.06465081
  1.40881088 -0.8778259  -0.89979028 -0.84392619 -0.81432735  0.96240804
  1.06465081  1.40881088]
mylog        Mon, 03 Jul 2017 17:37:36 DEBUG    invalid: 002001_2015-12-13_None
mylog        Mon, 03 Jul 2017 17:37:36 DEBUG    invalid: 002001_2015-12-12_None
mylog        Mon, 03 Jul 2017 17:37:36 DEBUG    valid: 002001_2015-12-11_[-0.91862604 -0.87282302 -0.83133166 -0.81250072  0.96227452  1.06448231
  1.40852461 -0.91862604 -0.87282302 -0.83133166 -0.81250072  0.96227452
  1.06448231  1.40852461]
mylog        Mon, 03 Jul 2017 17:37:36 DEBUG    valid: 002001_2015-12-10_[-0.9183726  -0.84163105 -0.82198719 -0.82207098  1.03027639  0.85682661
  1.51695881 -0.9183726  -0.84163105 -0.82198719 -0.82207098  1.03027639
  0.85682661  1.51695881]
mylog        Mon, 03 Jul 2017 17:37:36 DEBUG    valid: 002001_2015-12-09_[-0.92344852 -0.84269458 -0.81636471 -0.82043694  1.02917337  0.8545098
  1.51926157 -0.92344852 -0.84269458 -0.81636471 -0.82043694  1.02917337
  0.8545098   1.51926157]
mylog        Mon, 03 Jul 2017 17:37:37 DEBUG    valid: 002001_2015-12-08_[-0.94996497 -0.83469841 -0.7936115  -0.82207432  1.02752206  0.85155256
  1.52127459 -0.94996497 -0.83469841 -0.7936115  -0.82207432  1.02752206
  0.85155256  1.52127459]
mylog        Mon, 03 Jul 2017 17:37:37 DEBUG    valid: 002001_2015-12-07_[-0.84124025 -0.88321922 -0.83453207 -0.8417249   1.025203    0.84517765
  1.53033579 -0.84124025 -0.88321922 -0.83453207 -0.8417249   1.025203
  0.84517765  1.53033579]
mylog        Mon, 03 Jul 2017 17:37:37 DEBUG    invalid: 002001_2015-12-06_None
mylog        Mon, 03 Jul 2017 17:37:37 DEBUG    invalid: 002001_2015-12-05_None
mylog        Mon, 03 Jul 2017 17:37:37 DEBUG    valid: 002001_2015-12-04_[-0.78367706 -0.90570151 -0.86346682 -0.84507839  1.02323406  0.84148429
  1.53320542 -0.78367706 -0.90570151 -0.86346682 -0.84507839  1.02323406
  0.84148429  1.53320542]
mylog        Mon, 03 Jul 2017 17:37:37 DEBUG    valid: 002001_2015-12-03_[-0.88958745 -0.84058749 -0.83002405 -0.78637065  1.0002657   0.7032448
  1.64305916 -0.88958745 -0.84058749 -0.83002405 -0.78637065  1.0002657
  0.7032448   1.64305916]
mylog        Mon, 03 Jul 2017 17:37:37 DEBUG    valid: 002001_2015-12-02_[-0.85189401 -0.83633215 -0.8658827  -0.79052706  0.99841331  0.69827985
  1.64794277 -0.85189401 -0.83633215 -0.8658827  -0.79052706  0.99841331
  0.69827985  1.64794277]
mylog        Mon, 03 Jul 2017 17:37:38 DEBUG    valid: 002001_2015-12-01_[-0.9642853  -0.76184392 -0.85432094 -0.76099158  0.99887159  0.70266297
  1.63990717 -0.9642853  -0.76184392 -0.85432094 -0.76099158  0.99887159
  0.70266297  1.63990717]
mylog        Mon, 03 Jul 2017 17:37:38 DEBUG    valid: 002001_2015-11-30_[-0.8579695  -0.79496547 -0.8841698  -0.80466851  0.99636309  0.69340522
  1.65200496 -0.8579695  -0.79496547 -0.8841698  -0.80466851  0.99636309
  0.69340522  1.65200496]
mylog        Mon, 03 Jul 2017 17:37:38 DEBUG    invalid: 002001_2015-11-29_None
mylog        Mon, 03 Jul 2017 17:37:38 DEBUG    invalid: 002001_2015-11-28_None
mylog        Mon, 03 Jul 2017 17:37:38 DEBUG    valid: 002001_2015-11-27_[-0.75631765 -0.83290066 -0.9167213  -0.83118611  0.99351276  0.6872018
  1.65641115 -0.75631765 -0.83290066 -0.9167213  -0.83118611  0.99351276
  0.6872018   1.65641115]
mylog        Mon, 03 Jul 2017 17:37:38 DEBUG    valid: 002001_2015-11-26_[-0.79484227 -0.8518767  -0.89319276 -0.80412505  1.05057449  0.66484421
  1.62861808 -0.79484227 -0.8518767  -0.89319276 -0.80412505  1.05057449
  0.66484421  1.62861808]
mylog        Mon, 03 Jul 2017 17:37:38 DEBUG    valid: 002001_2015-11-25_[-0.63450335 -0.94036481 -0.91387339 -0.8388636   1.04423915  0.65334535
  1.63002064 -0.63450335 -0.94036481 -0.91387339 -0.8388636   1.04423915
  0.65334535  1.63002064]
mylog        Mon, 03 Jul 2017 17:37:38 DEBUG    valid: 002001_2015-11-24_[-0.87892786 -0.90767521 -0.81641444 -0.74737679  1.05503876  0.68341942
  1.61193612 -0.87892786 -0.90767521 -0.81641444 -0.74737679  1.05503876
  0.68341942  1.61193612]
mylog        Mon, 03 Jul 2017 17:37:39 DEBUG    valid: 002001_2015-11-23_[-0.87413435 -0.91334732 -0.79691349 -0.76350459  1.05345269  0.6772931
  1.61715396 -0.87413435 -0.91334732 -0.79691349 -0.76350459  1.05345269
  0.6772931   1.61715396]
mylog        Mon, 03 Jul 2017 17:37:39 DEBUG    invalid: 002001_2015-11-22_None
mylog        Mon, 03 Jul 2017 17:37:39 DEBUG    invalid: 002001_2015-11-21_None
mylog        Mon, 03 Jul 2017 17:37:39 DEBUG    valid: 002001_2015-11-20_[-0.92141177 -0.91469802 -0.75712813 -0.75166912  1.05251944  0.67674687
  1.61564072 -0.92141177 -0.91469802 -0.75712813 -0.75166912  1.05251944
  0.67674687  1.61564072]
mylog        Mon, 03 Jul 2017 17:37:39 DEBUG    valid: 002001_2015-11-19_[-1.00100168 -0.872456   -0.72425537 -0.73945274  1.15618791  0.61594853
  1.56502935 -1.00100168 -0.872456   -0.72425537 -0.73945274  1.15618791
  0.61594853  1.56502935]
mylog        Mon, 03 Jul 2017 17:37:39 DEBUG    valid: 002001_2015-11-18_[-0.98417967 -0.84803199 -0.72490915 -0.7774354   1.15639939  0.60282233
  1.57533449 -0.98417967 -0.84803199 -0.72490915 -0.7774354   1.15639939
  0.60282233  1.57533449]
mylog        Mon, 03 Jul 2017 17:37:39 DEBUG    valid: 002001_2015-11-17_[-0.90892389 -0.85303137 -0.75802441 -0.81341872  1.15741482  0.58655258
  1.58943098 -0.90892389 -0.85303137 -0.75802441 -0.81341872  1.15741482
  0.58655258  1.58943098]
mylog        Mon, 03 Jul 2017 17:37:39 DEBUG    valid: 002001_2015-11-16_[-0.98124452 -0.77742748 -0.76675074 -0.80456589  1.15605651  0.58792916
  1.58600296 -0.98124452 -0.77742748 -0.76675074 -0.80456589  1.15605651
  0.58792916  1.58600296]
mylog        Mon, 03 Jul 2017 17:37:40 DEBUG    invalid: 002001_2015-11-15_None
mylog        Mon, 03 Jul 2017 17:37:40 DEBUG    invalid: 002001_2015-11-14_None
mylog        Mon, 03 Jul 2017 17:37:40 DEBUG    valid: 002001_2015-11-13_[-0.90658739 -0.74879199 -0.81795632 -0.85385036  1.15639054  0.57262044
  1.59817509 -0.90658739 -0.74879199 -0.81795632 -0.85385036  1.15639054
  0.57262044  1.59817509]
mylog        Mon, 03 Jul 2017 17:37:40 DEBUG    valid: 002001_2015-11-12_[-0.80341793 -0.73164465 -0.84081136 -0.87665575  0.92649689  0.53847018
  1.78756261 -0.80341793 -0.73164465 -0.84081136 -0.87665575  0.92649689
  0.53847018  1.78756261]
mylog        Mon, 03 Jul 2017 17:37:40 DEBUG    valid: 002001_2015-11-11_[-0.82388453 -0.70320584 -0.85009723 -0.87599905  0.92753544  0.54152557
  1.78412563 -0.82388453 -0.70320584 -0.85009723 -0.87599905  0.92753544
  0.54152557  1.78412563]
mylog        Mon, 03 Jul 2017 17:37:40 DEBUG    valid: 002001_2015-11-10_[-0.64868012 -0.75054608 -0.90811402 -0.92835986  0.9187751   0.52555127
  1.79137371 -0.64868012 -0.75054608 -0.90811402 -0.92835986  0.9187751
  0.52555127  1.79137371]
mylog        Mon, 03 Jul 2017 17:37:40 DEBUG    valid: 002001_2015-11-09_[-0.63273449 -0.81903925 -0.89555522 -0.89897086  0.92554087  0.5402718
  1.78048715 -0.63273449 -0.81903925 -0.89555522 -0.89897086  0.92554087
  0.5402718   1.78048715]
mylog        Mon, 03 Jul 2017 17:37:40 DEBUG    invalid: 002001_2015-11-08_None
mylog        Mon, 03 Jul 2017 17:37:40 DEBUG    invalid: 002001_2015-11-07_None
mylog        Mon, 03 Jul 2017 17:37:41 DEBUG    valid: 002001_2015-11-06_[-0.70097868 -0.85326164 -0.86464121 -0.84421762  0.93456239  0.55771374
  1.77082302 -0.70097868 -0.85326164 -0.86464121 -0.84421762  0.93456239
  0.55771374  1.77082302]
mylog        Mon, 03 Jul 2017 17:37:41 DEBUG    valid: 002001_2015-11-05_[-0.63641243 -0.86653299 -0.85415834 -0.81290499  0.56169535  0.697301
  1.91101241 -0.63641243 -0.86653299 -0.85415834 -0.81290499  0.56169535
  0.697301    1.91101241]
mylog        Mon, 03 Jul 2017 17:37:41 DEBUG    valid: 002001_2015-11-04_[-0.73970543 -0.86443859 -0.82791058 -0.75936249  0.58145139  0.71359962
  1.89636609 -0.73970543 -0.86443859 -0.82791058 -0.75936249  0.58145139
  0.71359962  1.89636609]
mylog        Mon, 03 Jul 2017 17:37:41 DEBUG    valid: 002001_2015-11-03_[-0.93999061 -0.8162961  -0.73805259 -0.70994754  0.60203103  0.72971644
  1.87253938 -0.93999061 -0.8162961  -0.73805259 -0.70994754  0.60203103
  0.72971644  1.87253938]
mylog        Mon, 03 Jul 2017 17:37:41 DEBUG    valid: 002001_2015-11-02_[-0.88335743 -0.81257636 -0.75777248 -0.745333    0.59096451  0.72120255
  1.88687221 -0.88335743 -0.81257636 -0.75777248 -0.745333    0.59096451
  0.72120255  1.88687221]
mylog        Mon, 03 Jul 2017 17:37:41 DEBUG    invalid: 002001_2015-11-01_None
mylog        Mon, 03 Jul 2017 17:37:41 DEBUG    invalid: 002001_2015-10-31_None
mylog        Mon, 03 Jul 2017 17:37:41 DEBUG    valid: 002001_2015-10-30_[-0.80481314 -0.80680483 -0.78751275 -0.79256835  0.57950557  0.71221264
  1.89998087 -0.80481314 -0.80680483 -0.78751275 -0.79256835  0.57950557
  0.71221264  1.89998087]
mylog        Mon, 03 Jul 2017 17:37:42 DEBUG    valid: 002001_2015-10-29_[-0.82095017 -0.75638383 -0.7464925  -0.7654402   0.32779943  0.79316602
  1.96830124 -0.82095017 -0.75638383 -0.7464925  -0.7654402   0.32779943
  0.79316602  1.96830124]
mylog        Mon, 03 Jul 2017 17:37:42 DEBUG    valid: 002001_2015-10-28_[-0.81339067 -0.75976946 -0.74516241 -0.77164167  0.32846494  0.79354447
  1.96795479 -0.81339067 -0.75976946 -0.74516241 -0.77164167  0.32846494
  0.79354447  1.96795479]
mylog        Mon, 03 Jul 2017 17:37:42 DEBUG    valid: 002001_2015-10-27_[-0.78692809 -0.72087401 -0.77144309 -0.80143115  0.31747256  0.78778708
  1.97541671 -0.78692809 -0.72087401 -0.77144309 -0.80143115  0.31747256
  0.78778708  1.97541671]
mylog        Mon, 03 Jul 2017 17:37:42 DEBUG    valid: 002001_2015-10-26_[-0.71217049 -0.74518418 -0.78818827 -0.82701594  0.30864738  0.78301877
  1.98089273 -0.71217049 -0.74518418 -0.78818827 -0.82701594  0.30864738
  0.78301877  1.98089273]
mylog        Mon, 03 Jul 2017 17:37:42 DEBUG    invalid: 002001_2015-10-25_None
mylog        Mon, 03 Jul 2017 17:37:42 DEBUG    invalid: 002001_2015-10-24_None
mylog        Mon, 03 Jul 2017 17:37:42 DEBUG    valid: 002001_2015-10-23_[-0.73626092 -0.76184696 -0.75100883 -0.82830379  0.31385988  0.78584995
  1.97771066 -0.73626092 -0.76184696 -0.75100883 -0.82830379  0.31385988
  0.78584995  1.97771066]
mylog        Mon, 03 Jul 2017 17:37:43 DEBUG    valid: 002001_2015-10-22_[-0.81171701 -0.71322002 -0.67395672 -0.77987999  0.15282358  0.79911435
  2.02683582 -0.81171701 -0.71322002 -0.67395672 -0.77987999  0.15282358
  0.79911435  2.02683582]
mylog        Mon, 03 Jul 2017 17:37:43 DEBUG    valid: 002001_2015-10-21_[-0.57125739 -0.78318752 -0.72352797 -0.85457962  0.10835432  0.77700266
  2.04719552 -0.57125739 -0.78318752 -0.72352797 -0.85457962  0.10835432
  0.77700266  2.04719552]
mylog        Mon, 03 Jul 2017 17:37:43 DEBUG    valid: 002001_2015-10-20_[-0.75745455 -0.75989935 -0.68807196 -0.78035767  0.15923181  0.80239026
  2.02416145 -0.75745455 -0.75989935 -0.68807196 -0.78035767  0.15923181
  0.80239026  2.02416145]
mylog        Mon, 03 Jul 2017 17:37:43 DEBUG    valid: 002001_2015-10-19_[-0.76314293 -0.74759281 -0.6964201  -0.780749    0.16145198  0.80344643
  2.02300643 -0.76314293 -0.74759281 -0.6964201  -0.780749    0.16145198
  0.80344643  2.02300643]
mylog        Mon, 03 Jul 2017 17:37:43 DEBUG    invalid: 002001_2015-10-18_None
mylog        Mon, 03 Jul 2017 17:37:43 DEBUG    invalid: 002001_2015-10-17_None
mylog        Mon, 03 Jul 2017 17:37:43 DEBUG    valid: 002001_2015-10-16_[-0.71620027 -0.70234696 -0.74667053 -0.80853439  0.14595481  0.79624202
  2.03155532 -0.71620027 -0.70234696 -0.74667053 -0.80853439  0.14595481
  0.79624202  2.03155532]
mylog        Mon, 03 Jul 2017 17:37:43 DEBUG    valid: 002001_2015-10-15_[-0.76273915 -0.61420717 -0.73088622 -0.77713094 -0.00414635  0.84066901
  2.04844082 -0.76273915 -0.61420717 -0.73088622 -0.77713094 -0.00414635
  0.84066901  2.04844082]
mylog        Mon, 03 Jul 2017 17:37:44 DEBUG    valid: 002001_2015-10-14_[-0.78379161 -0.57397125 -0.74289243 -0.7818122  -0.00385589  0.83997762
  2.04634576 -0.78379161 -0.57397125 -0.74289243 -0.7818122  -0.00385589
  0.83997762  2.04634576]
mylog        Mon, 03 Jul 2017 17:37:44 DEBUG    valid: 002001_2015-10-13_[-0.71078257 -0.61529492 -0.76197577 -0.79084877 -0.01045559  0.83811128
  2.05124635 -0.71078257 -0.61529492 -0.76197577 -0.79084877 -0.01045559
  0.83811128  2.05124635]
mylog        Mon, 03 Jul 2017 17:37:44 DEBUG    valid: 002001_2015-10-12_[-0.45855189 -0.6948901  -0.82606031 -0.85010901 -0.04599538  0.81928719
  2.0563195  -0.45855189 -0.6948901  -0.82606031 -0.85010901 -0.04599538
  0.81928719  2.0563195 ]
mylog        Mon, 03 Jul 2017 17:37:44 DEBUG    invalid: 002001_2015-10-11_None
mylog        Mon, 03 Jul 2017 17:37:44 DEBUG    invalid: 002001_2015-10-10_None
mylog        Mon, 03 Jul 2017 17:37:44 DEBUG    valid: 002001_2015-10-09_[-0.4319035  -0.76985963 -0.82810918 -0.82232962 -0.01927439  0.82922141
  2.0422549  -0.4319035  -0.76985963 -0.82810918 -0.82232962 -0.01927439
  0.82922141  2.0422549 ]
mylog        Mon, 03 Jul 2017 17:37:44 DEBUG    valid: 002001_2015-10-08_[-0.55720389 -0.81595478 -0.82198762 -0.78034974  0.05099124  0.9825817
  1.94192311 -0.55720389 -0.81595478 -0.82198762 -0.78034974  0.05099124
  0.9825817   1.94192311]
mylog        Mon, 03 Jul 2017 17:37:44 DEBUG    invalid: 002001_2015-10-07_None
mylog        Mon, 03 Jul 2017 17:37:45 DEBUG    invalid: 002001_2015-10-06_None
mylog        Mon, 03 Jul 2017 17:37:45 DEBUG    invalid: 002001_2015-10-05_None
mylog        Mon, 03 Jul 2017 17:37:45 DEBUG    invalid: 002001_2015-10-04_None
mylog        Mon, 03 Jul 2017 17:37:45 DEBUG    invalid: 002001_2015-10-03_None
mylog        Mon, 03 Jul 2017 17:37:45 DEBUG    invalid: 002001_2015-10-02_None
mylog        Mon, 03 Jul 2017 17:37:45 DEBUG    invalid: 002001_2015-10-01_None
mylog        Mon, 03 Jul 2017 17:37:45 DEBUG    valid: 002001_2015-09-30_[-0.80888033 -0.78348861 -0.7472082  -0.68759158  0.10628581  1.00018023
  1.92070268 -0.80888033 -0.78348861 -0.7472082  -0.68759158  0.10628581
  1.00018023  1.92070268]
mylog        Mon, 03 Jul 2017 17:37:45 DEBUG    valid: 002001_2015-09-29_[-0.81403432 -0.84643766 -0.80934156 -0.75515173  0.3653084   1.13543534
  1.72422153 -0.81403432 -0.84643766 -0.80934156 -0.75515173  0.3653084
  1.13543534  1.72422153]
mylog        Mon, 03 Jul 2017 17:37:45 DEBUG    valid: 002001_2015-09-28_[-0.89111029 -0.82539879 -0.78959391 -0.72028344  0.37203199  1.13537673
  1.71897772 -0.89111029 -0.82539879 -0.78959391 -0.72028344  0.37203199
  1.13537673  1.71897772]
mylog        Mon, 03 Jul 2017 17:37:45 DEBUG    invalid: 002001_2015-09-27_None
mylog        Mon, 03 Jul 2017 17:37:46 DEBUG    invalid: 002001_2015-09-26_None
mylog        Mon, 03 Jul 2017 17:37:46 DEBUG    valid: 002001_2015-09-25_[-0.85636635 -0.83363942 -0.8006455  -0.73021942  0.35989685  1.13441515
  1.72655868 -0.85636635 -0.83363942 -0.8006455  -0.73021942  0.35989685
  1.13441515  1.72655868]
mylog        Mon, 03 Jul 2017 17:37:46 DEBUG    valid: 002001_2015-09-24_[-0.88203533 -0.8575137  -0.83030956 -0.75381721  0.53573578  1.22706892
  1.56087111 -0.88203533 -0.8575137  -0.83030956 -0.75381721  0.53573578
  1.22706892  1.56087111]
mylog        Mon, 03 Jul 2017 17:37:46 DEBUG    valid: 002001_2015-09-23_[-0.87625558 -0.849072   -0.84246925 -0.7542567   0.53146117  1.2273059
  1.56328646 -0.87625558 -0.849072   -0.84246925 -0.7542567   0.53146117
  1.2273059   1.56328646]
mylog        Mon, 03 Jul 2017 17:37:46 DEBUG    valid: 002001_2015-09-22_[-0.86883278 -0.84740218 -0.84981787 -0.75380375  0.52612214  1.22753314
  1.5662013  -0.86883278 -0.84740218 -0.84981787 -0.75380375  0.52612214
  1.22753314  1.5662013 ]
mylog        Mon, 03 Jul 2017 17:37:46 DEBUG    valid: 002001_2015-09-21_[-0.87495989 -0.84563184 -0.85176495 -0.74713352  0.52609173  1.22739191
  1.56600656 -0.87495989 -0.84563184 -0.85176495 -0.74713352  0.52609173
  1.22739191  1.56600656]
mylog        Mon, 03 Jul 2017 17:37:46 DEBUG    invalid: 002001_2015-09-20_None
mylog        Mon, 03 Jul 2017 17:37:46 DEBUG    invalid: 002001_2015-09-19_None
mylog        Mon, 03 Jul 2017 17:37:47 DEBUG    valid: 002001_2015-09-18_[-0.89315553 -0.83738594 -0.8460517  -0.7415367   0.52422279  1.2272333
  1.56667378 -0.89315553 -0.83738594 -0.8460517  -0.7415367   0.52422279
  1.2272333   1.56667378]
mylog        Mon, 03 Jul 2017 17:37:47 DEBUG    valid: 002001_2015-09-17_[-0.84651796 -0.87523715 -0.85923913 -0.76870983  0.66262491  1.08001382
  1.60706533 -0.84651796 -0.87523715 -0.85923913 -0.76870983  0.66262491
  1.08001382  1.60706533]
mylog        Mon, 03 Jul 2017 17:37:47 DEBUG    valid: 002001_2015-09-16_[-0.85072403 -0.89850591 -0.84429851 -0.75471697  0.66132164  1.07946181
  1.60746196 -0.85072403 -0.89850591 -0.84429851 -0.75471697  0.66132164
  1.07946181  1.60746196]
mylog        Mon, 03 Jul 2017 17:37:47 DEBUG    valid: 002001_2015-09-15_[-0.90071838 -0.89237629 -0.82500391 -0.72881248  0.66238053  1.07913811
  1.60539242 -0.90071838 -0.89237629 -0.82500391 -0.72881248  0.66238053
  1.07913811  1.60539242]
mylog        Mon, 03 Jul 2017 17:37:47 DEBUG    valid: 002001_2015-09-14_[-0.87185479 -0.92051141 -0.81632861 -0.73576658  0.65668099  1.07792835
  1.60985205 -0.87185479 -0.92051141 -0.81632861 -0.73576658  0.65668099
  1.07792835  1.60985205]
mylog        Mon, 03 Jul 2017 17:37:47 DEBUG    invalid: 002001_2015-09-13_None
mylog        Mon, 03 Jul 2017 17:37:47 DEBUG    invalid: 002001_2015-09-12_None
mylog        Mon, 03 Jul 2017 17:37:47 DEBUG    valid: 002001_2015-09-11_[-0.93625688 -0.89997193 -0.78849134 -0.71829951  0.65910539  1.0776817
  1.60623257 -0.93625688 -0.89997193 -0.78849134 -0.71829951  0.65910539
  1.0776817   1.60623257]
mylog        Mon, 03 Jul 2017 17:37:48 DEBUG    valid: 002001_2015-09-10_[-0.96935772 -0.87519794 -0.78887261 -0.73990062  0.76709367  1.03860153
  1.5676337  -0.96935772 -0.87519794 -0.78887261 -0.73990062  0.76709367
  1.03860153  1.5676337 ]
mylog        Mon, 03 Jul 2017 17:37:48 DEBUG    valid: 002001_2015-09-09_[-0.92622156 -0.86692676 -0.81191007 -0.76844193  0.75869991  1.03662862
  1.57817179 -0.92622156 -0.86692676 -0.81191007 -0.76844193  0.75869991
  1.03662862  1.57817179]
mylog        Mon, 03 Jul 2017 17:37:48 DEBUG    valid: 002001_2015-09-08_[-1.00139253 -0.83524178 -0.78463759 -0.74686215  0.75831799  1.03517781
  1.57463826 -1.00139253 -0.83524178 -0.78463759 -0.74686215  0.75831799
  1.03517781  1.57463826]
mylog        Mon, 03 Jul 2017 17:37:48 DEBUG    valid: 002001_2015-09-07_[-0.93963947 -0.82240657 -0.82149236 -0.78595343  0.74887318  1.03325288
  1.58736576 -0.93963947 -0.82240657 -0.82149236 -0.78595343  0.74887318
  1.03325288  1.58736576]
mylog        Mon, 03 Jul 2017 17:37:48 DEBUG    invalid: 002001_2015-09-06_None
mylog        Mon, 03 Jul 2017 17:37:48 DEBUG    invalid: 002001_2015-09-05_None
mylog        Mon, 03 Jul 2017 17:37:48 DEBUG    invalid: 002001_2015-09-04_None
mylog        Mon, 03 Jul 2017 17:37:48 DEBUG    invalid: 002001_2015-09-03_None
mylog        Mon, 03 Jul 2017 17:37:48 DEBUG    valid: 002001_2015-09-02_[-0.8536598  -0.83885821 -0.85231959 -0.82403611  0.74085781  1.0311709
  1.59684499 -0.8536598  -0.83885821 -0.85231959 -0.82403611  0.74085781
  1.0311709   1.59684499]
mylog        Mon, 03 Jul 2017 17:37:49 DEBUG    valid: 002001_2015-09-01_[-0.84770131 -0.85198426 -0.86774704 -0.84324224  0.90684681  0.99255488
  1.51127316 -0.84770131 -0.85198426 -0.86774704 -0.84324224  0.90684681
  0.99255488  1.51127316]
mylog        Mon, 03 Jul 2017 17:37:49 DEBUG    valid: 002001_2015-08-31_[-0.89062924 -0.85210528 -0.84116239 -0.82687774  0.90811723  0.99336437
  1.50929305 -0.89062924 -0.85210528 -0.84116239 -0.82687774  0.90811723
  0.99336437  1.50929305]
mylog        Mon, 03 Jul 2017 17:37:49 DEBUG    invalid: 002001_2015-08-30_None
mylog        Mon, 03 Jul 2017 17:37:49 DEBUG    invalid: 002001_2015-08-29_None
mylog        Mon, 03 Jul 2017 17:37:49 DEBUG    valid: 002001_2015-08-28_[-0.82096004 -0.87227023 -0.85235057 -0.86339105  0.90328114  0.99010619
  1.51558457 -0.82096004 -0.87227023 -0.85235057 -0.86339105  0.90328114
  0.99010619  1.51558457]
mylog        Mon, 03 Jul 2017 17:37:49 DEBUG    valid: 002001_2015-08-27_[-0.87839635 -0.87856298 -0.83041164 -0.84161214  1.02869546  0.95545252
  1.44483514 -0.87839635 -0.87856298 -0.83041164 -0.84161214  1.02869546
  0.95545252  1.44483514]
mylog        Mon, 03 Jul 2017 17:37:49 DEBUG    valid: 002001_2015-08-26_[-0.84499532 -0.89169533 -0.84267313 -0.84936622  1.0280924   0.95451708
  1.44612052 -0.84499532 -0.89169533 -0.84267313 -0.84936622  1.0280924
  0.95451708  1.44612052]
mylog        Mon, 03 Jul 2017 17:37:49 DEBUG    valid: 002001_2015-08-25_[-0.89113311 -0.87375618 -0.83377005 -0.83037189  1.0291308   0.95615655
  1.44374388 -0.89113311 -0.87375618 -0.83377005 -0.83037189  1.0291308
  0.95615655  1.44374388]
mylog        Mon, 03 Jul 2017 17:37:50 DEBUG    valid: 002001_2015-08-24_[-0.84819329 -0.87125964 -0.86266826 -0.84617727  1.02676767  0.95243564
  1.44909515 -0.84819329 -0.87125964 -0.86266826 -0.84617727  1.02676767
  0.95243564  1.44909515]
mylog        Mon, 03 Jul 2017 17:37:50 DEBUG    invalid: 002001_2015-08-23_None
mylog        Mon, 03 Jul 2017 17:37:50 DEBUG    invalid: 002001_2015-08-22_None
mylog        Mon, 03 Jul 2017 17:37:50 DEBUG    valid: 002001_2015-08-21_[-0.96631434 -0.81451384 -0.82843698 -0.81598716  1.02723371  0.95385098
  1.44416763 -0.96631434 -0.81451384 -0.82843698 -0.81598716  1.02723371
  0.95385098  1.44416763]
mylog        Mon, 03 Jul 2017 17:37:50 DEBUG    valid: 002001_2015-08-20_[-0.93255968 -0.82397166 -0.85606515 -0.83616969  1.1391953   0.98963232
  1.31993856 -0.93255968 -0.82397166 -0.85606515 -0.83616969  1.1391953
  0.98963232  1.31993856]
mylog        Mon, 03 Jul 2017 17:37:50 DEBUG    valid: 002001_2015-08-19_[-0.88795039 -0.84519946 -0.88015696 -0.83648446  1.1394362   0.98842275
  1.32193232 -0.88795039 -0.84519946 -0.88015696 -0.83648446  1.1394362
  0.98842275  1.32193232]
mylog        Mon, 03 Jul 2017 17:37:50 DEBUG    valid: 002001_2015-08-18_[-0.79524166 -0.89235496 -0.91162035 -0.84862874  1.13862482  0.98526775
  1.32395314 -0.79524166 -0.89235496 -0.91162035 -0.84862874  1.13862482
  0.98526775  1.32395314]
mylog        Mon, 03 Jul 2017 17:37:51 DEBUG    valid: 002001_2015-08-17_[-0.75747602 -0.91743098 -0.91784998 -0.85278487  1.13784921  0.98438195
  1.3233107  -0.75747602 -0.91743098 -0.91784998 -0.85278487  1.13784921
  0.98438195  1.3233107 ]
mylog        Mon, 03 Jul 2017 17:37:51 DEBUG    invalid: 002001_2015-08-16_None
mylog        Mon, 03 Jul 2017 17:37:51 DEBUG    invalid: 002001_2015-08-15_None
mylog        Mon, 03 Jul 2017 17:37:51 DEBUG    valid: 002001_2015-08-14_[-0.86921303 -0.88119319 -0.89138381 -0.80761791  1.13938039  0.9894025
  1.32062505 -0.86921303 -0.88119319 -0.89138381 -0.80761791  1.13938039
  0.9894025   1.32062505]
mylog        Mon, 03 Jul 2017 17:37:51 DEBUG    valid: 002001_2015-08-13_[-0.92111457 -0.86603587 -0.86817298 -0.77773259  0.88154586  1.20256906
  1.34894109 -0.92111457 -0.86603587 -0.86817298 -0.77773259  0.88154586
  1.20256906  1.34894109]
mylog        Mon, 03 Jul 2017 17:37:51 DEBUG    valid: 002001_2015-08-12_[-0.92421818 -0.87643027 -0.86588038 -0.76577242  0.88092188  1.20239997
  1.3489794  -0.92421818 -0.87643027 -0.86588038 -0.76577242  0.88092188
  1.20239997  1.3489794 ]
mylog        Mon, 03 Jul 2017 17:37:51 DEBUG    valid: 002001_2015-08-11_[-0.87065079 -0.89148528 -0.88529379 -0.7854675   0.87699947  1.20351158
  1.3523863  -0.87065079 -0.89148528 -0.88529379 -0.7854675   0.87699947
  1.20351158  1.3523863 ]
mylog        Mon, 03 Jul 2017 17:37:51 DEBUG    valid: 002001_2015-08-10_[-0.82111828 -0.91912351 -0.89539151 -0.79525775  0.87086088  1.20405449
  1.35597567 -0.82111828 -0.91912351 -0.89539151 -0.79525775  0.87086088
  1.20405449  1.35597567]
mylog        Mon, 03 Jul 2017 17:37:51 DEBUG    invalid: 002001_2015-08-09_None
mylog        Mon, 03 Jul 2017 17:37:52 DEBUG    invalid: 002001_2015-08-08_None
mylog        Mon, 03 Jul 2017 17:37:52 DEBUG    valid: 002001_2015-08-07_[-0.93426871 -0.90497118 -0.84873101 -0.74145928  0.87643544  1.20222478
  1.35076995 -0.93426871 -0.90497118 -0.84873101 -0.74145928  0.87643544
  1.20222478  1.35076995]
mylog        Mon, 03 Jul 2017 17:37:52 DEBUG    valid: 002001_2015-08-06_[-0.98222308 -0.89472293 -0.82005366 -0.72181382  0.82947476  1.27418038
  1.31515835 -0.98222308 -0.89472293 -0.82005366 -0.72181382  0.82947476
  1.27418038  1.31515835]
mylog        Mon, 03 Jul 2017 17:37:52 DEBUG    valid: 002001_2015-08-05_[-0.91278525 -0.924872   -0.82503511 -0.75892953  0.82284261  1.27840065
  1.32037863 -0.91278525 -0.924872   -0.82503511 -0.75892953  0.82284261
  1.27840065  1.32037863]
mylog        Mon, 03 Jul 2017 17:37:52 DEBUG    valid: 002001_2015-08-04_[-0.8668705  -0.9493862  -0.81781695 -0.78719107  0.81781298  1.28041246
  1.32303928 -0.8668705  -0.9493862  -0.81781695 -0.78719107  0.81781298
  1.28041246  1.32303928]
mylog        Mon, 03 Jul 2017 17:37:52 DEBUG    valid: 002001_2015-08-03_[-0.98260514 -0.87440639 -0.79358829 -0.76842743  0.82116936  1.27788655
  1.31997134 -0.98260514 -0.87440639 -0.79358829 -0.76842743  0.82116936
  1.27788655  1.31997134]
mylog        Mon, 03 Jul 2017 17:37:52 DEBUG    invalid: 002001_2015-08-02_None
mylog        Mon, 03 Jul 2017 17:37:52 DEBUG    invalid: 002001_2015-08-01_None
mylog        Mon, 03 Jul 2017 17:37:53 DEBUG    valid: 002001_2015-07-31_[-0.98489205 -0.85774716 -0.7931203  -0.78305185  0.81809205  1.27911871
  1.3216006  -0.98489205 -0.85774716 -0.7931203  -0.78305185  0.81809205
  1.27911871  1.3216006 ]
mylog        Mon, 03 Jul 2017 17:37:53 DEBUG    invalid: no week MA20 002001_2015-07-30_None
mylog        Mon, 03 Jul 2017 17:54:07 DEBUG    valid: 002001_2015-07-30_[-0.98796776 -0.83150894 -0.79485785 -0.79624155  0.78265409  1.28968628
  1.33823573 -0.98796776 -0.83150894 -0.79485785 -0.79624155  0.78265409
  1.28968628  1.33823573]
mylog        Mon, 03 Jul 2017 17:54:18 DEBUG    valid: 002001_2015-07-29_[-0.96309429 -0.80265816 -0.80802917 -0.83690104  0.77535903  1.29288471
  1.34243893 -0.96309429 -0.80265816 -0.80802917 -0.83690104  0.77535903
  1.29288471  1.34243893]
mylog        Mon, 03 Jul 2017 17:54:18 DEBUG    valid: 002001_2015-07-28_[-0.74811707 -0.82326647 -0.8943945  -0.93899557  0.75598832  1.29842299
  1.3503623  -0.74811707 -0.82326647 -0.8943945  -0.93899557  0.75598832
  1.29842299  1.3503623 ]
mylog        Mon, 03 Jul 2017 17:54:19 DEBUG    valid: 002001_2015-07-27_[-0.91390227 -0.81364897 -0.79896193 -0.88454383  0.76978013  1.29547043
  1.34580643 -0.91390227 -0.81364897 -0.79896193 -0.88454383  0.76978013
  1.29547043  1.34580643]
mylog        Mon, 03 Jul 2017 17:54:19 DEBUG    invalid: 002001_2015-07-26_None
mylog        Mon, 03 Jul 2017 17:54:19 DEBUG    invalid: 002001_2015-07-25_None
mylog        Mon, 03 Jul 2017 17:54:19 DEBUG    valid: 002001_2015-07-24_[-0.87498418 -0.83123265 -0.79560626 -0.90867088  0.76594559  1.29685626
  1.34769212 -0.87498418 -0.83123265 -0.79560626 -0.90867088  0.76594559
  1.29685626  1.34769212]
mylog        Mon, 03 Jul 2017 17:54:20 DEBUG    valid: 002001_2015-07-23_[-0.75782003 -0.88272039 -0.81854138 -0.95248644  0.78223523  1.29615834
  1.33317467 -0.75782003 -0.88272039 -0.81854138 -0.95248644  0.78223523
  1.29615834  1.33317467]
mylog        Mon, 03 Jul 2017 17:54:20 DEBUG    valid: 002001_2015-07-22_[-0.67786913 -0.90628476 -0.85628517 -0.96467769  0.77943017  1.294301
  1.33138559 -0.67786913 -0.90628476 -0.85628517 -0.96467769  0.77943017
  1.294301    1.33138559]
mylog        Mon, 03 Jul 2017 17:54:21 DEBUG    valid: 002001_2015-07-21_[-0.91008563 -0.8543968  -0.78945385 -0.86558333  0.80224657  1.29103359
  1.32623945 -0.91008563 -0.8543968  -0.78945385 -0.86558333  0.80224657
  1.29103359  1.32623945]
mylog        Mon, 03 Jul 2017 17:54:21 DEBUG    valid: 002001_2015-07-20_[-0.89945572 -0.77331054 -0.83889398 -0.90519036  0.79486582  1.293051
  1.32893377 -0.89945572 -0.77331054 -0.83889398 -0.90519036  0.79486582
  1.293051    1.32893377]
mylog        Mon, 03 Jul 2017 17:54:22 DEBUG    invalid: 002001_2015-07-19_None
mylog        Mon, 03 Jul 2017 17:54:22 DEBUG    invalid: 002001_2015-07-18_None
mylog        Mon, 03 Jul 2017 17:54:22 DEBUG    valid: 002001_2015-07-17_[-0.93273992 -0.72828666 -0.8526007  -0.90006802  0.79393863  1.29194345
  1.32781323 -0.93273992 -0.72828666 -0.8526007  -0.90006802  0.79393863
  1.29194345  1.32781323]
mylog        Mon, 03 Jul 2017 17:54:23 DEBUG    valid: 002001_2015-07-16_[-0.83722326 -0.74351234 -0.91995678 -0.94148485  0.94424153  1.28136358
  1.21657211 -0.83722326 -0.74351234 -0.91995678 -0.94148485  0.94424153
  1.28136358  1.21657211]
mylog        Mon, 03 Jul 2017 17:54:23 DEBUG    valid: 002001_2015-07-15_[-0.90921821 -0.74192135 -0.89889137 -0.89424053  0.94997986  1.27873779
  1.21555382 -0.90921821 -0.74192135 -0.89889137 -0.89424053  0.94997986
  1.27873779  1.21555382]
mylog        Mon, 03 Jul 2017 17:54:24 DEBUG    valid: 002001_2015-07-14_[-0.43936614 -0.88603992 -1.04937107 -1.01329482  0.92057691  1.26704097
  1.20045406 -0.43936614 -0.88603992 -1.04937107 -1.01329482  0.92057691
  1.26704097  1.20045406]
mylog        Mon, 03 Jul 2017 17:54:24 DEBUG    valid: 002001_2015-07-13_[-0.66827331 -0.90571734 -0.97167131 -0.89046273  0.94808116  1.27548348
  1.21256005 -0.66827331 -0.90571734 -0.97167131 -0.89046273  0.94808116
  1.27548348  1.21256005]
mylog        Mon, 03 Jul 2017 17:54:24 DEBUG    invalid: 002001_2015-07-12_None
mylog        Mon, 03 Jul 2017 17:54:24 DEBUG    invalid: 002001_2015-07-11_None
mylog        Mon, 03 Jul 2017 17:54:25 DEBUG    invalid: 002001_2015-07-10_None
mylog        Mon, 03 Jul 2017 17:54:25 DEBUG    invalid: 002001_2015-07-09_None
mylog        Mon, 03 Jul 2017 17:54:25 DEBUG    invalid: 002001_2015-07-08_None
mylog        Mon, 03 Jul 2017 17:54:25 DEBUG    invalid: 002001_2015-07-07_None
mylog        Mon, 03 Jul 2017 17:54:25 DEBUG    invalid: 002001_2015-07-06_None
mylog        Mon, 03 Jul 2017 17:54:25 DEBUG    invalid: 002001_2015-07-05_None
mylog        Mon, 03 Jul 2017 17:54:25 DEBUG    invalid: 002001_2015-07-04_None
mylog        Mon, 03 Jul 2017 17:54:26 DEBUG    invalid: 002001_2015-07-03_None
mylog        Mon, 03 Jul 2017 17:54:26 DEBUG    invalid: 002001_2015-07-02_None
mylog        Mon, 03 Jul 2017 17:54:26 DEBUG    invalid: 002001_2015-07-01_None
mylog        Mon, 03 Jul 2017 17:54:26 DEBUG    invalid: 002001_2015-06-30_None
mylog        Mon, 03 Jul 2017 17:54:26 DEBUG    valid: 002001_2015-06-29_[-0.72245551 -0.93320819 -0.9573325  -0.82811091  0.95389096  1.27440816
  1.21280798 -0.72245551 -0.93320819 -0.9573325  -0.82811091  0.95389096
  1.27440816  1.21280798]
mylog        Mon, 03 Jul 2017 17:54:27 DEBUG    invalid: 002001_2015-06-28_None
mylog        Mon, 03 Jul 2017 17:54:27 DEBUG    invalid: 002001_2015-06-27_None
mylog        Mon, 03 Jul 2017 17:54:27 DEBUG    valid: 002001_2015-06-26_[-0.88479256 -0.90266129 -0.89212951 -0.7534222   1.33539141  1.21545321
  0.88216094 -0.88479256 -0.90266129 -0.89212951 -0.7534222   1.33539141
  1.21545321  0.88216094]
mylog        Mon, 03 Jul 2017 17:54:27 DEBUG    valid: 002001_2015-06-25_[-0.88607211 -0.91204378 -0.87561654 -0.73221794  1.41264382  1.21802045
  0.7752861  -0.88607211 -0.91204378 -0.87561654 -0.73221794  1.41264382
  1.21802045  0.7752861 ]
mylog        Mon, 03 Jul 2017 17:54:28 DEBUG    valid: 002001_2015-06-24_[-0.91772346 -0.91615214 -0.85472882 -0.71604586  1.41085048  1.21718151
  0.77661829 -0.91772346 -0.91615214 -0.85472882 -0.71604586  1.41085048
  1.21718151  0.77661829]
mylog        Mon, 03 Jul 2017 17:54:28 DEBUG    valid: 002001_2015-06-23_[-0.91196736 -0.91208965 -0.86430202 -0.71556853  1.41309703  1.21768241
  0.77314813 -0.91196736 -0.91208965 -0.86430202 -0.71556853  1.41309703
  1.21768241  0.77314813]
mylog        Mon, 03 Jul 2017 17:54:28 DEBUG    invalid: 002001_2015-06-22_None
mylog        Mon, 03 Jul 2017 17:54:28 DEBUG    invalid: 002001_2015-06-21_None
mylog        Mon, 03 Jul 2017 17:54:29 DEBUG    invalid: 002001_2015-06-20_None
mylog        Mon, 03 Jul 2017 17:54:29 DEBUG    valid: 002001_2015-06-19_[-0.92193759 -0.91716358 -0.8569539  -0.70615725  1.41404454  1.21756373
  0.77060406 -0.92193759 -0.91716358 -0.8569539  -0.70615725  1.41404454
  1.21756373  0.77060406]
mylog        Mon, 03 Jul 2017 17:54:29 DEBUG    valid: 002001_2015-06-18_[-0.96776049 -0.90532446 -0.82772542 -0.69292373  1.38738124  1.26869666
  0.7376562  -0.96776049 -0.90532446 -0.82772542 -0.69292373  1.38738124
  1.26869666  0.7376562 ]
mylog        Mon, 03 Jul 2017 17:54:30 DEBUG    valid: 002001_2015-06-17_[-0.99511905 -0.87821333 -0.82613578 -0.69213064  1.38838048  1.26890308
  0.73431525 -0.99511905 -0.87821333 -0.82613578 -0.69213064  1.38838048
  1.26890308  0.73431525]
mylog        Mon, 03 Jul 2017 17:54:30 DEBUG    valid: 002001_2015-06-16_[-0.91008874 -0.89809492 -0.85259382 -0.73422395  1.39712406  1.27412074
  0.72375663 -0.91008874 -0.89809492 -0.85259382 -0.73422395  1.39712406
  1.27412074  0.72375663]
mylog        Mon, 03 Jul 2017 17:54:30 DEBUG    valid: 002001_2015-06-15_[-0.95966223 -0.89545552 -0.81637584 -0.72093204  1.39505491  1.27261252
  0.7247582  -0.95966223 -0.89545552 -0.81637584 -0.72093204  1.39505491
  1.27261252  0.7247582 ]
mylog        Mon, 03 Jul 2017 17:54:31 DEBUG    invalid: 002001_2015-06-14_None
mylog        Mon, 03 Jul 2017 17:54:31 DEBUG    invalid: 002001_2015-06-13_None
mylog        Mon, 03 Jul 2017 17:54:31 DEBUG    valid: 002001_2015-06-12_[-0.94245765 -0.89773881 -0.79500076 -0.7573967   1.39962844  1.27509283
  0.71787266 -0.94245765 -0.89773881 -0.79500076 -0.7573967   1.39962844
  1.27509283  0.71787266]
mylog        Mon, 03 Jul 2017 17:54:31 DEBUG    valid: 002001_2015-06-11_[-0.906348   -0.89344553 -0.78626525 -0.81094185  1.28052389  1.39362645
  0.72285029 -0.906348   -0.89344553 -0.78626525 -0.81094185  1.28052389
  1.39362645  0.72285029]
mylog        Mon, 03 Jul 2017 17:54:32 DEBUG    valid: 002001_2015-06-10_[-0.93902089 -0.90108724 -0.74103278 -0.81285519  1.27916889  1.39200165
  0.72282556 -0.93902089 -0.90108724 -0.74103278 -0.81285519  1.27916889
  1.39200165  0.72282556]
mylog        Mon, 03 Jul 2017 17:54:32 DEBUG    valid: 002001_2015-06-09_[-1.00019526 -0.86328216 -0.72363883 -0.80358949  1.27690612  1.38884897
  0.72495065 -1.00019526 -0.86328216 -0.72363883 -0.80358949  1.27690612
  1.38884897  0.72495065]
mylog        Mon, 03 Jul 2017 17:54:32 DEBUG    valid: 002001_2015-06-08_[-0.92386722 -0.85560187 -0.74917102 -0.86451007  1.28209904  1.39738337
  0.71366777 -0.92386722 -0.85560187 -0.74917102 -0.86451007  1.28209904
  1.39738337  0.71366777]
mylog        Mon, 03 Jul 2017 17:54:33 DEBUG    invalid: 002001_2015-06-07_None
mylog        Mon, 03 Jul 2017 17:54:33 DEBUG    invalid: 002001_2015-06-06_None
mylog        Mon, 03 Jul 2017 17:54:33 DEBUG    valid: 002001_2015-06-05_[-0.81531661 -0.83955821 -0.78922237 -0.94491565  1.2857754   1.40491819
  0.69831926 -0.81531661 -0.83955821 -0.78922237 -0.94491565  1.2857754
  1.40491819  0.69831926]
mylog        Mon, 03 Jul 2017 17:54:33 DEBUG    valid: 002001_2015-06-04_[-1.02670741 -0.71625794 -0.72246847 -0.91151588  1.19677244  1.45830993
  0.72186733 -1.02670741 -0.71625794 -0.72246847 -0.91151588  1.19677244
  1.45830993  0.72186733]
mylog        Mon, 03 Jul 2017 17:54:34 DEBUG    valid: 002001_2015-06-03_[-0.94516781 -0.67114138 -0.76996663 -0.98672068  1.19779298  1.46792894
  0.70727459 -0.94516781 -0.67114138 -0.76996663 -0.98672068  1.19779298
  1.46792894  0.70727459]
mylog        Mon, 03 Jul 2017 17:54:34 DEBUG    valid: 002001_2015-06-02_[-0.82358823 -0.71510524 -0.80840358 -1.02722537  1.19932312  1.4734606
  0.70153869 -0.82358823 -0.71510524 -0.80840358 -1.02722537  1.19932312
  1.4734606   0.70153869]
mylog        Mon, 03 Jul 2017 17:54:34 DEBUG    valid: 002001_2015-06-01_[-0.62140489 -0.76384069 -0.86971812 -1.09885917  1.19379995  1.47275467
  0.68726826 -0.62140489 -0.76384069 -0.86971812 -1.09885917  1.19379995
  1.47275467  0.68726826]
mylog        Mon, 03 Jul 2017 17:54:35 DEBUG    invalid: 002001_2015-05-31_None
mylog        Mon, 03 Jul 2017 17:54:35 DEBUG    invalid: 002001_2015-05-30_None
mylog        Mon, 03 Jul 2017 17:54:35 DEBUG    valid: 002001_2015-05-29_[-0.53148493 -0.78075135 -0.9230701  -1.10659896  1.18879517  1.46395395
  0.68915622 -0.53148493 -0.78075135 -0.9230701  -1.10659896  1.18879517
  1.46395395  0.68915622]
mylog        Mon, 03 Jul 2017 17:54:35 DEBUG    valid: 002001_2015-05-28_[-0.53412523 -0.77241573 -0.94388589 -1.08918236  1.20275002  1.46286222
  0.67399697 -0.53412523 -0.77241573 -0.94388589 -1.08918236  1.20275002
  1.46286222  0.67399697]
mylog        Mon, 03 Jul 2017 17:54:36 DEBUG    valid: 002001_2015-05-27_[-0.87450637 -0.71327682 -0.85586405 -0.94257956  1.21258771  1.45613844
  0.71750064 -0.87450637 -0.71327682 -0.85586405 -0.94257956  1.21258771
  1.45613844  0.71750064]
mylog        Mon, 03 Jul 2017 17:54:36 DEBUG    valid: 002001_2015-05-26_[-0.73120877 -0.76199733 -0.91973115 -0.96677617  1.21236285  1.461567
  0.70578357 -0.73120877 -0.76199733 -0.91973115 -0.96677617  1.21236285
  1.461567    0.70578357]
mylog        Mon, 03 Jul 2017 17:54:37 DEBUG    valid: 002001_2015-05-25_[-0.64785343 -0.80307499 -0.97199206 -0.94922503  1.21019521  1.46043054
  0.70151975 -0.64785343 -0.80307499 -0.97199206 -0.94922503  1.21019521
  1.46043054  0.70151975]
mylog        Mon, 03 Jul 2017 17:54:37 DEBUG    invalid: 002001_2015-05-24_None
mylog        Mon, 03 Jul 2017 17:54:37 DEBUG    invalid: 002001_2015-05-23_None
mylog        Mon, 03 Jul 2017 17:54:37 DEBUG    valid: 002001_2015-05-22_[-0.62302699 -0.86785715 -0.97355879 -0.91044308  1.20910012  1.45350099
  0.7122849  -0.62302699 -0.86785715 -0.97355879 -0.91044308  1.20910012
  1.45350099  0.7122849 ]
mylog        Mon, 03 Jul 2017 17:54:37 DEBUG    invalid: 002001_2015-05-21_None
mylog        Mon, 03 Jul 2017 17:54:38 DEBUG    valid: 002001_2015-05-20_[-0.72278784 -0.8840512  -0.94005149 -0.83564172  1.31194709  1.38825911
  0.68232604 -0.72278784 -0.8840512  -0.94005149 -0.83564172  1.31194709
  1.38825911  0.68232604]
mylog        Mon, 03 Jul 2017 17:54:38 DEBUG    valid: 002001_2015-05-19_[-0.77892721 -0.88183359 -0.92440148 -0.80334394  1.31029026  1.38509281
  0.69312315 -0.77892721 -0.88183359 -0.92440148 -0.80334394  1.31029026
  1.38509281  0.69312315]
mylog        Mon, 03 Jul 2017 17:54:39 DEBUG    valid: 002001_2015-05-18_[-0.7296909  -0.91445335 -0.9389419  -0.80123478  1.30934076  1.38432768
  0.69065249 -0.7296909  -0.91445335 -0.9389419  -0.80123478  1.30934076
  1.38432768  0.69065249]
mylog        Mon, 03 Jul 2017 17:54:39 DEBUG    invalid: 002001_2015-05-17_None
mylog        Mon, 03 Jul 2017 17:54:39 DEBUG    invalid: 002001_2015-05-16_None
mylog        Mon, 03 Jul 2017 17:54:39 DEBUG    valid: 002001_2015-05-15_[-0.93452619 -0.86784363 -0.87386057 -0.71517971  1.30359601  1.37522827
  0.71258583 -0.93452619 -0.86784363 -0.87386057 -0.71517971  1.30359601
  1.37522827  0.71258583]
mylog        Mon, 03 Jul 2017 17:54:39 DEBUG    valid: 002001_2015-05-14_[-0.9124874  -0.86722736 -0.87281335 -0.71852611  1.42195061  1.30299858
  0.64610502 -0.9124874  -0.86722736 -0.87281335 -0.71852611  1.42195061
  1.30299858  0.64610502]
mylog        Mon, 03 Jul 2017 17:54:40 DEBUG    valid: 002001_2015-05-13_[-0.83241543 -0.8993313  -0.89846788 -0.73941     1.42585261  1.30515437
  0.63861764 -0.83241543 -0.8993313  -0.89846788 -0.73941     1.42585261
  1.30515437  0.63861764]
mylog        Mon, 03 Jul 2017 17:54:40 DEBUG    valid: 002001_2015-05-12_[-0.85961615 -0.91410957 -0.8615294  -0.7342204   1.42587451  1.30514771
  0.6384533  -0.85961615 -0.91410957 -0.8615294  -0.7342204   1.42587451
  1.30514771  0.6384533 ]
mylog        Mon, 03 Jul 2017 17:54:40 DEBUG    valid: 002001_2015-05-11_[-0.92397317 -0.91159132 -0.80657042 -0.72446213  1.42583329  1.30474027
  0.63602348 -0.92397317 -0.91159132 -0.80657042 -0.72446213  1.42583329
  1.30474027  0.63602348]
mylog        Mon, 03 Jul 2017 17:54:41 DEBUG    invalid: 002001_2015-05-10_None
mylog        Mon, 03 Jul 2017 17:54:41 DEBUG    invalid: 002001_2015-05-09_None
mylog        Mon, 03 Jul 2017 17:54:41 DEBUG    valid: 002001_2015-05-08_[-0.95857712 -0.94070385 -0.73191339 -0.72857343  1.42570065  1.30375267
  0.63031447 -0.95857712 -0.94070385 -0.73191339 -0.72857343  1.42570065
  1.30375267  0.63031447]
mylog        Mon, 03 Jul 2017 17:54:41 DEBUG    valid: 002001_2015-05-07_[-0.96436058 -0.91959    -0.70158956 -0.71413354  1.65545932  1.07694273
  0.56727162 -0.96436058 -0.91959    -0.70158956 -0.71413354  1.65545932
  1.07694273  0.56727162]
mylog        Mon, 03 Jul 2017 17:54:42 DEBUG    valid: 002001_2015-05-06_[-0.94377296 -0.93788611 -0.69805656 -0.71602696  1.66167841  1.07532136
  0.55874281 -0.94377296 -0.93788611 -0.69805656 -0.71602696  1.66167841
  1.07532136  0.55874281]
mylog        Mon, 03 Jul 2017 17:54:42 DEBUG    valid: 002001_2015-05-05_[-0.90603623 -0.9035124  -0.73670018 -0.74831502  1.67632414  1.07430725
  0.54393244 -0.90603623 -0.9035124  -0.73670018 -0.74831502  1.67632414
  1.07430725  0.54393244]
mylog        Mon, 03 Jul 2017 17:54:42 DEBUG    valid: 002001_2015-05-04_[-1.06305714 -0.78147664 -0.70553923 -0.73233402  1.66852056  1.07040994
  0.54347654 -1.06305714 -0.78147664 -0.70553923 -0.73233402  1.66852056
  1.07040994  0.54347654]
mylog        Mon, 03 Jul 2017 17:54:43 DEBUG    invalid: 002001_2015-05-03_None
mylog        Mon, 03 Jul 2017 17:54:43 DEBUG    invalid: 002001_2015-05-02_None
mylog        Mon, 03 Jul 2017 17:54:43 DEBUG    invalid: 002001_2015-05-01_None
mylog        Mon, 03 Jul 2017 17:54:43 DEBUG    valid: 002001_2015-04-30_[-1.06542906 -0.66204151 -0.75565923 -0.78366921  1.68570974  1.06428234
  0.51680694 -1.06542906 -0.66204151 -0.75565923 -0.78366921  1.68570974
  1.06428234  0.51680694]
mylog        Mon, 03 Jul 2017 17:54:44 DEBUG    valid: 002001_2015-04-29_[-1.08127205 -0.60786172 -0.75080317 -0.77268809  1.80284618  0.87313039
  0.53664846 -1.08127205 -0.60786172 -0.75080317 -0.77268809  1.80284618
  0.87313039  0.53664846]
mylog        Mon, 03 Jul 2017 17:54:44 DEBUG    valid: 002001_2015-04-28_[-0.74028184 -0.68028449 -0.87963972 -0.89977654  1.85288515  0.85425958
  0.49283787 -0.74028184 -0.68028449 -0.87963972 -0.89977654  1.85288515
  0.85425958  0.49283787]
mylog        Mon, 03 Jul 2017 17:54:44 DEBUG    valid: 002001_2015-04-27_[-0.52023014 -0.78818465 -0.93955764 -0.92496301  1.85230986  0.84296364
  0.47766193 -0.52023014 -0.78818465 -0.93955764 -0.92496301  1.85230986
  0.84296364  0.47766193]
mylog        Mon, 03 Jul 2017 17:54:44 DEBUG    invalid: 002001_2015-04-26_None
mylog        Mon, 03 Jul 2017 17:54:45 DEBUG    invalid: 002001_2015-04-25_None
mylog        Mon, 03 Jul 2017 17:54:45 DEBUG    valid: 002001_2015-04-24_[-0.27998319 -0.87741613 -0.98492957 -0.97143583  1.82951296  0.82407034
  0.46018142 -0.27998319 -0.87741613 -0.98492957 -0.97143583  1.82951296
  0.82407034  0.46018142]
mylog        Mon, 03 Jul 2017 17:54:45 DEBUG    valid: 002001_2015-04-23_[-0.77156642 -0.80923476 -0.83051277 -0.78492573  1.89466548  0.71061818
  0.59095602 -0.77156642 -0.80923476 -0.83051277 -0.78492573  1.89466548
  0.71061818  0.59095602]
mylog        Mon, 03 Jul 2017 17:54:46 DEBUG    valid: 002001_2015-04-22_[-0.7636921  -0.84319188 -0.82392787 -0.76786731  1.89073856  0.71345938
  0.59448122 -0.7636921  -0.84319188 -0.82392787 -0.76786731  1.89073856
  0.71345938  0.59448122]
mylog        Mon, 03 Jul 2017 17:54:46 DEBUG    valid: 002001_2015-04-21_[-0.88979868 -0.83348233 -0.75867933 -0.72538598  1.87574985  0.72399743
  0.60759905 -0.88979868 -0.83348233 -0.75867933 -0.72538598  1.87574985
  0.72399743  0.60759905]
mylog        Mon, 03 Jul 2017 17:54:46 DEBUG    valid: 002001_2015-04-20_[-0.70333183 -0.88954651 -0.80520511 -0.78936999  1.89861545  0.70474638
  0.58409161 -0.70333183 -0.88954651 -0.80520511 -0.78936999  1.89861545
  0.70474638  0.58409161]
mylog        Mon, 03 Jul 2017 17:54:47 DEBUG    invalid: 002001_2015-04-19_None
mylog        Mon, 03 Jul 2017 17:54:47 DEBUG    invalid: 002001_2015-04-18_None
mylog        Mon, 03 Jul 2017 17:54:47 DEBUG    valid: 002001_2015-04-17_[-0.83821879 -0.8336884  -0.76903623 -0.76164259  1.88606748  0.71731736
  0.59920116 -0.83821879 -0.8336884  -0.76903623 -0.76164259  1.88606748
  0.71731736  0.59920116]
mylog        Mon, 03 Jul 2017 17:54:47 DEBUG    valid: 002001_2015-04-16_[-0.96966806 -0.80744425 -0.71553223 -0.73384485  1.8445205   0.69762276
  0.68434613 -0.96966806 -0.80744425 -0.71553223 -0.73384485  1.8445205
  0.69762276  0.68434613]
mylog        Mon, 03 Jul 2017 17:54:48 DEBUG    valid: 002001_2015-04-15_[-0.95504749 -0.80326938 -0.72750025 -0.73405438  1.85585099  0.68876543
  0.67525509 -0.95504749 -0.80326938 -0.72750025 -0.73405438  1.85585099
  0.68876543  0.67525509]
mylog        Mon, 03 Jul 2017 17:54:48 DEBUG    valid: 002001_2015-04-14_[-0.89619242 -0.76836922 -0.76166264 -0.78533633  1.87526767  0.67509315
  0.66119978 -0.89619242 -0.76836922 -0.76166264 -0.78533633  1.87526767
  0.67509315  0.66119978]
mylog        Mon, 03 Jul 2017 17:54:48 DEBUG    valid: 002001_2015-04-13_[-0.72684998 -0.80607751 -0.79182307 -0.86692561  1.8996278   0.65323837
  0.63881    -0.72684998 -0.80607751 -0.79182307 -0.86692561  1.8996278
  0.65323837  0.63881   ]
mylog        Mon, 03 Jul 2017 17:54:49 DEBUG    invalid: 002001_2015-04-12_None
mylog        Mon, 03 Jul 2017 17:54:49 DEBUG    invalid: 002001_2015-04-11_None
mylog        Mon, 03 Jul 2017 17:54:49 DEBUG    valid: 002001_2015-04-10_[-0.86721787 -0.76293033 -0.75939903 -0.82228917  1.87654691  0.67460168
  0.66068781 -0.86721787 -0.76293033 -0.75939903 -0.82228917  1.87654691
  0.67460168  0.66068781]
mylog        Mon, 03 Jul 2017 17:54:49 DEBUG    valid: 002001_2015-04-09_[-0.88288374 -0.7049196  -0.77640153 -0.85270444  1.86568449  0.67264847
  0.67857636 -0.88288374 -0.7049196  -0.77640153 -0.85270444  1.86568449
  0.67264847  0.67857636]
mylog        Mon, 03 Jul 2017 17:54:50 DEBUG    valid: 002001_2015-04-08_[-0.61166438 -0.77719853 -0.83423313 -0.96261004  1.88504213  0.64725686
  0.6534071  -0.61166438 -0.77719853 -0.83423313 -0.96261004  1.88504213
  0.64725686  0.6534071 ]
mylog        Mon, 03 Jul 2017 17:54:50 DEBUG    valid: 002001_2015-04-07_[-0.71547022 -0.77189833 -0.79790826 -0.92694711  1.86945199  0.66840211
  0.67436982 -0.71547022 -0.77189833 -0.79790826 -0.92694711  1.86945199
  0.66840211  0.67436982]
mylog        Mon, 03 Jul 2017 17:54:50 DEBUG    invalid: 002001_2015-04-06_None
mylog        Mon, 03 Jul 2017 17:54:50 DEBUG    invalid: 002001_2015-04-05_None
mylog        Mon, 03 Jul 2017 17:54:51 DEBUG    invalid: 002001_2015-04-04_None
mylog        Mon, 03 Jul 2017 17:54:51 DEBUG    valid: 002001_2015-04-03_[-0.80340934 -0.68958724 -0.78665873 -0.93691793  1.86109632  0.67479124
  0.68068568 -0.80340934 -0.68958724 -0.78665873 -0.93691793  1.86109632
  0.67479124  0.68068568]
mylog        Mon, 03 Jul 2017 17:54:51 DEBUG    valid: 002001_2015-04-02_[-0.56680189 -0.79905614 -0.89755185 -1.09852879  1.53539378  0.94727923
  0.87926565 -0.56680189 -0.79905614 -0.89755185 -1.09852879  1.53539378
  0.94727923  0.87926565]
mylog        Mon, 03 Jul 2017 17:54:52 DEBUG    valid: 002001_2015-04-01_[-0.80562446 -0.79036843 -0.80018146 -1.00255017  1.52312144  0.96979667
  0.90580641 -0.80562446 -0.79036843 -0.80018146 -1.00255017  1.52312144
  0.96979667  0.90580641]
mylog        Mon, 03 Jul 2017 17:54:52 DEBUG    valid: 002001_2015-03-31_[-0.79887068 -0.77401648 -0.76418722 -1.05332848  1.52636622  0.96450694
  0.89952969 -0.79887068 -0.77401648 -0.76418722 -1.05332848  1.52636622
  0.96450694  0.89952969]
mylog        Mon, 03 Jul 2017 17:54:52 DEBUG    valid: 002001_2015-03-30_[-0.33661117 -0.87588821 -0.88782612 -1.20095855  1.51182799  0.92846034
  0.86099572 -0.33661117 -0.87588821 -0.88782612 -1.20095855  1.51182799
  0.92846034  0.86099572]
mylog        Mon, 03 Jul 2017 17:54:52 DEBUG    invalid: 002001_2015-03-29_None
mylog        Mon, 03 Jul 2017 17:54:53 DEBUG    invalid: 002001_2015-03-28_None
mylog        Mon, 03 Jul 2017 17:54:53 DEBUG    valid: 002001_2015-03-27_[-0.97849138 -0.73485837 -0.7133599  -0.97060712  1.49986987  0.97885056
  0.91859634 -0.97849138 -0.73485837 -0.7133599  -0.97060712  1.49986987
  0.97885056  0.91859634]
mylog        Mon, 03 Jul 2017 17:54:53 DEBUG    valid: 002001_2015-03-26_[-0.94212176 -0.72564473 -0.72483969 -1.04362327  0.99583018  1.2506309
  1.18976838 -0.94212176 -0.72564473 -0.72483969 -1.04362327  0.99583018
  1.2506309   1.18976838]
mylog        Mon, 03 Jul 2017 17:54:54 DEBUG    valid: 002001_2015-03-25_[-0.47975305 -0.78739428 -0.89298951 -1.22341944  0.96985544  1.23899408
  1.17470676 -0.47975305 -0.78739428 -0.89298951 -1.22341944  0.96985544
  1.23899408  1.17470676]
mylog        Mon, 03 Jul 2017 17:54:54 DEBUG    valid: 002001_2015-03-24_[-0.65801774 -0.60901742 -0.93071223 -1.20104775  0.98052052  1.24014464
  1.17812999 -0.65801774 -0.60901742 -0.93071223 -1.20104775  0.98052052
  1.24014464  1.17812999]
mylog        Mon, 03 Jul 2017 17:54:54 DEBUG    valid: 002001_2015-03-23_[-0.63062688 -0.6204825  -0.94288558 -1.20286564  0.98321842  1.23714834
  1.17649383 -0.63062688 -0.6204825  -0.94288558 -1.20286564  0.98321842
  1.23714834  1.17649383]
mylog        Mon, 03 Jul 2017 17:54:54 DEBUG    invalid: 002001_2015-03-22_None
mylog        Mon, 03 Jul 2017 17:54:55 DEBUG    invalid: 002001_2015-03-21_None
mylog        Mon, 03 Jul 2017 17:54:55 DEBUG    valid: 002001_2015-03-20_[-0.92195488 -0.53884086 -0.87827463 -1.07879437  1.00035172  1.23702248
  1.18049054 -0.92195488 -0.53884086 -0.87827463 -1.07879437  1.00035172
  1.23702248  1.18049054]
mylog        Mon, 03 Jul 2017 17:54:55 DEBUG    valid: 002001_2015-03-19_[-0.46985727 -0.55117537 -0.94174216 -1.17306103  0.25597157  1.44884547
  1.43101877 -0.46985727 -0.55117537 -0.94174216 -1.17306103  0.25597157
  1.44884547  1.43101877]
mylog        Mon, 03 Jul 2017 17:54:56 DEBUG    valid: 002001_2015-03-18_[ 0.34230482 -0.77753962 -1.07740674 -1.27990388  0.16503123  1.32240519
  1.30510901  0.34230482 -0.77753962 -1.07740674 -1.27990388  0.16503123
  1.32240519  1.30510901]
mylog        Mon, 03 Jul 2017 17:54:56 DEBUG    valid: 002001_2015-03-17_[-0.48003242 -0.82332046 -0.88249833 -1.04532597  0.37472575  1.43615691
  1.42029453 -0.48003242 -0.82332046 -0.88249833 -1.04532597  0.37472575
  1.43615691  1.42029453]
mylog        Mon, 03 Jul 2017 17:54:56 DEBUG    valid: 002001_2015-03-16_[-0.45153492 -0.84741163 -0.89399886 -1.04086375  0.39022655  1.42955736
  1.41402526 -0.45153492 -0.84741163 -0.89399886 -1.04086375  0.39022655
  1.42955736  1.41402526]
mylog        Mon, 03 Jul 2017 17:54:56 DEBUG    invalid: 002001_2015-03-15_None
mylog        Mon, 03 Jul 2017 17:54:57 DEBUG    invalid: 002001_2015-03-14_None
mylog        Mon, 03 Jul 2017 17:54:57 DEBUG    valid: 002001_2015-03-13_[-0.81127016 -0.81553427 -0.76619176 -0.91208309  0.46059435  1.42948215
  1.41500277 -0.81127016 -0.81553427 -0.76619176 -0.91208309  0.46059435
  1.42948215  1.41500277]
mylog        Mon, 03 Jul 2017 17:54:57 DEBUG    valid: 002001_2015-03-12_[-0.78284152 -0.81701259 -0.77415432 -0.91133266  0.41988587  1.369141
  1.49631422 -0.78284152 -0.81701259 -0.77415432 -0.91133266  0.41988587
  1.369141    1.49631422]
mylog        Mon, 03 Jul 2017 17:54:58 DEBUG    valid: 002001_2015-03-11_[-0.86489996 -0.78073998 -0.76675487 -0.87998077  0.4345984   1.36646665
  1.49131052 -0.86489996 -0.78073998 -0.76675487 -0.87998077  0.4345984
  1.36646665  1.49131052]
mylog        Mon, 03 Jul 2017 17:54:58 DEBUG    valid: 002001_2015-03-10_[-0.64553021 -0.77267598 -0.86923178 -0.9773011   0.39817632  1.36829706
  1.49826568 -0.64553021 -0.77267598 -0.86923178 -0.9773011   0.39817632
  1.36829706  1.49826568]
mylog        Mon, 03 Jul 2017 17:54:58 DEBUG    valid: 002001_2015-03-09_[-0.87292327 -0.71610559 -0.81389775 -0.88976448  0.43955166  1.36460433
  1.4885351  -0.87292327 -0.71610559 -0.81389775 -0.88976448  0.43955166
  1.36460433  1.4885351 ]
mylog        Mon, 03 Jul 2017 17:54:58 DEBUG    invalid: 002001_2015-03-08_None
mylog        Mon, 03 Jul 2017 17:54:59 DEBUG    invalid: 002001_2015-03-07_None
mylog        Mon, 03 Jul 2017 17:54:59 DEBUG    valid: 002001_2015-03-06_[-0.85024924 -0.68273758 -0.84643546 -0.90541797  0.42658412  1.36618795
  1.49206817 -0.85024924 -0.68273758 -0.84643546 -0.90541797  0.42658412
  1.36618795  1.49206817]
mylog        Mon, 03 Jul 2017 17:54:59 DEBUG    valid: 002001_2015-03-05_[-0.7749667  -0.71736603 -0.86469816 -0.91899685  0.41431603  1.31640129
  1.54531043 -0.7749667  -0.71736603 -0.86469816 -0.91899685  0.41431603
  1.31640129  1.54531043]
mylog        Mon, 03 Jul 2017 17:55:00 DEBUG    valid: 002001_2015-03-04_[-0.47102375 -0.82844019 -0.95113762 -0.98092379  0.3859101   1.30606093
  1.53955431 -0.47102375 -0.82844019 -0.95113762 -0.98092379  0.3859101
  1.30606093  1.53955431]
mylog        Mon, 03 Jul 2017 17:55:00 DEBUG    valid: 002001_2015-03-03_[-0.71616295 -0.82526089 -0.88553195 -0.86422473  0.44384281  1.31334797
  1.53398974 -0.71616295 -0.82526089 -0.88553195 -0.86422473  0.44384281
  1.31334797  1.53398974]
mylog        Mon, 03 Jul 2017 17:55:00 DEBUG    valid: 002001_2015-03-02_[-0.54667324 -0.90598563 -0.94235153 -0.87073464  0.42816657  1.30725274
  1.53032574 -0.54667324 -0.90598563 -0.94235153 -0.87073464  0.42816657
  1.30725274  1.53032574]
mylog        Mon, 03 Jul 2017 17:55:00 DEBUG    invalid: 002001_2015-03-01_None
mylog        Mon, 03 Jul 2017 17:55:01 DEBUG    invalid: 002001_2015-02-28_None
mylog        Mon, 03 Jul 2017 17:55:01 DEBUG    valid: 002001_2015-02-27_[-0.838585   -0.84714695 -0.86688271 -0.75538854  0.47706689  1.30981139
  1.52112493 -0.838585   -0.84714695 -0.86688271 -0.75538854  0.47706689
  1.30981139  1.52112493]
mylog        Mon, 03 Jul 2017 17:55:01 DEBUG    valid: 002001_2015-02-26_[-0.91375232 -0.868017   -0.88820816 -0.7834817   1.00221461  1.23309696
  1.21814762 -0.91375232 -0.868017   -0.88820816 -0.7834817   1.00221461
  1.23309696  1.21814762]
mylog        Mon, 03 Jul 2017 17:55:02 DEBUG    valid: 002001_2015-02-25_[-0.91342851 -0.8814138  -0.88655656 -0.77142116  1.00131054  1.23326409
  1.21824539 -0.91342851 -0.8814138  -0.88655656 -0.77142116  1.00131054
  1.23326409  1.21824539]
mylog        Mon, 03 Jul 2017 17:55:02 DEBUG    invalid: 002001_2015-02-24_None
mylog        Mon, 03 Jul 2017 17:55:02 DEBUG    invalid: 002001_2015-02-23_None
mylog        Mon, 03 Jul 2017 17:55:02 DEBUG    invalid: 002001_2015-02-22_None
mylog        Mon, 03 Jul 2017 17:55:02 DEBUG    invalid: 002001_2015-02-21_None
mylog        Mon, 03 Jul 2017 17:55:02 DEBUG    invalid: 002001_2015-02-20_None
mylog        Mon, 03 Jul 2017 17:55:03 DEBUG    invalid: 002001_2015-02-19_None
mylog        Mon, 03 Jul 2017 17:55:03 DEBUG    invalid: 002001_2015-02-18_None
mylog        Mon, 03 Jul 2017 17:55:03 DEBUG    valid: 002001_2015-02-17_[-0.915002   -0.8958242  -0.89011482 -0.75050684  1.00045764  1.23302432
  1.21796591 -0.915002   -0.8958242  -0.89011482 -0.75050684  1.00045764
  1.23302432  1.21796591]
mylog        Mon, 03 Jul 2017 17:55:03 DEBUG    valid: 002001_2015-02-16_[-0.84173307 -0.92440676 -0.91102104 -0.76840936  1.23768807  1.25772946
  0.9501527  -0.84173307 -0.92440676 -0.91102104 -0.76840936  1.23768807
  1.25772946  0.9501527 ]
mylog        Mon, 03 Jul 2017 17:55:04 DEBUG    invalid: 002001_2015-02-15_None
mylog        Mon, 03 Jul 2017 17:55:04 DEBUG    invalid: 002001_2015-02-14_None
mylog        Mon, 03 Jul 2017 17:55:04 DEBUG    valid: 002001_2015-02-13_[-0.88570593 -0.95169927 -0.88808839 -0.71630238  1.23652254  1.25658474
  0.94868869 -0.88570593 -0.95169927 -0.88808839 -0.71630238  1.23652254
  1.25658474  0.94868869]
mylog        Mon, 03 Jul 2017 17:55:04 DEBUG    valid: 002001_2015-02-12_[-0.9367946  -0.9174388  -0.86064779 -0.69067018  1.38718601  1.23479035
  0.783575   -0.9367946  -0.9174388  -0.86064779 -0.69067018  1.38718601
  1.23479035  0.783575  ]
mylog        Mon, 03 Jul 2017 17:55:05 DEBUG    valid: 002001_2015-02-11_[-0.95613143 -0.90486693 -0.85710616 -0.68615361  1.38774047  1.23474882
  0.78176885 -0.95613143 -0.90486693 -0.85710616 -0.68615361  1.38774047
  1.23474882  0.78176885]
mylog        Mon, 03 Jul 2017 17:55:05 DEBUG    valid: 002001_2015-02-10_[-0.95272926 -0.92176867 -0.86177262 -0.66439179  1.38979888  1.23483759
  0.77602587 -0.95272926 -0.92176867 -0.86177262 -0.66439179  1.38979888
  1.23483759  0.77602587]
mylog        Mon, 03 Jul 2017 17:55:05 DEBUG    valid: 002001_2015-02-09_[-0.97987365 -0.92174959 -0.82610383 -0.67118576  1.39089038  1.23491635
  0.77310609 -0.97987365 -0.92174959 -0.82610383 -0.67118576  1.39089038
  1.23491635  0.77310609]
mylog        Mon, 03 Jul 2017 17:55:06 DEBUG    invalid: 002001_2015-02-08_None
mylog        Mon, 03 Jul 2017 17:55:06 DEBUG    invalid: 002001_2015-02-07_None
mylog        Mon, 03 Jul 2017 17:55:06 DEBUG    valid: 002001_2015-02-06_[-0.95418226 -0.89841901 -0.84215767 -0.70687034  1.3979933   1.23827143
  0.76536455 -0.95418226 -0.89841901 -0.84215767 -0.70687034  1.3979933
  1.23827143  0.76536455]
mylog        Mon, 03 Jul 2017 17:55:06 DEBUG    valid: 002001_2015-02-05_[-0.9445063  -0.91416936 -0.83991544 -0.71034989  1.30850311  1.31859113
  0.78184675 -0.9445063  -0.91416936 -0.83991544 -0.71034989  1.30850311
  1.31859113  0.78184675]
mylog        Mon, 03 Jul 2017 17:55:07 DEBUG    valid: 002001_2015-02-04_[-1.00258194 -0.90166392 -0.80410937 -0.69631452  1.30613573  1.31616846
  0.78236556 -1.00258194 -0.90166392 -0.80410937 -0.69631452  1.30613573
  1.31616846  0.78236556]
mylog        Mon, 03 Jul 2017 17:55:07 DEBUG    valid: 002001_2015-02-03_[-0.98955205 -0.90250351 -0.79584153 -0.71728105  1.3094352   1.31965131
  0.77609163 -0.98955205 -0.90250351 -0.79584153 -0.71728105  1.3094352
  1.31965131  0.77609163]
mylog        Mon, 03 Jul 2017 17:55:08 DEBUG    valid: 002001_2015-02-02_[-0.81734295 -0.93164411 -0.86612727 -0.79180059  1.32073447  1.33157865
  0.7546018  -0.81734295 -0.93164411 -0.86612727 -0.79180059  1.32073447
  1.33157865  0.7546018 ]
mylog        Mon, 03 Jul 2017 17:55:08 DEBUG    invalid: 002001_2015-02-01_None
mylog        Mon, 03 Jul 2017 17:55:08 DEBUG    invalid: 002001_2015-01-31_None
mylog        Mon, 03 Jul 2017 17:55:08 DEBUG    valid: 002001_2015-01-30_[-1.06056346 -0.88109041 -0.72084055 -0.73164274  1.31046159  1.32095346
  0.76272211 -1.06056346 -0.88109041 -0.72084055 -0.73164274  1.31046159
  1.32095346  0.76272211]
mylog        Mon, 03 Jul 2017 17:55:09 DEBUG    valid: 002001_2015-01-29_[-1.06261826 -0.87885312 -0.70525795 -0.75243866  1.32073182  1.2947821
  0.78365406 -1.06261826 -0.87885312 -0.70525795 -0.75243866  1.32073182
  1.2947821   0.78365406]
mylog        Mon, 03 Jul 2017 17:55:09 DEBUG    valid: 002001_2015-01-28_[-1.00514599 -0.86970678 -0.73402651 -0.79695697  1.3276644   1.30106347
  0.77710838 -1.00514599 -0.86970678 -0.73402651 -0.79695697  1.3276644
  1.30106347  0.77710838]
mylog        Mon, 03 Jul 2017 17:55:09 DEBUG    valid: 002001_2015-01-27_[-0.76223016 -0.94174016 -0.76737588 -0.93073221  1.33905622  1.31070695
  0.75231524 -0.76223016 -0.94174016 -0.76737588 -0.93073221  1.33905622
  1.31070695  0.75231524]
mylog        Mon, 03 Jul 2017 17:55:10 DEBUG    valid: 002001_2015-01-26_[-0.94444514 -0.85704661 -0.73661293 -0.87009276  1.33294706  1.30572453
  0.76952586 -0.94444514 -0.85704661 -0.73661293 -0.87009276  1.33294706
  1.30572453  0.76952586]
mylog        Mon, 03 Jul 2017 17:55:10 DEBUG    invalid: 002001_2015-01-25_None
mylog        Mon, 03 Jul 2017 17:55:10 DEBUG    invalid: 002001_2015-01-24_None
mylog        Mon, 03 Jul 2017 17:55:10 DEBUG    valid: 002001_2015-01-23_[-1.04301635 -0.67220492 -0.77578714 -0.90256943  1.32957579  1.30214558
  0.76185647 -1.04301635 -0.67220492 -0.77578714 -0.90256943  1.32957579
  1.30214558  0.76185647]
mylog        Mon, 03 Jul 2017 17:55:11 DEBUG    valid: 002001_2015-01-22_[-0.95805988 -0.64833057 -0.82321235 -0.97807554  1.33662625  1.25493464
  0.81611746 -0.95805988 -0.64833057 -0.82321235 -0.97807554  1.33662625
  1.25493464  0.81611746]
mylog        Mon, 03 Jul 2017 17:55:11 DEBUG    valid: 002001_2015-01-21_[-0.84394702 -0.69726704 -0.86277529 -1.00817922  1.34008568  1.25759532
  0.81448756 -0.84394702 -0.69726704 -0.86277529 -1.00817922  1.34008568
  1.25759532  0.81448756]
mylog        Mon, 03 Jul 2017 17:55:11 DEBUG    valid: 002001_2015-01-20_[-0.79277382 -0.59713787 -0.93193118 -1.07023653  1.33705511  1.25307289
  0.80195139 -0.79277382 -0.59713787 -0.93193118 -1.07023653  1.33705511
  1.25307289  0.80195139]
mylog        Mon, 03 Jul 2017 17:55:12 DEBUG    valid: 002001_2015-01-19_[ 0.00603338 -0.86354032 -1.05382421 -1.26498857  1.27420815  1.18653356
  0.71557801  0.00603338 -0.86354032 -1.05382421 -1.26498857  1.27420815
  1.18653356  0.71557801]
mylog        Mon, 03 Jul 2017 17:55:12 DEBUG    invalid: 002001_2015-01-18_None
mylog        Mon, 03 Jul 2017 17:55:12 DEBUG    invalid: 002001_2015-01-17_None
mylog        Mon, 03 Jul 2017 17:55:12 DEBUG    valid: 002001_2015-01-16_[-0.77257657 -0.83347665 -0.83158975 -0.98505994  1.33169994  1.25405133
  0.83695163 -0.77257657 -0.83347665 -0.83158975 -0.98505994  1.33169994
  1.25405133  0.83695163]
mylog        Mon, 03 Jul 2017 17:55:13 DEBUG    valid: 002001_2015-01-15_[-0.9151589  -0.80177141 -0.78430125 -0.89603199  1.49139619  1.12788682
  0.77798055 -0.9151589  -0.80177141 -0.78430125 -0.89603199  1.49139619
  1.12788682  0.77798055]
mylog        Mon, 03 Jul 2017 17:55:13 DEBUG    valid: 002001_2015-01-14_[-0.1533076  -1.00498988 -0.99229674 -1.09010065  1.46527507  1.07536798
  0.70005182 -0.1533076  -1.00498988 -0.99229674 -1.09010065  1.46527507
  1.07536798  0.70005182]
mylog        Mon, 03 Jul 2017 17:55:13 DEBUG    valid: 002001_2015-01-13_[-0.94554819 -0.86632972 -0.79230291 -0.79931666  1.47388723  1.1302122
  0.79939804 -0.94554819 -0.86632972 -0.79230291 -0.79931666  1.47388723
  1.1302122   0.79939804]
mylog        Mon, 03 Jul 2017 17:55:14 DEBUG    valid: 002001_2015-01-12_[-0.98414696 -0.74817427 -0.83819055 -0.82688601  1.47956395  1.12808159
  0.78975225 -0.98414696 -0.74817427 -0.83819055 -0.82688601  1.47956395
  1.12808159  0.78975225]
mylog        Mon, 03 Jul 2017 17:55:14 DEBUG    invalid: 002001_2015-01-11_None
mylog        Mon, 03 Jul 2017 17:55:14 DEBUG    invalid: 002001_2015-01-10_None
mylog        Mon, 03 Jul 2017 17:55:14 DEBUG    valid: 002001_2015-01-09_[-0.93112522 -0.72728874 -0.89032648 -0.84722751  1.48732812  1.12750088
  0.78113894 -0.93112522 -0.72728874 -0.89032648 -0.84722751  1.48732812
  1.12750088  0.78113894]
mylog        Mon, 03 Jul 2017 17:55:14 DEBUG    valid: 002001_2015-01-08_[-0.93253907 -0.7327536  -0.89345023 -0.8158778   1.55839283  1.0687425
  0.74748539 -0.93253907 -0.7327536  -0.89345023 -0.8158778   1.55839283
  1.0687425   0.74748539]
mylog        Mon, 03 Jul 2017 17:55:15 DEBUG    valid: 002001_2015-01-07_[-0.86984953 -0.77679652 -0.91779692 -0.81107377  1.56399365  1.06835466
  0.74316842 -0.86984953 -0.77679652 -0.91779692 -0.81107377  1.56399365
  1.06835466  0.74316842]
mylog        Mon, 03 Jul 2017 17:55:15 DEBUG    valid: 002001_2015-01-06_[-0.29324178 -0.95852613 -1.07141738 -0.94833658  1.55346312  1.03056484
  0.68749392 -0.29324178 -0.95852613 -1.07141738 -0.94833658  1.55346312
  1.03056484  0.68749392]
mylog        Mon, 03 Jul 2017 17:55:15 DEBUG    valid: 002001_2015-01-05_[-0.67218618 -0.94794764 -0.96057894 -0.7870831   1.55164591  1.06704657
  0.74910339 -0.67218618 -0.94794764 -0.96057894 -0.7870831   1.55164591
  1.06704657  0.74910339]
mylog        Mon, 03 Jul 2017 17:55:16 DEBUG    invalid: 002001_2015-01-04_None
mylog        Mon, 03 Jul 2017 17:55:16 DEBUG    invalid: 002001_2015-01-03_None
mylog        Mon, 03 Jul 2017 17:55:16 DEBUG    invalid: 002001_2015-01-02_None
mylog        Mon, 03 Jul 2017 17:55:16 DEBUG    invalid: 002001_2015-01-01_None
mylog        Mon, 03 Jul 2017 17:55:16 DEBUG    valid: 002001_2014-12-31_[-0.89735608 -0.91520064 -0.88603543 -0.68254631  1.53513587  1.07420763
  0.77179495 -0.89735608 -0.91520064 -0.88603543 -0.68254631  1.53513587
  1.07420763  0.77179495]
mylog        Mon, 03 Jul 2017 17:55:17 DEBUG    valid: 002001_2014-12-30_[-0.90420618 -0.91718075 -0.84900276 -0.67414717  1.61096293  1.05127235
  0.68230159 -0.90420618 -0.91718075 -0.84900276 -0.67414717  1.61096293
  1.05127235  0.68230159]
mylog        Mon, 03 Jul 2017 17:55:17 DEBUG    valid: 002001_2014-12-29_[-0.92008756 -0.90939679 -0.83693875 -0.67688782  1.61316555  1.05052909
  0.67961629 -0.92008756 -0.90939679 -0.83693875 -0.67688782  1.61316555
  1.05052909  0.67961629]
mylog        Mon, 03 Jul 2017 17:55:17 DEBUG    invalid: 002001_2014-12-28_None
mylog        Mon, 03 Jul 2017 17:55:17 DEBUG    invalid: 002001_2014-12-27_None
mylog        Mon, 03 Jul 2017 17:55:18 DEBUG    valid: 002001_2014-12-26_[-0.93726968 -0.90832707 -0.80387145 -0.69139482  1.61790134  1.04900171
  0.67395997 -0.93726968 -0.90832707 -0.80387145 -0.69139482  1.61790134
  1.04900171  0.67395997]
mylog        Mon, 03 Jul 2017 17:55:18 DEBUG    valid: 002001_2014-12-25_[-0.98529808 -0.90931174 -0.77770223 -0.694532    1.49358343  1.19138533
  0.68187529 -0.98529808 -0.90931174 -0.77770223 -0.694532    1.49358343
  1.19138533  0.68187529]
mylog        Mon, 03 Jul 2017 17:55:18 DEBUG    valid: 002001_2014-12-24_[-1.00386573 -0.91992056 -0.74141635 -0.6968994   1.49536559  1.19043052
  0.67630592 -1.00386573 -0.91992056 -0.74141635 -0.6968994   1.49536559
  1.19043052  0.67630592]
mylog        Mon, 03 Jul 2017 17:55:19 DEBUG    valid: 002001_2014-12-23_[-0.94131988 -0.90911267 -0.75544613 -0.75889904  1.50924481  1.19373952
  0.66179339 -0.94131988 -0.90911267 -0.75544613 -0.75889904  1.50924481
  1.19373952  0.66179339]
mylog        Mon, 03 Jul 2017 17:55:19 DEBUG    valid: 002001_2014-12-22_[-0.94595273 -0.9074914  -0.72710334 -0.78092111  1.51324873  1.19358694
  0.65463291 -0.94595273 -0.9074914  -0.72710334 -0.78092111  1.51324873
  1.19358694  0.65463291]
mylog        Mon, 03 Jul 2017 17:55:19 DEBUG    invalid: 002001_2014-12-21_None
mylog        Mon, 03 Jul 2017 17:55:19 DEBUG    invalid: 002001_2014-12-20_None
mylog        Mon, 03 Jul 2017 17:55:20 DEBUG    valid: 002001_2014-12-19_[-1.02008783 -0.82084782 -0.72171303 -0.79387353  1.51289383  1.19217897
  0.65144942 -1.02008783 -0.82084782 -0.72171303 -0.79387353  1.51289383
  1.19217897  0.65144942]
mylog        Mon, 03 Jul 2017 17:55:20 DEBUG    valid: 002001_2014-12-18_[-1.11486424 -0.76383888 -0.67928549 -0.82136626  1.39110128  1.2449431
  0.74331049 -1.11486424 -0.76383888 -0.67928549 -0.82136626  1.39110128
  1.2449431   0.74331049]
mylog        Mon, 03 Jul 2017 17:55:20 DEBUG    valid: 002001_2014-12-17_[-0.85055124 -0.78476387 -0.76554771 -0.98810548  1.4158114   1.25777629
  0.71538062 -0.85055124 -0.78476387 -0.76554771 -0.98810548  1.4158114
  1.25777629  0.71538062]
mylog        Mon, 03 Jul 2017 17:55:21 DEBUG    valid: 002001_2014-12-16_[-0.95997024 -0.72398507 -0.7231287  -0.97716193  1.40829801  1.25354298
  0.72240495 -0.95997024 -0.72398507 -0.7231287  -0.97716193  1.40829801
  1.25354298  0.72240495]
mylog        Mon, 03 Jul 2017 17:55:21 DEBUG    valid: 002001_2014-12-15_[-0.64264081 -0.73651188 -0.84763988 -1.13100652  1.41516719  1.25174991
  0.69088199 -0.64264081 -0.73651188 -0.84763988 -1.13100652  1.41516719
  1.25174991  0.69088199]
mylog        Mon, 03 Jul 2017 17:55:21 DEBUG    invalid: 002001_2014-12-14_None
mylog        Mon, 03 Jul 2017 17:55:21 DEBUG    invalid: 002001_2014-12-13_None
mylog        Mon, 03 Jul 2017 17:55:22 DEBUG    valid: 002001_2014-12-12_[-0.81667333 -0.71743316 -0.797128   -1.05208734  1.40884174  1.25361631
  0.7208638  -0.81667333 -0.71743316 -0.797128   -1.05208734  1.40884174
  1.25361631  0.7208638 ]
mylog        Mon, 03 Jul 2017 17:55:22 DEBUG    valid: 002001_2014-12-11_[-0.60600738 -0.71073642 -0.88057516 -1.19048545  1.29658485  1.22892468
  0.86229488 -0.60600738 -0.71073642 -0.88057516 -1.19048545  1.29658485
  1.22892468  0.86229488]
mylog        Mon, 03 Jul 2017 17:55:22 DEBUG    valid: 002001_2014-12-10_[-0.66771554 -0.68126355 -0.86566159 -1.18067852  1.29500436  1.22899627
  0.87131858 -0.66771554 -0.68126355 -0.86566159 -1.18067852  1.29500436
  1.22899627  0.87131858]
mylog        Mon, 03 Jul 2017 17:55:23 DEBUG    valid: 002001_2014-12-09_[-0.4269401  -0.71660288 -0.95877212 -1.2441213   1.27895212  1.21284616
  0.85463813 -0.4269401  -0.71660288 -0.95877212 -1.2441213   1.27895212
  1.21284616  0.85463813]
mylog        Mon, 03 Jul 2017 17:55:23 DEBUG    valid: 002001_2014-12-08_[-0.81256747 -0.68572766 -0.83930532 -1.08368387  1.29146012  1.23038522
  0.89943899 -0.81256747 -0.68572766 -0.83930532 -1.08368387  1.29146012
  1.23038522  0.89943899]
mylog        Mon, 03 Jul 2017 17:55:23 DEBUG    invalid: 002001_2014-12-07_None
mylog        Mon, 03 Jul 2017 17:55:23 DEBUG    invalid: 002001_2014-12-06_None
mylog        Mon, 03 Jul 2017 17:55:24 DEBUG    valid: 002001_2014-12-05_[-0.586661   -0.75480853 -0.90726753 -1.14965876  1.28599336  1.22404388
  0.88835858 -0.586661   -0.75480853 -0.90726753 -1.14965876  1.28599336
  1.22404388  0.88835858]
mylog        Mon, 03 Jul 2017 17:55:24 DEBUG    valid: 002001_2014-12-04_[-0.45841424 -0.81247808 -0.96482383 -1.16044804  1.19745144  1.12335911
  1.07535363 -0.45841424 -0.81247808 -0.96482383 -1.16044804  1.19745144
  1.12335911  1.07535363]
mylog        Mon, 03 Jul 2017 17:55:24 DEBUG    valid: 002001_2014-12-03_[-0.49823962 -0.79733962 -0.98577204 -1.12584785  1.19889189  1.12733499
  1.08097225 -0.49823962 -0.79733962 -0.98577204 -1.12584785  1.19889189
  1.12733499  1.08097225]
mylog        Mon, 03 Jul 2017 17:55:25 DEBUG    valid: 002001_2014-12-02_[-0.73867973 -0.786681   -0.91851461 -1.00747127  1.20973865  1.14256527
  1.09904269 -0.73867973 -0.786681   -0.91851461 -1.00747127  1.20973865
  1.14256527  1.09904269]
mylog        Mon, 03 Jul 2017 17:55:25 DEBUG    valid: 002001_2014-12-01_[-0.75776306 -0.76407154 -0.94723032 -0.98301972  1.20950902  1.14287453
  1.09970109 -0.75776306 -0.76407154 -0.94723032 -0.98301972  1.20950902
  1.14287453  1.09970109]
mylog        Mon, 03 Jul 2017 17:55:25 DEBUG    invalid: 002001_2014-11-30_None
mylog        Mon, 03 Jul 2017 17:55:25 DEBUG    invalid: 002001_2014-11-29_None
mylog        Mon, 03 Jul 2017 17:55:26 DEBUG    valid: 002001_2014-11-28_[-0.82115929 -0.75578448 -0.93923233 -0.94026546  1.20989805  1.14446822
  1.10207529 -0.82115929 -0.75578448 -0.93923233 -0.94026546  1.20989805
  1.14446822  1.10207529]
mylog        Mon, 03 Jul 2017 17:55:26 DEBUG    valid: 002001_2014-11-27_[-0.53034855 -0.88161696 -1.02027366 -0.98841997  1.25896976  1.11320371
  1.04848567 -0.53034855 -0.88161696 -1.02027366 -0.98841997  1.25896976
  1.11320371  1.04848567]
mylog        Mon, 03 Jul 2017 17:55:26 DEBUG    valid: 002001_2014-11-26_[-0.84094902 -0.86244532 -0.92289282 -0.83153276  1.26359967  1.12735538
  1.06686487 -0.84094902 -0.86244532 -0.92289282 -0.83153276  1.26359967
  1.12735538  1.06686487]
mylog        Mon, 03 Jul 2017 17:55:27 DEBUG    valid: 002001_2014-11-25_[-0.60979784 -0.95393503 -0.99635858 -0.876272    1.25932018  1.11954969
  1.05749358 -0.60979784 -0.95393503 -0.99635858 -0.876272    1.25932018
  1.11954969  1.05749358]
mylog        Mon, 03 Jul 2017 17:55:27 DEBUG    valid: 002001_2014-11-24_[-0.74120713 -0.96418637 -0.93451727 -0.81113492  1.2599116   1.12542264
  1.06571146 -0.74120713 -0.96418637 -0.93451727 -0.81113492  1.2599116
  1.12542264  1.06571146]
mylog        Mon, 03 Jul 2017 17:55:27 DEBUG    invalid: 002001_2014-11-23_None
mylog        Mon, 03 Jul 2017 17:55:27 DEBUG    invalid: 002001_2014-11-22_None
mylog        Mon, 03 Jul 2017 17:55:28 DEBUG    valid: 002001_2014-11-21_[-0.97842436 -0.89420212 -0.85230592 -0.7265398   1.2547407   1.12677355
  1.06995795 -0.97842436 -0.89420212 -0.85230592 -0.7265398   1.2547407
  1.12677355  1.06995795]
mylog        Mon, 03 Jul 2017 17:55:28 DEBUG    valid: 002001_2014-11-20_[-0.9204322  -0.8868121  -0.84426242 -0.74929439  1.52733909  0.9839171
  0.88954493 -0.9204322  -0.8868121  -0.84426242 -0.74929439  1.52733909
  0.9839171   0.88954493]
mylog        Mon, 03 Jul 2017 17:55:29 DEBUG    valid: 002001_2014-11-19_[-0.90092723 -0.88834129 -0.85579004 -0.75586821  1.52989318  0.98300394
  0.88802965 -0.90092723 -0.88834129 -0.85579004 -0.75586821  1.52989318
  0.98300394  0.88802965]
mylog        Mon, 03 Jul 2017 17:55:29 DEBUG    valid: 002001_2014-11-18_[-0.93181198 -0.87939617 -0.84637508 -0.74196807  1.5287513   0.98280525
  0.88799476 -0.93181198 -0.87939617 -0.84637508 -0.74196807  1.5287513
  0.98280525  0.88799476]
mylog        Mon, 03 Jul 2017 17:55:29 DEBUG    valid: 002001_2014-11-17_[-0.89683167 -0.88944968 -0.84589055 -0.76638185  1.53857378  0.97861222
  0.88136775 -0.89683167 -0.88944968 -0.84589055 -0.76638185  1.53857378
  0.97861222  0.88136775]
mylog        Mon, 03 Jul 2017 17:55:29 DEBUG    invalid: 002001_2014-11-16_None
mylog        Mon, 03 Jul 2017 17:55:30 DEBUG    invalid: 002001_2014-11-15_None
mylog        Mon, 03 Jul 2017 17:55:30 DEBUG    valid: 002001_2014-11-14_[-0.93373867 -0.89898149 -0.81755497 -0.74537402  1.53830122  0.97737957
  0.87996837 -0.93373867 -0.89898149 -0.81755497 -0.74537402  1.53830122
  0.97737957  0.87996837]
mylog        Mon, 03 Jul 2017 17:55:30 DEBUG    valid: 002001_2014-11-13_[-0.95042417 -0.88551542 -0.80413299 -0.74462657  1.55719071  1.00519069
  0.82231776 -0.95042417 -0.88551542 -0.80413299 -0.74462657  1.55719071
  1.00519069  0.82231776]
mylog        Mon, 03 Jul 2017 17:55:31 DEBUG    valid: 002001_2014-11-12_[-0.96955179 -0.91939646 -0.76664847 -0.72300094  1.55989099  1.00179892
  0.81690774 -0.96955179 -0.91939646 -0.76664847 -0.72300094  1.55989099
  1.00179892  0.81690774]
mylog        Mon, 03 Jul 2017 17:55:31 DEBUG    valid: 002001_2014-11-11_[-0.87990771 -0.97247775 -0.78621626 -0.73794236  1.57190507  0.99747193
  0.80716709 -0.87990771 -0.97247775 -0.78621626 -0.73794236  1.57190507
  0.99747193  0.80716709]
mylog        Mon, 03 Jul 2017 17:55:31 DEBUG    valid: 002001_2014-11-10_[-1.00544566 -0.88130971 -0.76880515 -0.71899217  1.56520737  0.9985389
  0.81080643 -1.00544566 -0.88130971 -0.76880515 -0.71899217  1.56520737
  0.9985389   0.81080643]
mylog        Mon, 03 Jul 2017 17:55:31 DEBUG    invalid: 002001_2014-11-09_None
mylog        Mon, 03 Jul 2017 17:55:32 DEBUG    invalid: 002001_2014-11-08_None
mylog        Mon, 03 Jul 2017 17:55:32 DEBUG    valid: 002001_2014-11-07_[-0.90366875 -0.87009557 -0.83145421 -0.77414566  1.58121112  0.99601225
  0.80214081 -0.90366875 -0.87009557 -0.83145421 -0.77414566  1.58121112
  0.99601225  0.80214081]
mylog        Mon, 03 Jul 2017 17:55:32 DEBUG    valid: 002001_2014-11-06_[-1.09788355 -0.78851895 -0.79935991 -0.71645168  1.43131344  1.10736715
  0.86353352 -1.09788355 -0.78851895 -0.79935991 -0.71645168  1.43131344
  1.10736715  0.86353352]
mylog        Mon, 03 Jul 2017 17:55:33 DEBUG    valid: 002001_2014-11-05_[-1.07455026 -0.70692055 -0.85766121 -0.76182342  1.4415934   1.10598635
  0.85337568 -1.07455026 -0.70692055 -0.85766121 -0.76182342  1.4415934
  1.10598635  0.85337568]
mylog        Mon, 03 Jul 2017 17:55:33 DEBUG    valid: 002001_2014-11-04_[-0.72683071 -0.77736782 -0.99924815 -0.89853674  1.46705772  1.10407208
  0.83085362 -0.72683071 -0.77736782 -0.99924815 -0.89853674  1.46705772
  1.10407208  0.83085362]
mylog        Mon, 03 Jul 2017 17:55:33 DEBUG    valid: 002001_2014-11-03_[-0.79725864 -0.81516571 -0.94102469 -0.85956208  1.46153839  1.10857408
  0.84289865 -0.79725864 -0.81516571 -0.94102469 -0.85956208  1.46153839
  1.10857408  0.84289865]
mylog        Mon, 03 Jul 2017 17:55:33 DEBUG    invalid: 002001_2014-11-02_None
mylog        Mon, 03 Jul 2017 17:55:34 DEBUG    invalid: 002001_2014-11-01_None
mylog        Mon, 03 Jul 2017 17:55:34 DEBUG    valid: 002001_2014-10-31_[-0.8107254  -0.87953357 -0.89108095 -0.83495508  1.45838946  1.11004994
  0.84785559 -0.8107254  -0.87953357 -0.89108095 -0.83495508  1.45838946
  1.11004994  0.84785559]
mylog        Mon, 03 Jul 2017 17:55:34 DEBUG    valid: 002001_2014-10-30_[-0.49356389 -1.02993738 -0.95233225 -0.91914024  1.30128303  1.21825166
  0.87543908 -0.49356389 -1.02993738 -0.95233225 -0.91914024  1.30128303
  1.21825166  0.87543908]
mylog        Mon, 03 Jul 2017 17:55:35 DEBUG    valid: 002001_2014-10-29_[-0.72141222 -1.05634739 -0.80453086 -0.84367965  1.30332954  1.22435396
  0.89828661 -0.72141222 -1.05634739 -0.80453086 -0.84367965  1.30332954
  1.22435396  0.89828661]
mylog        Mon, 03 Jul 2017 17:55:35 DEBUG    valid: 002001_2014-10-28_[-0.98619029 -0.99573334 -0.66614016 -0.77544591  1.29523512  1.2198203
  0.90845428 -0.98619029 -0.99573334 -0.66614016 -0.77544591  1.29523512
  1.2198203   0.90845428]
mylog        Mon, 03 Jul 2017 17:55:35 DEBUG    valid: 002001_2014-10-27_[-1.08843641 -0.89603055 -0.65876654 -0.77505369  1.292372    1.21750654
  0.90840866 -1.08843641 -0.89603055 -0.65876654 -0.77505369  1.292372
  1.21750654  0.90840866]
mylog        Mon, 03 Jul 2017 17:55:35 DEBUG    invalid: 002001_2014-10-26_None
mylog        Mon, 03 Jul 2017 17:55:36 DEBUG    invalid: 002001_2014-10-25_None
mylog        Mon, 03 Jul 2017 17:55:36 DEBUG    valid: 002001_2014-10-24_[-1.09063404 -0.80873483 -0.69419018 -0.82782686  1.2974577   1.2206084
  0.90331982 -1.09063404 -0.80873483 -0.69419018 -0.82782686  1.2974577
  1.2206084   0.90331982]
mylog        Mon, 03 Jul 2017 17:55:36 DEBUG    valid: 002001_2014-10-23_[-1.11670381 -0.74215832 -0.68186094 -0.8713506   1.25903693  1.27020603
  0.88283071 -1.11670381 -0.74215832 -0.68186094 -0.8713506   1.25903693
  1.27020603  0.88283071]
mylog        Mon, 03 Jul 2017 17:55:37 DEBUG    valid: 002001_2014-10-22_[-1.03143308 -0.61492381 -0.75407373 -1.00600718  1.26454178  1.27638861
  0.86550741 -1.03143308 -0.61492381 -0.75407373 -1.00600718  1.26454178
  1.27638861  0.86550741]
mylog        Mon, 03 Jul 2017 17:55:37 DEBUG    valid: 002001_2014-10-21_[-0.82383301 -0.54947766 -0.85649938 -1.15713778  1.26583913  1.27840139
  0.84270732 -0.82383301 -0.54947766 -0.85649938 -1.15713778  1.26583913
  1.27840139  0.84270732]
mylog        Mon, 03 Jul 2017 17:55:37 DEBUG    valid: 002001_2014-10-20_[-0.65168911 -0.67206548 -0.9076478  -1.15929032  1.26740737  1.279999
  0.84328634 -0.65168911 -0.67206548 -0.9076478  -1.15929032  1.26740737
  1.279999    0.84328634]
mylog        Mon, 03 Jul 2017 17:55:37 DEBUG    invalid: 002001_2014-10-19_None
mylog        Mon, 03 Jul 2017 17:55:38 DEBUG    invalid: 002001_2014-10-18_None
mylog        Mon, 03 Jul 2017 17:55:38 DEBUG    valid: 002001_2014-10-17_[-0.78100417 -0.72164457 -0.84014445 -1.07529707  1.2703643   1.28238906
  0.86533689 -0.78100417 -0.72164457 -0.84014445 -1.07529707  1.2703643
  1.28238906  0.86533689]
mylog        Mon, 03 Jul 2017 17:55:38 DEBUG    valid: 002001_2014-10-16_[ 0.01924178 -0.85923163 -1.03738557 -1.30391684  0.91748839  1.33289179
  0.93091209  0.01924178 -0.85923163 -1.03738557 -1.30391684  0.91748839
  1.33289179  0.93091209]
mylog        Mon, 03 Jul 2017 17:55:39 DEBUG    valid: 002001_2014-10-15_[-0.08305614 -0.92112096 -1.03778617 -1.20554044  0.94785426  1.33915051
  0.96049894 -0.08305614 -0.92112096 -1.03778617 -1.20554044  0.94785426
  1.33915051  0.96049894]
mylog        Mon, 03 Jul 2017 17:55:39 DEBUG    valid: 002001_2014-10-14_[-0.99195164 -0.73769481 -0.81513024 -0.89191438  1.02834531  1.36899248
  1.03935328 -0.99195164 -0.73769481 -0.81513024 -0.89191438  1.02834531
  1.36899248  1.03935328]
mylog        Mon, 03 Jul 2017 17:55:39 DEBUG    valid: 002001_2014-10-13_[-0.96325454 -0.72552127 -0.85227728 -0.89670191  1.02793528  1.37080468
  1.03901505 -0.96325454 -0.72552127 -0.85227728 -0.89670191  1.02793528
  1.37080468  1.03901505]
mylog        Mon, 03 Jul 2017 17:55:40 DEBUG    invalid: 002001_2014-10-12_None
mylog        Mon, 03 Jul 2017 17:55:40 DEBUG    invalid: 002001_2014-10-11_None
mylog        Mon, 03 Jul 2017 17:55:40 DEBUG    valid: 002001_2014-10-10_[-0.72229956 -0.73780501 -0.97198443 -0.9952201   1.01890722  1.37789405
  1.03050783 -0.72229956 -0.73780501 -0.97198443 -0.9952201   1.01890722
  1.37789405  1.03050783]
mylog        Mon, 03 Jul 2017 17:55:40 DEBUG    valid: 002001_2014-10-09_[-0.63396242 -0.80158077 -1.00189093 -0.97645878  1.08278891  1.39884151
  0.93226247 -0.63396242 -0.80158077 -1.00189093 -0.97645878  1.08278891
  1.39884151  0.93226247]
mylog        Mon, 03 Jul 2017 17:55:41 DEBUG    valid: 002001_2014-10-08_[-0.60236639 -0.84289891 -1.02224287 -0.94458926  1.08336332  1.39269737
  0.93603673 -0.60236639 -0.84289891 -1.02224287 -0.94458926  1.08336332
  1.39269737  0.93603673]
mylog        Mon, 03 Jul 2017 17:55:41 DEBUG    invalid: 002001_2014-10-07_None
mylog        Mon, 03 Jul 2017 17:55:41 DEBUG    invalid: 002001_2014-10-06_None
mylog        Mon, 03 Jul 2017 17:55:41 DEBUG    invalid: 002001_2014-10-05_None
mylog        Mon, 03 Jul 2017 17:55:41 DEBUG    invalid: 002001_2014-10-04_None
mylog        Mon, 03 Jul 2017 17:55:42 DEBUG    invalid: 002001_2014-10-03_None
mylog        Mon, 03 Jul 2017 17:55:42 DEBUG    invalid: 002001_2014-10-02_None
mylog        Mon, 03 Jul 2017 17:55:42 DEBUG    invalid: 002001_2014-10-01_None
mylog        Mon, 03 Jul 2017 17:55:42 DEBUG    valid: 002001_2014-09-30_[-0.80624448 -0.8258326  -0.95534564 -0.84895344  1.09408187  1.38837593
  0.95391837 -0.80624448 -0.8258326  -0.95534564 -0.84895344  1.09408187
  1.38837593  0.95391837]
mylog        Mon, 03 Jul 2017 17:55:43 DEBUG    valid: 002001_2014-09-29_[-0.58751792 -0.94547997 -0.95540735 -0.91323701  1.26005092  1.32881721
  0.81277412 -0.58751792 -0.94547997 -0.95540735 -0.91323701  1.26005092
  1.32881721  0.81277412]
mylog        Mon, 03 Jul 2017 17:55:43 DEBUG    invalid: 002001_2014-09-28_None
mylog        Mon, 03 Jul 2017 17:55:43 DEBUG    invalid: 002001_2014-09-27_None
mylog        Mon, 03 Jul 2017 17:55:43 DEBUG    valid: 002001_2014-09-26_[-0.87018216 -0.91155397 -0.84031588 -0.80608538  1.26123639  1.32583526
  0.84106574 -0.87018216 -0.91155397 -0.84031588 -0.80608538  1.26123639
  1.32583526  0.84106574]
mylog        Mon, 03 Jul 2017 17:55:44 DEBUG    valid: 002001_2014-09-25_[-0.80859825 -0.92243735 -0.84645889 -0.80414543  1.29209545  1.41862179
  0.67092267 -0.80859825 -0.92243735 -0.84645889 -0.80414543  1.29209545
  1.41862179  0.67092267]
mylog        Mon, 03 Jul 2017 17:55:44 DEBUG    valid: 002001_2014-09-24_[-0.83381359 -0.94201291 -0.81407379 -0.79204741  1.29077158  1.4162033
  0.67497281 -0.83381359 -0.94201291 -0.81407379 -0.79204741  1.29077158
  1.4162033   0.67497281]
mylog        Mon, 03 Jul 2017 17:55:44 DEBUG    valid: 002001_2014-09-23_[-0.96874865 -0.91074666 -0.76289597 -0.73601828  1.28670959  1.40992926
  0.6817707  -0.96874865 -0.91074666 -0.76289597 -0.73601828  1.28670959
  1.40992926  0.6817707 ]
mylog        Mon, 03 Jul 2017 17:55:45 DEBUG    valid: 002001_2014-09-22_[-0.97442852 -0.83686708 -0.78998239 -0.7757123   1.29123396  1.41828855
  0.66746778 -0.97442852 -0.83686708 -0.78998239 -0.7757123   1.29123396
  1.41828855  0.66746778]
mylog        Mon, 03 Jul 2017 17:55:45 DEBUG    invalid: 002001_2014-09-21_None
mylog        Mon, 03 Jul 2017 17:55:45 DEBUG    invalid: 002001_2014-09-20_None
mylog        Mon, 03 Jul 2017 17:55:45 DEBUG    valid: 002001_2014-09-19_[-1.00228573 -0.8066286  -0.79677496 -0.76671946  1.29175265  1.42037719
  0.66027891 -1.00228573 -0.8066286  -0.79677496 -0.76671946  1.29175265
  1.42037719  0.66027891]
mylog        Mon, 03 Jul 2017 17:55:46 DEBUG    valid: 002001_2014-09-18_[-1.04689132 -0.80518953 -0.7634256  -0.74192028  1.36729882  1.36426135
  0.62586656 -1.04689132 -0.80518953 -0.7634256  -0.74192028  1.36729882
  1.36426135  0.62586656]
mylog        Mon, 03 Jul 2017 17:55:46 DEBUG    valid: 002001_2014-09-17_[-0.97957871 -0.79269888 -0.79039452 -0.79703875  1.37626086  1.37312301
  0.61032699 -0.97957871 -0.79269888 -0.79039452 -0.79703875  1.37626086
  1.37312301  0.61032699]
mylog        Mon, 03 Jul 2017 17:55:46 DEBUG    valid: 002001_2014-09-16_[-0.52168469 -0.90411371 -0.93242266 -0.9594625   1.38187945  1.37850136
  0.55730275 -0.52168469 -0.90411371 -0.93242266 -0.9594625   1.38187945
  1.37850136  0.55730275]
mylog        Mon, 03 Jul 2017 17:55:47 DEBUG    valid: 002001_2014-09-15_[-0.79972538 -0.85002329 -0.86376604 -0.84980256  1.38057098  1.3773951
  0.60535119 -0.79972538 -0.85002329 -0.86376604 -0.84980256  1.38057098
  1.3773951   0.60535119]
mylog        Mon, 03 Jul 2017 17:55:47 DEBUG    invalid: 002001_2014-09-14_None
mylog        Mon, 03 Jul 2017 17:55:47 DEBUG    invalid: 002001_2014-09-13_None
mylog        Mon, 03 Jul 2017 17:55:47 DEBUG    valid: 002001_2014-09-12_[-1.00226061 -0.78481554 -0.80819107 -0.76821027  1.36939692  1.36635846
  0.6277221  -1.00226061 -0.78481554 -0.80819107 -0.76821027  1.36939692
  1.36635846  0.6277221 ]
mylog        Mon, 03 Jul 2017 17:55:48 DEBUG    valid: 002001_2014-09-11_[-0.78044574 -0.82249315 -0.90193902 -0.8433965   1.44028115  1.33803365
  0.56995961 -0.78044574 -0.82249315 -0.90193902 -0.8433965   1.44028115
  1.33803365  0.56995961]
mylog        Mon, 03 Jul 2017 17:55:48 DEBUG    valid: 002001_2014-09-10_[-0.77592307 -0.81311601 -0.91348419 -0.84693649  1.43808264  1.33665316
  0.57472396 -0.77592307 -0.81311601 -0.91348419 -0.84693649  1.43808264
  1.33665316  0.57472396]
mylog        Mon, 03 Jul 2017 17:55:48 DEBUG    valid: 002001_2014-09-09_[-0.81270701 -0.81836499 -0.87341    -0.84767441  1.43801768  1.33689219
  0.57724653 -0.81270701 -0.81836499 -0.87341    -0.84767441  1.43801768
  1.33689219  0.57724653]
mylog        Mon, 03 Jul 2017 17:55:48 DEBUG    invalid: 002001_2014-09-08_None
mylog        Mon, 03 Jul 2017 17:55:49 DEBUG    invalid: 002001_2014-09-07_None
mylog        Mon, 03 Jul 2017 17:55:49 DEBUG    invalid: 002001_2014-09-06_None
mylog        Mon, 03 Jul 2017 17:55:49 DEBUG    valid: 002001_2014-09-05_[-0.86395359 -0.83668431 -0.82960602 -0.82640332  1.43363933  1.33436687
  0.58864104 -0.86395359 -0.83668431 -0.82960602 -0.82640332  1.43363933
  1.33436687  0.58864104]
mylog        Mon, 03 Jul 2017 17:55:49 DEBUG    valid: 002001_2014-09-04_[-0.75017603 -0.91661118 -0.8078192  -0.87145853  1.52531815  1.22730648
  0.5934403  -0.75017603 -0.91661118 -0.8078192  -0.87145853  1.52531815
  1.22730648  0.5934403 ]
mylog        Mon, 03 Jul 2017 17:55:50 DEBUG    valid: 002001_2014-09-03_[-0.76879262 -0.9393101  -0.7767228  -0.8623317   1.5221626   1.22670944
  0.59828518 -0.76879262 -0.9393101  -0.7767228  -0.8623317   1.5221626
  1.22670944  0.59828518]
mylog        Mon, 03 Jul 2017 17:55:50 DEBUG    valid: 002001_2014-09-02_[-0.78007757 -0.95969682 -0.77338733 -0.83642149  1.51726084  1.22595872
  0.60636364 -0.78007757 -0.95969682 -0.77338733 -0.83642149  1.51726084
  1.22595872  0.60636364]
mylog        Mon, 03 Jul 2017 17:55:51 DEBUG    valid: 002001_2014-09-01_[-0.99236071 -0.82887867 -0.74451098 -0.78609375  1.50777237  1.22391547
  0.62015627 -0.99236071 -0.82887867 -0.74451098 -0.78609375  1.50777237
  1.22391547  0.62015627]
mylog        Mon, 03 Jul 2017 17:55:51 DEBUG    invalid: 002001_2014-08-31_None
mylog        Mon, 03 Jul 2017 17:55:51 DEBUG    invalid: 002001_2014-08-30_None
mylog        Mon, 03 Jul 2017 17:55:51 DEBUG    valid: 002001_2014-08-29_[-1.02877261 -0.77422658 -0.746745   -0.79701067  1.50833511  1.22283598
  0.61558377 -1.02877261 -0.77422658 -0.746745   -0.79701067  1.50833511
  1.22283598  0.61558377]
mylog        Mon, 03 Jul 2017 17:55:52 DEBUG    valid: 002001_2014-08-28_[-0.96667301 -0.69612167 -0.80684883 -0.87517157  1.54471622  1.18085312
  0.61924574 -0.96667301 -0.69612167 -0.80684883 -0.87517157  1.54471622
  1.18085312  0.61924574]
mylog        Mon, 03 Jul 2017 17:55:52 DEBUG    valid: 002001_2014-08-27_[-1.05987311 -0.62428521 -0.75834797 -0.88621772  1.53847713  1.17535517
  0.61489171 -1.05987311 -0.62428521 -0.75834797 -0.88621772  1.53847713
  1.17535517  0.61489171]
mylog        Mon, 03 Jul 2017 17:55:52 DEBUG    valid: 002001_2014-08-26_[-0.53726465 -0.77360838 -0.93400893 -1.05297753  1.56314451  1.17042811
  0.56428687 -0.53726465 -0.77360838 -0.93400893 -1.05297753  1.56314451
  1.17042811  0.56428687]
mylog        Mon, 03 Jul 2017 17:55:53 DEBUG    valid: 002001_2014-08-25_[-0.78055155 -0.78494363 -0.85714175 -0.92440654  1.55348268  1.1828265
  0.6107343  -0.78055155 -0.78494363 -0.85714175 -0.92440654  1.55348268
  1.1828265   0.6107343 ]
mylog        Mon, 03 Jul 2017 17:55:53 DEBUG    invalid: 002001_2014-08-24_None
mylog        Mon, 03 Jul 2017 17:55:53 DEBUG    invalid: 002001_2014-08-23_None
mylog        Mon, 03 Jul 2017 17:55:53 DEBUG    valid: 002001_2014-08-22_[-0.3922451  -0.91033119 -0.97460169 -1.00311934  1.54244924  1.16229786
  0.57555022 -0.3922451  -0.91033119 -0.97460169 -1.00311934  1.54244924
  1.16229786  0.57555022]
mylog        Mon, 03 Jul 2017 17:55:54 DEBUG    valid: 002001_2014-08-21_[-0.57292517 -0.86921399 -0.89574108 -0.88019681  1.80699076  0.90344139
  0.5076449  -0.57292517 -0.86921399 -0.89574108 -0.88019681  1.80699076
  0.90344139  0.5076449 ]
mylog        Mon, 03 Jul 2017 17:55:54 DEBUG    valid: 002001_2014-08-20_[-0.8879331  -0.74836575 -0.82640644 -0.79181933  1.78691086  0.92301917
  0.54459458 -0.8879331  -0.74836575 -0.82640644 -0.79181933  1.78691086
  0.92301917  0.54459458]
mylog        Mon, 03 Jul 2017 17:55:54 DEBUG    valid: 002001_2014-08-19_[-0.8901306  -0.76931966 -0.80587811 -0.79022257  1.7864293   0.92355113
  0.54557052 -0.8901306  -0.76931966 -0.80587811 -0.79022257  1.7864293
  0.92355113  0.54557052]
mylog        Mon, 03 Jul 2017 17:55:55 DEBUG    valid: 002001_2014-08-18_[-0.87035098 -0.76776377 -0.80766219 -0.80604338  1.7925888   0.92060124
  0.53863028 -0.87035098 -0.76776377 -0.80766219 -0.80604338  1.7925888
  0.92060124  0.53863028]
mylog        Mon, 03 Jul 2017 17:55:55 DEBUG    invalid: 002001_2014-08-17_None
mylog        Mon, 03 Jul 2017 17:55:55 DEBUG    invalid: 002001_2014-08-16_None
mylog        Mon, 03 Jul 2017 17:55:55 DEBUG    valid: 002001_2014-08-15_[-0.77466699 -0.81615757 -0.83287675 -0.82496145  1.79809766  0.91803636
  0.53252874 -0.77466699 -0.81615757 -0.83287675 -0.82496145  1.79809766
  0.91803636  0.53252874]
mylog        Mon, 03 Jul 2017 17:55:56 DEBUG    valid: 002001_2014-08-14_[-0.43491151 -0.96552219 -0.93292899 -0.91064273  1.73786195  0.86396347
  0.64218001 -0.43491151 -0.96552219 -0.93292899 -0.91064273  1.73786195
  0.86396347  0.64218001]
mylog        Mon, 03 Jul 2017 17:55:56 DEBUG    valid: 002001_2014-08-13_[-0.95329479 -0.8453631  -0.79412673 -0.72363216  1.70309209  0.90760429
  0.70572039 -0.95329479 -0.8453631  -0.79412673 -0.72363216  1.70309209
  0.90760429  0.70572039]
mylog        Mon, 03 Jul 2017 17:55:56 DEBUG    valid: 002001_2014-08-12_[-0.80414584 -0.87489442 -0.86430094 -0.76414587  1.72865465  0.89517861
  0.68365381 -0.80414584 -0.87489442 -0.86430094 -0.76414587  1.72865465
  0.89517861  0.68365381]
mylog        Mon, 03 Jul 2017 17:55:57 DEBUG    valid: 002001_2014-08-11_[-1.01688997 -0.82848428 -0.80117728 -0.65051205  1.7150835   0.89504705
  0.68693303 -1.01688997 -0.82848428 -0.80117728 -0.65051205  1.7150835
  0.89504705  0.68693303]
mylog        Mon, 03 Jul 2017 17:55:57 DEBUG    invalid: 002001_2014-08-10_None
mylog        Mon, 03 Jul 2017 17:55:57 DEBUG    invalid: 002001_2014-08-09_None
mylog        Mon, 03 Jul 2017 17:55:57 DEBUG    valid: 002001_2014-08-08_[-0.99519647 -0.8357017  -0.79213901 -0.67375731  1.72319947  0.89224051
  0.68135451 -0.99519647 -0.8357017  -0.79213901 -0.67375731  1.72319947
  0.89224051  0.68135451]
mylog        Mon, 03 Jul 2017 17:55:58 DEBUG    valid: 002001_2014-08-07_[-0.87854019 -0.86218573 -0.86262218 -0.75109742  1.65090223  0.84786512
  0.85567817 -0.87854019 -0.86218573 -0.86262218 -0.75109742  1.65090223
  0.84786512  0.85567817]
mylog        Mon, 03 Jul 2017 17:55:58 DEBUG    valid: 002001_2014-08-06_[-0.79780485 -0.91940131 -0.85708349 -0.77900833  1.65226225  0.84659856
  0.85443717 -0.79780485 -0.91940131 -0.85708349 -0.77900833  1.65226225
  0.84659856  0.85443717]
mylog        Mon, 03 Jul 2017 17:55:58 DEBUG    valid: 002001_2014-08-05_[-0.77485246 -0.92613182 -0.86713615 -0.78585479  1.64880481  0.84869291
  0.8564775  -0.77485246 -0.92613182 -0.86713615 -0.78585479  1.64880481
  0.84869291  0.8564775 ]
mylog        Mon, 03 Jul 2017 17:55:59 DEBUG    valid: 002001_2014-08-04_[-0.97208219 -0.81163579 -0.81954603 -0.75406744  1.63471804  0.85752591
  0.86508751 -0.97208219 -0.81163579 -0.81954603 -0.75406744  1.63471804
  0.85752591  0.86508751]
mylog        Mon, 03 Jul 2017 17:55:59 DEBUG    invalid: 002001_2014-08-03_None
mylog        Mon, 03 Jul 2017 17:55:59 DEBUG    invalid: 002001_2014-08-02_None
mylog        Mon, 03 Jul 2017 17:55:59 DEBUG    valid: 002001_2014-08-01_[-0.82030383 -0.82576122 -0.88138213 -0.82860008  1.65248996  0.8478644
  0.85569291 -0.82030383 -0.82576122 -0.88138213 -0.82860008  1.65248996
  0.8478644   0.85569291]
mylog        Mon, 03 Jul 2017 17:56:00 DEBUG    valid: 002001_2014-07-31_[-1.0759788  -0.78145375 -0.76689244 -0.76384476  1.51767028  0.87479474
  0.99570472 -1.0759788  -0.78145375 -0.76689244 -0.76384476  1.51767028
  0.87479474  0.99570472]
mylog        Mon, 03 Jul 2017 17:56:00 DEBUG    valid: 002001_2014-07-30_[-0.92140995 -0.79508684 -0.82188329 -0.85863417  1.5417288   0.86390088
  0.99138459 -0.92140995 -0.79508684 -0.82188329 -0.85863417  1.5417288
  0.86390088  0.99138459]
mylog        Mon, 03 Jul 2017 17:56:00 DEBUG    valid: 002001_2014-07-29_[-0.56249649 -0.95324026 -0.84733649 -0.9990366   1.55416992  0.8364795
  0.97146043 -0.56249649 -0.95324026 -0.84733649 -0.9990366   1.55416992
  0.8364795   0.97146043]
mylog        Mon, 03 Jul 2017 17:56:01 DEBUG    valid: 002001_2014-07-28_[-0.83289467 -0.97916454 -0.60100911 -0.95973541  1.54436904  0.84880788
  0.97962681 -0.83289467 -0.97916454 -0.60100911 -0.95973541  1.54436904
  0.84880788  0.97962681]
mylog        Mon, 03 Jul 2017 17:56:01 DEBUG    invalid: 002001_2014-07-27_None
mylog        Mon, 03 Jul 2017 17:56:01 DEBUG    invalid: 002001_2014-07-26_None
mylog        Mon, 03 Jul 2017 17:56:01 DEBUG    valid: 002001_2014-07-25_[-1.01770422 -0.91940407 -0.55633049 -0.87880536  1.52306089  0.86247078
  0.98671246 -1.01770422 -0.91940407 -0.55633049 -0.87880536  1.52306089
  0.86247078  0.98671246]
mylog        Mon, 03 Jul 2017 17:56:02 DEBUG    valid: 002001_2014-07-24_[-0.80882695 -0.91663189 -0.65671642 -1.01233878  1.49207008  0.86888411
  1.03355985 -0.80882695 -0.91663189 -0.65671642 -1.01233878  1.49207008
  0.86888411  1.03355985]
mylog        Mon, 03 Jul 2017 17:56:02 DEBUG    valid: 002001_2014-07-23_[-1.04263718 -0.79786593 -0.624342   -0.92862292  1.47131733  0.8833969
  1.03875379 -1.04263718 -0.79786593 -0.624342   -0.92862292  1.47131733
  0.8833969   1.03875379]
mylog        Mon, 03 Jul 2017 17:56:02 DEBUG    valid: 002001_2014-07-22_[-0.96563408 -0.64525526 -0.73354698 -1.04212675  1.48557047  0.86903744
  1.03195516 -0.96563408 -0.64525526 -0.73354698 -1.04212675  1.48557047
  0.86903744  1.03195516]
mylog        Mon, 03 Jul 2017 17:56:03 DEBUG    valid: 002001_2014-07-21_[-1.12551603 -0.19270542 -0.83346151 -1.11386596  1.44695722  0.82744312
  0.99114858 -1.12551603 -0.19270542 -0.83346151 -1.11386596  1.44695722
  0.82744312  0.99114858]
mylog        Mon, 03 Jul 2017 17:56:03 DEBUG    invalid: 002001_2014-07-20_None
mylog        Mon, 03 Jul 2017 17:56:03 DEBUG    invalid: 002001_2014-07-19_None
mylog        Mon, 03 Jul 2017 17:56:03 DEBUG    valid: 002001_2014-07-18_[-0.66520113 -0.32600346 -0.99657621 -1.28515721  1.47430138  0.81178378
  0.98685284 -0.66520113 -0.32600346 -0.99657621 -1.28515721  1.47430138
  0.81178378  0.98685284]
mylog        Mon, 03 Jul 2017 17:56:04 DEBUG    valid: 002001_2014-07-17_[-0.77358621 -0.18648069 -0.97413501 -1.30240541  0.94536977  0.82704246
  1.46419508 -0.77358621 -0.18648069 -0.97413501 -1.30240541  0.94536977
  0.82704246  1.46419508]
mylog        Mon, 03 Jul 2017 17:56:04 DEBUG    valid: 002001_2014-07-16_[ 0.39164587 -0.55153688 -1.1813011  -1.49450595  0.81078048  0.6916086
  1.33330898  0.39164587 -0.55153688 -1.1813011  -1.49450595  0.81078048
  0.6916086   1.33330898]
mylog        Mon, 03 Jul 2017 17:56:04 DEBUG    valid: 002001_2014-07-15_[ 1.63213163 -0.82760943 -1.09543576 -1.24599593  0.4193532   0.33696688
  0.78058942  1.63213163 -0.82760943 -1.09543576 -1.24599593  0.4193532
  0.33696688  0.78058942]
mylog        Mon, 03 Jul 2017 17:56:05 DEBUG    valid: 002001_2014-07-14_[-0.78779641 -0.93020727 -0.84146056 -0.871236    1.0455829   0.95873479
  1.42638255 -0.78779641 -0.93020727 -0.84146056 -0.871236    1.0455829
  0.95873479  1.42638255]
mylog        Mon, 03 Jul 2017 17:56:05 DEBUG    invalid: 002001_2014-07-13_None
mylog        Mon, 03 Jul 2017 17:56:05 DEBUG    invalid: 002001_2014-07-12_None
mylog        Mon, 03 Jul 2017 17:56:05 DEBUG    valid: 002001_2014-07-11_[-0.92959264 -0.89267256 -0.79549054 -0.81416009  1.04856868  0.96400789
  1.41933924 -0.92959264 -0.89267256 -0.79549054 -0.81416009  1.04856868
  0.96400789  1.41933924]
mylog        Mon, 03 Jul 2017 17:56:06 DEBUG    valid: 002001_2014-07-10_[-0.95816601 -0.87430742 -0.77888534 -0.79199289  0.96727731  0.91742549
  1.51864887 -0.95816601 -0.87430742 -0.77888534 -0.79199289  0.96727731
  0.91742549  1.51864887]
mylog        Mon, 03 Jul 2017 17:56:06 DEBUG    valid: 002001_2014-07-09_[-0.86229823 -0.85906335 -0.84530768 -0.83823774  0.96256723  0.91115624
  1.53118353 -0.86229823 -0.85906335 -0.84530768 -0.83823774  0.96256723
  0.91115624  1.53118353]
mylog        Mon, 03 Jul 2017 17:56:06 DEBUG    valid: 002001_2014-07-08_[-0.95552976 -0.80582529 -0.82444744 -0.81678983  0.9637222   0.91288571
  1.52598442 -0.95552976 -0.80582529 -0.82444744 -0.81678983  0.9637222
  0.91288571  1.52598442]
mylog        Mon, 03 Jul 2017 17:56:07 DEBUG    valid: 002001_2014-07-07_[-0.90231253 -0.77345273 -0.86607055 -0.85916547  0.95875157  0.90659097
  1.53565872 -0.90231253 -0.77345273 -0.86607055 -0.85916547  0.95875157
  0.90659097  1.53565872]
mylog        Mon, 03 Jul 2017 17:56:07 DEBUG    invalid: 002001_2014-07-06_None
mylog        Mon, 03 Jul 2017 17:56:07 DEBUG    invalid: 002001_2014-07-05_None
mylog        Mon, 03 Jul 2017 17:56:07 DEBUG    valid: 002001_2014-07-04_[-0.95814845 -0.75024076 -0.85620949 -0.83438567  0.95987951  0.90825575
  1.53084912 -0.95814845 -0.75024076 -0.85620949 -0.83438567  0.95987951
  0.90825575  1.53084912]
mylog        Mon, 03 Jul 2017 17:56:08 DEBUG    valid: 002001_2014-07-03_[-0.71440396 -0.82438193 -0.92854815 -0.91753225  0.95673344  0.8657125
  1.56242034 -0.71440396 -0.82438193 -0.92854815 -0.91753225  0.95673344
  0.8657125   1.56242034]
mylog        Mon, 03 Jul 2017 17:56:08 DEBUG    valid: 002001_2014-07-02_[-0.73725493 -0.87057184 -0.89629845 -0.88741576  0.96299158  0.87411054
  1.55443886 -0.73725493 -0.87057184 -0.89629845 -0.88741576  0.96299158
  0.87411054  1.55443886]
mylog        Mon, 03 Jul 2017 17:56:08 DEBUG    valid: 002001_2014-07-01_[-0.61483981 -0.92260125 -0.92056165 -0.91907962  0.95708618  0.86762902
  1.55236715 -0.61483981 -0.92260125 -0.92056165 -0.91907962  0.95708618
  0.86762902  1.55236715]
mylog        Mon, 03 Jul 2017 17:56:09 DEBUG    valid: 002001_2014-06-30_[-0.81223845 -0.88821807 -0.85678629 -0.84278299  0.97204147  0.88646139
  1.54152295 -0.81223845 -0.88821807 -0.85678629 -0.84278299  0.97204147
  0.88646139  1.54152295]
mylog        Mon, 03 Jul 2017 17:56:09 DEBUG    invalid: 002001_2014-06-29_None
mylog        Mon, 03 Jul 2017 17:56:09 DEBUG    invalid: 002001_2014-06-28_None
mylog        Mon, 03 Jul 2017 17:56:09 DEBUG    valid: 002001_2014-06-27_[-0.87893297 -0.88628982 -0.81732215 -0.81875926  0.97447899  0.88996607
  1.53685916 -0.87893297 -0.88628982 -0.81732215 -0.81875926  0.97447899
  0.88996607  1.53685916]
mylog        Mon, 03 Jul 2017 17:56:10 DEBUG    valid: 002001_2014-06-26_[-1.00210836 -0.85310174 -0.78407971 -0.78734748  0.95962898  1.04729663
  1.41971167 -1.00210836 -0.85310174 -0.78407971 -0.78734748  0.95962898
  1.04729663  1.41971167]
mylog        Mon, 03 Jul 2017 17:56:10 DEBUG    valid: 002001_2014-06-25_[-0.86854628 -0.88274187 -0.83259594 -0.84753428  0.95326163  1.04475178
  1.43340496 -0.86854628 -0.88274187 -0.83259594 -0.84753428  0.95326163
  1.04475178  1.43340496]
mylog        Mon, 03 Jul 2017 17:56:10 DEBUG    valid: 002001_2014-06-24_[-0.88389926 -0.86412173 -0.83388469 -0.84947202  0.95304397  1.04463212
  1.4337016  -0.88389926 -0.86412173 -0.83388469 -0.84947202  0.95304397
  1.04463212  1.4337016 ]
mylog        Mon, 03 Jul 2017 17:56:11 DEBUG    valid: 002001_2014-06-23_[-0.95377917 -0.8473755  -0.80660002 -0.82131072  0.95422818  1.04487765
  1.42995959 -0.95377917 -0.8473755  -0.80660002 -0.82131072  0.95422818
  1.04487765  1.42995959]
mylog        Mon, 03 Jul 2017 17:56:11 DEBUG    invalid: 002001_2014-06-22_None
mylog        Mon, 03 Jul 2017 17:56:11 DEBUG    invalid: 002001_2014-06-21_None
mylog        Mon, 03 Jul 2017 17:56:11 DEBUG    valid: 002001_2014-06-20_[-0.90117781 -0.83656934 -0.82862702 -0.86380229  0.95049492  1.04311474
  1.43656681 -0.90117781 -0.83656934 -0.82862702 -0.86380229  0.95049492
  1.04311474  1.43656681]
mylog        Mon, 03 Jul 2017 17:56:12 DEBUG    valid: 002001_2014-06-19_[-0.85745949 -0.83636092 -0.86167537 -0.88238106  0.92900656  1.12421489
  1.38465539 -0.85745949 -0.83636092 -0.86167537 -0.88238106  0.92900656
  1.12421489  1.38465539]
mylog        Mon, 03 Jul 2017 17:56:12 DEBUG    valid: 002001_2014-06-18_[-0.81508715 -0.83329453 -0.89280669 -0.89546113  0.92763607  1.12370942
  1.38530401 -0.81508715 -0.83329453 -0.89280669 -0.89546113  0.92763607
  1.12370942  1.38530401]
mylog        Mon, 03 Jul 2017 17:56:12 DEBUG    valid: 002001_2014-06-17_[-0.90407605 -0.80849628 -0.86799365 -0.85732502  0.93283768  1.12460311
  1.38045021 -0.90407605 -0.80849628 -0.86799365 -0.85732502  0.93283768
  1.12460311  1.38045021]
mylog        Mon, 03 Jul 2017 17:56:13 DEBUG    valid: 002001_2014-06-16_[-0.75940381 -0.83667108 -0.92439955 -0.91299057  0.92635263  1.12262568
  1.3844867  -0.75940381 -0.83667108 -0.92439955 -0.91299057  0.92635263
  1.12262568  1.3844867 ]
mylog        Mon, 03 Jul 2017 17:56:13 DEBUG    invalid: 002001_2014-06-15_None
mylog        Mon, 03 Jul 2017 17:56:13 DEBUG    invalid: 002001_2014-06-14_None
mylog        Mon, 03 Jul 2017 17:56:13 DEBUG    valid: 002001_2014-06-13_[-0.81486073 -0.82323376 -0.91285694 -0.88588575  0.93034126  1.12403684
  1.38245909 -0.81486073 -0.82323376 -0.91285694 -0.88588575  0.93034126
  1.12403684  1.38245909]
mylog        Mon, 03 Jul 2017 17:56:14 DEBUG    valid: 002001_2014-06-12_[-0.77919846 -0.86883003 -0.89813383 -0.88990249  0.88389314  1.25004648
  1.30212519 -0.77919846 -0.86883003 -0.89813383 -0.88990249  0.88389314
  1.25004648  1.30212519]
mylog        Mon, 03 Jul 2017 17:56:14 DEBUG    valid: 002001_2014-06-11_[-0.84550523 -0.88381186 -0.84781281 -0.86190561  0.88982669  1.24905737
  1.30015146 -0.84550523 -0.88381186 -0.84781281 -0.86190561  0.88982669
  1.24905737  1.30015146]
mylog        Mon, 03 Jul 2017 17:56:14 DEBUG    valid: 002001_2014-06-10_[-0.79717743 -0.91368609 -0.85645814 -0.87002334  0.88827764  1.24888848
  1.30017887 -0.79717743 -0.91368609 -0.85645814 -0.87002334  0.88827764
  1.24888848  1.30017887]
mylog        Mon, 03 Jul 2017 17:56:15 DEBUG    valid: 002001_2014-06-09_[-0.7717904  -0.94964894 -0.8497307  -0.86388797  0.88729046  1.24821619
  1.29955137 -0.7717904  -0.94964894 -0.8497307  -0.86388797  0.88729046
  1.24821619  1.29955137]
mylog        Mon, 03 Jul 2017 17:56:15 DEBUG    invalid: 002001_2014-06-08_None
mylog        Mon, 03 Jul 2017 17:56:15 DEBUG    invalid: 002001_2014-06-07_None
mylog        Mon, 03 Jul 2017 17:56:15 DEBUG    valid: 002001_2014-06-06_[-0.94542993 -0.89408726 -0.79812333 -0.79914576  0.89694269  1.24515812
  1.29468548 -0.94542993 -0.89408726 -0.79812333 -0.79914576  0.89694269
  1.24515812  1.29468548]
mylog        Mon, 03 Jul 2017 17:56:16 DEBUG    valid: 002001_2014-06-05_[-0.95571759 -0.83954794 -0.80058378 -0.80511384  0.77061139  1.45553857
  1.17481319 -0.95571759 -0.83954794 -0.80058378 -0.80511384  0.77061139
  1.45553857  1.17481319]
mylog        Mon, 03 Jul 2017 17:56:16 DEBUG    valid: 002001_2014-06-04_[-0.93911438 -0.8055783  -0.82415904 -0.83104606  0.7634101   1.46125345
  1.17523423 -0.93911438 -0.8055783  -0.82415904 -0.83104606  0.7634101
  1.46125345  1.17523423]
mylog        Mon, 03 Jul 2017 17:56:17 DEBUG    valid: 002001_2014-06-03_[-0.95046612 -0.79417041 -0.82664603 -0.82727851  0.76148627  1.46211854
  1.17495624 -0.95046612 -0.79417041 -0.82664603 -0.82727851  0.76148627
  1.46211854  1.17495624]
mylog        Mon, 03 Jul 2017 17:56:17 DEBUG    invalid: 002001_2014-06-02_None
mylog        Mon, 03 Jul 2017 17:56:17 DEBUG    invalid: 002001_2014-06-01_None
mylog        Mon, 03 Jul 2017 17:56:17 DEBUG    invalid: 002001_2014-05-31_None
mylog        Mon, 03 Jul 2017 17:56:17 DEBUG    valid: 002001_2014-05-30_[-0.89276866 -0.77776561 -0.86699681 -0.86056031  0.75488405  1.4676769
  1.17553045 -0.89276866 -0.77776561 -0.86699681 -0.86056031  0.75488405
  1.4676769   1.17553045]
mylog        Mon, 03 Jul 2017 17:56:18 DEBUG    valid: 002001_2014-05-29_[-0.71864728 -0.81015251 -0.86171661 -0.87642002  0.55609549  1.76344005
  0.94740088 -0.71864728 -0.81015251 -0.86171661 -0.87642002  0.55609549
  1.76344005  0.94740088]
mylog        Mon, 03 Jul 2017 17:56:18 DEBUG    valid: 002001_2014-05-28_[-0.68497488 -0.835124   -0.86969847 -0.87765472  0.56011884  1.75873719
  0.94859603 -0.68497488 -0.835124   -0.86969847 -0.87765472  0.56011884
  1.75873719  0.94859603]
mylog        Mon, 03 Jul 2017 17:56:18 DEBUG    valid: 002001_2014-05-27_[-0.8129774  -0.81411323 -0.835713   -0.82216364  0.58141134  1.7450156
  0.95854032 -0.8129774  -0.81411323 -0.835713   -0.82216364  0.58141134
  1.7450156   0.95854032]
mylog        Mon, 03 Jul 2017 17:56:19 DEBUG    valid: 002001_2014-05-26_[-0.70770769 -0.84975967 -0.8636015  -0.85475191  0.57158256  1.75054803
  0.95369017 -0.70770769 -0.84975967 -0.8636015  -0.85475191  0.57158256
  1.75054803  0.95369017]
mylog        Mon, 03 Jul 2017 17:56:19 DEBUG    invalid: 002001_2014-05-25_None
mylog        Mon, 03 Jul 2017 17:56:19 DEBUG    invalid: 002001_2014-05-24_None
mylog        Mon, 03 Jul 2017 17:56:19 DEBUG    valid: 002001_2014-05-23_[-0.8664058  -0.83604241 -0.78805891 -0.80074776  0.59364728  1.73427737
  0.96333024 -0.8664058  -0.83604241 -0.78805891 -0.80074776  0.59364728
  1.73427737  0.96333024]
mylog        Mon, 03 Jul 2017 17:56:20 DEBUG    valid: 002001_2014-05-22_[-0.84351335 -0.84245594 -0.83078975 -0.83984498  0.83860489  1.65256281
  0.86543632 -0.84351335 -0.84245594 -0.83078975 -0.83984498  0.83860489
  1.65256281  0.86543632]
mylog        Mon, 03 Jul 2017 17:56:20 DEBUG    valid: 002001_2014-05-21_[-0.84253009 -0.85001347 -0.8281001  -0.83567996  0.83820525  1.65305238
  0.86506599 -0.84253009 -0.85001347 -0.8281001  -0.83567996  0.83820525
  1.65305238  0.86506599]
mylog        Mon, 03 Jul 2017 17:56:20 DEBUG    valid: 002001_2014-05-20_[-0.85515571 -0.86276966 -0.81658009 -0.82189657  0.83877685  1.65203982
  0.86558537 -0.85515571 -0.86276966 -0.81658009 -0.82189657  0.83877685
  1.65203982  0.86558537]
mylog        Mon, 03 Jul 2017 17:56:21 DEBUG    valid: 002001_2014-05-19_[-0.93989688 -0.83350641 -0.78005896 -0.80184726  0.84143538  1.64591961
  0.86795451 -0.93989688 -0.83350641 -0.78005896 -0.80184726  0.84143538
  1.64591961  0.86795451]
mylog        Mon, 03 Jul 2017 17:56:21 DEBUG    invalid: 002001_2014-05-18_None
mylog        Mon, 03 Jul 2017 17:56:21 DEBUG    invalid: 002001_2014-05-17_None
mylog        Mon, 03 Jul 2017 17:56:21 DEBUG    valid: 002001_2014-05-16_[-0.77087977 -0.85400891 -0.86081682 -0.8621301   0.82648245  1.66715853
  0.85419462 -0.77087977 -0.85400891 -0.86081682 -0.8621301   0.82648245
  1.66715853  0.85419462]
mylog        Mon, 03 Jul 2017 17:56:22 DEBUG    valid: 002001_2014-05-15_[-0.89075179 -0.83893161 -0.84155933 -0.81518172  1.00504735  1.56779136
  0.81358573 -0.89075179 -0.83893161 -0.84155933 -0.81518172  1.00504735
  1.56779136  0.81358573]
mylog        Mon, 03 Jul 2017 17:56:22 DEBUG    valid: 002001_2014-05-14_[-0.93752865 -0.81657866 -0.84308991 -0.78738322  1.00491341  1.56547154
  0.81419549 -0.93752865 -0.81657866 -0.84308991 -0.78738322  1.00491341
  1.56547154  0.81419549]
mylog        Mon, 03 Jul 2017 17:56:22 DEBUG    valid: 002001_2014-05-13_[-0.87285272 -0.82813858 -0.87490141 -0.80748571  1.00170045  1.57504611
  0.80663185 -0.87285272 -0.82813858 -0.87490141 -0.80748571  1.00170045
  1.57504611  0.80663185]
mylog        Mon, 03 Jul 2017 17:56:23 DEBUG    valid: 002001_2014-05-12_[-0.72702845 -0.85683974 -0.93965366 -0.85057477  0.99530902  1.58364852
  0.79513909 -0.72702845 -0.85683974 -0.93965366 -0.85057477  0.99530902
  1.58364852  0.79513909]
mylog        Mon, 03 Jul 2017 17:56:23 DEBUG    invalid: 002001_2014-05-11_None
mylog        Mon, 03 Jul 2017 17:56:23 DEBUG    invalid: 002001_2014-05-10_None
mylog        Mon, 03 Jul 2017 17:56:23 DEBUG    valid: 002001_2014-05-09_[-0.89634579 -0.83538654 -0.89631453 -0.75467957  1.00299104  1.56948016
  0.81025523 -0.89634579 -0.83538654 -0.89631453 -0.75467957  1.00299104
  1.56948016  0.81025523]
mylog        Mon, 03 Jul 2017 17:56:24 DEBUG    valid: 002001_2014-05-08_[-0.84488901 -0.87498601 -0.89979226 -0.76943886  1.20865143  1.46497401
  0.71548071 -0.84488901 -0.87498601 -0.89979226 -0.76943886  1.20865143
  1.46497401  0.71548071]
mylog        Mon, 03 Jul 2017 17:56:24 DEBUG    valid: 002001_2014-05-07_[-0.82065938 -0.91493131 -0.89943488 -0.75167608  1.2081147   1.46529691
  0.71329005 -0.82065938 -0.91493131 -0.89943488 -0.75167608  1.2081147
  1.46529691  0.71329005]
mylog        Mon, 03 Jul 2017 17:56:24 DEBUG    valid: 002001_2014-05-06_[-0.77251527 -0.94345638 -0.90930811 -0.7574477   1.20761139  1.46746049
  0.70765557 -0.77251527 -0.94345638 -0.90930811 -0.7574477   1.20761139
  1.46746049  0.70765557]
mylog        Mon, 03 Jul 2017 17:56:25 DEBUG    valid: 002001_2014-05-05_[-0.91147884 -0.92056621 -0.8634484  -0.68979423  1.2060242   1.45794949
  0.72131399 -0.91147884 -0.92056621 -0.8634484  -0.68979423  1.2060242
  1.45794949  0.72131399]
mylog        Mon, 03 Jul 2017 17:56:25 DEBUG    invalid: 002001_2014-05-04_None
mylog        Mon, 03 Jul 2017 17:56:25 DEBUG    invalid: 002001_2014-05-03_None
mylog        Mon, 03 Jul 2017 17:56:25 DEBUG    invalid: 002001_2014-05-02_None
mylog        Mon, 03 Jul 2017 17:56:25 DEBUG    invalid: 002001_2014-05-01_None
mylog        Mon, 03 Jul 2017 17:56:26 DEBUG    valid: 002001_2014-04-30_[-0.98512304 -0.93215716 -0.81064395 -0.6497952   1.20320954  1.45418715
  0.72032266 -0.98512304 -0.93215716 -0.81064395 -0.6497952   1.20320954
  1.45418715  0.72032266]
mylog        Mon, 03 Jul 2017 17:56:26 DEBUG    valid: 002001_2014-04-29_[-0.96043257 -0.88981573 -0.79963931 -0.67923606  1.46663785  1.31825666
  0.54422916 -0.96043257 -0.88981573 -0.79963931 -0.67923606  1.46663785
  1.31825666  0.54422916]
mylog        Mon, 03 Jul 2017 17:56:26 DEBUG    valid: 002001_2014-04-28_[-0.87947667 -0.90921889 -0.81459688 -0.72411098  1.47707602  1.32411715
  0.52621024 -0.87947667 -0.90921889 -0.81459688 -0.72411098  1.47707602
  1.32411715  0.52621024]
mylog        Mon, 03 Jul 2017 17:56:27 DEBUG    invalid: 002001_2014-04-27_None
mylog        Mon, 03 Jul 2017 17:56:27 DEBUG    invalid: 002001_2014-04-26_None
mylog        Mon, 03 Jul 2017 17:56:27 DEBUG    valid: 002001_2014-04-25_[-0.97127321 -0.87567432 -0.7788112  -0.69699063  1.4740609   1.32171054
  0.52697792 -0.97127321 -0.87567432 -0.7788112  -0.69699063  1.4740609
  1.32171054  0.52697792]
mylog        Mon, 03 Jul 2017 17:56:27 DEBUG    valid: 002001_2014-04-24_[-0.96103367 -0.82026092 -0.724344   -0.66034563  1.81901442  1.01029227
  0.33667753 -0.96103367 -0.82026092 -0.724344   -0.66034563  1.81901442
  1.01029227  0.33667753]
mylog        Mon, 03 Jul 2017 17:56:28 DEBUG    valid: 002001_2014-04-23_[-0.86684699 -0.81783837 -0.7486588  -0.71684995  1.84624321  1.00311279
  0.30083812 -0.86684699 -0.81783837 -0.7486588  -0.71684995  1.84624321
  1.00311279  0.30083812]
mylog        Mon, 03 Jul 2017 17:56:28 DEBUG    valid: 002001_2014-04-22_[-0.85556463 -0.81739626 -0.75897061 -0.71696825  1.84818774  1.00254122
  0.29817079 -0.85556463 -0.81739626 -0.75897061 -0.71696825  1.84818774
  1.00254122  0.29817079]
mylog        Mon, 03 Jul 2017 17:56:29 DEBUG    valid: 002001_2014-04-21_[-0.83149942 -0.81086462 -0.75937644 -0.73780431  1.85819222  0.99864903
  0.28270354 -0.83149942 -0.81086462 -0.75937644 -0.73780431  1.85819222
  0.99864903  0.28270354]
mylog        Mon, 03 Jul 2017 17:56:29 DEBUG    invalid: 002001_2014-04-20_None
mylog        Mon, 03 Jul 2017 17:56:29 DEBUG    invalid: 002001_2014-04-19_None
mylog        Mon, 03 Jul 2017 17:56:29 DEBUG    valid: 002001_2014-04-18_[-0.97305726 -0.75061923 -0.71458971 -0.70134609  1.84405743  0.99950641
  0.29604846 -0.97305726 -0.75061923 -0.71458971 -0.70134609  1.84405743
  0.99950641  0.29604846]
mylog        Mon, 03 Jul 2017 17:56:29 DEBUG    valid: 002001_2014-04-17_[-0.71976416 -0.82709574 -0.79758141 -0.78187469  1.89514689  0.93253696
  0.29863216 -0.71976416 -0.82709574 -0.79758141 -0.78187469  1.89514689
  0.93253696  0.29863216]
mylog        Mon, 03 Jul 2017 17:56:30 DEBUG    valid: 002001_2014-04-16_[-0.95072756 -0.76967571 -0.74939131 -0.65604274  1.88246936  0.93398526
  0.30938271 -0.95072756 -0.76967571 -0.74939131 -0.65604274  1.88246936
  0.93398526  0.30938271]
mylog        Mon, 03 Jul 2017 17:56:30 DEBUG    valid: 002001_2014-04-15_[-0.79262623 -0.84450922 -0.82470809 -0.65017626  1.90185976  0.92629724
  0.28386281 -0.79262623 -0.84450922 -0.82470809 -0.65017626  1.90185976
  0.92629724  0.28386281]
mylog        Mon, 03 Jul 2017 17:56:31 DEBUG    valid: 002001_2014-04-14_[-0.79064444 -0.81178166 -0.84417358 -0.66807598  1.90135993  0.92736043
  0.28595529 -0.79064444 -0.81178166 -0.84417358 -0.66807598  1.90135993
  0.92736043  0.28595529]
mylog        Mon, 03 Jul 2017 17:56:31 DEBUG    invalid: 002001_2014-04-13_None
mylog        Mon, 03 Jul 2017 17:56:31 DEBUG    invalid: 002001_2014-04-12_None
mylog        Mon, 03 Jul 2017 17:56:31 DEBUG    valid: 002001_2014-04-11_[-0.89559281 -0.77757125 -0.79464289 -0.65649783  1.88939638  0.93251905
  0.30238933 -0.89559281 -0.77757125 -0.79464289 -0.65649783  1.88939638
  0.93251905  0.30238933]
mylog        Mon, 03 Jul 2017 17:56:32 DEBUG    valid: 002001_2014-04-10_[-0.63258809 -0.86724551 -0.88990513 -0.76840555  1.85049341  0.95881561
  0.34883526 -0.63258809 -0.86724551 -0.88990513 -0.76840555  1.85049341
  0.95881561  0.34883526]
mylog        Mon, 03 Jul 2017 17:56:32 DEBUG    valid: 002001_2014-04-09_[-1.05111308 -0.70848061 -0.76022484 -0.66690032  1.80374348  0.97496405
  0.40801132 -1.05111308 -0.70848061 -0.76022484 -0.66690032  1.80374348
  0.97496405  0.40801132]
mylog        Mon, 03 Jul 2017 17:56:32 DEBUG    valid: 002001_2014-04-08_[-0.67358957 -0.85186668 -0.86211697 -0.78210825  1.84589747  0.96365494
  0.36012908 -0.67358957 -0.85186668 -0.86211697 -0.78210825  1.84589747
  0.96365494  0.36012908]
mylog        Mon, 03 Jul 2017 17:56:32 DEBUG    invalid: 002001_2014-04-07_None
mylog        Mon, 03 Jul 2017 17:56:33 DEBUG    invalid: 002001_2014-04-06_None
mylog        Mon, 03 Jul 2017 17:56:33 DEBUG    invalid: 002001_2014-04-05_None
mylog        Mon, 03 Jul 2017 17:56:33 DEBUG    valid: 002001_2014-04-04_[-0.7793347  -0.86556322 -0.80492232 -0.74299313  1.82802221  0.97437705
  0.39041412 -0.7793347  -0.86556322 -0.80492232 -0.74299313  1.82802221
  0.97437705  0.39041412]
mylog        Mon, 03 Jul 2017 17:56:33 DEBUG    valid: 002001_2014-04-03_[-0.81596541 -0.83422643 -0.80471506 -0.76425402  1.80979636  0.96745509
  0.44190947 -0.81596541 -0.83422643 -0.80471506 -0.76425402  1.80979636
  0.96745509  0.44190947]
mylog        Mon, 03 Jul 2017 17:56:34 DEBUG    valid: 002001_2014-04-02_[-0.50701691 -0.91232023 -0.85793725 -0.89085151  1.82421162  0.94593895
  0.39797533 -0.50701691 -0.91232023 -0.85793725 -0.89085151  1.82421162
  0.94593895  0.39797533]
mylog        Mon, 03 Jul 2017 17:56:34 DEBUG    valid: 002001_2014-04-01_[-1.17412128 -0.7831691  -0.4626498  -0.75739196  1.75731024  0.95903663
  0.46098528 -1.17412128 -0.7831691  -0.4626498  -0.75739196  1.75731024
  0.95903663  0.46098528]
mylog        Mon, 03 Jul 2017 17:56:34 DEBUG    valid: 002001_2014-03-31_[-1.07814533 -0.82126725 -0.38273109 -0.86857052  1.78734473  0.94458735
  0.41878211 -1.07814533 -0.82126725 -0.38273109 -0.86857052  1.78734473
  0.94458735  0.41878211]
mylog        Mon, 03 Jul 2017 17:56:35 DEBUG    invalid: 002001_2014-03-30_None
mylog        Mon, 03 Jul 2017 17:56:35 DEBUG    invalid: 002001_2014-03-29_None
mylog        Mon, 03 Jul 2017 17:56:35 DEBUG    valid: 002001_2014-03-28_[-0.73262648 -0.88225566 -0.51080374 -1.01879665  1.83641158  0.93517957
  0.37289138 -0.73262648 -0.88225566 -0.51080374 -1.01879665  1.83641158
  0.93517957  0.37289138]
mylog        Mon, 03 Jul 2017 17:56:35 DEBUG    valid: 002001_2014-03-27_[-0.78698586 -0.85500678 -0.47138618 -1.0021484   1.89955709  0.8022806
  0.41368952 -0.78698586 -0.85500678 -0.47138618 -1.0021484   1.89955709
  0.8022806   0.41368952]
mylog        Mon, 03 Jul 2017 17:56:36 DEBUG    valid: 002001_2014-03-26_[-0.76976756 -0.77419043 -0.54868809 -1.03192538  1.90265732  0.8052719
  0.41664225 -0.76976756 -0.77419043 -0.54868809 -1.03192538  1.90265732
  0.8052719   0.41664225]
mylog        Mon, 03 Jul 2017 17:56:36 DEBUG    valid: 002001_2014-03-25_[-1.0555476  -0.18819696 -0.66272152 -1.10163585  1.86148615  0.76709289
  0.37952289 -1.0555476  -0.18819696 -0.66272152 -1.10163585  1.86148615
  0.76709289  0.37952289]
mylog        Mon, 03 Jul 2017 17:56:36 DEBUG    valid: 002001_2014-03-24_[-0.92648403  0.06778064 -0.78506931 -1.22919376  1.84402009  0.71448141
  0.31446496 -0.92648403  0.06778064 -0.78506931 -1.22919376  1.84402009
  0.71448141  0.31446496]
mylog        Mon, 03 Jul 2017 17:56:37 DEBUG    invalid: 002001_2014-03-23_None
mylog        Mon, 03 Jul 2017 17:56:37 DEBUG    invalid: 002001_2014-03-22_None
mylog        Mon, 03 Jul 2017 17:56:37 DEBUG    valid: 002001_2014-03-21_[-0.95983135 -0.02517758 -0.77574956 -1.18206987  1.84367846  0.74425131
  0.3548986  -0.95983135 -0.02517758 -0.77574956 -1.18206987  1.84367846
  0.74425131  0.3548986 ]
mylog        Mon, 03 Jul 2017 17:56:37 DEBUG    valid: 002001_2014-03-20_[-0.26180318  0.30624759 -0.98906523 -1.64185625  1.6511065   0.46001175
  0.47535883 -0.26180318  0.30624759 -0.98906523 -1.64185625  1.6511065
  0.46001175  0.47535883]
mylog        Mon, 03 Jul 2017 17:56:38 DEBUG    valid: 002001_2014-03-19_[ 2.08690299 -0.37396149 -0.91944398 -1.17257192  0.52364691 -0.07615041
 -0.0684221   2.08690299 -0.37396149 -0.91944398 -1.17257192  0.52364691
 -0.07615041 -0.0684221 ]
mylog        Mon, 03 Jul 2017 17:56:38 DEBUG    valid: 002001_2014-03-18_[ 1.19715158 -0.90946058 -1.15923638 -1.23005163  1.22370542  0.43385726
  0.44403434  1.19715158 -0.90946058 -1.15923638 -1.23005163  1.22370542
  0.43385726  0.44403434]
mylog        Mon, 03 Jul 2017 17:56:38 DEBUG    valid: 002001_2014-03-17_[-0.84880569 -0.84029799 -0.88753345 -0.79344845  1.62020512  0.87010778
  0.87977268 -0.84880569 -0.84029799 -0.88753345 -0.79344845  1.62020512
  0.87010778  0.87977268]
mylog        Mon, 03 Jul 2017 17:56:39 DEBUG    invalid: 002001_2014-03-16_None
mylog        Mon, 03 Jul 2017 17:56:39 DEBUG    invalid: 002001_2014-03-15_None
mylog        Mon, 03 Jul 2017 17:56:39 DEBUG    valid: 002001_2014-03-14_[-0.87587259 -0.82343727 -0.89741518 -0.7716296   1.6208126   0.86892705
  0.87861499 -0.87587259 -0.82343727 -0.89741518 -0.7716296   1.6208126
  0.86892705  0.87861499]
mylog        Mon, 03 Jul 2017 17:56:40 DEBUG    valid: 002001_2014-03-13_[-0.95966644 -0.84536184 -0.88911112 -0.73141692  1.42695972  0.94682856
  1.05176805 -0.95966644 -0.84536184 -0.88911112 -0.73141692  1.42695972
  0.94682856  1.05176805]
mylog        Mon, 03 Jul 2017 17:56:40 DEBUG    valid: 002001_2014-03-12_[-0.95082119 -0.86860008 -0.88415424 -0.72139421  1.42872598  0.94529109
  1.05095265 -0.95082119 -0.86860008 -0.88415424 -0.72139421  1.42872598
  0.94529109  1.05095265]
mylog        Mon, 03 Jul 2017 17:56:40 DEBUG    valid: 002001_2014-03-11_[-0.64146901 -0.99094339 -0.9831296  -0.79194358  1.43732859  0.92959197
  1.04056502 -0.64146901 -0.99094339 -0.9831296  -0.79194358  1.43732859
  0.92959197  1.04056502]
mylog        Mon, 03 Jul 2017 17:56:41 DEBUG    valid: 002001_2014-03-10_[-0.76755833 -0.98864316 -0.92703547 -0.73618734  1.43280387  0.93938878
  1.04723166 -0.76755833 -0.98864316 -0.92703547 -0.73618734  1.43280387
  0.93938878  1.04723166]
mylog        Mon, 03 Jul 2017 17:56:41 DEBUG    invalid: 002001_2014-03-09_None
mylog        Mon, 03 Jul 2017 17:56:41 DEBUG    invalid: 002001_2014-03-08_None
mylog        Mon, 03 Jul 2017 17:56:41 DEBUG    valid: 002001_2014-03-07_[-1.02937243 -0.91760238 -0.83633508 -0.62916209  1.41581278  0.94710862
  1.04955057 -1.02937243 -0.91760238 -0.83633508 -0.62916209  1.41581278
  0.94710862  1.04955057]
mylog        Mon, 03 Jul 2017 17:56:42 DEBUG    valid: 002001_2014-03-06_[-0.98800909 -0.91805648 -0.84134953 -0.65600372  1.45146997  0.85150927
  1.10043959 -0.98800909 -0.91805648 -0.84134953 -0.65600372  1.45146997
  0.85150927  1.10043959]
mylog        Mon, 03 Jul 2017 17:56:42 DEBUG    valid: 002001_2014-03-05_[-1.01605038 -0.8965203  -0.81482664 -0.67489407  1.4547589   0.84786217
  1.09967032 -1.01605038 -0.8965203  -0.81482664 -0.67489407  1.4547589
  0.84786217  1.09967032]
mylog        Mon, 03 Jul 2017 17:56:42 DEBUG    valid: 002001_2014-03-04_[-0.9165728  -0.93218879 -0.83465256 -0.72433638  1.46738984  0.84003137
  1.10032933 -0.9165728  -0.93218879 -0.83465256 -0.72433638  1.46738984
  0.84003137  1.10032933]
mylog        Mon, 03 Jul 2017 17:56:43 DEBUG    valid: 002001_2014-03-03_[-0.98972405 -0.91398654 -0.77454026 -0.72371621  1.46953668  0.83446634
  1.09796404 -0.98972405 -0.91398654 -0.77454026 -0.72371621  1.46953668
  0.83446634  1.09796404]
mylog        Mon, 03 Jul 2017 17:56:43 DEBUG    invalid: 002001_2014-03-02_None
mylog        Mon, 03 Jul 2017 17:56:43 DEBUG    invalid: 002001_2014-03-01_None
mylog        Mon, 03 Jul 2017 17:56:43 DEBUG    valid: 002001_2014-02-28_[-1.04058986 -0.9103398  -0.71842535 -0.72532835  1.46819671  0.83106731
  1.09541934 -1.04058986 -0.9103398  -0.71842535 -0.72532835  1.46819671
  0.83106731  1.09541934]
mylog        Mon, 03 Jul 2017 17:56:44 DEBUG    valid: 002001_2014-02-27_[-0.94857004 -0.95110989 -0.73564097 -0.77216713  1.34877543  0.78455922
  1.27415338 -0.94857004 -0.95110989 -0.73564097 -0.77216713  1.34877543
  0.78455922  1.27415338]
mylog        Mon, 03 Jul 2017 17:56:44 DEBUG    valid: 002001_2014-02-26_[-1.03473677 -0.88539254 -0.70194405 -0.7799093   1.34621192  0.78392562
  1.27184511 -1.03473677 -0.88539254 -0.70194405 -0.7799093   1.34621192
  0.78392562  1.27184511]
mylog        Mon, 03 Jul 2017 17:56:44 DEBUG    valid: 002001_2014-02-25_[-0.86686439 -0.91875938 -0.73844317 -0.88409926  1.35884037  0.76855532
  1.2807705  -0.86686439 -0.91875938 -0.73844317 -0.88409926  1.35884037
  0.76855532  1.2807705 ]
mylog        Mon, 03 Jul 2017 17:56:45 DEBUG    valid: 002001_2014-02-24_[-1.06621678 -0.74448615 -0.70514108 -0.87885194  1.35017543  0.77095197
  1.27356855 -1.06621678 -0.74448615 -0.70514108 -0.87885194  1.35017543
  0.77095197  1.27356855]
mylog        Mon, 03 Jul 2017 17:56:45 DEBUG    invalid: 002001_2014-02-23_None
mylog        Mon, 03 Jul 2017 17:56:45 DEBUG    invalid: 002001_2014-02-22_None
mylog        Mon, 03 Jul 2017 17:56:45 DEBUG    valid: 002001_2014-02-21_[-1.09107833 -0.6549895  -0.69785722 -0.93687227  1.34984759  0.75921762
  1.27173211 -1.09107833 -0.6549895  -0.69785722 -0.93687227  1.34984759
  0.75921762  1.27173211]
mylog        Mon, 03 Jul 2017 17:56:46 DEBUG    valid: 002001_2014-02-20_[-0.82273414 -0.64705126 -0.78180572 -1.11080266  0.9608234   0.84555377
  1.55601661 -0.82273414 -0.64705126 -0.78180572 -1.11080266  0.9608234
  0.84555377  1.55601661]
mylog        Mon, 03 Jul 2017 17:56:46 DEBUG    valid: 002001_2014-02-19_[-0.88200492 -0.60013187 -0.7978428  -1.08475612  0.96604568  0.85397646
  1.54471357 -0.88200492 -0.60013187 -0.7978428  -1.08475612  0.96604568
  0.85397646  1.54471357]
mylog        Mon, 03 Jul 2017 17:56:46 DEBUG    valid: 002001_2014-02-18_[-0.1472597  -0.70918359 -1.01421521 -1.3201569   0.89838205  0.77933057
  1.51310279 -0.1472597  -0.70918359 -1.01421521 -1.3201569   0.89838205
  0.77933057  1.51310279]
mylog        Mon, 03 Jul 2017 17:56:47 DEBUG    valid: 002001_2014-02-17_[-0.42451383 -0.74652297 -0.90659155 -1.23119964  0.94728574  0.83512716
  1.52641508 -0.42451383 -0.74652297 -0.90659155 -1.23119964  0.94728574
  0.83512716  1.52641508]
mylog        Mon, 03 Jul 2017 17:56:47 DEBUG    invalid: 002001_2014-02-16_None
mylog        Mon, 03 Jul 2017 17:56:47 DEBUG    invalid: 002001_2014-02-15_None
mylog        Mon, 03 Jul 2017 17:56:47 DEBUG    valid: 002001_2014-02-14_[-0.78093745 -0.64874043 -0.82588911 -1.11855554  0.97903141  0.8740645
  1.52102662 -0.78093745 -0.64874043 -0.82588911 -1.11855554  0.97903141
  0.8740645   1.52102662]
mylog        Mon, 03 Jul 2017 17:56:48 DEBUG    valid: 002001_2014-02-13_[-0.59872549 -0.67506559 -0.80610303 -1.1316857   0.47644088  0.98822054
  1.74691839 -0.59872549 -0.67506559 -0.80610303 -1.1316857   0.47644088
  0.98822054  1.74691839]
mylog        Mon, 03 Jul 2017 17:56:48 DEBUG    valid: 002001_2014-02-12_[-0.41852596 -0.79043399 -0.8581518  -1.1266499   0.47891022  0.98344612
  1.73140531 -0.41852596 -0.79043399 -0.8581518  -1.1266499   0.47891022
  0.98344612  1.73140531]
mylog        Mon, 03 Jul 2017 17:56:48 DEBUG    valid: 002001_2014-02-11_[-0.59791771 -0.79143248 -0.82901853 -1.03851824  0.53010679  1.00866561
  1.71811457 -0.59791771 -0.79143248 -0.82901853 -1.03851824  0.53010679
  1.00866561  1.71811457]
mylog        Mon, 03 Jul 2017 17:56:49 DEBUG    valid: 002001_2014-02-10_[-0.37293883 -0.76468354 -0.94782677 -1.11199526  0.50302577  0.98784466
  1.70657396 -0.37293883 -0.76468354 -0.94782677 -1.11199526  0.50302577
  0.98784466  1.70657396]
mylog        Mon, 03 Jul 2017 17:56:49 DEBUG    invalid: 002001_2014-02-09_None
mylog        Mon, 03 Jul 2017 17:56:49 DEBUG    invalid: 002001_2014-02-08_None
mylog        Mon, 03 Jul 2017 17:56:50 DEBUG    valid: 002001_2014-02-07_[-0.85040618 -0.67664143 -0.84068318 -0.93011983  0.58106483  1.02748828
  1.68929752 -0.85040618 -0.67664143 -0.84068318 -0.93011983  0.58106483
  1.02748828  1.68929752]
mylog        Mon, 03 Jul 2017 17:56:50 DEBUG    invalid: 002001_2014-02-06_None
mylog        Mon, 03 Jul 2017 17:56:50 DEBUG    invalid: 002001_2014-02-05_None
mylog        Mon, 03 Jul 2017 17:56:50 DEBUG    invalid: 002001_2014-02-04_None
mylog        Mon, 03 Jul 2017 17:56:50 DEBUG    invalid: 002001_2014-02-03_None
mylog        Mon, 03 Jul 2017 17:56:50 DEBUG    invalid: 002001_2014-02-02_None
mylog        Mon, 03 Jul 2017 17:56:51 DEBUG    invalid: 002001_2014-02-01_None
mylog        Mon, 03 Jul 2017 17:56:51 DEBUG    invalid: 002001_2014-01-31_None
mylog        Mon, 03 Jul 2017 17:56:51 DEBUG    valid: 002001_2014-01-30_[-0.93624939 -0.66882278 -0.86092629 -0.90547023  0.71434145  1.13543611
  1.52169113 -0.93624939 -0.66882278 -0.86092629 -0.90547023  0.71434145
  1.13543611  1.52169113]
mylog        Mon, 03 Jul 2017 17:56:51 DEBUG    valid: 002001_2014-01-29_[-0.78873095 -0.7011343  -0.88411078 -0.92253156  0.47012992  1.27467834
  1.55169933 -0.78873095 -0.7011343  -0.88411078 -0.92253156  0.47012992
  1.27467834  1.55169933]
mylog        Mon, 03 Jul 2017 17:56:52 DEBUG    valid: 002001_2014-01-28_[-0.31852889 -0.84472723 -1.00978455 -1.03271703  0.41934979  1.25017045
  1.53623746 -0.31852889 -0.84472723 -1.00978455 -1.03271703  0.41934979
  1.25017045  1.53623746]
mylog        Mon, 03 Jul 2017 17:56:52 DEBUG    valid: 002001_2014-01-27_[-0.6403005  -0.84856538 -0.9232202  -0.89219853  0.49767285  1.27029226
  1.5363195  -0.6403005  -0.84856538 -0.9232202  -0.89219853  0.49767285
  1.27029226  1.5363195 ]
mylog        Mon, 03 Jul 2017 17:56:52 DEBUG    invalid: 002001_2014-01-26_None
mylog        Mon, 03 Jul 2017 17:56:52 DEBUG    invalid: 002001_2014-01-25_None
mylog        Mon, 03 Jul 2017 17:56:53 DEBUG    valid: 002001_2014-01-24_[-0.64728945 -0.87789489 -0.92051005 -0.86507717  0.51097377  1.26933922
  1.53045856 -0.64728945 -0.87789489 -0.92051005 -0.86507717  0.51097377
  1.26933922  1.53045856]
mylog        Mon, 03 Jul 2017 17:56:53 DEBUG    valid: 002001_2014-01-23_[-0.78816686 -0.84935628 -0.86850331 -0.79235955  0.48888995  1.19307863
  1.61641741 -0.78816686 -0.84935628 -0.86850331 -0.79235955  0.48888995
  1.19307863  1.61641741]
mylog        Mon, 03 Jul 2017 17:56:54 DEBUG    valid: 002001_2014-01-22_[-0.82937737 -0.841531   -0.84158509 -0.7874711   0.49089765  1.19337767
  1.61568925 -0.82937737 -0.841531   -0.84158509 -0.7874711   0.49089765
  1.19337767  1.61568925]
mylog        Mon, 03 Jul 2017 17:56:54 DEBUG    valid: 002001_2014-01-21_[-0.88000302 -0.82928132 -0.82413945 -0.76839185  0.49691608  1.19316651
  1.61173304 -0.88000302 -0.82928132 -0.82413945 -0.76839185  0.49691608
  1.19316651  1.61173304]
mylog        Mon, 03 Jul 2017 17:56:54 DEBUG    valid: 002001_2014-01-20_[-0.84296795 -0.85537297 -0.82312087 -0.77871261  0.4920172   1.19328668
  1.61487052 -0.84296795 -0.85537297 -0.82312087 -0.77871261  0.4920172
  1.19328668  1.61487052]
mylog        Mon, 03 Jul 2017 17:56:54 DEBUG    invalid: 002001_2014-01-19_None
mylog        Mon, 03 Jul 2017 17:56:55 DEBUG    invalid: 002001_2014-01-18_None
mylog        Mon, 03 Jul 2017 17:56:55 DEBUG    valid: 002001_2014-01-17_[-0.86282303 -0.86389966 -0.7975203  -0.77476072  0.49083588  1.19301775
  1.61515008 -0.86282303 -0.86389966 -0.7975203  -0.77476072  0.49083588
  1.19301775  1.61515008]
mylog        Mon, 03 Jul 2017 17:56:55 DEBUG    valid: 002001_2014-01-16_[-0.81085013 -0.91881797 -0.79827861 -0.81299069  0.61296843  1.1365473
  1.59142167 -0.81085013 -0.91881797 -0.79827861 -0.81299069  0.61296843
  1.1365473   1.59142167]
mylog        Mon, 03 Jul 2017 17:56:56 DEBUG    valid: 002001_2014-01-15_[-0.8858315  -0.87057145 -0.78307539 -0.80299454  0.61563242  1.13696068
  1.58987979 -0.8858315  -0.87057145 -0.78307539 -0.80299454  0.61563242
  1.13696068  1.58987979]
mylog        Mon, 03 Jul 2017 17:56:56 DEBUG    valid: 002001_2014-01-14_[-0.95764547 -0.84403513 -0.75990665 -0.77944862  0.62078418  1.13622412
  1.58402757 -0.95764547 -0.84403513 -0.75990665 -0.77944862  0.62078418
  1.13622412  1.58402757]
mylog        Mon, 03 Jul 2017 17:56:56 DEBUG    valid: 002001_2014-01-13_[-0.91503366 -0.8376824  -0.78210328 -0.80550925  0.61186108  1.13638573
  1.59208178 -0.91503366 -0.8376824  -0.78210328 -0.80550925  0.61186108
  1.13638573  1.59208178]
mylog        Mon, 03 Jul 2017 17:56:56 DEBUG    invalid: 002001_2014-01-12_None
mylog        Mon, 03 Jul 2017 17:56:57 DEBUG    invalid: 002001_2014-01-11_None
mylog        Mon, 03 Jul 2017 17:56:57 DEBUG    valid: 002001_2014-01-10_[-0.98921915 -0.77612542 -0.76939749 -0.80014839  0.61083375  1.13453709
  1.58951961 -0.98921915 -0.77612542 -0.76939749 -0.80014839  0.61083375
  1.13453709  1.58951961]
mylog        Mon, 03 Jul 2017 17:56:57 DEBUG    valid: 002001_2014-01-09_[-0.75382834 -0.81715454 -0.89424601 -0.92957055  0.85656213  0.99967385
  1.53856344 -0.75382834 -0.81715454 -0.89424601 -0.92957055  0.85656213
  0.99967385  1.53856344]
mylog        Mon, 03 Jul 2017 17:56:58 DEBUG    valid: 002001_2014-01-08_[-0.93426431 -0.77098297 -0.84054359 -0.85489168  0.86835785  1.00635225
  1.52597246 -0.93426431 -0.77098297 -0.84054359 -0.85489168  0.86835785
  1.00635225  1.52597246]
mylog        Mon, 03 Jul 2017 17:56:58 DEBUG    valid: 002001_2014-01-07_[-0.8761027  -0.79598897 -0.86262678 -0.86673     0.86511798  1.00493103
  1.53139944 -0.8761027  -0.79598897 -0.86262678 -0.86673     0.86511798
  1.00493103  1.53139944]
mylog        Mon, 03 Jul 2017 17:56:58 DEBUG    valid: 002001_2014-01-06_[-0.7384574  -0.85229098 -0.90892223 -0.89594864  0.85825452  1.00062782
  1.5367369  -0.7384574  -0.85229098 -0.90892223 -0.89594864  0.85825452
  1.00062782  1.5367369 ]
mylog        Mon, 03 Jul 2017 17:56:58 DEBUG    invalid: 002001_2014-01-05_None
mylog        Mon, 03 Jul 2017 17:56:59 DEBUG    invalid: 002001_2014-01-04_None
mylog        Mon, 03 Jul 2017 17:56:59 DEBUG    valid: 002001_2014-01-03_[-0.64864238 -0.90431584 -0.93820872 -0.89481701  0.85349386  0.99667311
  1.53581698 -0.64864238 -0.90431584 -0.93820872 -0.89481701  0.85349386
  0.99667311  1.53581698]
mylog        Mon, 03 Jul 2017 17:56:59 DEBUG    valid: 002001_2014-01-02_[-0.82101501 -0.89815343 -0.89564844 -0.8053898   0.98889111  0.95598239
  1.47533318 -0.82101501 -0.89815343 -0.89564844 -0.8053898   0.98889111
  0.95598239  1.47533318]
mylog        Mon, 03 Jul 2017 17:56:59 DEBUG    invalid: 002001_2014-01-01_None
mylog        Mon, 03 Jul 2017 17:57:00 DEBUG    valid: 002001_2013-12-31_[-0.90780085 -0.88475604 -0.87125316 -0.7559034   0.99082332  0.958371
  1.47051914 -0.90780085 -0.88475604 -0.87125316 -0.7559034   0.99082332
  0.958371    1.47051914]
mylog        Mon, 03 Jul 2017 17:57:00 DEBUG    valid: 002001_2013-12-30_[-0.91574769 -0.87905936 -0.8701002  -0.75455466  0.99066025  0.95819068
  1.47061097 -0.91574769 -0.87905936 -0.8701002  -0.75455466  0.99066025
  0.95819068  1.47061097]
mylog        Mon, 03 Jul 2017 17:57:00 DEBUG    invalid: 002001_2013-12-29_None
mylog        Mon, 03 Jul 2017 17:57:00 DEBUG    invalid: 002001_2013-12-28_None
mylog        Mon, 03 Jul 2017 17:57:01 DEBUG    valid: 002001_2013-12-27_[-0.86362877 -0.90010326 -0.89049391 -0.76502806  0.98881141  0.95595447
  1.47448811 -0.86362877 -0.90010326 -0.89049391 -0.76502806  0.98881141
  0.95595447  1.47448811]
mylog        Mon, 03 Jul 2017 17:57:01 DEBUG    valid: 002001_2013-12-26_[-0.91014986 -0.88531067 -0.88619759 -0.76227082  1.15833475  0.95875975
  1.32683444 -0.91014986 -0.88531067 -0.88619759 -0.76227082  1.15833475
  0.95875975  1.32683444]
mylog        Mon, 03 Jul 2017 17:57:01 DEBUG    valid: 002001_2013-12-25_[-0.8948252  -0.89267664 -0.8919635  -0.76455281  1.15841184  0.95792439
  1.32768191 -0.8948252  -0.89267664 -0.8919635  -0.76455281  1.15841184
  0.95792439  1.32768191]
mylog        Mon, 03 Jul 2017 17:57:02 DEBUG    valid: 002001_2013-12-24_[-0.90541648 -0.89124197 -0.88160579 -0.76566993  1.15841009  0.95741711
  1.32810696 -0.90541648 -0.89124197 -0.88160579 -0.76566993  1.15841009
  0.95741711  1.32810696]
mylog        Mon, 03 Jul 2017 17:57:02 DEBUG    valid: 002001_2013-12-23_[-0.93318589 -0.89790936 -0.86610735 -0.74474408  1.15776798  0.95638214
  1.32779656 -0.93318589 -0.89790936 -0.86610735 -0.74474408  1.15776798
  0.95638214  1.32779656]
mylog        Mon, 03 Jul 2017 17:57:02 DEBUG    invalid: 002001_2013-12-22_None
mylog        Mon, 03 Jul 2017 17:57:03 DEBUG    invalid: 002001_2013-12-21_None
mylog        Mon, 03 Jul 2017 17:57:03 DEBUG    valid: 002001_2013-12-20_[-0.87539757 -0.92568028 -0.87548967 -0.76647542  1.15829656  0.95376721
  1.33097918 -0.87539757 -0.92568028 -0.87548967 -0.76647542  1.15829656
  0.95376721  1.33097918]
mylog        Mon, 03 Jul 2017 17:57:03 DEBUG    valid: 002001_2013-12-19_[-0.94054079 -0.92718061 -0.8314113  -0.75560069  1.10861124  1.09438909
  1.25173305 -0.94054079 -0.92718061 -0.8314113  -0.75560069  1.10861124
  1.09438909  1.25173305]
mylog        Mon, 03 Jul 2017 17:57:04 DEBUG    valid: 002001_2013-12-18_[-0.92624909 -0.95542712 -0.80072106 -0.77169561  1.10771346  1.09326481
  1.25311462 -0.92624909 -0.95542712 -0.80072106 -0.77169561  1.10771346
  1.09326481  1.25311462]
mylog        Mon, 03 Jul 2017 17:57:04 DEBUG    valid: 002001_2013-12-17_[-0.98355756 -0.94028712 -0.76556013 -0.7607617   1.10624181  1.09173925
  1.25218547 -0.98355756 -0.94028712 -0.76556013 -0.7607617   1.10624181
  1.09173925  1.25218547]
mylog        Mon, 03 Jul 2017 17:57:04 DEBUG    valid: 002001_2013-12-16_[-0.99862475 -0.91824141 -0.78185571 -0.75135861  1.10578803  1.09114476
  1.2531477  -0.99862475 -0.91824141 -0.78185571 -0.75135861  1.10578803
  1.09114476  1.2531477 ]
mylog        Mon, 03 Jul 2017 17:57:04 DEBUG    invalid: 002001_2013-12-15_None
mylog        Mon, 03 Jul 2017 17:57:05 DEBUG    invalid: 002001_2013-12-14_None
mylog        Mon, 03 Jul 2017 17:57:05 DEBUG    valid: 002001_2013-12-13_[-1.01312566 -0.90220219 -0.78509495 -0.74890515  1.10504124  1.09023381
  1.2540529  -1.01312566 -0.90220219 -0.78509495 -0.74890515  1.10504124
  1.09023381  1.2540529 ]
mylog        Mon, 03 Jul 2017 17:57:05 DEBUG    valid: 002001_2013-12-12_[-1.04315158 -0.84575207 -0.78792891 -0.76080009  1.09383934  1.00800428
  1.33578903 -1.04315158 -0.84575207 -0.78792891 -0.76080009  1.09383934
  1.00800428  1.33578903]
mylog        Mon, 03 Jul 2017 17:57:06 DEBUG    valid: 002001_2013-12-11_[-0.96749871 -0.78875315 -0.85286171 -0.83518448  1.09397372  1.00469553
  1.34562881 -0.96749871 -0.78875315 -0.85286171 -0.83518448  1.09397372
  1.00469553  1.34562881]
mylog        Mon, 03 Jul 2017 17:57:06 DEBUG    valid: 002001_2013-12-10_[-0.94825591 -0.74103464 -0.88656078 -0.86672712  1.09275003  1.00239889
  1.34742953 -0.94825591 -0.74103464 -0.88656078 -0.86672712  1.09275003
  1.00239889  1.34742953]
mylog        Mon, 03 Jul 2017 17:57:06 DEBUG    valid: 002001_2013-12-09_[-0.95178723 -0.77530269 -0.84395231 -0.87331718  1.0935548   1.00355189
  1.34725273 -0.95178723 -0.77530269 -0.84395231 -0.87331718  1.0935548
  1.00355189  1.34725273]
mylog        Mon, 03 Jul 2017 17:57:06 DEBUG    invalid: 002001_2013-12-08_None
mylog        Mon, 03 Jul 2017 17:57:07 DEBUG    invalid: 002001_2013-12-07_None
mylog        Mon, 03 Jul 2017 17:57:07 DEBUG    valid: 002001_2013-12-06_[-0.73579695 -0.83870295 -0.91478239 -0.95129439  1.09060018  0.99780356
  1.35217294 -0.73579695 -0.83870295 -0.91478239 -0.95129439  1.09060018
  0.99780356  1.35217294]
mylog        Mon, 03 Jul 2017 17:57:07 DEBUG    valid: 002001_2013-12-05_[-0.5158059  -0.89909442 -0.96142939 -1.00090855  0.79933552  1.15169143
  1.42621131 -0.5158059  -0.89909442 -0.96142939 -1.00090855  0.79933552
  1.15169143  1.42621131]
mylog        Mon, 03 Jul 2017 17:57:08 DEBUG    valid: 002001_2013-12-04_[-0.61177007 -0.93270765 -0.91189519 -0.94318928  0.81959123  1.15811417
  1.42185679 -0.61177007 -0.93270765 -0.91189519 -0.94318928  0.81959123
  1.15811417  1.42185679]
mylog        Mon, 03 Jul 2017 17:57:08 DEBUG    valid: 002001_2013-12-03_[-0.98702141 -0.86314336 -0.76220096 -0.80559053  0.84856523  1.16242983
  1.4069612  -0.98702141 -0.86314336 -0.76220096 -0.80559053  0.84856523
  1.16242983  1.4069612 ]
mylog        Mon, 03 Jul 2017 17:57:08 DEBUG    valid: 002001_2013-12-02_[-0.89348632 -0.84155036 -0.78750809 -0.89690057  0.8357867   1.16398137
  1.41967726 -0.89348632 -0.84155036 -0.78750809 -0.89690057  0.8357867
  1.16398137  1.41967726]
mylog        Mon, 03 Jul 2017 17:57:08 DEBUG    invalid: 002001_2013-12-01_None
mylog        Mon, 03 Jul 2017 17:57:09 DEBUG    invalid: 002001_2013-11-30_None
mylog        Mon, 03 Jul 2017 17:57:09 DEBUG    valid: 002001_2013-11-29_[-0.8355703  -0.8777349  -0.77663661 -0.92744285  0.83165074  1.16356864
  1.42216529 -0.8355703  -0.8777349  -0.77663661 -0.92744285  0.83165074
  1.16356864  1.42216529]
mylog        Mon, 03 Jul 2017 17:57:09 DEBUG    valid: 002001_2013-11-28_[-0.95087109 -0.83722145 -0.72245134 -0.89433119  0.80725265  1.14443787
  1.45318454 -0.95087109 -0.83722145 -0.72245134 -0.89433119  0.80725265
  1.14443787  1.45318454]
mylog        Mon, 03 Jul 2017 17:57:10 DEBUG    valid: 002001_2013-11-27_[-0.9801338  -0.79227727 -0.72933453 -0.90117254  0.80746945  1.14376043
  1.45168827 -0.9801338  -0.79227727 -0.72933453 -0.90117254  0.80746945
  1.14376043  1.45168827]
mylog        Mon, 03 Jul 2017 17:57:10 DEBUG    valid: 002001_2013-11-26_[-0.60464384 -0.84649926 -0.8718094  -1.05590094  0.77687417  1.13639185
  1.46558743 -0.60464384 -0.84649926 -0.8718094  -1.05590094  0.77687417
  1.13639185  1.46558743]
mylog        Mon, 03 Jul 2017 17:57:10 DEBUG    valid: 002001_2013-11-25_[-0.94121628 -0.7113029  -0.81169714 -0.93829737  0.80558449  1.14367623
  1.45325297 -0.94121628 -0.7113029  -0.81169714 -0.93829737  0.80558449
  1.14367623  1.45325297]
mylog        Mon, 03 Jul 2017 17:57:10 DEBUG    invalid: 002001_2013-11-24_None
mylog        Mon, 03 Jul 2017 17:57:11 DEBUG    invalid: 002001_2013-11-23_None
mylog        Mon, 03 Jul 2017 17:57:11 DEBUG    valid: 002001_2013-11-22_[-0.87342339 -0.66696431 -0.872675   -0.98343697  0.79714221  1.14185779
  1.45749969 -0.87342339 -0.66696431 -0.872675   -0.98343697  0.79714221
  1.14185779  1.45749969]
mylog        Mon, 03 Jul 2017 17:57:11 DEBUG    valid: 002001_2013-11-21_[-0.81279071 -0.66619576 -0.92161552 -1.0109054   0.86282357  1.14806753
  1.40061629 -0.81279071 -0.66619576 -0.92161552 -1.0109054   0.86282357
  1.14806753  1.40061629]
mylog        Mon, 03 Jul 2017 17:57:12 DEBUG    valid: 002001_2013-11-20_[-0.64849218 -0.7456169  -0.96428385 -1.04365578  0.8580785   1.14497789
  1.39899232 -0.64849218 -0.7456169  -0.96428385 -1.04365578  0.8580785
  1.14497789  1.39899232]
mylog        Mon, 03 Jul 2017 17:57:12 DEBUG    valid: 002001_2013-11-19_[-0.49994118 -0.83574206 -0.99498239 -1.05113548  0.85317104  1.13815552
  1.39047454 -0.49994118 -0.83574206 -0.99498239 -1.05113548  0.85317104
  1.13815552  1.39047454]
mylog        Mon, 03 Jul 2017 17:57:12 DEBUG    valid: 002001_2013-11-18_[-0.52593202 -0.90070298 -0.97931634 -0.98881192  0.86781137  1.1420663
  1.3848856  -0.52593202 -0.90070298 -0.97931634 -0.98881192  0.86781137
  1.1420663   1.3848856 ]
mylog        Mon, 03 Jul 2017 17:57:12 DEBUG    invalid: 002001_2013-11-17_None
mylog        Mon, 03 Jul 2017 17:57:13 DEBUG    invalid: 002001_2013-11-16_None
mylog        Mon, 03 Jul 2017 17:57:13 DEBUG    valid: 002001_2013-11-15_[-0.65208329 -0.9272169  -0.93150869 -0.90885918  0.88674034  1.14994572
  1.38298199 -0.65208329 -0.9272169  -0.93150869 -0.90885918  0.88674034
  1.14994572  1.38298199]
mylog        Mon, 03 Jul 2017 17:57:13 DEBUG    valid: 002001_2013-11-14_[-0.8672311  -0.89636029 -0.87006855 -0.82764883  1.08597765  1.21913133
  1.15619978 -0.8672311  -0.89636029 -0.87006855 -0.82764883  1.08597765
  1.21913133  1.15619978]
mylog        Mon, 03 Jul 2017 17:57:14 DEBUG    valid: 002001_2013-11-13_[-0.85621299 -0.89664869 -0.88845706 -0.81965566  1.08558406  1.2192919
  1.15609844 -0.85621299 -0.89664869 -0.88845706 -0.81965566  1.08558406
  1.2192919   1.15609844]
mylog        Mon, 03 Jul 2017 17:57:14 DEBUG    valid: 002001_2013-11-12_[-0.93460042 -0.864491   -0.876978   -0.7829515   1.0855027   1.21809137
  1.15542685 -0.93460042 -0.864491   -0.876978   -0.7829515   1.0855027
  1.21809137  1.15542685]
mylog        Mon, 03 Jul 2017 17:57:14 DEBUG    valid: 002001_2013-11-11_[-0.9378593  -0.87564651 -0.87180172 -0.77313691  1.08477726  1.21841337
  1.15525381 -0.9378593  -0.87564651 -0.87180172 -0.77313691  1.08477726
  1.21841337  1.15525381]
mylog        Mon, 03 Jul 2017 17:57:14 DEBUG    invalid: 002001_2013-11-10_None
mylog        Mon, 03 Jul 2017 17:57:15 DEBUG    invalid: 002001_2013-11-09_None
mylog        Mon, 03 Jul 2017 17:57:15 DEBUG    valid: 002001_2013-11-08_[-0.93009904 -0.88016185 -0.8855853  -0.76215289  1.08373971  1.21912214
  1.15513723 -0.93009904 -0.88016185 -0.8855853  -0.76215289  1.08373971
  1.21912214  1.15513723]
mylog        Mon, 03 Jul 2017 17:57:15 DEBUG    valid: 002001_2013-11-07_[-0.88521142 -0.90409005 -0.8960839  -0.74701873  0.89545933  1.36367416
  1.17327062 -0.88521142 -0.90409005 -0.8960839  -0.74701873  0.89545933
  1.36367416  1.17327062]
mylog        Mon, 03 Jul 2017 17:57:16 DEBUG    valid: 002001_2013-11-06_[-0.84024339 -0.94756832 -0.91572097 -0.72536213  0.89270492  1.36390338
  1.17228652 -0.84024339 -0.94756832 -0.91572097 -0.72536213  0.89270492
  1.36390338  1.17228652]
mylog        Mon, 03 Jul 2017 17:57:16 DEBUG    valid: 002001_2013-11-05_[-0.95390659 -0.93283782 -0.86932137 -0.66857234  0.89637226  1.35799417
  1.17027169 -0.95390659 -0.93283782 -0.86932137 -0.66857234  0.89637226
  1.35799417  1.17027169]
mylog        Mon, 03 Jul 2017 17:57:16 DEBUG    valid: 002001_2013-11-04_[-0.89998143 -0.94115211 -0.89813855 -0.68690653  0.8911662   1.3635571
  1.17145532 -0.89998143 -0.94115211 -0.89813855 -0.68690653  0.8911662
  1.3635571   1.17145532]
mylog        Mon, 03 Jul 2017 17:57:16 DEBUG    invalid: 002001_2013-11-03_None
mylog        Mon, 03 Jul 2017 17:57:17 DEBUG    invalid: 002001_2013-11-02_None
mylog        Mon, 03 Jul 2017 17:57:17 DEBUG    valid: 002001_2013-11-01_[-0.9557983  -0.92517118 -0.87007362 -0.67329177  0.8921175   1.3615601
  1.17065727 -0.9557983  -0.92517118 -0.87007362 -0.67329177  0.8921175
  1.3615601   1.17065727]
mylog        Mon, 03 Jul 2017 17:57:17 DEBUG    valid: 002001_2013-10-31_[-1.02257051 -0.89047217 -0.84885634 -0.67456902  1.14444125  1.30312682
  0.98889997 -1.02257051 -0.89047217 -0.84885634 -0.67456902  1.14444125
  1.30312682  0.98889997]
mylog        Mon, 03 Jul 2017 17:57:18 DEBUG    valid: 002001_2013-10-30_[-0.9956333  -0.91043556 -0.84360785 -0.68919017  1.14522132  1.30686537
  0.98678019 -0.9956333  -0.91043556 -0.84360785 -0.68919017  1.14522132
  1.30686537  0.98678019]
mylog        Mon, 03 Jul 2017 17:57:18 DEBUG    valid: 002001_2013-10-29_[-0.89984067 -0.94470678 -0.8658053  -0.73398207  1.1470055   1.31447293
  0.98285638 -0.89984067 -0.94470678 -0.8658053  -0.73398207  1.1470055
  1.31447293  0.98285638]
mylog        Mon, 03 Jul 2017 17:57:18 DEBUG    valid: 002001_2013-10-28_[-0.96643903 -0.94059646 -0.82834774 -0.7045155   1.14553201  1.31221202
  0.9821547  -0.96643903 -0.94059646 -0.82834774 -0.7045155   1.14553201
  1.31221202  0.9821547 ]
mylog        Mon, 03 Jul 2017 17:57:18 DEBUG    invalid: 002001_2013-10-27_None
mylog        Mon, 03 Jul 2017 17:57:19 DEBUG    invalid: 002001_2013-10-26_None
mylog        Mon, 03 Jul 2017 17:57:19 DEBUG    valid: 002001_2013-10-25_[-0.95413882 -0.95865702 -0.81115422 -0.71563734  1.14540395  1.31576118
  0.97842228 -0.95413882 -0.95865702 -0.81115422 -0.71563734  1.14540395
  1.31576118  0.97842228]
mylog        Mon, 03 Jul 2017 17:57:19 DEBUG    valid: 002001_2013-10-24_[-1.06437224 -0.92809771 -0.73478221 -0.6913553   1.03183324  1.38683469
  0.99993952 -1.06437224 -0.92809771 -0.73478221 -0.6913553   1.03183324
  1.38683469  0.99993952]
mylog        Mon, 03 Jul 2017 17:57:20 DEBUG    valid: 002001_2013-10-23_[-0.98275081 -0.94494525 -0.73837214 -0.76140976  1.03008867  1.40058657
  0.99680273 -0.98275081 -0.94494525 -0.73837214 -0.76140976  1.03008867
  1.40058657  0.99680273]
mylog        Mon, 03 Jul 2017 17:57:20 DEBUG    valid: 002001_2013-10-22_[-1.03914276 -0.90005239 -0.71611543 -0.76783203  1.02794115  1.40075424
  0.99444721 -1.03914276 -0.90005239 -0.71611543 -0.76783203  1.02794115
  1.40075424  0.99444721]
mylog        Mon, 03 Jul 2017 17:57:20 DEBUG    valid: 002001_2013-10-21_[-1.0035203  -0.88303097 -0.73179105 -0.80917379  1.02652528  1.40881047
  0.99218036 -1.0035203  -0.88303097 -0.73179105 -0.80917379  1.02652528
  1.40881047  0.99218036]
mylog        Mon, 03 Jul 2017 17:57:21 DEBUG    invalid: 002001_2013-10-20_None
mylog        Mon, 03 Jul 2017 17:57:21 DEBUG    invalid: 002001_2013-10-19_None
mylog        Mon, 03 Jul 2017 17:57:21 DEBUG    valid: 002001_2013-10-18_[-1.0551382  -0.79661566 -0.75361472 -0.81811802  1.02457988  1.4088501
  0.99005661 -1.0551382  -0.79661566 -0.75361472 -0.81811802  1.02457988
  1.4088501   0.99005661]
mylog        Mon, 03 Jul 2017 17:57:21 DEBUG    valid: 002001_2013-10-17_[-0.95727629 -0.74667951 -0.82295501 -0.88540867  0.97314125  1.48706736
  0.95211088 -0.95727629 -0.74667951 -0.82295501 -0.88540867  0.97314125
  1.48706736  0.95211088]
mylog        Mon, 03 Jul 2017 17:57:22 DEBUG    valid: 002001_2013-10-16_[-0.8842033  -0.70987957 -0.88329884 -0.93128064  0.96742748  1.49541308
  0.94582178 -0.8842033  -0.70987957 -0.88329884 -0.93128064  0.96742748
  1.49541308  0.94582178]
mylog        Mon, 03 Jul 2017 17:57:22 DEBUG    valid: 002001_2013-10-15_[-0.89268504 -0.69491258 -0.89082357 -0.92904996  0.96726542  1.49451593
  0.94568981 -0.89268504 -0.69491258 -0.89082357 -0.92904996  0.96726542
  1.49451593  0.94568981]
mylog        Mon, 03 Jul 2017 17:57:22 DEBUG    valid: 002001_2013-10-14_[-0.6907829  -0.76432391 -0.94069678 -1.00100775  0.95840078  1.50226525
  0.93614531 -0.6907829  -0.76432391 -0.94069678 -1.00100775  0.95840078
  1.50226525  0.93614531]
mylog        Mon, 03 Jul 2017 17:57:23 DEBUG    invalid: 002001_2013-10-13_None
mylog        Mon, 03 Jul 2017 17:57:23 DEBUG    invalid: 002001_2013-10-12_None
mylog        Mon, 03 Jul 2017 17:57:23 DEBUG    valid: 002001_2013-10-11_[-0.60331946 -0.87353706 -0.91775577 -0.99743024  0.95898704  1.49604541
  0.93701008 -0.60331946 -0.87353706 -0.91775577 -0.99743024  0.95898704
  1.49604541  0.93701008]
mylog        Mon, 03 Jul 2017 17:57:23 DEBUG    valid: 002001_2013-10-10_[-0.5645193  -0.95716706 -0.92432026 -0.96751777  1.22655931  1.29202056
  0.89494453 -0.5645193  -0.95716706 -0.92432026 -0.96751777  1.22655931
  1.29202056  0.89494453]
mylog        Mon, 03 Jul 2017 17:57:24 DEBUG    valid: 002001_2013-10-09_[-0.72243005 -0.95078856 -0.88871527 -0.87465509  1.23019274  1.29266215
  0.91373408 -0.72243005 -0.95078856 -0.88871527 -0.87465509  1.23019274
  1.29266215  0.91373408]
mylog        Mon, 03 Jul 2017 17:57:24 DEBUG    valid: 002001_2013-10-08_[-0.80553848 -0.95284117 -0.88331133 -0.79850694  1.23026869  1.29190652
  0.91802271 -0.80553848 -0.95284117 -0.88331133 -0.79850694  1.23026869
  1.29190652  0.91802271]
mylog        Mon, 03 Jul 2017 17:57:24 DEBUG    invalid: 002001_2013-10-07_None
mylog        Mon, 03 Jul 2017 17:57:24 DEBUG    invalid: 002001_2013-10-06_None
mylog        Mon, 03 Jul 2017 17:57:25 DEBUG    invalid: 002001_2013-10-05_None
mylog        Mon, 03 Jul 2017 17:57:25 DEBUG    invalid: 002001_2013-10-04_None
mylog        Mon, 03 Jul 2017 17:57:25 DEBUG    invalid: 002001_2013-10-03_None
mylog        Mon, 03 Jul 2017 17:57:25 DEBUG    invalid: 002001_2013-10-02_None
mylog        Mon, 03 Jul 2017 17:57:25 DEBUG    invalid: 002001_2013-10-01_None
mylog        Mon, 03 Jul 2017 17:57:25 DEBUG    valid: 002001_2013-09-30_[-1.04695783 -0.8347948  -0.82491435 -0.72533729  1.22426083  1.28348096
  0.92426248 -1.04695783 -0.8347948  -0.82491435 -0.72533729  1.22426083
  1.28348096  0.92426248]
mylog        Mon, 03 Jul 2017 17:57:26 DEBUG    invalid: 002001_2013-09-29_None
mylog        Mon, 03 Jul 2017 17:57:26 DEBUG    invalid: 002001_2013-09-28_None
mylog        Mon, 03 Jul 2017 17:57:26 DEBUG    valid: 002001_2013-09-27_[-0.98982318 -0.77439874 -0.85680317 -0.78257138  1.42748457  1.1927578
  0.7833541  -0.98982318 -0.77439874 -0.85680317 -0.78257138  1.42748457
  1.1927578   0.7833541 ]
mylog        Mon, 03 Jul 2017 17:57:26 DEBUG    valid: 002001_2013-09-26_[-0.94029875 -0.77735222 -0.88165112 -0.81515944  1.39818992  1.21081476
  0.80545684 -0.94029875 -0.77735222 -0.88165112 -0.81515944  1.39818992
  1.21081476  0.80545684]
mylog        Mon, 03 Jul 2017 17:57:27 DEBUG    valid: 002001_2013-09-25_[-0.87970342 -0.82872489 -0.8756041  -0.83289858  1.40151022  1.21233569
  0.80308508 -0.87970342 -0.82872489 -0.8756041  -0.83289858  1.40151022
  1.21233569  0.80308508]
mylog        Mon, 03 Jul 2017 17:57:27 DEBUG    valid: 002001_2013-09-24_[-0.69437843 -0.9001484  -0.92498056 -0.88691939  1.40514642  1.21082871
  0.79045164 -0.69437843 -0.9001484  -0.92498056 -0.88691939  1.40514642
  1.21082871  0.79045164]
mylog        Mon, 03 Jul 2017 17:57:28 DEBUG    valid: 002001_2013-09-23_[-0.61065717 -0.96389669 -0.9335291  -0.8878281   1.3994284   1.20670517
  0.7897775  -0.61065717 -0.96389669 -0.9335291  -0.8878281   1.3994284
  1.20670517  0.7897775 ]
mylog        Mon, 03 Jul 2017 17:57:28 DEBUG    invalid: 002001_2013-09-22_None
mylog        Mon, 03 Jul 2017 17:57:28 DEBUG    invalid: 002001_2013-09-21_None
mylog        Mon, 03 Jul 2017 17:57:28 DEBUG    invalid: 002001_2013-09-20_None
mylog        Mon, 03 Jul 2017 17:57:28 DEBUG    invalid: 002001_2013-09-19_None
mylog        Mon, 03 Jul 2017 17:57:28 DEBUG    valid: 002001_2013-09-18_[-0.8455648  -0.92396487 -0.84993619 -0.79938859  1.39256119  1.21029709
  0.81599617 -0.8455648  -0.92396487 -0.84993619 -0.79938859  1.39256119
  1.21029709  0.81599617]
mylog        Mon, 03 Jul 2017 17:57:29 DEBUG    valid: 002001_2013-09-17_[-0.97417373 -0.86526734 -0.77438548 -0.74943951  1.55953929  1.1044561
  0.69927066 -0.97417373 -0.86526734 -0.77438548 -0.74943951  1.55953929
  1.1044561   0.69927066]
mylog        Mon, 03 Jul 2017 17:57:29 DEBUG    valid: 002001_2013-09-16_[-0.88809853 -0.86288523 -0.80634829 -0.80541429  1.57564571  1.1036653
  0.68343533 -0.88809853 -0.86288523 -0.80634829 -0.80541429  1.57564571
  1.1036653   0.68343533]
mylog        Mon, 03 Jul 2017 17:57:29 DEBUG    invalid: 002001_2013-09-15_None
mylog        Mon, 03 Jul 2017 17:57:29 DEBUG    invalid: 002001_2013-09-14_None
mylog        Mon, 03 Jul 2017 17:57:30 DEBUG    valid: 002001_2013-09-13_[-0.96589104 -0.84676403 -0.71316566 -0.8290036   1.57534505  1.10093586
  0.67854341 -0.96589104 -0.84676403 -0.71316566 -0.8290036   1.57534505
  1.10093586  0.67854341]
mylog        Mon, 03 Jul 2017 17:57:30 DEBUG    valid: 002001_2013-09-12_[-0.94864754 -0.82389841 -0.70438374 -0.83548727  1.69157791  0.97177066
  0.64906839 -0.94864754 -0.82389841 -0.70438374 -0.83548727  1.69157791
  0.97177066  0.64906839]
mylog        Mon, 03 Jul 2017 17:57:31 DEBUG    valid: 002001_2013-09-11_[-0.90746042 -0.82807946 -0.73613501 -0.84252512  1.69631028  0.97143258
  0.64645714 -0.90746042 -0.82807946 -0.73613501 -0.84252512  1.69631028
  0.97143258  0.64645714]
mylog        Mon, 03 Jul 2017 17:57:31 DEBUG    valid: 002001_2013-09-10_[-0.75430277 -0.83724276 -0.80448825 -0.91039442  1.70994526  0.96518586
  0.63129709 -0.75430277 -0.83724276 -0.80448825 -0.91039442  1.70994526
  0.96518586  0.63129709]
mylog        Mon, 03 Jul 2017 17:57:31 DEBUG    valid: 002001_2013-09-09_[-0.81017846 -0.8161524  -0.80744195 -0.87808732  1.70599335  0.96829498
  0.6375718  -0.81017846 -0.8161524  -0.80744195 -0.87808732  1.70599335
  0.96829498  0.6375718 ]
mylog        Mon, 03 Jul 2017 17:57:31 DEBUG    invalid: 002001_2013-09-08_None
mylog        Mon, 03 Jul 2017 17:57:32 DEBUG    invalid: 002001_2013-09-07_None
mylog        Mon, 03 Jul 2017 17:57:32 DEBUG    valid: 002001_2013-09-06_[-0.89845563 -0.65428454 -0.83640889 -0.90917898  1.70839202  0.96222739
  0.62770863 -0.89845563 -0.65428454 -0.83640889 -0.90917898  1.70839202
  0.96222739  0.62770863]
mylog        Mon, 03 Jul 2017 17:57:32 DEBUG    valid: 002001_2013-09-05_[-1.01697903 -0.61308279 -0.8451825  -0.89721099  1.52437689  1.06393256
  0.78414586 -1.01697903 -0.61308279 -0.8451825  -0.89721099  1.52437689
  1.06393256  0.78414586]
mylog        Mon, 03 Jul 2017 17:57:33 DEBUG    valid: 002001_2013-09-04_[-0.78230817 -0.73395246 -0.93877838 -0.92612616  1.54144188  1.06470503
  0.77501826 -0.78230817 -0.73395246 -0.93877838 -0.92612616  1.54144188
  1.06470503  0.77501826]
mylog        Mon, 03 Jul 2017 17:57:33 DEBUG    valid: 002001_2013-09-03_[-0.76433527 -0.7915037  -0.92717052 -0.90409643  1.53544729  1.0678852
  0.78377343 -0.76433527 -0.7915037  -0.92717052 -0.90409643  1.53544729
  1.0678852   0.78377343]
mylog        Mon, 03 Jul 2017 17:57:33 DEBUG    valid: 002001_2013-09-02_[ 0.16620085 -1.02659212 -1.1218987  -1.09368487  1.44675925  0.96191454
  0.66730105  0.16620085 -1.02659212 -1.1218987  -1.09368487  1.44675925
  0.96191454  0.66730105]
mylog        Mon, 03 Jul 2017 17:57:33 DEBUG    invalid: 002001_2013-09-01_None
mylog        Mon, 03 Jul 2017 17:57:34 DEBUG    invalid: 002001_2013-08-31_None
mylog        Mon, 03 Jul 2017 17:57:34 DEBUG    valid: 002001_2013-08-30_[-0.752757   -0.90549874 -0.92008742 -0.82039037  1.50642921  1.07671041
  0.81559391 -0.752757   -0.90549874 -0.92008742 -0.82039037  1.50642921
  1.07671041  0.81559391]
mylog        Mon, 03 Jul 2017 17:57:34 DEBUG    valid: 002001_2013-08-29_[-1.03790605 -0.81155232 -0.82803369 -0.73297203  1.45420019  1.05895173
  0.89731217 -1.03790605 -0.81155232 -0.82803369 -0.73297203  1.45420019
  1.05895173  0.89731217]
mylog        Mon, 03 Jul 2017 17:57:35 DEBUG    valid: 002001_2013-08-28_[-0.96520627 -0.84903764 -0.83574299 -0.76610147  1.46380134  1.0589308
  0.89335623 -0.96520627 -0.84903764 -0.83574299 -0.76610147  1.46380134
  1.0589308   0.89335623]
mylog        Mon, 03 Jul 2017 17:57:35 DEBUG    valid: 002001_2013-08-27_[-0.85161464 -0.85872032 -0.88935716 -0.81893758  1.47194     1.05798891
  0.88870079 -0.85161464 -0.85872032 -0.88935716 -0.81893758  1.47194
  1.05798891  0.88870079]
mylog        Mon, 03 Jul 2017 17:57:35 DEBUG    valid: 002001_2013-08-26_[-0.74666887 -0.88450289 -0.8882292  -0.89361379  1.4788978   1.05395094
  0.88016602 -0.74666887 -0.88450289 -0.8882292  -0.89361379  1.4788978
  1.05395094  0.88016602]
mylog        Mon, 03 Jul 2017 17:57:35 DEBUG    invalid: 002001_2013-08-25_None
mylog        Mon, 03 Jul 2017 17:57:36 DEBUG    invalid: 002001_2013-08-24_None
mylog        Mon, 03 Jul 2017 17:57:36 DEBUG    valid: 002001_2013-08-23_[-0.80517464 -0.91198921 -0.83740259 -0.86329521  1.47118611  1.05785505
  0.8888205  -0.80517464 -0.91198921 -0.83740259 -0.86329521  1.47118611
  1.05785505  0.8888205 ]
mylog        Mon, 03 Jul 2017 17:57:36 DEBUG    valid: 002001_2013-08-22_[-1.02500991 -0.86159108 -0.69875345 -0.80922176  1.51698415  0.93989582
  0.93769623 -1.02500991 -0.86159108 -0.69875345 -0.80922176  1.51698415
  0.93989582  0.93769623]
mylog        Mon, 03 Jul 2017 17:57:37 DEBUG    valid: 002001_2013-08-21_[-0.87397629 -0.89999338 -0.69457463 -0.92513218  1.53854015  0.92873031
  0.92640601 -0.87397629 -0.89999338 -0.69457463 -0.92513218  1.53854015
  0.92873031  0.92640601]
mylog        Mon, 03 Jul 2017 17:57:37 DEBUG    valid: 002001_2013-08-20_[-0.74567879 -0.9723094  -0.71631424 -0.95322261  1.53883078  0.92551597
  0.9231783  -0.74567879 -0.9723094  -0.71631424 -0.95322261  1.53883078
  0.92551597  0.9231783 ]
mylog        Mon, 03 Jul 2017 17:57:37 DEBUG    valid: 002001_2013-08-19_[-1.0836648  -0.79473315 -0.64125313 -0.86161279  1.51824297  0.93262649
  0.9303944  -1.0836648  -0.79473315 -0.64125313 -0.86161279  1.51824297
  0.93262649  0.9303944 ]
mylog        Mon, 03 Jul 2017 17:57:37 DEBUG    invalid: 002001_2013-08-18_None
mylog        Mon, 03 Jul 2017 17:57:38 DEBUG    invalid: 002001_2013-08-17_None
mylog        Mon, 03 Jul 2017 17:57:38 DEBUG    valid: 002001_2013-08-16_[-0.94801089 -0.79170651 -0.70981077 -0.94216945  1.53752313  0.92824837
  0.92592611 -0.94801089 -0.79170651 -0.70981077 -0.94216945  1.53752313
  0.92824837  0.92592611]
mylog        Mon, 03 Jul 2017 17:57:38 DEBUG    valid: 002001_2013-08-15_[-0.85777293 -0.69957044 -0.82461172 -1.05812769  1.27777479  1.03261647
  1.12969151 -0.85777293 -0.69957044 -0.82461172 -1.05812769  1.27777479
  1.03261647  1.12969151]
mylog        Mon, 03 Jul 2017 17:57:39 DEBUG    valid: 002001_2013-08-14_[-1.18703132 -0.47352189 -0.76153468 -0.96595266  1.25375677  1.02107441
  1.11320936 -1.18703132 -0.47352189 -0.76153468 -0.96595266  1.25375677
  1.02107441  1.11320936]
mylog        Mon, 03 Jul 2017 17:57:39 DEBUG    valid: 002001_2013-08-13_[-0.45503177 -0.64287514 -1.03088351 -1.23180802  1.26074277  0.99788636
  1.10196929 -0.45503177 -0.64287514 -1.03088351 -1.23180802  1.26074277
  0.99788636  1.10196929]
mylog        Mon, 03 Jul 2017 17:57:39 DEBUG    valid: 002001_2013-08-12_[-0.84271859 -0.5864389  -0.94420871 -1.05362153  1.27131429  1.03007514
  1.12559831 -0.84271859 -0.5864389  -0.94420871 -1.05362153  1.27131429
  1.03007514  1.12559831]
mylog        Mon, 03 Jul 2017 17:57:40 DEBUG    invalid: 002001_2013-08-11_None
mylog        Mon, 03 Jul 2017 17:57:40 DEBUG    invalid: 002001_2013-08-10_None
mylog        Mon, 03 Jul 2017 17:57:40 DEBUG    valid: 002001_2013-08-09_[-0.22137823 -0.77569424 -1.11479945 -1.19537715  1.23591559  0.9862336
  1.08509987 -0.22137823 -0.77569424 -1.11479945 -1.19537715  1.23591559
  0.9862336   1.08509987]
mylog        Mon, 03 Jul 2017 17:57:40 DEBUG    valid: 002001_2013-08-08_[ 0.03125991 -0.92480185 -1.14321039 -1.16499707  0.91540463  1.02492619
  1.26141859  0.03125991 -0.92480185 -1.14321039 -1.16499707  0.91540463
  1.02492619  1.26141859]
mylog        Mon, 03 Jul 2017 17:57:41 DEBUG    valid: 002001_2013-08-07_[-0.75375148 -0.82907883 -0.95976044 -0.90310552  1.01261547  1.11067226
  1.32240854 -0.75375148 -0.82907883 -0.95976044 -0.90310552  1.01261547
  1.11067226  1.32240854]
mylog        Mon, 03 Jul 2017 17:57:41 DEBUG    valid: 002001_2013-08-06_[-0.58485489 -0.91373957 -0.99493601 -0.93261925  1.00559277  1.10401537
  1.31654156 -0.58485489 -0.91373957 -0.99493601 -0.93261925  1.00559277
  1.10401537  1.31654156]
mylog        Mon, 03 Jul 2017 17:57:41 DEBUG    valid: 002001_2013-08-05_[-0.86738767 -0.89557587 -0.85946077 -0.82999215  1.02206498  1.11492181
  1.31542968 -0.86738767 -0.89557587 -0.85946077 -0.82999215  1.02206498
  1.11492181  1.31542968]
mylog        Mon, 03 Jul 2017 17:57:42 DEBUG    invalid: 002001_2013-08-04_None
mylog        Mon, 03 Jul 2017 17:57:42 DEBUG    invalid: 002001_2013-08-03_None
mylog        Mon, 03 Jul 2017 17:57:42 DEBUG    valid: 002001_2013-08-02_[-0.93309308 -0.88671752 -0.83446498 -0.79637614  1.02355416  1.1149126
  1.31218496 -0.93309308 -0.88671752 -0.83446498 -0.79637614  1.02355416
  1.1149126   1.31218496]
mylog        Mon, 03 Jul 2017 17:57:43 DEBUG    valid: 002001_2013-08-01_[-0.70640137 -0.95437933 -0.90225531 -0.87767538  1.03870172  1.05600147
  1.34600821 -0.70640137 -0.95437933 -0.90225531 -0.87767538  1.03870172
  1.05600147  1.34600821]
mylog        Mon, 03 Jul 2017 17:57:43 DEBUG    valid: 002001_2013-07-31_[-0.93150281 -0.91790982 -0.79992063 -0.79724773  1.04528251  1.06184292
  1.33945556 -0.93150281 -0.91790982 -0.79992063 -0.79724773  1.04528251
  1.06184292  1.33945556]
mylog        Mon, 03 Jul 2017 17:57:43 DEBUG    valid: 002001_2013-07-30_[-0.96838072 -0.90392356 -0.77515911 -0.79677649  1.04398505  1.06062814
  1.3396267  -0.96838072 -0.90392356 -0.77515911 -0.79677649  1.04398505
  1.06062814  1.3396267 ]
mylog        Mon, 03 Jul 2017 17:57:44 DEBUG    valid: 002001_2013-07-29_[-0.99239425 -0.83973269 -0.78573059 -0.82581955  1.04145802  1.05847514
  1.34374393 -0.99239425 -0.83973269 -0.78573059 -0.82581955  1.04145802
  1.05847514  1.34374393]
mylog        Mon, 03 Jul 2017 17:57:44 DEBUG    invalid: 002001_2013-07-28_None
mylog        Mon, 03 Jul 2017 17:57:44 DEBUG    invalid: 002001_2013-07-27_None
mylog        Mon, 03 Jul 2017 17:57:44 DEBUG    valid: 002001_2013-07-26_[-0.94776204 -0.85516262 -0.80336358 -0.8403244   1.0410511   1.05828973
  1.34727181 -0.94776204 -0.85516262 -0.80336358 -0.8403244   1.0410511
  1.05828973  1.34727181]
mylog        Mon, 03 Jul 2017 17:57:45 DEBUG    valid: 002001_2013-07-25_[-0.95415414 -0.81836577 -0.78452127 -0.81740236  0.84140321  0.93475134
  1.59828898 -0.95415414 -0.81836577 -0.78452127 -0.81740236  0.84140321
  0.93475134  1.59828898]
mylog        Mon, 03 Jul 2017 17:57:45 DEBUG    valid: 002001_2013-07-24_[-0.91147666 -0.7864316  -0.81297048 -0.8612143   0.83356718  0.92923822
  1.60928763 -0.91147666 -0.7864316  -0.81297048 -0.8612143   0.83356718
  0.92923822  1.60928763]
mylog        Mon, 03 Jul 2017 17:57:45 DEBUG    valid: 002001_2013-07-23_[-0.61572708 -0.84454677 -0.92898728 -0.9572734   0.81026452  0.91080474
  1.62546526 -0.61572708 -0.84454677 -0.92898728 -0.9572734   0.81026452
  0.91080474  1.62546526]
mylog        Mon, 03 Jul 2017 17:57:46 DEBUG    valid: 002001_2013-07-22_[-0.95878281 -0.75354402 -0.8367516  -0.82274106  0.83824773  0.93234709
  1.60122468 -0.95878281 -0.75354402 -0.8367516  -0.82274106  0.83824773
  0.93234709  1.60122468]
mylog        Mon, 03 Jul 2017 17:57:46 DEBUG    invalid: 002001_2013-07-21_None
mylog        Mon, 03 Jul 2017 17:57:46 DEBUG    invalid: 002001_2013-07-20_None
mylog        Mon, 03 Jul 2017 17:57:46 DEBUG    valid: 002001_2013-07-19_[-0.89708627 -0.77615825 -0.85360367 -0.84611541  0.83459623  0.93002391
  1.60834347 -0.89708627 -0.77615825 -0.85360367 -0.84611541  0.83459623
  0.93002391  1.60834347]
mylog        Mon, 03 Jul 2017 17:57:47 DEBUG    valid: 002001_2013-07-18_[-0.61833241 -0.82877319 -0.90598708 -0.89531644  0.5199054   0.96693085
  1.76157288 -0.61833241 -0.82877319 -0.90598708 -0.89531644  0.5199054
  0.96693085  1.76157288]
mylog        Mon, 03 Jul 2017 17:57:47 DEBUG    valid: 002001_2013-07-17_[-0.66706424 -0.82913698 -0.89180637 -0.87446836  0.53587315  0.97394152
  1.75266127 -0.66706424 -0.82913698 -0.89180637 -0.87446836  0.53587315
  0.97394152  1.75266127]
mylog        Mon, 03 Jul 2017 17:57:47 DEBUG    valid: 002001_2013-07-16_[-0.69297318 -0.85766234 -0.86880448 -0.85249972  0.54837674  0.9790206
  1.74454237 -0.69297318 -0.85766234 -0.86880448 -0.85249972  0.54837674
  0.9790206   1.74454237]
mylog        Mon, 03 Jul 2017 17:57:48 DEBUG    valid: 002001_2013-07-15_[-0.85921267 -0.83743204 -0.79929576 -0.79354474  0.57268414  0.98866885
  1.72813222 -0.85921267 -0.83743204 -0.79929576 -0.79354474  0.57268414
  0.98866885  1.72813222]
mylog        Mon, 03 Jul 2017 17:57:48 DEBUG    invalid: 002001_2013-07-14_None
mylog        Mon, 03 Jul 2017 17:57:48 DEBUG    invalid: 002001_2013-07-13_None
mylog        Mon, 03 Jul 2017 17:57:48 DEBUG    valid: 002001_2013-07-12_[-0.87615897 -0.8261383  -0.79196571 -0.79374288  0.57067415  0.98786349
  1.72946821 -0.87615897 -0.8261383  -0.79196571 -0.79374288  0.57067415
  0.98786349  1.72946821]
mylog        Mon, 03 Jul 2017 17:57:49 DEBUG    valid: 002001_2013-07-11_[-0.7557037  -0.88771657 -0.84610872 -0.84743961  0.84835848  0.8024255
  1.68618461 -0.7557037  -0.88771657 -0.84610872 -0.84743961  0.84835848
  0.8024255   1.68618461]
mylog        Mon, 03 Jul 2017 17:57:49 DEBUG    valid: 002001_2013-07-10_[-0.88737583 -0.85176581 -0.80416475 -0.80094016  0.85730448  0.81250606
  1.67443601 -0.88737583 -0.85176581 -0.80416475 -0.80094016  0.85730448
  0.81250606  1.67443601]
mylog        Mon, 03 Jul 2017 17:57:49 DEBUG    valid: 002001_2013-07-09_[-0.9119531  -0.83513396 -0.78859619 -0.80550767  0.8540804   0.80889819
  1.67821234 -0.9119531  -0.83513396 -0.78859619 -0.80550767  0.8540804
  0.80889819  1.67821234]
mylog        Mon, 03 Jul 2017 17:57:50 DEBUG    valid: 002001_2013-07-08_[-0.85184692 -0.84052326 -0.80442276 -0.84002764  0.84601371  0.7996813
  1.69112557 -0.85184692 -0.84052326 -0.80442276 -0.84002764  0.84601371
  0.7996813   1.69112557]
mylog        Mon, 03 Jul 2017 17:57:50 DEBUG    invalid: 002001_2013-07-07_None
mylog        Mon, 03 Jul 2017 17:57:50 DEBUG    invalid: 002001_2013-07-06_None
mylog        Mon, 03 Jul 2017 17:57:50 DEBUG    valid: 002001_2013-07-05_[-0.95033238 -0.80512675 -0.78150597 -0.79897452  0.84935226  0.80365189
  1.68293547 -0.95033238 -0.80512675 -0.78150597 -0.79897452  0.84935226
  0.80365189  1.68293547]
mylog        Mon, 03 Jul 2017 17:57:51 DEBUG    valid: 002001_2013-07-04_[-0.87555211 -0.84377094 -0.83660632 -0.80263497  0.89325455  0.82001329
  1.64529651 -0.87555211 -0.84377094 -0.83660632 -0.80263497  0.89325455
  0.82001329  1.64529651]
mylog        Mon, 03 Jul 2017 17:57:51 DEBUG    valid: 002001_2013-07-03_[-0.81934558 -0.8598232  -0.8660392  -0.81196299  0.8912065   0.81745264
  1.64851182 -0.81934558 -0.8598232  -0.8660392  -0.81196299  0.8912065
  0.81745264  1.64851182]
mylog        Mon, 03 Jul 2017 17:57:51 DEBUG    valid: 002001_2013-07-02_[-0.79041864 -0.84354049 -0.89584809 -0.82486009  0.88868971  0.81439132
  1.65158627 -0.79041864 -0.84354049 -0.89584809 -0.82486009  0.88868971
  0.81439132  1.65158627]
mylog        Mon, 03 Jul 2017 17:57:52 DEBUG    valid: 002001_2013-07-01_[-0.84509573 -0.80842846 -0.90459761 -0.79768249  0.89057564  0.81676504
  1.64846362 -0.84509573 -0.80842846 -0.90459761 -0.79768249  0.89057564
  0.81676504  1.64846362]
mylog        Mon, 03 Jul 2017 17:57:52 DEBUG    invalid: 002001_2013-06-30_None
mylog        Mon, 03 Jul 2017 17:57:52 DEBUG    invalid: 002001_2013-06-29_None
mylog        Mon, 03 Jul 2017 17:57:52 DEBUG    valid: 002001_2013-06-28_[-0.92918298 -0.79078739 -0.87256485 -0.76421078  0.89465495  0.82206319
  1.64002786 -0.92918298 -0.79078739 -0.87256485 -0.76421078  0.89465495
  0.82206319  1.64002786]
mylog        Mon, 03 Jul 2017 17:57:53 DEBUG    valid: 002001_2013-06-27_[-0.88116069 -0.82599888 -0.88336345 -0.76248261  0.91419668  0.78933424
  1.64947472 -0.88116069 -0.82599888 -0.88336345 -0.76248261  0.91419668
  0.78933424  1.64947472]
mylog        Mon, 03 Jul 2017 17:57:53 DEBUG    valid: 002001_2013-06-26_[-0.69075976 -0.90405386 -0.93344775 -0.81290703  0.90553977  0.77778628
  1.65784235 -0.69075976 -0.90405386 -0.93344775 -0.81290703  0.90553977
  0.77778628  1.65784235]
mylog        Mon, 03 Jul 2017 17:57:53 DEBUG    valid: 002001_2013-06-25_[-0.67529001 -0.94175476 -0.91805072 -0.80634668  0.90793048  0.78158809
  1.6519236  -0.67529001 -0.94175476 -0.91805072 -0.80634668  0.90793048
  0.78158809  1.6519236 ]
mylog        Mon, 03 Jul 2017 17:57:54 DEBUG    valid: 002001_2013-06-24_[-0.84783856 -0.9270161  -0.84220989 -0.7392573   0.92030781  0.79851719
  1.63749684 -0.84783856 -0.9270161  -0.84220989 -0.7392573   0.92030781
  0.79851719  1.63749684]
mylog        Mon, 03 Jul 2017 17:57:54 DEBUG    invalid: 002001_2013-06-23_None
mylog        Mon, 03 Jul 2017 17:57:54 DEBUG    invalid: 002001_2013-06-22_None
mylog        Mon, 03 Jul 2017 17:57:54 DEBUG    valid: 002001_2013-06-21_[-0.97109441 -0.88903935 -0.78572068 -0.70765088  0.92210012  0.80198551
  1.62941969 -0.97109441 -0.88903935 -0.78572068 -0.70765088  0.92210012
  0.80198551  1.62941969]
mylog        Mon, 03 Jul 2017 17:57:55 DEBUG    valid: 002001_2013-06-20_[-0.98581791 -0.90598864 -0.73663642 -0.73174525  0.9287545   0.8215447
  1.60988903 -0.98581791 -0.90598864 -0.73663642 -0.73174525  0.9287545
  0.8215447   1.60988903]
mylog        Mon, 03 Jul 2017 17:57:55 DEBUG    valid: 002001_2013-06-19_[-0.94540995 -0.9149675  -0.74700024 -0.75318295  0.92534224  0.81615063
  1.61906778 -0.94540995 -0.9149675  -0.74700024 -0.75318295  0.92534224
  0.81615063  1.61906778]
mylog        Mon, 03 Jul 2017 17:57:55 DEBUG    valid: 002001_2013-06-18_[-0.98907453 -0.87760427 -0.73531364 -0.75575539  0.92382794  0.81431314
  1.61960674 -0.98907453 -0.87760427 -0.73531364 -0.75575539  0.92382794
  0.81431314  1.61960674]
mylog        Mon, 03 Jul 2017 17:57:56 DEBUG    valid: 002001_2013-06-17_[-0.9192024  -0.88172324 -0.7461259  -0.8102457   0.9171914   0.80404163
  1.63606422 -0.9192024  -0.88172324 -0.7461259  -0.8102457   0.9171914
  0.80404163  1.63606422]
mylog        Mon, 03 Jul 2017 17:57:56 DEBUG    invalid: 002001_2013-06-16_None
mylog        Mon, 03 Jul 2017 17:57:56 DEBUG    invalid: 002001_2013-06-15_None
mylog        Mon, 03 Jul 2017 17:57:57 DEBUG    valid: 002001_2013-06-14_[-0.98508721 -0.82159802 -0.734622   -0.81288726  0.91699248  0.80431083
  1.63289118 -0.98508721 -0.82159802 -0.734622   -0.81288726  0.91699248
  0.80431083  1.63289118]
mylog        Mon, 03 Jul 2017 17:57:57 DEBUG    valid: 002001_2013-06-13_[-1.00413585 -0.72263175 -0.77286502 -0.87716028  1.04024071  0.78686736
  1.54968483 -1.00413585 -0.72263175 -0.77286502 -0.87716028  1.04024071
  0.78686736  1.54968483]
mylog        Mon, 03 Jul 2017 17:57:57 DEBUG    invalid: 002001_2013-06-12_None
mylog        Mon, 03 Jul 2017 17:57:57 DEBUG    invalid: 002001_2013-06-11_None
mylog        Mon, 03 Jul 2017 17:57:57 DEBUG    invalid: 002001_2013-06-10_None
mylog        Mon, 03 Jul 2017 17:57:58 DEBUG    invalid: 002001_2013-06-09_None
mylog        Mon, 03 Jul 2017 17:57:58 DEBUG    invalid: 002001_2013-06-08_None
mylog        Mon, 03 Jul 2017 17:57:58 DEBUG    valid: 002001_2013-06-07_[-0.8914319  -0.74427116 -0.82112561 -0.92339628  1.03942959  0.78025262
  1.56054274 -0.8914319  -0.74427116 -0.82112561 -0.92339628  1.03942959
  0.78025262  1.56054274]
mylog        Mon, 03 Jul 2017 17:57:58 DEBUG    valid: 002001_2013-06-06_[-0.83399298 -0.73217362 -0.8290228  -0.92637236  0.60337666  1.07220894
  1.64597616 -0.83399298 -0.73217362 -0.8290228  -0.92637236  0.60337666
  1.07220894  1.64597616]
mylog        Mon, 03 Jul 2017 17:57:59 DEBUG    valid: 002001_2013-06-05_[-0.76155007 -0.71598376 -0.86868699 -0.96692446  0.59435992  1.06897221
  1.64981315 -0.76155007 -0.71598376 -0.86868699 -0.96692446  0.59435992
  1.06897221  1.64981315]
mylog        Mon, 03 Jul 2017 17:57:59 DEBUG    valid: 002001_2013-06-04_[-0.31241552 -0.85242278 -0.98177652 -1.07526987  0.54749097  1.03741002
  1.6369837  -0.31241552 -0.85242278 -0.98177652 -1.07526987  0.54749097
  1.03741002  1.6369837 ]
mylog        Mon, 03 Jul 2017 17:57:59 DEBUG    valid: 002001_2013-06-03_[-0.85246154 -0.76321213 -0.82620671 -0.89426389  0.63034211  1.07860444
  1.62719772 -0.85246154 -0.76321213 -0.82620671 -0.89426389  0.63034211
  1.07860444  1.62719772]
mylog        Mon, 03 Jul 2017 17:58:00 DEBUG    invalid: 002001_2013-06-02_None
mylog        Mon, 03 Jul 2017 17:58:00 DEBUG    invalid: 002001_2013-06-01_None
mylog        Mon, 03 Jul 2017 17:58:00 DEBUG    valid: 002001_2013-05-31_[-0.82816451 -0.79355109 -0.82292671 -0.89265806  0.63106068  1.07901294
  1.62722675 -0.82816451 -0.79355109 -0.82292671 -0.89265806  0.63106068
  1.07901294  1.62722675]
mylog        Mon, 03 Jul 2017 17:58:00 DEBUG    valid: 002001_2013-05-30_[-0.59972334 -0.89292908 -0.89651606 -0.96155644  0.68493148  1.1180488
  1.54774465 -0.59972334 -0.89292908 -0.89651606 -0.96155644  0.68493148
  1.1180488   1.54774465]
mylog        Mon, 03 Jul 2017 17:58:01 DEBUG    valid: 002001_2013-05-29_[-0.82348709 -0.85193555 -0.82698819 -0.87653076  0.71460819  1.12740083
  1.53693256 -0.82348709 -0.85193555 -0.82698819 -0.87653076  0.71460819
  1.12740083  1.53693256]
mylog        Mon, 03 Jul 2017 17:58:01 DEBUG    valid: 002001_2013-05-28_[-0.70831719 -0.87509864 -0.88213986 -0.90509324  0.70584636  1.12465245
  1.54015013 -0.70831719 -0.87509864 -0.88213986 -0.90509324  0.70584636
  1.12465245  1.54015013]
mylog        Mon, 03 Jul 2017 17:58:02 DEBUG    valid: 002001_2013-05-27_[-0.92275519 -0.80404557 -0.84189292 -0.81199675  0.72373558  1.12796122
  1.52899362 -0.92275519 -0.80404557 -0.84189292 -0.81199675  0.72373558
  1.12796122  1.52899362]
mylog        Mon, 03 Jul 2017 17:58:02 DEBUG    invalid: 002001_2013-05-26_None
mylog        Mon, 03 Jul 2017 17:58:02 DEBUG    invalid: 002001_2013-05-25_None
mylog        Mon, 03 Jul 2017 17:58:02 DEBUG    valid: 002001_2013-05-24_[-0.93602555 -0.78259684 -0.85180772 -0.80804128  0.72052918  1.12722806
  1.53071417 -0.93602555 -0.78259684 -0.85180772 -0.80804128  0.72052918
  1.12722806  1.53071417]
mylog        Mon, 03 Jul 2017 17:58:03 DEBUG    valid: 002001_2013-05-23_[-0.83007409 -0.80342212 -0.88626718 -0.83625159  0.58870094  1.33305379
  1.43426026 -0.83007409 -0.80342212 -0.88626718 -0.83625159  0.58870094
  1.33305379  1.43426026]
mylog        Mon, 03 Jul 2017 17:58:03 DEBUG    valid: 002001_2013-05-22_[-0.79393385 -0.81350945 -0.90186004 -0.845489    0.58723836  1.33307302
  1.43448097 -0.79393385 -0.81350945 -0.90186004 -0.845489    0.58723836
  1.33307302  1.43448097]
mylog        Mon, 03 Jul 2017 17:58:03 DEBUG    valid: 002001_2013-05-21_[-0.7097998  -0.87498561 -0.91208878 -0.85298671  0.58408029  1.33204175
  1.43373887 -0.7097998  -0.87498561 -0.91208878 -0.85298671  0.58408029
  1.33204175  1.43373887]
mylog        Mon, 03 Jul 2017 17:58:04 DEBUG    valid: 002001_2013-05-20_[-0.76617506 -0.88926298 -0.88398751 -0.81878811  0.59901892  1.32990935
  1.42928539 -0.76617506 -0.88926298 -0.88398751 -0.81878811  0.59901892
  1.32990935  1.42928539]
mylog        Mon, 03 Jul 2017 17:58:04 DEBUG    invalid: 002001_2013-05-19_None
mylog        Mon, 03 Jul 2017 17:58:04 DEBUG    invalid: 002001_2013-05-18_None
mylog        Mon, 03 Jul 2017 17:58:04 DEBUG    valid: 002001_2013-05-17_[-0.8298966  -0.88624233 -0.85573573 -0.79066991  0.60788062  1.32835225
  1.4263117  -0.8298966  -0.88624233 -0.85573573 -0.79066991  0.60788062
  1.32835225  1.4263117 ]
mylog        Mon, 03 Jul 2017 17:58:05 DEBUG    valid: 002001_2013-05-16_[-0.78522187 -0.87775552 -0.83714086 -0.78783821  0.49431896  1.66600414
  1.12763335 -0.78522187 -0.87775552 -0.83714086 -0.78783821  0.49431896
  1.66600414  1.12763335]
mylog        Mon, 03 Jul 2017 17:58:05 DEBUG    valid: 002001_2013-05-15_[-0.9060005  -0.84471784 -0.79903271 -0.74406076  0.50988907  1.65505393
  1.12886881 -0.9060005  -0.84471784 -0.79903271 -0.74406076  0.50988907
  1.65505393  1.12886881]
mylog        Mon, 03 Jul 2017 17:58:06 DEBUG    valid: 002001_2013-05-14_[-0.89711946 -0.83031113 -0.79985505 -0.76328608  0.50126782  1.66111846
  1.12818545 -0.89711946 -0.83031113 -0.79985505 -0.76328608  0.50126782
  1.66111846  1.12818545]
mylog        Mon, 03 Jul 2017 17:58:06 DEBUG    valid: 002001_2013-05-13_[-0.8685478  -0.84720827 -0.77389885 -0.79585802  0.48939491  1.66908303
  1.12703501 -0.8685478  -0.84720827 -0.77389885 -0.79585802  0.48939491
  1.66908303  1.12703501]
mylog        Mon, 03 Jul 2017 17:58:06 DEBUG    invalid: 002001_2013-05-12_None
mylog        Mon, 03 Jul 2017 17:58:06 DEBUG    invalid: 002001_2013-05-11_None
mylog        Mon, 03 Jul 2017 17:58:07 DEBUG    valid: 002001_2013-05-10_[-0.89667287 -0.83233514 -0.7540893  -0.8001667   0.48706227  1.66983311
  1.12636863 -0.89667287 -0.83233514 -0.7540893  -0.8001667   0.48706227
  1.66983311  1.12636863]
mylog        Mon, 03 Jul 2017 17:58:07 DEBUG    valid: 002001_2013-05-09_[-0.88147528 -0.82264522 -0.74902276 -0.80078726  0.45186997  1.72814088
  1.07391967 -0.88147528 -0.82264522 -0.74902276 -0.80078726  0.45186997
  1.72814088  1.07391967]
mylog        Mon, 03 Jul 2017 17:58:07 DEBUG    valid: 002001_2013-05-08_[-0.8028727  -0.85191552 -0.77446299 -0.82030367  0.44174394  1.73549671
  1.07231423 -0.8028727  -0.85191552 -0.77446299 -0.82030367  0.44174394
  1.73549671  1.07231423]
mylog        Mon, 03 Jul 2017 17:58:08 DEBUG    valid: 002001_2013-05-07_[-0.86738342 -0.82585833 -0.75607879 -0.80302522  0.44801977  1.73099087
  1.07333512 -0.86738342 -0.82585833 -0.75607879 -0.80302522  0.44801977
  1.73099087  1.07333512]
mylog        Mon, 03 Jul 2017 17:58:08 DEBUG    valid: 002001_2013-05-06_[-0.83352328 -0.76671443 -0.80647292 -0.83650191  0.43048575  1.74268164
  1.07004515 -0.83352328 -0.76671443 -0.80647292 -0.83650191  0.43048575
  1.74268164  1.07004515]
mylog        Mon, 03 Jul 2017 17:58:08 DEBUG    invalid: 002001_2013-05-05_None
mylog        Mon, 03 Jul 2017 17:58:08 DEBUG    invalid: 002001_2013-05-04_None
mylog        Mon, 03 Jul 2017 17:58:09 DEBUG    valid: 002001_2013-05-03_[-0.8770141  -0.73396768 -0.80485953 -0.82594938  0.43078057  1.74142589
  1.06958423 -0.8770141  -0.73396768 -0.80485953 -0.82594938  0.43078057
  1.74142589  1.06958423]
mylog        Mon, 03 Jul 2017 17:58:09 DEBUG    valid: 002001_2013-05-02_[-0.95454124 -0.75831541 -0.83944211 -0.82416486  0.92472911  1.59279571
  0.8589388  -0.95454124 -0.75831541 -0.83944211 -0.82416486  0.92472911
  1.59279571  0.8589388 ]
mylog        Mon, 03 Jul 2017 17:58:09 DEBUG    invalid: 002001_2013-05-01_None
mylog        Mon, 03 Jul 2017 17:58:09 DEBUG    invalid: 002001_2013-04-30_None
mylog        Mon, 03 Jul 2017 17:58:09 DEBUG    invalid: 002001_2013-04-29_None
mylog        Mon, 03 Jul 2017 17:58:10 DEBUG    invalid: 002001_2013-04-28_None
mylog        Mon, 03 Jul 2017 17:58:10 DEBUG    invalid: 002001_2013-04-27_None
mylog        Mon, 03 Jul 2017 17:58:10 DEBUG    valid: 002001_2013-04-26_[-0.8680109  -0.81176099 -0.89318443 -0.80199827  0.91819179  1.60633883
  0.85042398 -0.8680109  -0.81176099 -0.89318443 -0.80199827  0.91819179
  1.60633883  0.85042398]
mylog        Mon, 03 Jul 2017 17:58:10 DEBUG    valid: 002001_2013-04-25_[-0.56533215 -0.8934042  -0.98700428 -0.87646759  0.9258495   1.65171587
  0.74464285 -0.56533215 -0.8934042  -0.98700428 -0.87646759  0.9258495
  1.65171587  0.74464285]
mylog        Mon, 03 Jul 2017 17:58:11 DEBUG    valid: 002001_2013-04-24_[-0.74134998 -0.89436524 -0.93211474 -0.78503983  0.94468417  1.6361104
  0.77207523 -0.74134998 -0.89436524 -0.93211474 -0.78503983  0.94468417
  1.6361104   0.77207523]
mylog        Mon, 03 Jul 2017 17:58:11 DEBUG    valid: 002001_2013-04-23_[-0.84057175 -0.87109978 -0.90081706 -0.74830109  0.95149184  1.62625518
  0.78304265 -0.84057175 -0.87109978 -0.90081706 -0.74830109  0.95149184
  1.62625518  0.78304265]
mylog        Mon, 03 Jul 2017 17:58:11 DEBUG    valid: 002001_2013-04-22_[-0.89047871 -0.87460464 -0.87449268 -0.72231575  0.95399839  1.62020906
  0.78768431 -0.89047871 -0.87460464 -0.87449268 -0.72231575  0.95399839
  1.62020906  0.78768431]
mylog        Mon, 03 Jul 2017 17:58:12 DEBUG    invalid: 002001_2013-04-21_None
mylog        Mon, 03 Jul 2017 17:58:12 DEBUG    invalid: 002001_2013-04-20_None
mylog        Mon, 03 Jul 2017 17:58:12 DEBUG    valid: 002001_2013-04-19_[-0.81974664 -0.90034138 -0.89494832 -0.74424151  0.95040384  1.6275023
  0.78137171 -0.81974664 -0.90034138 -0.89494832 -0.74424151  0.95040384
  1.6275023   0.78137171]
mylog        Mon, 03 Jul 2017 17:58:12 DEBUG    valid: 002001_2013-04-18_[-0.91324489 -0.87772576 -0.85456202 -0.71269812  1.26064486  1.47786613
  0.6197198  -0.91324489 -0.87772576 -0.85456202 -0.71269812  1.26064486
  1.47786613  0.6197198 ]
mylog        Mon, 03 Jul 2017 17:58:13 DEBUG    valid: 002001_2013-04-17_[-0.83836759 -0.91635522 -0.86450651 -0.73698504  1.26244514  1.48346903
  0.61030019 -0.83836759 -0.91635522 -0.86450651 -0.73698504  1.26244514
  1.48346903  0.61030019]
mylog        Mon, 03 Jul 2017 17:58:13 DEBUG    valid: 002001_2013-04-16_[-0.9477732  -0.89512245 -0.81727495 -0.69463261  1.25956128  1.4768732
  0.61836873 -0.9477732  -0.89512245 -0.81727495 -0.69463261  1.25956128
  1.4768732   0.61836873]
mylog        Mon, 03 Jul 2017 17:58:14 DEBUG    valid: 002001_2013-04-15_[-0.90159789 -0.92255768 -0.8178865  -0.70923045  1.26221975  1.48543054
  0.60362223 -0.90159789 -0.92255768 -0.8178865  -0.70923045  1.26221975
  1.48543054  0.60362223]
mylog        Mon, 03 Jul 2017 17:58:14 DEBUG    invalid: 002001_2013-04-14_None
mylog        Mon, 03 Jul 2017 17:58:14 DEBUG    invalid: 002001_2013-04-13_None
mylog        Mon, 03 Jul 2017 17:58:14 DEBUG    valid: 002001_2013-04-12_[-0.97337299 -0.94032448 -0.70638456 -0.71968047  1.26061417  1.48725641
  0.59189193 -0.97337299 -0.94032448 -0.70638456 -0.71968047  1.26061417
  1.48725641  0.59189193]
mylog        Mon, 03 Jul 2017 17:58:15 DEBUG    valid: 002001_2013-04-11_[-0.95036314 -0.86750807 -0.67742146 -0.68946666  1.76063156  1.0968249
  0.32730288 -0.95036314 -0.86750807 -0.67742146 -0.68946666  1.76063156
  1.0968249   0.32730288]
mylog        Mon, 03 Jul 2017 17:58:15 DEBUG    valid: 002001_2013-04-10_[-0.93389284 -0.85741113 -0.68745535 -0.69907486  1.77047926  1.09512929
  0.31222562 -0.93389284 -0.85741113 -0.68745535 -0.69907486  1.77047926
  1.09512929  0.31222562]
mylog        Mon, 03 Jul 2017 17:58:15 DEBUG    valid: 002001_2013-04-09_[-0.90892631 -0.84694923 -0.71351168 -0.70461699  1.77837918  1.09431523
  0.30130981 -0.90892631 -0.84694923 -0.71351168 -0.70461699  1.77837918
  1.09431523  0.30130981]
mylog        Mon, 03 Jul 2017 17:58:16 DEBUG    valid: 002001_2013-04-08_[-0.90805026 -0.81812329 -0.74743812 -0.69019292  1.78859151  1.09160153
  0.28361154 -0.90805026 -0.81812329 -0.74743812 -0.69019292  1.78859151
  1.09160153  0.28361154]
mylog        Mon, 03 Jul 2017 17:58:16 DEBUG    invalid: 002001_2013-04-07_None
mylog        Mon, 03 Jul 2017 17:58:16 DEBUG    invalid: 002001_2013-04-06_None
mylog        Mon, 03 Jul 2017 17:58:16 DEBUG    invalid: 002001_2013-04-05_None
mylog        Mon, 03 Jul 2017 17:58:16 DEBUG    invalid: 002001_2013-04-04_None
mylog        Mon, 03 Jul 2017 17:58:17 DEBUG    valid: 002001_2013-04-03_[-0.99494869 -0.63214722 -0.79670399 -0.71203102  1.79728779  1.0831854
  0.25535774 -0.99494869 -0.63214722 -0.79670399 -0.71203102  1.79728779
  1.0831854   0.25535774]
mylog        Mon, 03 Jul 2017 17:58:18 DEBUG    valid: 002001_2013-04-02_[-0.90923112 -0.65684492 -0.82348407 -0.69274591  1.85282243  1.0591879
  0.1702957  -0.90923112 -0.65684492 -0.82348407 -0.69274591  1.85282243
  1.0591879   0.1702957 ]
mylog        Mon, 03 Jul 2017 17:58:18 DEBUG    valid: 002001_2013-04-01_[-0.91818181 -0.66962626 -0.84375624 -0.64291046  1.85472156  1.05675096
  0.16300226 -0.91818181 -0.66962626 -0.84375624 -0.64291046  1.85472156
  1.05675096  0.16300226]
mylog        Mon, 03 Jul 2017 17:58:18 DEBUG    invalid: 002001_2013-03-31_None
mylog        Mon, 03 Jul 2017 17:58:18 DEBUG    invalid: 002001_2013-03-30_None
mylog        Mon, 03 Jul 2017 17:58:19 DEBUG    valid: 002001_2013-03-29_[-0.7475521  -0.75384591 -0.88003301 -0.684319    1.87034928  1.05455578
  0.14084495 -0.7475521  -0.75384591 -0.88003301 -0.684319    1.87034928
  1.05455578  0.14084495]
mylog        Mon, 03 Jul 2017 17:58:19 DEBUG    valid: 002001_2013-03-28_[ 0.16259711 -0.99244842 -1.04447242 -0.84879023  1.80834867  0.95170953
 -0.03694425  0.16259711 -0.99244842 -1.04447242 -0.84879023  1.80834867
  0.95170953 -0.03694425]
mylog        Mon, 03 Jul 2017 17:58:19 DEBUG    valid: 002001_2013-03-27_[-0.86440459 -0.88756093 -0.78387148 -0.56461213  1.8280968   1.07230735
  0.20004497 -0.86440459 -0.88756093 -0.78387148 -0.56461213  1.8280968
  1.07230735  0.20004497]
mylog        Mon, 03 Jul 2017 17:58:20 DEBUG    valid: 002001_2013-03-26_[-0.82051402 -0.90207513 -0.78908713 -0.58523413  1.83388122  1.07146804
  0.19156115 -0.82051402 -0.90207513 -0.78908713 -0.58523413  1.83388122
  1.07146804  0.19156115]
mylog        Mon, 03 Jul 2017 17:58:20 DEBUG    valid: 002001_2013-03-25_[-0.97998077 -0.86285761 -0.71229105 -0.54748293  1.81424284  1.07231631
  0.21605322 -0.97998077 -0.86285761 -0.71229105 -0.54748293  1.81424284
  1.07231631  0.21605322]
mylog        Mon, 03 Jul 2017 17:58:20 DEBUG    invalid: 002001_2013-03-24_None
mylog        Mon, 03 Jul 2017 17:58:20 DEBUG    invalid: 002001_2013-03-23_None
mylog        Mon, 03 Jul 2017 17:58:21 DEBUG    valid: 002001_2013-03-22_[-0.9236737  -0.85490096 -0.71971433 -0.59621023  1.8329684   1.07065898
  0.19087184 -0.9236737  -0.85490096 -0.71971433 -0.59621023  1.8329684
  1.07065898  0.19087184]
mylog        Mon, 03 Jul 2017 17:58:21 DEBUG    valid: 002001_2013-03-21_[-0.91605333 -0.79738786 -0.6502555  -0.6347286   1.94074768  0.96096365
  0.09671396 -0.91605333 -0.79738786 -0.6502555  -0.6347286   1.94074768
  0.96096365  0.09671396]
mylog        Mon, 03 Jul 2017 17:58:21 DEBUG    valid: 002001_2013-03-20_[-0.94514668 -0.76630639 -0.61237865 -0.65889694  1.94713952  0.95525585
  0.08033328 -0.94514668 -0.76630639 -0.61237865 -0.65889694  1.94713952
  0.95525585  0.08033328]
mylog        Mon, 03 Jul 2017 17:58:22 DEBUG    valid: 002001_2013-03-19_[-1.0002936  -0.76515006 -0.51580753 -0.67777345  1.94608199  0.94707451
  0.06586815 -1.0002936  -0.76515006 -0.51580753 -0.67777345  1.94608199
  0.94707451  0.06586815]
mylog        Mon, 03 Jul 2017 17:58:22 DEBUG    valid: 002001_2013-03-18_[-0.91308058 -0.78349247 -0.44288464 -0.77238247  1.97370807  0.92957254
  0.00855955 -0.91308058 -0.78349247 -0.44288464 -0.77238247  1.97370807
  0.92957254  0.00855955]
mylog        Mon, 03 Jul 2017 17:58:22 DEBUG    invalid: 002001_2013-03-17_None
mylog        Mon, 03 Jul 2017 17:58:22 DEBUG    invalid: 002001_2013-03-16_None
mylog        Mon, 03 Jul 2017 17:58:23 DEBUG    valid: 002001_2013-03-15_[-0.63701613 -0.84130574 -0.5273709  -0.8691313   2.00319684  0.9155225
 -0.04389528 -0.63701613 -0.84130574 -0.5273709  -0.8691313   2.00319684
  0.9155225  -0.04389528]
mylog        Mon, 03 Jul 2017 17:58:23 DEBUG    valid: 002001_2013-03-14_[-0.81588618 -0.65564423 -0.5007041  -0.86929734  2.01035988  0.9211093
 -0.08993733 -0.81588618 -0.65564423 -0.5007041  -0.86929734  2.01035988
  0.9211093  -0.08993733]
mylog        Mon, 03 Jul 2017 17:58:23 DEBUG    valid: 002001_2013-03-13_[-1.00571482 -0.53324211 -0.46966019 -0.83125702  1.98486611  0.92116826
 -0.06616023 -1.00571482 -0.53324211 -0.46966019 -0.83125702  1.98486611
  0.92116826 -0.06616023]
mylog        Mon, 03 Jul 2017 17:58:24 DEBUG    valid: 002001_2013-03-12_[-0.84038118 -0.36138517 -0.60010179 -0.96267038  2.01371452  0.89473334
 -0.14390934 -0.84038118 -0.36138517 -0.60010179 -0.96267038  2.01371452
  0.89473334 -0.14390934]
mylog        Mon, 03 Jul 2017 17:58:24 DEBUG    valid: 002001_2013-03-11_[-0.92424986 -0.0862991  -0.67390007 -0.99751624  1.97741789  0.86742401
 -0.16287663 -0.92424986 -0.0862991  -0.67390007 -0.99751624  1.97741789
  0.86742401 -0.16287663]
mylog        Mon, 03 Jul 2017 17:58:24 DEBUG    invalid: 002001_2013-03-10_None
mylog        Mon, 03 Jul 2017 17:58:24 DEBUG    invalid: 002001_2013-03-09_None
mylog        Mon, 03 Jul 2017 17:58:25 DEBUG    valid: 002001_2013-03-08_[-0.00210493 -0.29743488 -0.92534853 -1.21556064  1.96585671  0.78522815
 -0.31063588 -0.00210493 -0.29743488 -0.92534853 -1.21556064  1.96585671
  0.78522815 -0.31063588]
mylog        Mon, 03 Jul 2017 17:58:25 DEBUG    valid: 002001_2013-03-07_[-0.13682955 -0.07456736 -0.93968397 -1.31376077  1.83333855  0.95065932
 -0.31915621 -0.13682955 -0.07456736 -0.93968397 -1.31376077  1.83333855
  0.95065932 -0.31915621]
mylog        Mon, 03 Jul 2017 17:58:25 DEBUG    valid: 002001_2013-03-06_[ 0.88435863 -0.33084514 -1.08385344 -1.36063192  1.53938099  0.74627414
 -0.39468326  0.88435863 -0.33084514 -1.08385344 -1.36063192  1.53938099
  0.74627414 -0.39468326]
mylog        Mon, 03 Jul 2017 17:58:26 DEBUG    valid: 002001_2013-03-05_[ 1.30432285 -0.6985496  -1.06473511 -1.20751142  1.30738826  0.65139554
 -0.29231053  1.30432285 -0.6985496  -1.06473511 -1.20751142  1.30738826
  0.65139554 -0.29231053]
mylog        Mon, 03 Jul 2017 17:58:26 DEBUG    valid: 002001_2013-03-04_[-0.72905038 -0.75133024 -0.83305507 -0.81986546  1.78814371  1.13929389
  0.20586355 -0.72905038 -0.75133024 -0.83305507 -0.81986546  1.78814371
  1.13929389  0.20586355]
mylog        Mon, 03 Jul 2017 17:58:26 DEBUG    invalid: 002001_2013-03-03_None
mylog        Mon, 03 Jul 2017 17:58:26 DEBUG    invalid: 002001_2013-03-02_None
mylog        Mon, 03 Jul 2017 17:58:27 DEBUG    valid: 002001_2013-03-01_[-0.69324711 -0.81747036 -0.82113166 -0.80976717  1.78084036  1.14078053
  0.21999539 -0.69324711 -0.81747036 -0.82113166 -0.80976717  1.78084036
  1.14078053  0.21999539]
mylog        Mon, 03 Jul 2017 17:58:27 DEBUG    valid: 002001_2013-02-28_[-0.28559143 -0.9240822  -0.88252106 -0.89952162  1.85444364  1.01071737
  0.12655529 -0.28559143 -0.9240822  -0.88252106 -0.89952162  1.85444364
  1.01071737  0.12655529]
mylog        Mon, 03 Jul 2017 17:58:27 DEBUG    valid: 002001_2013-02-27_[-0.86430863 -0.82023788 -0.70187237 -0.74207505  1.8347768   1.05528378
  0.23843336 -0.86430863 -0.82023788 -0.70187237 -0.74207505  1.8347768
  1.05528378  0.23843336]
mylog        Mon, 03 Jul 2017 17:58:28 DEBUG    valid: 002001_2013-02-26_[-0.85581008 -0.78356438 -0.7130999  -0.7715818   1.8401456   1.0539122
  0.22999836 -0.85581008 -0.78356438 -0.7130999  -0.7715818   1.8401456
  1.0539122   0.22999836]
mylog        Mon, 03 Jul 2017 17:58:28 DEBUG    valid: 002001_2013-02-25_[-1.0151692  -0.73233482 -0.65096003 -0.72491503  1.81980038  1.05337015
  0.25020855 -1.0151692  -0.73233482 -0.65096003 -0.72491503  1.81980038
  1.05337015  0.25020855]
mylog        Mon, 03 Jul 2017 17:58:28 DEBUG    invalid: 002001_2013-02-24_None
mylog        Mon, 03 Jul 2017 17:58:28 DEBUG    invalid: 002001_2013-02-23_None
mylog        Mon, 03 Jul 2017 17:58:29 DEBUG    valid: 002001_2013-02-22_[-0.8349283  -0.76397578 -0.69353637 -0.81380185  1.85344453  1.04827673
  0.20452105 -0.8349283  -0.76397578 -0.69353637 -0.81380185  1.85344453
  1.04827673  0.20452105]
mylog        Mon, 03 Jul 2017 17:58:29 DEBUG    valid: 002001_2013-02-21_[-0.67338    -0.75982094 -0.74866508 -0.87440408  1.88829331  1.02919234
  0.13878445 -0.67338    -0.75982094 -0.74866508 -0.87440408  1.88829331
  1.02919234  0.13878445]
mylog        Mon, 03 Jul 2017 17:58:29 DEBUG    valid: 002001_2013-02-20_[-0.69526566 -0.68123703 -0.76806043 -0.90617082  1.88888162  1.02737616
  0.13447615 -0.69526566 -0.68123703 -0.76806043 -0.90617082  1.88888162
  1.02737616  0.13447615]
mylog        Mon, 03 Jul 2017 17:58:30 DEBUG    valid: 002001_2013-02-19_[-0.86653722 -0.65679538 -0.72511382 -0.83462034  1.8672709   1.03776507
  0.1780308  -0.86653722 -0.65679538 -0.72511382 -0.83462034  1.8672709
  1.03776507  0.1780308 ]
mylog        Mon, 03 Jul 2017 17:58:30 DEBUG    valid: 002001_2013-02-18_[-0.82599805 -0.65726663 -0.7238303  -0.86123011  1.87837188  1.03304337
  0.15690983 -0.82599805 -0.65726663 -0.7238303  -0.86123011  1.87837188
  1.03304337  0.15690983]
mylog        Mon, 03 Jul 2017 17:58:30 DEBUG    invalid: 002001_2013-02-17_None
mylog        Mon, 03 Jul 2017 17:58:30 DEBUG    invalid: 002001_2013-02-16_None
mylog        Mon, 03 Jul 2017 17:58:30 DEBUG    invalid: 002001_2013-02-15_None
mylog        Mon, 03 Jul 2017 17:58:31 DEBUG    invalid: 002001_2013-02-14_None
mylog        Mon, 03 Jul 2017 17:58:31 DEBUG    invalid: 002001_2013-02-13_None
mylog        Mon, 03 Jul 2017 17:58:31 DEBUG    invalid: 002001_2013-02-12_None
mylog        Mon, 03 Jul 2017 17:58:31 DEBUG    invalid: 002001_2013-02-11_None
mylog        Mon, 03 Jul 2017 17:58:31 DEBUG    invalid: 002001_2013-02-10_None
mylog        Mon, 03 Jul 2017 17:58:31 DEBUG    invalid: 002001_2013-02-09_None
mylog        Mon, 03 Jul 2017 17:58:32 DEBUG    valid: 002001_2013-02-08_[-0.65232456 -0.66868634 -0.79949827 -0.92113794  1.89055152  1.02440361
  0.12669198 -0.65232456 -0.66868634 -0.79949827 -0.92113794  1.89055152
  1.02440361  0.12669198]
mylog        Mon, 03 Jul 2017 17:58:32 DEBUG    valid: 002001_2013-02-07_[-0.14641797 -0.8103079  -0.95255631 -1.06418744  1.78591608  1.03392816
  0.15362538 -0.14641797 -0.8103079  -0.95255631 -1.06418744  1.78591608
  1.03392816  0.15362538]
mylog        Mon, 03 Jul 2017 17:58:32 DEBUG    valid: 002001_2013-02-06_[-0.82841175 -0.70961386 -0.78606853 -0.85368222  1.77985564  1.09803919
  0.29988152 -0.82841175 -0.70961386 -0.78606853 -0.85368222  1.77985564
  1.09803919  0.29988152]
mylog        Mon, 03 Jul 2017 17:58:33 DEBUG    valid: 002001_2013-02-05_[-0.62819528 -0.76545986 -0.86335656 -0.90315919  1.78443389  1.09273291
  0.28300409 -0.62819528 -0.76545986 -0.86335656 -0.90315919  1.78443389
  1.09273291  0.28300409]
mylog        Mon, 03 Jul 2017 17:58:33 DEBUG    valid: 002001_2013-02-04_[-0.53927377 -0.73621608 -0.91349595 -0.94852108  1.78403466  1.08556333
  0.26790889 -0.53927377 -0.73621608 -0.91349595 -0.94852108  1.78403466
  1.08556333  0.26790889]
mylog        Mon, 03 Jul 2017 17:58:33 DEBUG    invalid: 002001_2013-02-03_None
mylog        Mon, 03 Jul 2017 17:58:33 DEBUG    invalid: 002001_2013-02-02_None
mylog        Mon, 03 Jul 2017 17:58:34 DEBUG    valid: 002001_2013-02-01_[-0.88265879 -0.693608   -0.80739606 -0.81851553  1.75525707  1.10441163
  0.34250969 -0.88265879 -0.693608   -0.80739606 -0.81851553  1.75525707
  1.10441163  0.34250969]
mylog        Mon, 03 Jul 2017 17:58:34 DEBUG    valid: 002001_2013-01-31_[-0.59240002 -0.799292   -0.87270695 -0.8913462   1.84752307  0.95826152
  0.34996059 -0.59240002 -0.799292   -0.87270695 -0.8913462   1.84752307
  0.95826152  0.34996059]
mylog        Mon, 03 Jul 2017 17:58:34 DEBUG    valid: 002001_2013-01-30_[-0.83297478 -0.73977722 -0.82569937 -0.79674567  1.8265253   0.97543185
  0.39323988 -0.83297478 -0.73977722 -0.82569937 -0.79674567  1.8265253
  0.97543185  0.39323988]
mylog        Mon, 03 Jul 2017 17:58:35 DEBUG    valid: 002001_2013-01-29_[-0.26351362 -0.9410445  -0.93960921 -0.93095543  1.82373648  0.93102393
  0.32036234 -0.26351362 -0.9410445  -0.93960921 -0.93095543  1.82373648
  0.93102393  0.32036234]
mylog        Mon, 03 Jul 2017 17:58:35 DEBUG    valid: 002001_2013-01-28_[-0.83353876 -0.84629789 -0.75586338 -0.77746968  1.80737623  0.98438205
  0.42141143 -0.83353876 -0.84629789 -0.75586338 -0.77746968  1.80737623
  0.98438205  0.42141143]
mylog        Mon, 03 Jul 2017 17:58:35 DEBUG    invalid: 002001_2013-01-27_None
mylog        Mon, 03 Jul 2017 17:58:35 DEBUG    invalid: 002001_2013-01-26_None
mylog        Mon, 03 Jul 2017 17:58:36 DEBUG    valid: 002001_2013-01-25_[-0.99016253 -0.79357854 -0.68990306 -0.74052845  1.78855922  0.9869707
  0.43864267 -0.99016253 -0.79357854 -0.68990306 -0.74052845  1.78855922
  0.9869707   0.43864267]
mylog        Mon, 03 Jul 2017 17:58:36 DEBUG    valid: 002001_2013-01-24_[-0.66459041 -0.85888346 -0.79068023 -0.8399016   1.89208371  0.86948279
  0.39248921 -0.66459041 -0.85888346 -0.79068023 -0.8399016   1.89208371
  0.86948279  0.39248921]
mylog        Mon, 03 Jul 2017 17:58:36 DEBUG    valid: 002001_2013-01-23_[-1.04840438 -0.76937053 -0.65743293 -0.70724413  1.83694259  0.89292405
  0.45258533 -1.04840438 -0.76937053 -0.65743293 -0.70724413  1.83694259
  0.89292405  0.45258533]
mylog        Mon, 03 Jul 2017 17:58:37 DEBUG    valid: 002001_2013-01-22_[-0.69689095 -0.81042491 -0.79153561 -0.85833479  1.89229341  0.87070668
  0.39418618 -0.69689095 -0.81042491 -0.79153561 -0.85833479  1.89229341
  0.87070668  0.39418618]
mylog        Mon, 03 Jul 2017 17:58:37 DEBUG    valid: 002001_2013-01-21_[-0.86536577 -0.68873598 -0.76948271 -0.84384613  1.88005017  0.87750863
  0.40987178 -0.86536577 -0.68873598 -0.76948271 -0.84384613  1.88005017
  0.87750863  0.40987178]
mylog        Mon, 03 Jul 2017 17:58:37 DEBUG    invalid: 002001_2013-01-20_None
mylog        Mon, 03 Jul 2017 17:58:37 DEBUG    invalid: 002001_2013-01-19_None
mylog        Mon, 03 Jul 2017 17:58:38 DEBUG    valid: 002001_2013-01-18_[-0.77793802 -0.67794246 -0.80749155 -0.89374289  1.88876792  0.8714404
  0.39690661 -0.77793802 -0.67794246 -0.80749155 -0.89374289  1.88876792
  0.8714404   0.39690661]
mylog        Mon, 03 Jul 2017 17:58:38 DEBUG    valid: 002001_2013-01-17_[-0.99951673 -0.62348295 -0.7443381  -0.86850391  1.79654498  0.86201356
  0.57728314 -0.99951673 -0.62348295 -0.7443381  -0.86850391  1.79654498
  0.86201356  0.57728314]
mylog        Mon, 03 Jul 2017 17:58:38 DEBUG    valid: 002001_2013-01-16_[-0.65048407 -0.70956978 -0.81703532 -1.02617617  1.83632039  0.83587841
  0.53106654 -0.65048407 -0.70956978 -0.81703532 -1.02617617  1.83632039
  0.83587841  0.53106654]
mylog        Mon, 03 Jul 2017 17:58:39 DEBUG    valid: 002001_2013-01-15_[-0.20596914 -0.87730198 -0.90516184 -1.10705559  1.80717178  0.79790819
  0.49040858 -0.20596914 -0.87730198 -0.90516184 -1.10705559  1.80717178
  0.79790819  0.49040858]
mylog        Mon, 03 Jul 2017 17:58:39 DEBUG    valid: 002001_2013-01-14_[-0.60409948 -0.83370717 -0.82184776 -0.97808958  1.7971355   0.86266082
  0.57794768 -0.60409948 -0.83370717 -0.82184776 -0.97808958  1.7971355
  0.86266082  0.57794768]
mylog        Mon, 03 Jul 2017 17:58:39 DEBUG    invalid: 002001_2013-01-13_None
mylog        Mon, 03 Jul 2017 17:58:39 DEBUG    invalid: 002001_2013-01-12_None
mylog        Mon, 03 Jul 2017 17:58:40 DEBUG    valid: 002001_2013-01-11_[-0.80691332 -0.79184762 -0.77278883 -0.90305421  1.77378968  0.88569783
  0.61511648 -0.80691332 -0.79184762 -0.77278883 -0.90305421  1.77378968
  0.88569783  0.61511648]
mylog        Mon, 03 Jul 2017 17:58:40 DEBUG    valid: 002001_2013-01-10_[-0.71055542 -0.79351024 -0.7544435  -0.99983571  1.79585795  0.76330805
  0.69917888 -0.71055542 -0.79351024 -0.7544435  -0.99983571  1.79585795
  0.76330805  0.69917888]
mylog        Mon, 03 Jul 2017 17:58:40 DEBUG    valid: 002001_2013-01-09_[-0.93985045 -0.63886479 -0.72760218 -0.9586075   1.77389132  0.77648988
  0.7145437  -0.93985045 -0.63886479 -0.72760218 -0.9586075   1.77389132
  0.77648988  0.7145437 ]
mylog        Mon, 03 Jul 2017 17:58:41 DEBUG    valid: 002001_2013-01-08_[-0.72204969 -0.66297174 -0.81531433 -1.04753878  1.79384131  0.75914776
  0.69488546 -0.72204969 -0.66297174 -0.81531433 -1.04753878  1.79384131
  0.75914776  0.69488546]
mylog        Mon, 03 Jul 2017 17:58:41 DEBUG    valid: 002001_2013-01-07_[-0.81942817 -0.67155882 -0.78892924 -0.99015489  1.77721482  0.77747389
  0.71538241 -0.81942817 -0.67155882 -0.78892924 -0.99015489  1.77721482
  0.77747389  0.71538241]
mylog        Mon, 03 Jul 2017 17:58:41 DEBUG    invalid: 002001_2013-01-06_None
mylog        Mon, 03 Jul 2017 17:58:41 DEBUG    invalid: 002001_2013-01-05_None
mylog        Mon, 03 Jul 2017 17:58:42 DEBUG    valid: 002001_2013-01-04_[-0.61290499 -0.75883187 -0.86049166 -1.02265952  1.78201735  0.7679267
  0.70494399 -0.61290499 -0.75883187 -0.86049166 -1.02265952  1.78201735
  0.7679267   0.70494399]
mylog        Mon, 03 Jul 2017 17:58:42 DEBUG    invalid: 002001_2013-01-03_None
mylog        Mon, 03 Jul 2017 17:58:42 DEBUG    invalid: 002001_2013-01-02_None
mylog        Mon, 03 Jul 2017 17:58:42 DEBUG    invalid: 002001_2013-01-01_None
mylog        Mon, 03 Jul 2017 17:58:43 DEBUG    valid: 002001_2012-12-31_[-0.2643471  -0.7564435  -0.98946911 -1.1749502   1.69262187  0.64760663
  0.84498141 -0.2643471  -0.7564435  -0.98946911 -1.1749502   1.69262187
  0.64760663  0.84498141]
mylog        Mon, 03 Jul 2017 17:58:43 DEBUG    invalid: 002001_2012-12-30_None
mylog        Mon, 03 Jul 2017 17:58:43 DEBUG    invalid: 002001_2012-12-29_None
mylog        Mon, 03 Jul 2017 17:58:43 DEBUG    valid: 002001_2012-12-28_[-0.65133908 -0.75245165 -0.88808969 -1.01836179  1.68905189  0.71898568
  0.90220464 -0.65133908 -0.75245165 -0.88808969 -1.01836179  1.68905189
  0.71898568  0.90220464]
mylog        Mon, 03 Jul 2017 17:58:44 DEBUG    valid: 002001_2012-12-27_[-0.88300123 -0.71134417 -0.80923309 -0.99468491  1.39361903  0.75883859
  1.24580577 -0.88300123 -0.71134417 -0.80923309 -0.99468491  1.39361903
  0.75883859  1.24580577]
mylog        Mon, 03 Jul 2017 17:58:44 DEBUG    valid: 002001_2012-12-26_[-0.92343085 -0.68704847 -0.82446542 -0.96510532  1.388221    0.76802518
  1.24380388 -0.92343085 -0.68704847 -0.82446542 -0.96510532  1.388221
  0.76802518  1.24380388]
mylog        Mon, 03 Jul 2017 17:58:44 DEBUG    valid: 002001_2012-12-25_[ 0.01240779 -0.91331326 -1.06244377 -1.20484464  1.32781899  0.66653963
  1.17383526  0.01240779 -0.91331326 -1.06244377 -1.20484464  1.32781899
  0.66653963  1.17383526]
mylog        Mon, 03 Jul 2017 17:58:45 DEBUG    valid: 002001_2012-12-24_[-0.74443659 -0.8003635  -0.90356306 -0.960784    1.37947574  0.78793925
  1.24173215 -0.74443659 -0.8003635  -0.90356306 -0.960784    1.37947574
  0.78793925  1.24173215]
mylog        Mon, 03 Jul 2017 17:58:45 DEBUG    invalid: 002001_2012-12-23_None
mylog        Mon, 03 Jul 2017 17:58:45 DEBUG    invalid: 002001_2012-12-22_None
mylog        Mon, 03 Jul 2017 17:58:45 DEBUG    valid: 002001_2012-12-21_[-0.77227772 -0.77883736 -0.90276195 -0.95750339  1.37666069  0.79378572
  1.240934   -0.77227772 -0.77883736 -0.90276195 -0.95750339  1.37666069
  0.79378572  1.240934  ]
mylog        Mon, 03 Jul 2017 17:58:46 DEBUG    valid: 002001_2012-12-20_[-0.79114413 -0.71421537 -0.90897319 -0.99143008  1.07730806  0.86142527
  1.46702943 -0.79114413 -0.71421537 -0.90897319 -0.99143008  1.07730806
  0.86142527  1.46702943]
mylog        Mon, 03 Jul 2017 17:58:46 DEBUG    valid: 002001_2012-12-19_[-0.86100245 -0.7600107  -0.83787244 -0.95637491  1.08235611  0.87348537
  1.45941902 -0.86100245 -0.7600107  -0.83787244 -0.95637491  1.08235611
  0.87348537  1.45941902]
mylog        Mon, 03 Jul 2017 17:58:46 DEBUG    valid: 002001_2012-12-18_[-0.61145205 -0.86501747 -0.85192555 -1.06302859  1.07256968  0.85684089
  1.46201307 -0.61145205 -0.86501747 -0.85192555 -1.06302859  1.07256968
  0.85684089  1.46201307]
mylog        Mon, 03 Jul 2017 17:58:47 DEBUG    valid: 002001_2012-12-17_[-0.65533305 -0.90295956 -0.8363239  -1.00984122  1.07936762  0.87277857
  1.45231153 -0.65533305 -0.90295956 -0.8363239  -1.00984122  1.07936762
  0.87277857  1.45231153]
mylog        Mon, 03 Jul 2017 17:58:47 DEBUG    invalid: 002001_2012-12-16_None
mylog        Mon, 03 Jul 2017 17:58:47 DEBUG    invalid: 002001_2012-12-15_None
mylog        Mon, 03 Jul 2017 17:58:47 DEBUG    valid: 002001_2012-12-14_[-0.45334016 -0.98128408 -0.86038581 -1.06962036  1.06591665  0.85867488
  1.44003887 -0.45334016 -0.98128408 -0.86038581 -1.06962036  1.06591665
  0.85867488  1.44003887]
mylog        Mon, 03 Jul 2017 17:58:48 DEBUG    valid: 002001_2012-12-13_[-1.01701108 -0.79501959 -0.71055855 -0.87040939  0.93833591  0.92902983
  1.52563287 -1.01701108 -0.79501959 -0.71055855 -0.87040939  0.93833591
  0.92902983  1.52563287]
mylog        Mon, 03 Jul 2017 17:58:48 DEBUG    valid: 002001_2012-12-12_[-0.88145938 -0.77316042 -0.77098547 -0.96802973  0.93000255  0.9202837
  1.54334875 -0.88145938 -0.77316042 -0.77098547 -0.96802973  0.93000255
  0.9202837   1.54334875]
mylog        Mon, 03 Jul 2017 17:58:48 DEBUG    valid: 002001_2012-12-11_[-1.0176207  -0.61971377 -0.77194939 -0.9670235   0.92632491  0.91670742
  1.53327503 -1.0176207  -0.61971377 -0.77194939 -0.9670235   0.92632491
  0.91670742  1.53327503]
mylog        Mon, 03 Jul 2017 17:58:49 DEBUG    valid: 002001_2012-12-10_[-0.85488421 -0.68062387 -0.82345034 -1.0244395   0.92355315  0.91368761
  1.54615715 -0.85488421 -0.68062387 -0.82345034 -1.0244395   0.92355315
  0.91368761  1.54615715]
mylog        Mon, 03 Jul 2017 17:58:49 DEBUG    invalid: 002001_2012-12-09_None
mylog        Mon, 03 Jul 2017 17:58:49 DEBUG    invalid: 002001_2012-12-08_None
mylog        Mon, 03 Jul 2017 17:58:49 DEBUG    valid: 002001_2012-12-07_[-0.63580469 -0.6894777  -0.91594587 -1.11637478  0.90931295  0.8991749
  1.54911519 -0.63580469 -0.6894777  -0.91594587 -1.11637478  0.90931295
  0.8991749   1.54911519]
mylog        Mon, 03 Jul 2017 17:58:50 DEBUG    valid: 002001_2012-12-06_[-0.57011475 -0.70990255 -0.87356951 -1.08459549  0.62024743  0.85068907
  1.7672458  -0.57011475 -0.70990255 -0.87356951 -1.08459549  0.62024743
  0.85068907  1.7672458 ]
mylog        Mon, 03 Jul 2017 17:58:50 DEBUG    valid: 002001_2012-12-05_[-0.16819527 -0.81888182 -0.99087265 -1.14969615  0.58323719  0.81376153
  1.73064717 -0.16819527 -0.81888182 -0.99087265 -1.14969615  0.58323719
  0.81376153  1.73064717]
mylog        Mon, 03 Jul 2017 17:58:50 DEBUG    valid: 002001_2012-12-04_[-0.89541811 -0.71539199 -0.80801122 -0.89290661  0.69623819  0.90084471
  1.71464503 -0.89541811 -0.71539199 -0.80801122 -0.89290661  0.69623819
  0.90084471  1.71464503]
mylog        Mon, 03 Jul 2017 17:58:51 DEBUG    valid: 002001_2012-12-03_[-0.46635283 -0.82442466 -0.94591709 -1.01703647  0.65489603  0.87054911
  1.7282859  -0.46635283 -0.82442466 -0.94591709 -1.01703647  0.65489603
  0.87054911  1.7282859 ]
mylog        Mon, 03 Jul 2017 17:58:51 DEBUG    invalid: 002001_2012-12-02_None
mylog        Mon, 03 Jul 2017 17:58:51 DEBUG    invalid: 002001_2012-12-01_None
mylog        Mon, 03 Jul 2017 17:58:51 DEBUG    valid: 002001_2012-11-30_[-0.80352462 -0.78418203 -0.86616615 -0.86572055  0.70379643  0.9059254
  1.70987152 -0.80352462 -0.78418203 -0.86616615 -0.86572055  0.70379643
  0.9059254   1.70987152]
mylog        Mon, 03 Jul 2017 17:58:52 DEBUG    valid: 002001_2012-11-29_[-0.68586453 -0.77697487 -0.89051062 -0.87804879  0.47931945  0.96058597
  1.79149338 -0.68586453 -0.77697487 -0.89051062 -0.87804879  0.47931945
  0.96058597  1.79149338]
mylog        Mon, 03 Jul 2017 17:58:52 DEBUG    valid: 002001_2012-11-28_[-0.75444171 -0.7973709  -0.87176411 -0.82445636  0.49946826  0.96897786
  1.77958696 -0.75444171 -0.7973709  -0.87176411 -0.82445636  0.49946826
  0.96897786  1.77958696]
mylog        Mon, 03 Jul 2017 17:58:52 DEBUG    valid: 002001_2012-11-27_[-0.77265063 -0.81373857 -0.85829898 -0.80985838  0.50903663  0.97259115
  1.77291878 -0.77265063 -0.81373857 -0.85829898 -0.80985838  0.50903663
  0.97259115  1.77291878]
mylog        Mon, 03 Jul 2017 17:58:53 DEBUG    valid: 002001_2012-11-26_[-0.78037338 -0.83120738 -0.84793538 -0.79855728  0.51464     0.97462998
  1.76880344 -0.78037338 -0.83120738 -0.84793538 -0.79855728  0.51464
  0.97462998  1.76880344]
mylog        Mon, 03 Jul 2017 17:58:53 DEBUG    invalid: 002001_2012-11-25_None
mylog        Mon, 03 Jul 2017 17:58:53 DEBUG    invalid: 002001_2012-11-24_None
mylog        Mon, 03 Jul 2017 17:58:53 DEBUG    valid: 002001_2012-11-23_[-0.61238565 -0.90186273 -0.89936776 -0.82397321  0.49909133  0.96610183
  1.77239621 -0.61238565 -0.90186273 -0.89936776 -0.82397321  0.49909133
  0.96610183  1.77239621]
mylog        Mon, 03 Jul 2017 17:58:54 DEBUG    valid: 002001_2012-11-22_[-0.88552922 -0.8446259  -0.83359531 -0.74324647  0.55287596  1.09698391
  1.65713702 -0.88552922 -0.8446259  -0.83359531 -0.74324647  0.55287596
  1.09698391  1.65713702]
mylog        Mon, 03 Jul 2017 17:58:54 DEBUG    valid: 002001_2012-11-21_[-0.87461299 -0.85401006 -0.82623837 -0.7509741   0.54956866  1.09656836
  1.6596985  -0.87461299 -0.85401006 -0.82623837 -0.7509741   0.54956866
  1.09656836  1.6596985 ]
mylog        Mon, 03 Jul 2017 17:58:54 DEBUG    valid: 002001_2012-11-20_[-0.87912962 -0.84510175 -0.82717614 -0.75372047  0.54794902  1.09631904
  1.66085992 -0.87912962 -0.84510175 -0.82717614 -0.75372047  0.54794902
  1.09631904  1.66085992]
mylog        Mon, 03 Jul 2017 17:58:55 DEBUG    valid: 002001_2012-11-19_[-0.90821407 -0.82906018 -0.81444142 -0.7518077   0.54643491  1.09577464
  1.66131382 -0.90821407 -0.82906018 -0.81444142 -0.7518077   0.54643491
  1.09577464  1.66131382]
mylog        Mon, 03 Jul 2017 17:58:55 DEBUG    invalid: 002001_2012-11-18_None
mylog        Mon, 03 Jul 2017 17:58:55 DEBUG    invalid: 002001_2012-11-17_None
mylog        Mon, 03 Jul 2017 17:58:55 DEBUG    valid: 002001_2012-11-16_[-0.79527866 -0.88118743 -0.81489243 -0.80507456  0.52859297  1.09326054
  1.67457957 -0.79527866 -0.88118743 -0.81489243 -0.80507456  0.52859297
  1.09326054  1.67457957]
mylog        Mon, 03 Jul 2017 17:58:56 DEBUG    valid: 002001_2012-11-15_[-0.91827951 -0.86406537 -0.768969   -0.77534774  0.63815506  1.03088391
  1.65762265 -0.91827951 -0.86406537 -0.768969   -0.77534774  0.63815506
  1.03088391  1.65762265]
mylog        Mon, 03 Jul 2017 17:58:56 DEBUG    valid: 002001_2012-11-14_[-0.87677521 -0.87080849 -0.77662009 -0.79899972  0.62756826  1.02816791
  1.66746734 -0.87677521 -0.87080849 -0.77662009 -0.79899972  0.62756826
  1.02816791  1.66746734]
mylog        Mon, 03 Jul 2017 17:58:56 DEBUG    valid: 002001_2012-11-13_[-0.85116102 -0.88052523 -0.78943118 -0.80208057  0.62658163  1.02800289
  1.66861347 -0.85116102 -0.88052523 -0.78943118 -0.80208057  0.62658163
  1.02800289  1.66861347]
mylog        Mon, 03 Jul 2017 17:58:57 DEBUG    valid: 002001_2012-11-12_[-0.92974246 -0.84441073 -0.77002606 -0.77950311  0.63232963  1.02909007
  1.66226265 -0.92974246 -0.84441073 -0.77002606 -0.77950311  0.63232963
  1.02909007  1.66226265]
mylog        Mon, 03 Jul 2017 17:58:57 DEBUG    invalid: 002001_2012-11-11_None
mylog        Mon, 03 Jul 2017 17:58:57 DEBUG    invalid: 002001_2012-11-10_None
mylog        Mon, 03 Jul 2017 17:58:57 DEBUG    valid: 002001_2012-11-09_[-0.92070346 -0.79111706 -0.78564672 -0.82054767  0.61892099  1.02529207
  1.67380186 -0.92070346 -0.79111706 -0.78564672 -0.82054767  0.61892099
  1.02529207  1.67380186]
mylog        Mon, 03 Jul 2017 17:58:58 DEBUG    valid: 002001_2012-11-08_[-0.86382086 -0.78697589 -0.813245   -0.86168181  0.63748607  1.01937218
  1.6688653  -0.86382086 -0.78697589 -0.813245   -0.86168181  0.63748607
  1.01937218  1.6688653 ]
mylog        Mon, 03 Jul 2017 17:58:58 DEBUG    valid: 002001_2012-11-07_[-0.94856173 -0.73630897 -0.80146717 -0.83792383  0.6429993   1.02002111
  1.66124129 -0.94856173 -0.73630897 -0.80146717 -0.83792383  0.6429993
  1.02002111  1.66124129]
mylog        Mon, 03 Jul 2017 17:58:58 DEBUG    valid: 002001_2012-11-06_[-0.86099047 -0.77621765 -0.83042975 -0.85732267  0.63609056  1.01890176
  1.66996822 -0.86099047 -0.77621765 -0.83042975 -0.85732267  0.63609056
  1.01890176  1.66996822]
mylog        Mon, 03 Jul 2017 17:58:59 DEBUG    valid: 002001_2012-11-05_[-0.60032197 -0.86961885 -0.91216969 -0.91627276  0.61072111  1.00691637
  1.68074579 -0.60032197 -0.86961885 -0.91216969 -0.91627276  0.61072111
  1.00691637  1.68074579]
mylog        Mon, 03 Jul 2017 17:58:59 DEBUG    invalid: 002001_2012-11-04_None
mylog        Mon, 03 Jul 2017 17:58:59 DEBUG    invalid: 002001_2012-11-03_None
mylog        Mon, 03 Jul 2017 17:58:59 DEBUG    valid: 002001_2012-11-02_[-0.72309874 -0.83962091 -0.89305243 -0.86506642  0.63305678  1.01721346
  1.67056826 -0.72309874 -0.83962091 -0.89305243 -0.86506642  0.63305678
  1.01721346  1.67056826]
mylog        Mon, 03 Jul 2017 17:59:00 DEBUG    valid: 002001_2012-11-01_[-0.73115587 -0.83580227 -0.8857893  -0.83225124  0.5483796   1.01879658
  1.71782251 -0.73115587 -0.83580227 -0.8857893  -0.83225124  0.5483796
  1.01879658  1.71782251]
mylog        Mon, 03 Jul 2017 17:59:00 DEBUG    valid: 002001_2012-10-31_[-0.9324714  -0.80540463 -0.80739013 -0.75181674  0.57307667  1.02570607
  1.69830016 -0.9324714  -0.80540463 -0.80739013 -0.75181674  0.57307667
  1.02570607  1.69830016]
mylog        Mon, 03 Jul 2017 17:59:00 DEBUG    valid: 002001_2012-10-30_[-0.87996964 -0.81983906 -0.82349984 -0.77244956  0.56575418  1.02430522
  1.7056987  -0.87996964 -0.81983906 -0.82349984 -0.77244956  0.56575418
  1.02430522  1.7056987 ]
mylog        Mon, 03 Jul 2017 17:59:01 DEBUG    valid: 002001_2012-10-29_[-0.72243126 -0.86781218 -0.8761978  -0.81757477  0.5474939   1.01839121
  1.7181309  -0.72243126 -0.86781218 -0.8761978  -0.81757477  0.5474939
  1.01839121  1.7181309 ]
mylog        Mon, 03 Jul 2017 17:59:01 DEBUG    invalid: 002001_2012-10-28_None
mylog        Mon, 03 Jul 2017 17:59:01 DEBUG    invalid: 002001_2012-10-27_None
mylog        Mon, 03 Jul 2017 17:59:01 DEBUG    valid: 002001_2012-10-26_[-0.74801701 -0.89192282 -0.86023561 -0.78989644  0.55790055  1.02157919
  1.71059214 -0.74801701 -0.89192282 -0.86023561 -0.78989644  0.55790055
  1.02157919  1.71059214]
mylog        Mon, 03 Jul 2017 17:59:02 DEBUG    valid: 002001_2012-10-25_[-0.89244784 -0.86063395 -0.83172698 -0.76352474  0.68990461  1.03045388
  1.62797503 -0.89244784 -0.86063395 -0.83172698 -0.76352474  0.68990461
  1.03045388  1.62797503]
mylog        Mon, 03 Jul 2017 17:59:02 DEBUG    valid: 002001_2012-10-24_[-0.89859352 -0.83746493 -0.84016893 -0.77037618  0.68576435  1.02916103
  1.63167819 -0.89859352 -0.83746493 -0.84016893 -0.77037618  0.68576435
  1.02916103  1.63167819]
mylog        Mon, 03 Jul 2017 17:59:03 DEBUG    valid: 002001_2012-10-23_[-0.86502947 -0.85107781 -0.84428791 -0.78495321  0.68096443  1.02786206
  1.63652192 -0.86502947 -0.85107781 -0.84428791 -0.78495321  0.68096443
  1.02786206  1.63652192]
mylog        Mon, 03 Jul 2017 17:59:03 DEBUG    valid: 002001_2012-10-22_[-0.9414857  -0.83659729 -0.79610151 -0.76972689  0.68410024  1.02810955
  1.63170161 -0.9414857  -0.83659729 -0.79610151 -0.76972689  0.68410024
  1.02810955  1.63170161]
mylog        Mon, 03 Jul 2017 17:59:03 DEBUG    invalid: 002001_2012-10-21_None
mylog        Mon, 03 Jul 2017 17:59:03 DEBUG    invalid: 002001_2012-10-20_None
mylog        Mon, 03 Jul 2017 17:59:03 DEBUG    valid: 002001_2012-10-19_[-0.84802435 -0.86143051 -0.8292916  -0.80353551  0.67357956  1.02556116
  1.64314125 -0.84802435 -0.86143051 -0.8292916  -0.80353551  0.67357956
  1.02556116  1.64314125]
mylog        Mon, 03 Jul 2017 17:59:04 DEBUG    valid: 002001_2012-10-18_[-0.80499276 -0.91519063 -0.84050713 -0.8281238   0.84255625  0.9811056
  1.56515248 -0.80499276 -0.91519063 -0.84050713 -0.8281238   0.84255625
  0.9811056   1.56515248]
mylog        Mon, 03 Jul 2017 17:59:04 DEBUG    valid: 002001_2012-10-17_[-0.91793972 -0.89607663 -0.79359503 -0.78225571  0.84874059  0.98447433
  1.55665218 -0.91793972 -0.89607663 -0.79359503 -0.78225571  0.84874059
  0.98447433  1.55665218]
mylog        Mon, 03 Jul 2017 17:59:05 DEBUG    valid: 002001_2012-10-16_[-0.91817499 -0.88459513 -0.80745311 -0.77916696  0.84673206  0.98335853
  1.55929961 -0.91817499 -0.88459513 -0.80745311 -0.77916696  0.84673206
  0.98335853  1.55929961]
mylog        Mon, 03 Jul 2017 17:59:05 DEBUG    valid: 002001_2012-10-15_[-0.92793322 -0.84518404 -0.81956036 -0.79553971  0.84273886  0.98110402
  1.56437445 -0.92793322 -0.84518404 -0.81956036 -0.79553971  0.84273886
  0.98110402  1.56437445]
mylog        Mon, 03 Jul 2017 17:59:05 DEBUG    invalid: 002001_2012-10-14_None
mylog        Mon, 03 Jul 2017 17:59:05 DEBUG    invalid: 002001_2012-10-13_None
mylog        Mon, 03 Jul 2017 17:59:06 DEBUG    valid: 002001_2012-10-12_[-0.93386321 -0.84664736 -0.81556816 -0.79145414  0.84200241  0.9806129
  1.56491756 -0.93386321 -0.84664736 -0.81556816 -0.79145414  0.84200241
  0.9806129   1.56491756]
mylog        Mon, 03 Jul 2017 17:59:06 DEBUG    valid: 002001_2012-10-11_[-0.9466771  -0.7896893  -0.83183698 -0.78351998  0.76631264  0.94275708
  1.64265364 -0.9466771  -0.7896893  -0.83183698 -0.78351998  0.76631264
  0.94275708  1.64265364]
mylog        Mon, 03 Jul 2017 17:59:06 DEBUG    valid: 002001_2012-10-10_[-0.89383338 -0.78601482 -0.85581713 -0.81484223  0.75974145  0.93928607
  1.65148005 -0.89383338 -0.78601482 -0.85581713 -0.81484223  0.75974145
  0.93928607  1.65148005]
mylog        Mon, 03 Jul 2017 17:59:07 DEBUG    valid: 002001_2012-10-09_[-0.72243096 -0.8669125  -0.91590824 -0.83585454  0.74744096  0.93159454
  1.66207073 -0.72243096 -0.8669125  -0.91590824 -0.83585454  0.74744096
  0.93159454  1.66207073]
mylog        Mon, 03 Jul 2017 17:59:07 DEBUG    valid: 002001_2012-10-08_[-0.93496512 -0.81148508 -0.85085747 -0.75540841  0.76820854  0.94386611
  1.64064143 -0.93496512 -0.81148508 -0.85085747 -0.75540841  0.76820854
  0.94386611  1.64064143]
mylog        Mon, 03 Jul 2017 17:59:07 DEBUG    invalid: 002001_2012-10-07_None
mylog        Mon, 03 Jul 2017 17:59:07 DEBUG    invalid: 002001_2012-10-06_None
mylog        Mon, 03 Jul 2017 17:59:07 DEBUG    invalid: 002001_2012-10-05_None
mylog        Mon, 03 Jul 2017 17:59:08 DEBUG    invalid: 002001_2012-10-04_None
mylog        Mon, 03 Jul 2017 17:59:08 DEBUG    invalid: 002001_2012-10-03_None
mylog        Mon, 03 Jul 2017 17:59:08 DEBUG    invalid: 002001_2012-10-02_None
mylog        Mon, 03 Jul 2017 17:59:08 DEBUG    invalid: 002001_2012-10-01_None
mylog        Mon, 03 Jul 2017 17:59:08 DEBUG    invalid: 002001_2012-09-30_None
mylog        Mon, 03 Jul 2017 17:59:08 DEBUG    invalid: 002001_2012-09-29_None
mylog        Mon, 03 Jul 2017 17:59:09 DEBUG    valid: 002001_2012-09-28_[-0.63668112 -0.89840724 -0.94411444 -0.85277138  0.74430775  0.92850617
  1.65916026 -0.63668112 -0.89840724 -0.94411444 -0.85277138  0.74430775
  0.92850617  1.65916026]
mylog        Mon, 03 Jul 2017 17:59:09 DEBUG    valid: 002001_2012-09-27_[-0.78147882 -0.88680472 -0.85492375 -0.8058255   0.74655432  0.88462024
  1.69785823 -0.78147882 -0.88680472 -0.85492375 -0.8058255   0.74655432
  0.88462024  1.69785823]
mylog        Mon, 03 Jul 2017 17:59:09 DEBUG    valid: 002001_2012-09-26_[-0.94096107 -0.84292803 -0.79272111 -0.75688117  0.75840321  0.89252905
  1.68255912 -0.94096107 -0.84292803 -0.79272111 -0.75688117  0.75840321
  0.89252905  1.68255912]
mylog        Mon, 03 Jul 2017 17:59:10 DEBUG    valid: 002001_2012-09-25_[-0.84582216 -0.87607614 -0.80793435 -0.80140767  0.74916968  0.88652097
  1.69554967 -0.84582216 -0.87607614 -0.80793435 -0.80140767  0.74916968
  0.88652097  1.69554967]
mylog        Mon, 03 Jul 2017 17:59:10 DEBUG    valid: 002001_2012-09-24_[-0.86629209 -0.88589833 -0.79132606 -0.78850219  0.75185563  0.88828432
  1.69187872 -0.86629209 -0.88589833 -0.79132606 -0.78850219  0.75185563
  0.88828432  1.69187872]
mylog        Mon, 03 Jul 2017 17:59:10 DEBUG    invalid: 002001_2012-09-23_None
mylog        Mon, 03 Jul 2017 17:59:10 DEBUG    invalid: 002001_2012-09-22_None
mylog        Mon, 03 Jul 2017 17:59:11 DEBUG    valid: 002001_2012-09-21_[-0.87701848 -0.88129817 -0.78384731 -0.78964775  0.75183457  0.88824504
  1.6917321  -0.87701848 -0.88129817 -0.78384731 -0.78964775  0.75183457
  0.88824504  1.6917321 ]
mylog        Mon, 03 Jul 2017 17:59:11 DEBUG    valid: 002001_2012-09-20_[-0.88297814 -0.85113371 -0.78767089 -0.83601891  0.82398743  0.88775978
  1.64605444 -0.88297814 -0.85113371 -0.78767089 -0.83601891  0.82398743
  0.88775978  1.64605444]
mylog        Mon, 03 Jul 2017 17:59:11 DEBUG    valid: 002001_2012-09-19_[-0.940977   -0.81722513 -0.78235082 -0.81592415  0.82521063  0.88862345
  1.64264303 -0.940977   -0.81722513 -0.78235082 -0.81592415  0.82521063
  0.88862345  1.64264303]
mylog        Mon, 03 Jul 2017 17:59:12 DEBUG    valid: 002001_2012-09-18_[-1.00391527 -0.78943441 -0.74042601 -0.81452235  0.82013343  0.88405396
  1.64411065 -1.00391527 -0.78943441 -0.74042601 -0.81452235  0.82013343
  0.88405396  1.64411065]
mylog        Mon, 03 Jul 2017 17:59:12 DEBUG    valid: 002001_2012-09-17_[-0.93921128 -0.79433172 -0.76897728 -0.84762678  0.81526372  0.88036909
  1.65451425 -0.93921128 -0.79433172 -0.76897728 -0.84762678  0.81526372
  0.88036909  1.65451425]
mylog        Mon, 03 Jul 2017 17:59:12 DEBUG    invalid: 002001_2012-09-16_None
mylog        Mon, 03 Jul 2017 17:59:12 DEBUG    invalid: 002001_2012-09-15_None
mylog        Mon, 03 Jul 2017 17:59:13 DEBUG    valid: 002001_2012-09-14_[-0.64930899 -0.87634915 -0.86773149 -0.93847838  0.79554492  0.86359308
  1.67273    -0.64930899 -0.87634915 -0.86773149 -0.93847838  0.79554492
  0.86359308  1.67273   ]
mylog        Mon, 03 Jul 2017 17:59:13 DEBUG    valid: 002001_2012-09-13_[-0.83929076 -0.79868922 -0.86059187 -0.8872301   0.86534666  0.94029121
  1.58016409 -0.83929076 -0.79868922 -0.86059187 -0.8872301   0.86534666
  0.94029121  1.58016409]
mylog        Mon, 03 Jul 2017 17:59:13 DEBUG    valid: 002001_2012-09-12_[-0.7985378  -0.83243407 -0.88007205 -0.87459708  0.86511552  0.9401106
  1.58041489 -0.7985378  -0.83243407 -0.88007205 -0.87459708  0.86511552
  0.9401106   1.58041489]
mylog        Mon, 03 Jul 2017 17:59:14 DEBUG    valid: 002001_2012-09-11_[-0.89942296 -0.7404684  -0.88469584 -0.85993228  0.8676721   0.94183294
  1.57501444 -0.89942296 -0.7404684  -0.88469584 -0.85993228  0.8676721
  0.94183294  1.57501444]
mylog        Mon, 03 Jul 2017 17:59:14 DEBUG    valid: 002001_2012-09-10_[-0.89279822 -0.75623072 -0.88573404 -0.85088907  0.86832604  0.94240819
  1.57491782 -0.89279822 -0.75623072 -0.88573404 -0.85088907  0.86832604
  0.94240819  1.57491782]
mylog        Mon, 03 Jul 2017 17:59:14 DEBUG    invalid: 002001_2012-09-09_None
mylog        Mon, 03 Jul 2017 17:59:14 DEBUG    invalid: 002001_2012-09-08_None
mylog        Mon, 03 Jul 2017 17:59:15 DEBUG    valid: 002001_2012-09-07_[-0.57406883 -0.86242797 -0.98287812 -0.93751812  0.84865905  0.92561101
  1.58262297 -0.57406883 -0.86242797 -0.98287812 -0.93751812  0.84865905
  0.92561101  1.58262297]
mylog        Mon, 03 Jul 2017 17:59:15 DEBUG    valid: 002001_2012-09-06_[-0.89548996 -0.81931515 -0.84970481 -0.79258421  0.79249889  0.92174
  1.64285523 -0.89548996 -0.81931515 -0.84970481 -0.79258421  0.79249889
  0.92174     1.64285523]
mylog        Mon, 03 Jul 2017 17:59:15 DEBUG    valid: 002001_2012-09-05_[-0.46074264 -0.9592606  -0.96357239 -0.91571925  0.75355629  0.8905852
  1.65515339 -0.46074264 -0.9592606  -0.96357239 -0.91571925  0.75355629
  0.8905852   1.65515339]
mylog        Mon, 03 Jul 2017 17:59:16 DEBUG    valid: 002001_2012-09-04_[-0.87765024 -0.91508769 -0.81875053 -0.74590221  0.79716846  0.92460048
  1.63562172 -0.87765024 -0.91508769 -0.81875053 -0.74590221  0.79716846
  0.92460048  1.63562172]
mylog        Mon, 03 Jul 2017 17:59:16 DEBUG    valid: 002001_2012-09-03_[-0.8963956  -0.90494782 -0.82025484 -0.73514442  0.79690625  0.92435657
  1.63547987 -0.8963956  -0.90494782 -0.82025484 -0.73514442  0.79690625
  0.92435657  1.63547987]
mylog        Mon, 03 Jul 2017 17:59:16 DEBUG    invalid: 002001_2012-09-02_None
mylog        Mon, 03 Jul 2017 17:59:16 DEBUG    invalid: 002001_2012-09-01_None
mylog        Mon, 03 Jul 2017 17:59:17 DEBUG    valid: 002001_2012-08-31_[-0.97348385 -0.88675599 -0.79357226 -0.69854641  0.79790468  0.9243814
  1.63007244 -0.97348385 -0.88675599 -0.79357226 -0.69854641  0.79790468
  0.9243814   1.63007244]
mylog        Mon, 03 Jul 2017 17:59:17 DEBUG    valid: 002001_2012-08-30_[-0.91656328 -0.88411493 -0.81751722 -0.73314251  0.7313472   0.98954588
  1.63044486 -0.91656328 -0.88411493 -0.81751722 -0.73314251  0.7313472
  0.98954588  1.63044486]
mylog        Mon, 03 Jul 2017 17:59:17 DEBUG    valid: 002001_2012-08-29_[-0.97364857 -0.8504174  -0.78757007 -0.73529546  0.72750457  0.98729208
  1.63213484 -0.97364857 -0.8504174  -0.78757007 -0.73529546  0.72750457
  0.98729208  1.63213484]
mylog        Mon, 03 Jul 2017 17:59:18 DEBUG    valid: 002001_2012-08-28_[-0.92256755 -0.81969275 -0.82542047 -0.77864849  0.71722272  0.98375767
  1.64534887 -0.92256755 -0.81969275 -0.82542047 -0.77864849  0.71722272
  0.98375767  1.64534887]
mylog        Mon, 03 Jul 2017 17:59:18 DEBUG    valid: 002001_2012-08-27_[-0.96045838 -0.8204782  -0.79734329 -0.76675449  0.71933027  0.98416571
  1.64153839 -0.96045838 -0.8204782  -0.79734329 -0.76675449  0.71933027
  0.98416571  1.64153839]
mylog        Mon, 03 Jul 2017 17:59:18 DEBUG    invalid: 002001_2012-08-26_None
mylog        Mon, 03 Jul 2017 17:59:18 DEBUG    invalid: 002001_2012-08-25_None
mylog        Mon, 03 Jul 2017 17:59:19 DEBUG    valid: 002001_2012-08-24_[-0.87196617 -0.83705465 -0.8282227  -0.80808247  0.71128567  0.98157055
  1.65246977 -0.87196617 -0.83705465 -0.8282227  -0.80808247  0.71128567
  0.98157055  1.65246977]
mylog        Mon, 03 Jul 2017 17:59:19 DEBUG    valid: 002001_2012-08-23_[-0.79439689 -0.86754418 -0.86116831 -0.84136269  0.705747    1.0702194
  1.58850567 -0.79439689 -0.86754418 -0.86116831 -0.84136269  0.705747
  1.0702194   1.58850567]
mylog        Mon, 03 Jul 2017 17:59:19 DEBUG    valid: 002001_2012-08-22_[-0.70568449 -0.86418256 -0.90023196 -0.88545693  0.69548683  1.06634855
  1.59372055 -0.70568449 -0.86418256 -0.90023196 -0.88545693  0.69548683
  1.06634855  1.59372055]
mylog        Mon, 03 Jul 2017 17:59:20 DEBUG    valid: 002001_2012-08-21_[-0.97358812 -0.82204538 -0.76228767 -0.80720749  0.71915215  1.07206445
  1.57391206 -0.97358812 -0.82204538 -0.76228767 -0.80720749  0.71915215
  1.07206445  1.57391206]
mylog        Mon, 03 Jul 2017 17:59:20 DEBUG    valid: 002001_2012-08-20_[-0.89825423 -0.82496148 -0.78528199 -0.85660112  0.70916898  1.07082457
  1.58510527 -0.89825423 -0.82496148 -0.78528199 -0.85660112  0.70916898
  1.07082457  1.58510527]
mylog        Mon, 03 Jul 2017 17:59:20 DEBUG    invalid: 002001_2012-08-19_None
mylog        Mon, 03 Jul 2017 17:59:20 DEBUG    invalid: 002001_2012-08-18_None
mylog        Mon, 03 Jul 2017 17:59:21 DEBUG    valid: 002001_2012-08-17_[-0.90355761 -0.83526575 -0.75410825 -0.87042638  0.70786906  1.07015554
  1.58533339 -0.90355761 -0.83526575 -0.75410825 -0.87042638  0.70786906
  1.07015554  1.58533339]
mylog        Mon, 03 Jul 2017 17:59:21 DEBUG    valid: 002001_2012-08-16_[-0.66121512 -0.91888132 -0.82720446 -0.94988898  0.65526232  1.18922259
  1.51270496 -0.66121512 -0.91888132 -0.82720446 -0.94988898  0.65526232
  1.18922259  1.51270496]
mylog        Mon, 03 Jul 2017 17:59:21 DEBUG    valid: 002001_2012-08-15_[-0.91887169 -0.85560175 -0.7492223  -0.85149029  0.6834556   1.19186393
  1.49986649 -0.91887169 -0.85560175 -0.7492223  -0.85149029  0.6834556
  1.19186393  1.49986649]
mylog        Mon, 03 Jul 2017 17:59:22 DEBUG    valid: 002001_2012-08-14_[-0.84300495 -0.7929139  -0.81546892 -0.9193489   0.66715735  1.1926219
  1.51095742 -0.84300495 -0.7929139  -0.81546892 -0.9193489   0.66715735
  1.1926219   1.51095742]
mylog        Mon, 03 Jul 2017 17:59:22 DEBUG    valid: 002001_2012-08-13_[-0.93315158 -0.75717344 -0.79640293 -0.88459077  0.67533187  1.19160871
  1.50437815 -0.93315158 -0.75717344 -0.79640293 -0.88459077  0.67533187
  1.19160871  1.50437815]
mylog        Mon, 03 Jul 2017 17:59:22 DEBUG    invalid: 002001_2012-08-12_None
mylog        Mon, 03 Jul 2017 17:59:22 DEBUG    invalid: 002001_2012-08-11_None
mylog        Mon, 03 Jul 2017 17:59:23 DEBUG    valid: 002001_2012-08-10_[-0.9583682  -0.69837078 -0.82436706 -0.88469325  0.67044355  1.19023004
  1.50512569 -0.9583682  -0.69837078 -0.82436706 -0.88469325  0.67044355
  1.19023004  1.50512569]
mylog        Mon, 03 Jul 2017 17:59:23 DEBUG    valid: 002001_2012-08-09_[-0.86313179 -0.73480112 -0.87602324 -0.92482117  0.73745116  1.27067459
  1.39065157 -0.86313179 -0.73480112 -0.87602324 -0.92482117  0.73745116
  1.27067459  1.39065157]
mylog        Mon, 03 Jul 2017 17:59:23 DEBUG    valid: 002001_2012-08-08_[-0.47361603 -0.83977792 -0.99677932 -1.03757239  0.70226397  1.25999519
  1.38548651 -0.47361603 -0.83977792 -0.99677932 -1.03757239  0.70226397
  1.25999519  1.38548651]
mylog        Mon, 03 Jul 2017 17:59:24 DEBUG    valid: 002001_2012-08-07_[-0.80061594 -0.80559363 -0.90168158 -0.89695072  0.75078141  1.26875714
  1.38530334 -0.80061594 -0.80559363 -0.90168158 -0.89695072  0.75078141
  1.26875714  1.38530334]
mylog        Mon, 03 Jul 2017 17:59:24 DEBUG    valid: 002001_2012-08-06_[-0.61934695 -0.87496706 -0.96652397 -0.92593545  0.73829793  1.26498465
  1.38349085 -0.61934695 -0.87496706 -0.96652397 -0.92593545  0.73829793
  1.26498465  1.38349085]
mylog        Mon, 03 Jul 2017 17:59:24 DEBUG    invalid: 002001_2012-08-05_None
mylog        Mon, 03 Jul 2017 17:59:24 DEBUG    invalid: 002001_2012-08-04_None
mylog        Mon, 03 Jul 2017 17:59:25 DEBUG    valid: 002001_2012-08-03_[-0.80426856 -0.86472244 -0.90935231 -0.83071506  0.76386548  1.26609483
  1.37909805 -0.80426856 -0.86472244 -0.90935231 -0.83071506  0.76386548
  1.26609483  1.37909805]
mylog        Mon, 03 Jul 2017 17:59:25 DEBUG    valid: 002001_2012-08-02_[-0.75573142 -0.88781419 -0.9183173  -0.8289045   0.71650669  1.23453994
  1.43972078 -0.75573142 -0.88781419 -0.9183173  -0.8289045   0.71650669
  1.23453994  1.43972078]
mylog        Mon, 03 Jul 2017 17:59:25 DEBUG    valid: 002001_2012-08-01_[-0.86305814 -0.87275249 -0.87785377 -0.78161467  0.72445471  1.23441961
  1.43640476 -0.86305814 -0.87275249 -0.87785377 -0.78161467  0.72445471
  1.23441961  1.43640476]
mylog        Mon, 03 Jul 2017 17:59:26 DEBUG    valid: 002001_2012-07-31_[-0.85863945 -0.90162141 -0.88210312 -0.75068459  0.72269441  1.23393239
  1.43642177 -0.85863945 -0.90162141 -0.88210312 -0.75068459  0.72269441
  1.23393239  1.43642177]
mylog        Mon, 03 Jul 2017 17:59:26 DEBUG    valid: 002001_2012-07-30_[-0.93061976 -0.89937406 -0.8522769  -0.7082129   0.72582175  1.23207368
  1.43258821 -0.93061976 -0.89937406 -0.8522769  -0.7082129   0.72582175
  1.23207368  1.43258821]
mylog        Mon, 03 Jul 2017 17:59:26 DEBUG    invalid: 002001_2012-07-29_None
mylog        Mon, 03 Jul 2017 17:59:26 DEBUG    invalid: 002001_2012-07-28_None
mylog        Mon, 03 Jul 2017 17:59:27 DEBUG    valid: 002001_2012-07-27_[-0.90204114 -0.93012809 -0.8394171  -0.71777805  0.72033428  1.23298966
  1.43604044 -0.90204114 -0.93012809 -0.8394171  -0.71777805  0.72033428
  1.23298966  1.43604044]
mylog        Mon, 03 Jul 2017 17:59:27 DEBUG    valid: 002001_2012-07-26_[-0.85627262 -0.95160427 -0.85746175 -0.75217361  0.82199968  1.20771596
  1.38779661 -0.85627262 -0.95160427 -0.85746175 -0.75217361  0.82199968
  1.20771596  1.38779661]
mylog        Mon, 03 Jul 2017 17:59:28 DEBUG    valid: 002001_2012-07-25_[-0.97966177 -0.89071847 -0.82051067 -0.7240708   0.82599289  1.20581905
  1.38314977 -0.97966177 -0.89071847 -0.82051067 -0.7240708   0.82599289
  1.20581905  1.38314977]
mylog        Mon, 03 Jul 2017 17:59:28 DEBUG    valid: 002001_2012-07-24_[-0.96142662 -0.88584829 -0.83012437 -0.73895479  0.82335644  1.20695325
  1.38604438 -0.96142662 -0.88584829 -0.83012437 -0.73895479  0.82335644
  1.20695325  1.38604438]
mylog        Mon, 03 Jul 2017 17:59:28 DEBUG    valid: 002001_2012-07-23_[-1.00348638 -0.86166193 -0.80195588 -0.7461589   0.82048674  1.20632044
  1.38645591 -1.00348638 -0.86166193 -0.80195588 -0.7461589   0.82048674
  1.20632044  1.38645591]
mylog        Mon, 03 Jul 2017 17:59:28 DEBUG    invalid: 002001_2012-07-22_None
mylog        Mon, 03 Jul 2017 17:59:29 DEBUG    invalid: 002001_2012-07-21_None
mylog        Mon, 03 Jul 2017 17:59:29 DEBUG    valid: 002001_2012-07-20_[-0.97174207 -0.83521745 -0.82245097 -0.78584324  0.81276515  1.20879614
  1.39369246 -0.97174207 -0.83521745 -0.82245097 -0.78584324  0.81276515
  1.20879614  1.39369246]
mylog        Mon, 03 Jul 2017 17:59:29 DEBUG    valid: 002001_2012-07-19_[-0.82675083 -0.88392113 -0.87729286 -0.84111773  0.83925242  1.30162427
  1.28820585 -0.82675083 -0.88392113 -0.87729286 -0.84111773  0.83925242
  1.30162427  1.28820585]
mylog        Mon, 03 Jul 2017 17:59:29 DEBUG    valid: 002001_2012-07-18_[-0.95983284 -0.85499118 -0.8124508  -0.79992606  0.84526783  1.29752903
  1.28440403 -0.95983284 -0.85499118 -0.8124508  -0.79992606  0.84526783
  1.29752903  1.28440403]
mylog        Mon, 03 Jul 2017 17:59:30 DEBUG    valid: 002001_2012-07-17_[-0.90618159 -0.90324723 -0.78816754 -0.82962204  0.8389445   1.30083923
  1.28743466 -0.90618159 -0.90324723 -0.78816754 -0.82962204  0.8389445
  1.30083923  1.28743466]
mylog        Mon, 03 Jul 2017 17:59:30 DEBUG    valid: 002001_2012-07-16_[-0.80285639 -0.92576188 -0.81424226 -0.88205582  0.82831202  1.30522234
  1.291382   -0.80285639 -0.92576188 -0.81424226 -0.88205582  0.82831202
  1.30522234  1.291382  ]
mylog        Mon, 03 Jul 2017 17:59:30 DEBUG    invalid: 002001_2012-07-15_None
mylog        Mon, 03 Jul 2017 17:59:30 DEBUG    invalid: 002001_2012-07-14_None
mylog        Mon, 03 Jul 2017 17:59:31 DEBUG    valid: 002001_2012-07-13_[-0.94659395 -0.88847696 -0.77172139 -0.81813356  0.8366366   1.300881
  1.28740824 -0.94659395 -0.88847696 -0.77172139 -0.81813356  0.8366366
  1.300881    1.28740824]
mylog        Mon, 03 Jul 2017 17:59:31 DEBUG    valid: 002001_2012-07-12_[-0.92443798 -0.89480802 -0.80026426 -0.8337993   1.00287993  1.20265357
  1.24777607 -0.92443798 -0.89480802 -0.80026426 -0.8337993   1.00287993
  1.20265357  1.24777607]
mylog        Mon, 03 Jul 2017 17:59:32 DEBUG    valid: 002001_2012-07-11_[-1.03121594 -0.82401296 -0.7914912  -0.79944097  1.00184801  1.19980091
  1.24451216 -1.03121594 -0.82401296 -0.7914912  -0.79944097  1.00184801
  1.19980091  1.24451216]
mylog        Mon, 03 Jul 2017 17:59:32 DEBUG    valid: 002001_2012-07-10_[-0.82326634 -0.80709094 -0.91150173 -0.91061771  0.99493626  1.20504212
  1.25249833 -0.82326634 -0.80709094 -0.91150173 -0.91061771  0.99493626
  1.20504212  1.25249833]
mylog        Mon, 03 Jul 2017 17:59:32 DEBUG    valid: 002001_2012-07-09_[-0.92252472 -0.74340795 -0.9037372  -0.88054334  0.99705696  1.20328765
  1.2498686  -0.92252472 -0.74340795 -0.9037372  -0.88054334  0.99705696
  1.20328765  1.2498686 ]
mylog        Mon, 03 Jul 2017 17:59:32 DEBUG    invalid: 002001_2012-07-08_None
mylog        Mon, 03 Jul 2017 17:59:33 DEBUG    invalid: 002001_2012-07-07_None
mylog        Mon, 03 Jul 2017 17:59:33 DEBUG    valid: 002001_2012-07-06_[-0.96512216 -0.72605666 -0.89383695 -0.86281614  0.99782441  1.20195091
  1.24805658 -0.96512216 -0.72605666 -0.89383695 -0.86281614  0.99782441
  1.20195091  1.24805658]
mylog        Mon, 03 Jul 2017 17:59:33 DEBUG    valid: 002001_2012-07-05_[-0.76210004 -0.81992137 -0.9504198  -0.9245591   1.11997119  1.1258702
  1.21115893 -0.76210004 -0.81992137 -0.9504198  -0.9245591   1.11997119
  1.1258702   1.21115893]
mylog        Mon, 03 Jul 2017 17:59:34 DEBUG    valid: 002001_2012-07-04_[-0.53776105 -0.92254055 -1.00791976 -0.95984235  1.10996285  1.11592799
  1.20217286 -0.53776105 -0.92254055 -1.00791976 -0.95984235  1.10996285
  1.11592799  1.20217286]
mylog        Mon, 03 Jul 2017 17:59:34 DEBUG    valid: 002001_2012-07-03_[-0.65361967 -0.97294518 -0.96046675 -0.85961563  1.11739192  1.12313202
  1.20612328 -0.65361967 -0.97294518 -0.96046675 -0.85961563  1.11739192
  1.12313202  1.20612328]
mylog        Mon, 03 Jul 2017 17:59:34 DEBUG    valid: 002001_2012-07-02_[-0.83775024 -0.96334194 -0.88140054 -0.7758729   1.12258339  1.1280892
  1.20769304 -0.83775024 -0.96334194 -0.88140054 -0.7758729   1.12258339
  1.1280892   1.20769304]
mylog        Mon, 03 Jul 2017 17:59:34 DEBUG    invalid: 002001_2012-07-01_None
mylog        Mon, 03 Jul 2017 17:59:35 DEBUG    invalid: 002001_2012-06-30_None
mylog        Mon, 03 Jul 2017 17:59:35 DEBUG    valid: 002001_2012-06-29_[-0.95666663 -0.94449549 -0.82010713 -0.73330544  1.12186057  1.1272678
  1.20544632 -0.95666663 -0.94449549 -0.82010713 -0.73330544  1.12186057
  1.1272678   1.20544632]
mylog        Mon, 03 Jul 2017 17:59:35 DEBUG    valid: 002001_2012-06-28_[-0.95966078 -0.93138793 -0.84590918 -0.71518653  1.08053363  1.13737078
  1.23424001 -0.95966078 -0.93138793 -0.84590918 -0.71518653  1.08053363
  1.13737078  1.23424001]
mylog        Mon, 03 Jul 2017 17:59:36 DEBUG    valid: 002001_2012-06-27_[-1.03869524 -0.91185955 -0.80558175 -0.68833772  1.07805637  1.13482917
  1.23158872 -1.03869524 -0.91185955 -0.80558175 -0.68833772  1.07805637
  1.13482917  1.23158872]
mylog        Mon, 03 Jul 2017 17:59:36 DEBUG    valid: 002001_2012-06-26_[-1.01478978 -0.89560505 -0.82480682 -0.71395788  1.07837458  1.13615448
  1.23463048 -1.01478978 -0.89560505 -0.82480682 -0.71395788  1.07837458
  1.13615448  1.23463048]
mylog        Mon, 03 Jul 2017 17:59:36 DEBUG    valid: 002001_2012-06-25_[-1.00094278 -0.87303228 -0.8456611  -0.73220142  1.07797857  1.13680213
  1.23705687 -1.00094278 -0.87303228 -0.8456611  -0.73220142  1.07797857
  1.13680213  1.23705687]
mylog        Mon, 03 Jul 2017 17:59:36 DEBUG    invalid: 002001_2012-06-24_None
mylog        Mon, 03 Jul 2017 17:59:37 DEBUG    invalid: 002001_2012-06-23_None
mylog        Mon, 03 Jul 2017 17:59:37 DEBUG    invalid: 002001_2012-06-22_None
mylog        Mon, 03 Jul 2017 17:59:37 DEBUG    valid: 002001_2012-06-21_[-0.88496091 -0.86799271 -0.90732685 -0.79875859  1.07784279  1.13872039
  1.24247588 -0.88496091 -0.86799271 -0.90732685 -0.79875859  1.07784279
  1.13872039  1.24247588]
mylog        Mon, 03 Jul 2017 17:59:37 DEBUG    valid: 002001_2012-06-20_[-0.96181754 -0.85673128 -0.8648603  -0.77449084  1.09315057  1.1499623
  1.21478709 -0.96181754 -0.85673128 -0.8648603  -0.77449084  1.09315057
  1.1499623   1.21478709]
mylog        Mon, 03 Jul 2017 17:59:38 DEBUG    valid: 002001_2012-06-19_[-0.92577332 -0.83206107 -0.88760793 -0.81481488  1.09269686  1.15069239
  1.21686796 -0.92577332 -0.83206107 -0.88760793 -0.81481488  1.09269686
  1.15069239  1.21686796]
mylog        Mon, 03 Jul 2017 17:59:38 DEBUG    valid: 002001_2012-06-18_[-0.86241788 -0.89141934 -0.8535473  -0.8545047   1.09217668  1.15118861
  1.21852394 -0.86241788 -0.89141934 -0.8535473  -0.8545047   1.09217668
  1.15118861  1.21852394]
mylog        Mon, 03 Jul 2017 17:59:38 DEBUG    invalid: 002001_2012-06-17_None
mylog        Mon, 03 Jul 2017 17:59:39 DEBUG    invalid: 002001_2012-06-16_None
mylog        Mon, 03 Jul 2017 17:59:39 DEBUG    valid: 002001_2012-06-15_[-0.76136227 -0.94291014 -0.86512989 -0.88838705  1.09028048  1.1497982
  1.21771066 -0.76136227 -0.94291014 -0.86512989 -0.88838705  1.09028048
  1.1497982   1.21771066]
mylog        Mon, 03 Jul 2017 17:59:39 DEBUG    valid: 002001_2012-06-14_[-0.96274195 -0.89810233 -0.77490296 -0.80683676  1.33929692  0.98288494
  1.12040214 -0.96274195 -0.89810233 -0.77490296 -0.80683676  1.33929692
  0.98288494  1.12040214]
mylog        Mon, 03 Jul 2017 17:59:40 DEBUG    valid: 002001_2012-06-13_[-0.74507095 -0.98444079 -0.77887939 -0.92780821  1.34844677  0.97107394
  1.11667863 -0.74507095 -0.98444079 -0.77887939 -0.92780821  1.34844677
  0.97107394  1.11667863]
mylog        Mon, 03 Jul 2017 17:59:40 DEBUG    valid: 002001_2012-06-12_[-1.011066   -0.90968608 -0.67233836 -0.83957085  1.33740719  0.97836008
  1.11689401 -1.011066   -0.90968608 -0.67233836 -0.83957085  1.33740719
  0.97836008  1.11689401]
mylog        Mon, 03 Jul 2017 17:59:40 DEBUG    valid: 002001_2012-06-11_[-1.00946672 -0.80812478 -0.72548114 -0.8928266   1.34391475  0.97477899
  1.1172055  -1.00946672 -0.80812478 -0.72548114 -0.8928266   1.34391475
  0.97477899  1.1172055 ]
mylog        Mon, 03 Jul 2017 17:59:40 DEBUG    invalid: 002001_2012-06-10_None
mylog        Mon, 03 Jul 2017 17:59:41 DEBUG    invalid: 002001_2012-06-09_None
mylog        Mon, 03 Jul 2017 17:59:41 DEBUG    valid: 002001_2012-06-08_[-1.05135599 -0.77139263 -0.71785496 -0.88985674  1.34273499  0.97242238
  1.11530296 -1.05135599 -0.77139263 -0.71785496 -0.88985674  1.34273499
  0.97242238  1.11530296]
mylog        Mon, 03 Jul 2017 17:59:41 DEBUG    valid: 002001_2012-06-07_[-0.93619477 -0.77633437 -0.78049579 -0.95015941  1.30171934  0.96715094
  1.17431406 -0.93619477 -0.77633437 -0.78049579 -0.95015941  1.30171934
  0.96715094  1.17431406]
mylog        Mon, 03 Jul 2017 17:59:42 DEBUG    valid: 002001_2012-06-06_[-0.95988283 -0.61391684 -0.85162673 -1.00142336  1.29915422  0.95832918
  1.16936638 -0.95988283 -0.61391684 -0.85162673 -1.00142336  1.29915422
  0.95832918  1.16936638]
mylog        Mon, 03 Jul 2017 17:59:42 DEBUG    valid: 002001_2012-06-05_[-0.4554767  -0.69404784 -1.04251211 -1.17417318  1.29047227  0.92459365
  1.15114391 -0.4554767  -0.69404784 -1.04251211 -1.17417318  1.29047227
  0.92459365  1.15114391]
mylog        Mon, 03 Jul 2017 17:59:42 DEBUG    valid: 002001_2012-06-04_[-0.85574105 -0.6979501  -0.92201817 -0.96401621  1.30083087  0.96568787
  1.17320678 -0.85574105 -0.6979501  -0.92201817 -0.96401621  1.30083087
  0.96568787  1.17320678]
mylog        Mon, 03 Jul 2017 17:59:43 DEBUG    invalid: 002001_2012-06-03_None
mylog        Mon, 03 Jul 2017 17:59:43 DEBUG    invalid: 002001_2012-06-02_None
mylog        Mon, 03 Jul 2017 17:59:43 DEBUG    valid: 002001_2012-06-01_[-0.87854303 -0.7043012  -0.95155017 -0.9068995   1.30065392  0.96703122
  1.17360877 -0.87854303 -0.7043012  -0.95155017 -0.9068995   1.30065392
  0.96703122  1.17360877]
mylog        Mon, 03 Jul 2017 17:59:43 DEBUG    valid: 002001_2012-05-31_[ 0.01606526 -0.95499597 -1.18877616 -1.08685236  1.18610564  0.89354292
  1.13491067  0.01606526 -0.95499597 -1.18877616 -1.08685236  1.18610564
  0.89354292  1.13491067]
mylog        Mon, 03 Jul 2017 17:59:44 DEBUG    valid: 002001_2012-05-30_[-0.51475873 -0.97638818 -1.05337356 -0.86711428  1.24151671  0.97520302
  1.19491501 -0.51475873 -0.97638818 -1.05337356 -0.86711428  1.24151671
  0.97520302  1.19491501]
mylog        Mon, 03 Jul 2017 17:59:44 DEBUG    valid: 002001_2012-05-29_[-0.9432201  -0.89740073 -0.90519019 -0.70096227  1.24483805  0.99994971
  1.20198553 -0.9432201  -0.89740073 -0.90519019 -0.70096227  1.24483805
  0.99994971  1.20198553]
mylog        Mon, 03 Jul 2017 17:59:44 DEBUG    valid: 002001_2012-05-28_[-0.74982793 -0.96137444 -0.97209683 -0.76057059  1.24725361  0.99372673
  1.20288944 -0.74982793 -0.96137444 -0.97209683 -0.76057059  1.24725361
  0.99372673  1.20288944]
mylog        Mon, 03 Jul 2017 17:59:45 DEBUG    invalid: 002001_2012-05-27_None
mylog        Mon, 03 Jul 2017 17:59:45 DEBUG    invalid: 002001_2012-05-26_None
mylog        Mon, 03 Jul 2017 17:59:45 DEBUG    valid: 002001_2012-05-25_[-0.97983385 -0.92543255 -0.86790535 -0.66894224  1.24210788  1.00022486
  1.19978125 -0.97983385 -0.92543255 -0.86790535 -0.66894224  1.24210788
  1.00022486  1.19978125]
mylog        Mon, 03 Jul 2017 17:59:45 DEBUG    valid: 002001_2012-05-24_[-0.96303601 -0.93256269 -0.86579432 -0.6839481   1.28679856  1.07951772
  1.07902485 -0.96303601 -0.93256269 -0.86579432 -0.6839481   1.28679856
  1.07951772  1.07902485]
mylog        Mon, 03 Jul 2017 17:59:46 DEBUG    valid: 002001_2012-05-23_[-0.91724687 -0.96761687 -0.88717348 -0.67204778  1.28884372  1.07787147
  1.07736982 -0.91724687 -0.96761687 -0.88717348 -0.67204778  1.28884372
  1.07787147  1.07736982]
mylog        Mon, 03 Jul 2017 17:59:46 DEBUG    valid: 002001_2012-05-22_[-0.94150381 -0.95515747 -0.86783422 -0.68022582  1.28973929  1.07774306
  1.07723898 -0.94150381 -0.95515747 -0.86783422 -0.68022582  1.28973929
  1.07774306  1.07723898]
mylog        Mon, 03 Jul 2017 17:59:46 DEBUG    valid: 002001_2012-05-21_[-1.02282861 -0.94519171 -0.79599153 -0.67476503  1.28719633  1.07604131
  1.07553922 -1.02282861 -0.94519171 -0.79599153 -0.67476503  1.28719633
  1.07604131  1.07553922]
mylog        Mon, 03 Jul 2017 17:59:47 DEBUG    invalid: 002001_2012-05-20_None
mylog        Mon, 03 Jul 2017 17:59:47 DEBUG    invalid: 002001_2012-05-19_None
mylog        Mon, 03 Jul 2017 17:59:47 DEBUG    valid: 002001_2012-05-18_[-1.0564785  -0.93977257 -0.73372801 -0.7051274   1.29063833  1.07249343
  1.07197472 -1.0564785  -0.93977257 -0.73372801 -0.7051274   1.29063833
  1.07249343  1.07197472]
mylog        Mon, 03 Jul 2017 17:59:47 DEBUG    valid: 002001_2012-05-17_[-1.08338962 -0.9240383  -0.70034291 -0.72273577  1.28143071  1.13882129
  1.0102546  -1.08338962 -0.9240383  -0.70034291 -0.72273577  1.28143071
  1.13882129  1.0102546 ]
mylog        Mon, 03 Jul 2017 17:59:48 DEBUG    valid: 002001_2012-05-16_[-0.96811595 -0.96973851 -0.71574742 -0.78832382  1.29049272  1.14244929
  1.00898368 -0.96811595 -0.96973851 -0.71574742 -0.78832382  1.29049272
  1.14244929  1.00898368]
mylog        Mon, 03 Jul 2017 17:59:48 DEBUG    valid: 002001_2012-05-15_[-1.06945743 -0.91868835 -0.67744181 -0.76660054  1.28610717  1.13924212
  1.00683885 -1.06945743 -0.91868835 -0.67744181 -0.76660054  1.28610717
  1.13924212  1.00683885]
mylog        Mon, 03 Jul 2017 17:59:48 DEBUG    valid: 002001_2012-05-14_[-0.90679392 -0.89687809 -0.7776422  -0.86929297  1.30108819  1.14508174
  1.00443724 -0.90679392 -0.89687809 -0.7776422  -0.86929297  1.30108819
  1.14508174  1.00443724]
mylog        Mon, 03 Jul 2017 17:59:49 DEBUG    invalid: 002001_2012-05-13_None
mylog        Mon, 03 Jul 2017 17:59:49 DEBUG    invalid: 002001_2012-05-12_None
mylog        Mon, 03 Jul 2017 17:59:49 DEBUG    valid: 002001_2012-05-11_[-1.08058034 -0.69851777 -0.77273542 -0.88085015  1.29440862  1.13913118
  0.99914389 -1.08058034 -0.69851777 -0.77273542 -0.88085015  1.29440862
  1.13913118  0.99914389]
mylog        Mon, 03 Jul 2017 17:59:49 DEBUG    valid: 002001_2012-05-10_[-1.17290913 -0.58006107 -0.75357128 -0.89125232  0.93506378  1.32818727
  1.13454275 -1.17290913 -0.58006107 -0.75357128 -0.89125232  0.93506378
  1.32818727  1.13454275]
mylog        Mon, 03 Jul 2017 17:59:50 DEBUG    valid: 002001_2012-05-09_[-1.00951666 -0.59428034 -0.76970076 -1.03582567  0.92584408  1.34496477
  1.13851457 -1.00951666 -0.59428034 -0.76970076 -1.03582567  0.92584408
  1.34496477  1.13851457]
mylog        Mon, 03 Jul 2017 17:59:50 DEBUG    valid: 002001_2012-05-08_[-0.61163249 -0.67398035 -0.92252712 -1.18085276  0.90748725  1.34965379
  1.13185167 -0.61163249 -0.67398035 -0.92252712 -1.18085276  0.90748725
  1.34965379  1.13185167]
mylog        Mon, 03 Jul 2017 17:59:51 DEBUG    valid: 002001_2012-05-07_[ 0.04807548 -0.90103102 -1.0746655  -1.25134122  0.83895018  1.27818506
  1.06182702  0.04807548 -0.90103102 -1.0746655  -1.25134122  0.83895018
  1.27818506  1.06182702]
mylog        Mon, 03 Jul 2017 17:59:51 DEBUG    invalid: 002001_2012-05-06_None
mylog        Mon, 03 Jul 2017 17:59:51 DEBUG    invalid: 002001_2012-05-05_None
mylog        Mon, 03 Jul 2017 17:59:51 DEBUG    valid: 002001_2012-05-04_[-0.67383482 -0.8632852  -0.87858404 -1.01402607  0.94287746  1.3416366
  1.14521607 -0.67383482 -0.8632852  -0.87858404 -1.01402607  0.94287746
  1.3416366   1.14521607]
mylog        Mon, 03 Jul 2017 17:59:52 DEBUG    valid: 002001_2012-05-03_[-0.6885322  -0.88108417 -0.87603058 -0.95459017  0.85449177  1.49689978
  1.04884556 -0.6885322  -0.88108417 -0.87603058 -0.95459017  0.85449177
  1.49689978  1.04884556]
mylog        Mon, 03 Jul 2017 17:59:52 DEBUG    valid: 002001_2012-05-02_[-0.73401156 -0.77079831 -0.92410457 -0.97141328  0.85559278  1.49553451
  1.04920043 -0.73401156 -0.77079831 -0.92410457 -0.97141328  0.85559278
  1.49553451  1.04920043]
mylog        Mon, 03 Jul 2017 17:59:52 DEBUG    invalid: 002001_2012-05-01_None
mylog        Mon, 03 Jul 2017 17:59:52 DEBUG    invalid: 002001_2012-04-30_None
mylog        Mon, 03 Jul 2017 17:59:52 DEBUG    invalid: 002001_2012-04-29_None
mylog        Mon, 03 Jul 2017 17:59:53 DEBUG    invalid: 002001_2012-04-28_None
mylog        Mon, 03 Jul 2017 17:59:53 DEBUG    valid: 002001_2012-04-27_[-0.97766134 -0.74414479 -0.81326965 -0.87387364  0.87418954  1.47791849
  1.05684139 -0.97766134 -0.74414479 -0.81326965 -0.87387364  0.87418954
  1.47791849  1.05684139]
mylog        Mon, 03 Jul 2017 17:59:53 DEBUG    valid: 002001_2012-04-26_[-0.77268607 -0.8133494  -0.85172624 -0.94148823  0.81165063  1.57919892
  0.9884004  -0.77268607 -0.8133494  -0.85172624 -0.94148823  0.81165063
  1.57919892  0.9884004 ]
mylog        Mon, 03 Jul 2017 17:59:54 DEBUG    valid: 002001_2012-04-25_[-0.89597003 -0.72204691 -0.84601192 -0.91660399  0.8183643   1.57066554
  0.99160301 -0.89597003 -0.72204691 -0.84601192 -0.91660399  0.8183643
  1.57066554  0.99160301]
mylog        Mon, 03 Jul 2017 17:59:54 DEBUG    valid: 002001_2012-04-24_[-0.21406553 -0.91662924 -1.02534591 -1.09307268  0.75595935  1.55353113
  0.93962288 -0.21406553 -0.91662924 -1.02534591 -1.09307268  0.75595935
  1.55353113  0.93962288]
mylog        Mon, 03 Jul 2017 17:59:54 DEBUG    invalid: 002001_2012-04-23_None
mylog        Mon, 03 Jul 2017 17:59:54 DEBUG    invalid: 002001_2012-04-22_None
mylog        Mon, 03 Jul 2017 17:59:55 DEBUG    invalid: 002001_2012-04-21_None
mylog        Mon, 03 Jul 2017 17:59:55 DEBUG    valid: 002001_2012-04-20_[-0.91307094 -0.82237507 -0.83431183 -0.82516297  0.84327705  1.54644284
  1.00520092 -0.91307094 -0.82237507 -0.83431183 -0.82516297  0.84327705
  1.54644284  1.00520092]
mylog        Mon, 03 Jul 2017 17:59:55 DEBUG    valid: 002001_2012-04-19_[-0.94216989 -0.77458688 -0.84375081 -0.82311136  0.96929271  1.57383013
  0.8404961  -0.94216989 -0.77458688 -0.84375081 -0.82311136  0.96929271
  1.57383013  0.8404961 ]
mylog        Mon, 03 Jul 2017 17:59:56 DEBUG    valid: 002001_2012-04-18_[-0.52801042 -0.88906908 -0.95765323 -0.96725467  0.94333144  1.59393565
  0.80472031 -0.52801042 -0.88906908 -0.95765323 -0.96725467  0.94333144
  1.59393565  0.80472031]
mylog        Mon, 03 Jul 2017 17:59:56 DEBUG    valid: 002001_2012-04-17_[-0.92946663 -0.83002566 -0.81406092 -0.81223324  0.97080932  1.57231945
  0.84265768 -0.92946663 -0.83002566 -0.81406092 -0.81223324  0.97080932
  1.57231945  0.84265768]
mylog        Mon, 03 Jul 2017 17:59:56 DEBUG    valid: 002001_2012-04-16_[-0.96510592 -0.82829224 -0.78311783 -0.80639676  0.96966808  1.57187715
  0.84136752 -0.96510592 -0.82829224 -0.78311783 -0.80639676  0.96966808
  1.57187715  0.84136752]
mylog        Mon, 03 Jul 2017 17:59:56 DEBUG    invalid: 002001_2012-04-15_None
mylog        Mon, 03 Jul 2017 17:59:57 DEBUG    invalid: 002001_2012-04-14_None
mylog        Mon, 03 Jul 2017 17:59:57 DEBUG    valid: 002001_2012-04-13_[-0.69755085 -0.9460612  -0.87032131 -0.85838153  0.95877254  1.58905042
  0.82449193 -0.69755085 -0.9460612  -0.87032131 -0.85838153  0.95877254
  1.58905042  0.82449193]
mylog        Mon, 03 Jul 2017 17:59:57 DEBUG    valid: 002001_2012-04-12_[-0.77417078 -0.95136054 -0.85980027 -0.81716897  1.10977011  1.48448869
  0.80824175 -0.77417078 -0.95136054 -0.85980027 -0.81716897  1.10977011
  1.48448869  0.80824175]
mylog        Mon, 03 Jul 2017 17:59:58 DEBUG    valid: 002001_2012-04-11_[-0.92699169 -0.85513646 -0.85099535 -0.77312847  1.11153389  1.47836827
  0.81634981 -0.92699169 -0.85513646 -0.85099535 -0.77312847  1.11153389
  1.47836827  0.81634981]
mylog        Mon, 03 Jul 2017 17:59:58 DEBUG    valid: 002001_2012-04-10_[-0.92762543 -0.82163836 -0.86857444 -0.78760815  1.11104948  1.48119978
  0.81319713 -0.92762543 -0.82163836 -0.86857444 -0.78760815  1.11104948
  1.48119978  0.81319713]
mylog        Mon, 03 Jul 2017 17:59:58 DEBUG    valid: 002001_2012-04-09_[-1.06344109 -0.73349156 -0.84373591 -0.75197079  1.10715562  1.47154374
  0.81393999 -1.06344109 -0.73349156 -0.84373591 -0.75197079  1.10715562
  1.47154374  0.81393999]
mylog        Mon, 03 Jul 2017 17:59:58 DEBUG    invalid: 002001_2012-04-08_None
mylog        Mon, 03 Jul 2017 17:59:59 DEBUG    invalid: 002001_2012-04-07_None
mylog        Mon, 03 Jul 2017 17:59:59 DEBUG    valid: 002001_2012-04-06_[-0.94992146 -0.7654294  -0.88300833 -0.80242915  1.10901394  1.48658058
  0.80519382 -0.94992146 -0.7654294  -0.88300833 -0.80242915  1.10901394
  1.48658058  0.80519382]
mylog        Mon, 03 Jul 2017 17:59:59 DEBUG    valid: 002001_2012-04-05_[-0.64286416 -0.89375953 -0.96506133 -0.88775354  1.2955307   1.3614734
  0.73243447 -0.64286416 -0.89375953 -0.96506133 -0.88775354  1.2955307
  1.3614734   0.73243447]
mylog        Mon, 03 Jul 2017 17:59:59 DEBUG    invalid: 002001_2012-04-04_None
mylog        Mon, 03 Jul 2017 18:00:00 DEBUG    invalid: 002001_2012-04-03_None
mylog        Mon, 03 Jul 2017 18:00:00 DEBUG    invalid: 002001_2012-04-02_None
mylog        Mon, 03 Jul 2017 18:00:00 DEBUG    invalid: 002001_2012-04-01_None
mylog        Mon, 03 Jul 2017 18:00:00 DEBUG    invalid: 002001_2012-03-31_None
mylog        Mon, 03 Jul 2017 18:00:00 DEBUG    valid: 002001_2012-03-30_[-0.76032262 -0.93107265 -0.89551814 -0.81737091  1.29443328  1.35797014
  0.7518809  -0.76032262 -0.93107265 -0.89551814 -0.81737091  1.29443328
  1.35797014  0.7518809 ]
mylog        Mon, 03 Jul 2017 18:00:01 DEBUG    valid: 002001_2012-03-29_[-0.69945551 -0.96821817 -0.89570593 -0.80970544  1.49306927  1.18385006
  0.69616572 -0.69945551 -0.96821817 -0.89570593 -0.80970544  1.49306927
  1.18385006  0.69616572]
mylog        Mon, 03 Jul 2017 18:00:01 DEBUG    valid: 002001_2012-03-28_[-0.89358502 -0.93570765 -0.82255787 -0.73197654  1.48147213  1.18498191
  0.71737305 -0.89358502 -0.93570765 -0.82255787 -0.73197654  1.48147213
  1.18498191  0.71737305]
mylog        Mon, 03 Jul 2017 18:00:01 DEBUG    valid: 002001_2012-03-27_[-0.95455222 -0.92226062 -0.76728834 -0.73615929  1.48151942  1.18399248
  0.71474858 -0.95455222 -0.92226062 -0.76728834 -0.73615929  1.48151942
  1.18399248  0.71474858]
mylog        Mon, 03 Jul 2017 18:00:02 DEBUG    valid: 002001_2012-03-26_[-1.04045293 -0.86144613 -0.74457227 -0.72730018  1.47877449  1.1817356
  0.71326142 -1.04045293 -0.86144613 -0.74457227 -0.72730018  1.47877449
  1.1817356   0.71326142]
mylog        Mon, 03 Jul 2017 18:00:02 DEBUG    invalid: 002001_2012-03-25_None
mylog        Mon, 03 Jul 2017 18:00:02 DEBUG    invalid: 002001_2012-03-24_None
mylog        Mon, 03 Jul 2017 18:00:02 DEBUG    valid: 002001_2012-03-23_[-0.97861253 -0.84728428 -0.77754804 -0.77359658  1.4927218   1.18490002
  0.69941962 -0.97861253 -0.84728428 -0.77754804 -0.77359658  1.4927218
  1.18490002  0.69941962]
mylog        Mon, 03 Jul 2017 18:00:03 DEBUG    valid: 002001_2012-03-22_[-0.98729625 -0.81611062 -0.77638658 -0.76025855  1.62401364  1.04325726
  0.6727811  -0.98729625 -0.81611062 -0.77638658 -0.76025855  1.62401364
  1.04325726  0.6727811 ]
mylog        Mon, 03 Jul 2017 18:00:03 DEBUG    valid: 002001_2012-03-21_[-0.91656912 -0.8374728  -0.80818903 -0.77689866  1.63762847  1.04103883
  0.66046232 -0.91656912 -0.8374728  -0.80818903 -0.77689866  1.63762847
  1.04103883  0.66046232]
mylog        Mon, 03 Jul 2017 18:00:03 DEBUG    valid: 002001_2012-03-20_[-0.84070357 -0.79342634 -0.87612729 -0.82199273  1.65336245  1.03627119
  0.64261629 -0.84070357 -0.79342634 -0.87612729 -0.82199273  1.65336245
  1.03627119  0.64261629]
mylog        Mon, 03 Jul 2017 18:00:04 DEBUG    valid: 002001_2012-03-19_[-0.81859198 -0.81659736 -0.86030479 -0.83657519  1.65490625  1.03599083
  0.64117224 -0.81859198 -0.81659736 -0.86030479 -0.83657519  1.65490625
  1.03599083  0.64117224]
mylog        Mon, 03 Jul 2017 18:00:04 DEBUG    invalid: 002001_2012-03-18_None
mylog        Mon, 03 Jul 2017 18:00:04 DEBUG    invalid: 002001_2012-03-17_None
mylog        Mon, 03 Jul 2017 18:00:04 DEBUG    valid: 002001_2012-03-16_[-0.9053353  -0.80235039 -0.83147434 -0.79563452  1.64691909  1.03812024
  0.64975522 -0.9053353  -0.80235039 -0.83147434 -0.79563452  1.64691909
  1.03812024  0.64975522]
mylog        Mon, 03 Jul 2017 18:00:05 DEBUG    valid: 002001_2012-03-15_[-0.90733417 -0.80442074 -0.78523667 -0.77693984  1.77645674  0.87602848
  0.6214462  -0.90733417 -0.80442074 -0.78523667 -0.77693984  1.77645674
  0.87602848  0.6214462 ]
mylog        Mon, 03 Jul 2017 18:00:05 DEBUG    valid: 002001_2012-03-14_[-0.47677286 -0.92489508 -0.91083485 -0.90323885  1.79694679  0.84409898
  0.57469587 -0.47677286 -0.92489508 -0.91083485 -0.90323885  1.79694679
  0.84409898  0.57469587]
mylog        Mon, 03 Jul 2017 18:00:06 DEBUG    valid: 002001_2012-03-13_[-0.84314182 -0.87354647 -0.80972227 -0.75447987  1.76776415  0.88180835
  0.63131794 -0.84314182 -0.87354647 -0.80972227 -0.75447987  1.76776415
  0.88180835  0.63131794]
mylog        Mon, 03 Jul 2017 18:00:06 DEBUG    valid: 002001_2012-03-12_[-0.84149529 -0.83466173 -0.8367752  -0.76505933  1.77381242  0.87863799
  0.62554115 -0.84149529 -0.83466173 -0.8367752  -0.76505933  1.77381242
  0.87863799  0.62554115]
mylog        Mon, 03 Jul 2017 18:00:06 DEBUG    invalid: 002001_2012-03-11_None
mylog        Mon, 03 Jul 2017 18:00:06 DEBUG    invalid: 002001_2012-03-10_None
mylog        Mon, 03 Jul 2017 18:00:07 DEBUG    valid: 002001_2012-03-09_[-0.96332806 -0.79355565 -0.79908532 -0.72109452  1.76221159  0.88187659
  0.63297537 -0.96332806 -0.79355565 -0.79908532 -0.72109452  1.76221159
  0.88187659  0.63297537]
mylog        Mon, 03 Jul 2017 18:00:07 DEBUG    valid: 002001_2012-03-08_[-0.90850318 -0.80071497 -0.85193005 -0.75283088  1.72361009  0.84748099
  0.74288801 -0.90850318 -0.80071497 -0.85193005 -0.75283088  1.72361009
  0.84748099  0.74288801]
mylog        Mon, 03 Jul 2017 18:00:07 DEBUG    valid: 002001_2012-03-07_[-0.98089305 -0.79906822 -0.79047916 -0.7393572   1.72014637  0.84694723
  0.74270403 -0.98089305 -0.79906822 -0.79047916 -0.7393572   1.72014637
  0.84694723  0.74270403]
mylog        Mon, 03 Jul 2017 18:00:08 DEBUG    valid: 002001_2012-03-06_[-0.67924779 -0.91689693 -0.84625903 -0.85162521  1.74793072  0.82796239
  0.71813585 -0.67924779 -0.91689693 -0.84625903 -0.85162521  1.74793072
  0.82796239  0.71813585]
mylog        Mon, 03 Jul 2017 18:00:08 DEBUG    valid: 002001_2012-03-05_[-0.84722404 -0.89796074 -0.79275901 -0.77672458  1.72471874  0.84734556
  0.74260406 -0.84722404 -0.89796074 -0.79275901 -0.77672458  1.72471874
  0.84734556  0.74260406]
mylog        Mon, 03 Jul 2017 18:00:08 DEBUG    invalid: 002001_2012-03-04_None
mylog        Mon, 03 Jul 2017 18:00:08 DEBUG    invalid: 002001_2012-03-03_None
mylog        Mon, 03 Jul 2017 18:00:09 DEBUG    valid: 002001_2012-03-02_[-0.72536815 -0.9473936  -0.81885702 -0.81151073  1.73590122  0.83725471
  0.72997358 -0.72536815 -0.9473936  -0.81885702 -0.81151073  1.73590122
  0.83725471  0.72997358]
mylog        Mon, 03 Jul 2017 18:00:09 DEBUG    valid: 002001_2012-03-01_[-0.92099042 -0.89754702 -0.79179265 -0.75604379  1.60519552  0.78028732
  0.98089104 -0.92099042 -0.89754702 -0.79179265 -0.75604379  1.60519552
  0.78028732  0.98089104]
mylog        Mon, 03 Jul 2017 18:00:09 DEBUG    valid: 002001_2012-02-29_[-1.03570641 -0.77044699 -0.78744272 -0.76515687  1.60110511  0.77884393
  0.97880394 -1.03570641 -0.77044699 -0.78744272 -0.76515687  1.60110511
  0.77884393  0.97880394]
mylog        Mon, 03 Jul 2017 18:00:10 DEBUG    valid: 002001_2012-02-28_[-1.03985136 -0.69999646 -0.78887496 -0.82289473  1.60973115  0.76867826
  0.9732081  -1.03985136 -0.69999646 -0.78887496 -0.82289473  1.60973115
  0.76867826  0.9732081 ]
mylog        Mon, 03 Jul 2017 18:00:10 DEBUG    valid: 002001_2012-02-27_[-0.91213459 -0.75110798 -0.80456196 -0.89028692  1.62465323  0.76180394
  0.97163429 -0.91213459 -0.75110798 -0.80456196 -0.89028692  1.62465323
  0.76180394  0.97163429]
mylog        Mon, 03 Jul 2017 18:00:10 DEBUG    invalid: 002001_2012-02-26_None
mylog        Mon, 03 Jul 2017 18:00:10 DEBUG    invalid: 002001_2012-02-25_None
mylog        Mon, 03 Jul 2017 18:00:11 DEBUG    valid: 002001_2012-02-24_[-0.84030721 -0.74099157 -0.81785992 -0.95319438  1.6327841   0.75278391
  0.96678507 -0.84030721 -0.74099157 -0.81785992 -0.95319438  1.6327841
  0.75278391  0.96678507]
mylog        Mon, 03 Jul 2017 18:00:11 DEBUG    valid: 002001_2012-02-23_[-0.4109218  -0.91974694 -0.84875528 -1.12299697  1.50895454  0.65332374
  1.14014272 -0.4109218  -0.91974694 -0.84875528 -1.12299697  1.50895454
  0.65332374  1.14014272]
mylog        Mon, 03 Jul 2017 18:00:11 DEBUG    valid: 002001_2012-02-22_[-0.53452492 -0.96000555 -0.79091751 -1.05548552  1.50138664  0.68853324
  1.15101363 -0.53452492 -0.96000555 -0.79091751 -1.05548552  1.50138664
  0.68853324  1.15101363]
mylog        Mon, 03 Jul 2017 18:00:12 DEBUG    valid: 002001_2012-02-21_[-1.01087185 -0.79388922 -0.68795258 -0.88800758  1.48037539  0.73937282
  1.16097302 -1.01087185 -0.79388922 -0.68795258 -0.88800758  1.48037539
  0.73937282  1.16097302]
mylog        Mon, 03 Jul 2017 18:00:12 DEBUG    valid: 002001_2012-02-20_[-0.63557967 -0.85633579 -0.82593458 -1.04533183  1.49998463  0.70561736
  1.15757989 -0.63557967 -0.85633579 -0.82593458 -1.04533183  1.49998463
  0.70561736  1.15757989]
mylog        Mon, 03 Jul 2017 18:00:12 DEBUG    invalid: 002001_2012-02-19_None
mylog        Mon, 03 Jul 2017 18:00:12 DEBUG    invalid: 002001_2012-02-18_None
mylog        Mon, 03 Jul 2017 18:00:13 DEBUG    valid: 002001_2012-02-17_[-1.03624796 -0.71483117 -0.68466019 -0.93713983  1.47765144  0.73687931
  1.1583484  -1.03624796 -0.71483117 -0.68466019 -0.93713983  1.47765144
  0.73687931  1.1583484 ]
mylog        Mon, 03 Jul 2017 18:00:13 DEBUG    valid: 002001_2012-02-16_[-1.00887469 -0.52891802 -0.73149026 -1.07943715  1.2508069   0.70470582
  1.3932074  -1.00887469 -0.52891802 -0.73149026 -1.07943715  1.2508069
  0.70470582  1.3932074 ]
mylog        Mon, 03 Jul 2017 18:00:13 DEBUG    valid: 002001_2012-02-15_[-0.66155875 -0.56608293 -0.87788583 -1.22065128  1.25053894  0.67503279
  1.40060706 -0.66155875 -0.56608293 -0.87788583 -1.22065128  1.25053894
  0.67503279  1.40060706]
mylog        Mon, 03 Jul 2017 18:00:14 DEBUG    valid: 002001_2012-02-14_[-0.70007526 -0.64020546 -0.87680334 -1.1415643   1.25506195  0.7051233
  1.39846312 -0.70007526 -0.64020546 -0.87680334 -1.1415643   1.25506195
  0.7051233   1.39846312]
mylog        Mon, 03 Jul 2017 18:00:14 DEBUG    valid: 002001_2012-02-13_[-0.51184109 -0.72775915 -0.95992144 -1.14154504  1.24793002  0.70315091
  1.3899858  -0.51184109 -0.72775915 -0.95992144 -1.14154504  1.24793002
  0.70315091  1.3899858 ]
mylog        Mon, 03 Jul 2017 18:00:14 DEBUG    invalid: 002001_2012-02-12_None
mylog        Mon, 03 Jul 2017 18:00:14 DEBUG    invalid: 002001_2012-02-11_None
mylog        Mon, 03 Jul 2017 18:00:15 DEBUG    valid: 002001_2012-02-10_[ 0.05748126 -0.79220936 -1.12788731 -1.25906085  1.17493933  0.62959424
  1.31714269  0.05748126 -0.79220936 -1.12788731 -1.25906085  1.17493933
  0.62959424  1.31714269]
mylog        Mon, 03 Jul 2017 18:00:15 DEBUG    valid: 002001_2012-02-09_[-0.46916524 -0.69440539 -0.98483945 -1.05836924  0.79681505  0.62672924
  1.78323503 -0.46916524 -0.69440539 -0.98483945 -1.05836924  0.79681505
  0.62672924  1.78323503]
mylog        Mon, 03 Jul 2017 18:00:15 DEBUG    valid: 002001_2012-02-08_[-0.93645553 -0.64522993 -0.84829449 -0.85734096  0.84735521  0.69207891
  1.74788679 -0.93645553 -0.64522993 -0.84829449 -0.85734096  0.84735521
  0.69207891  1.74788679]
mylog        Mon, 03 Jul 2017 18:00:16 DEBUG    valid: 002001_2012-02-07_[-0.79936567 -0.71569696 -0.88080908 -0.89172032  0.84269112  0.684443
  1.76045792 -0.79936567 -0.71569696 -0.88080908 -0.89172032  0.84269112
  0.684443    1.76045792]
mylog        Mon, 03 Jul 2017 18:00:16 DEBUG    valid: 002001_2012-02-06_[-0.15374751 -0.93407315 -1.01955852 -1.02894625  0.78274483  0.61854359
  1.73503701 -0.15374751 -0.93407315 -1.01955852 -1.02894625  0.78274483
  0.61854359  1.73503701]
mylog        Mon, 03 Jul 2017 18:00:16 DEBUG    invalid: 002001_2012-02-05_None
mylog        Mon, 03 Jul 2017 18:00:16 DEBUG    invalid: 002001_2012-02-04_None
mylog        Mon, 03 Jul 2017 18:00:17 DEBUG    valid: 002001_2012-02-03_[-0.4995537  -0.94138178 -0.93689761 -0.8920854   0.84606779  0.69361263
  1.73023807 -0.4995537  -0.94138178 -0.93689761 -0.8920854   0.84606779
  0.69361263  1.73023807]
mylog        Mon, 03 Jul 2017 18:00:17 DEBUG    valid: 002001_2012-02-02_[-0.80171195 -0.87437269 -0.84256643 -0.79056651  0.77851359  0.79127291
  1.73943109 -0.80171195 -0.87437269 -0.84256643 -0.79056651  0.77851359
  0.79127291  1.73943109]
mylog        Mon, 03 Jul 2017 18:00:17 DEBUG    valid: 002001_2012-02-01_[-0.90512117 -0.84455714 -0.79982948 -0.76346404  0.78548629  0.79802068
  1.72946485 -0.90512117 -0.84455714 -0.79982948 -0.76346404  0.78548629
  0.79802068  1.72946485]
mylog        Mon, 03 Jul 2017 18:00:18 DEBUG    valid: 002001_2012-01-31_[-0.99577815 -0.79176997 -0.76341578 -0.7570674   0.78613154  0.79857582
  1.72332393 -0.99577815 -0.79176997 -0.76341578 -0.7570674   0.78613154
  0.79857582  1.72332393]
mylog        Mon, 03 Jul 2017 18:00:18 DEBUG    valid: 002001_2012-01-30_[-0.88752952 -0.808531   -0.78105897 -0.82673512  0.77168177  0.78463938
  1.74753346 -0.88752952 -0.808531   -0.78105897 -0.82673512  0.77168177
  0.78463938  1.74753346]
mylog        Mon, 03 Jul 2017 18:00:18 DEBUG    invalid: 002001_2012-01-29_None
mylog        Mon, 03 Jul 2017 18:00:18 DEBUG    invalid: 002001_2012-01-28_None
mylog        Mon, 03 Jul 2017 18:00:19 DEBUG    invalid: 002001_2012-01-27_None
mylog        Mon, 03 Jul 2017 18:00:19 DEBUG    invalid: 002001_2012-01-26_None
mylog        Mon, 03 Jul 2017 18:00:19 DEBUG    invalid: 002001_2012-01-25_None
mylog        Mon, 03 Jul 2017 18:00:19 DEBUG    invalid: 002001_2012-01-24_None
mylog        Mon, 03 Jul 2017 18:00:19 DEBUG    invalid: 002001_2012-01-23_None
mylog        Mon, 03 Jul 2017 18:00:19 DEBUG    invalid: 002001_2012-01-22_None
mylog        Mon, 03 Jul 2017 18:00:19 DEBUG    invalid: 002001_2012-01-21_None
mylog        Mon, 03 Jul 2017 18:00:20 DEBUG    valid: 002001_2012-01-20_[-0.78105126 -0.86078418 -0.80029635 -0.85752982  0.76574318  0.77887931
  1.75503912 -0.78105126 -0.86078418 -0.80029635 -0.85752982  0.76574318
  0.77887931  1.75503912]
mylog        Mon, 03 Jul 2017 18:00:20 DEBUG    valid: 002001_2012-01-19_[-0.85531331 -0.8325748  -0.7777351  -0.82970498  0.64103911  0.90976005
  1.74452905 -0.85531331 -0.8325748  -0.7777351  -0.82970498  0.64103911
  0.90976005  1.74452905]
mylog        Mon, 03 Jul 2017 18:00:21 DEBUG    valid: 002001_2012-01-18_[-0.79451998 -0.84945094 -0.77169592 -0.87236465  0.63016428  0.90384517
  1.75402204 -0.79451998 -0.84945094 -0.77169592 -0.87236465  0.63016428
  0.90384517  1.75402204]
mylog        Mon, 03 Jul 2017 18:00:21 DEBUG    valid: 002001_2012-01-17_[-0.79990107 -0.84200371 -0.77170625 -0.87432378  0.62986395  0.90370235
  1.75436852 -0.79990107 -0.84200371 -0.77170625 -0.87432378  0.62986395
  0.90370235  1.75436852]
mylog        Mon, 03 Jul 2017 18:00:21 DEBUG    valid: 002001_2012-01-16_[-0.98738129 -0.74017672 -0.73695316 -0.82253975  0.64045033  0.90789622
  1.73870436 -0.98738129 -0.74017672 -0.73695316 -0.82253975  0.64045033
  0.90789622  1.73870436]
mylog        Mon, 03 Jul 2017 18:00:21 DEBUG    invalid: 002001_2012-01-15_None
mylog        Mon, 03 Jul 2017 18:00:22 DEBUG    invalid: 002001_2012-01-14_None
mylog        Mon, 03 Jul 2017 18:00:22 DEBUG    valid: 002001_2012-01-13_[-0.84761557 -0.75915918 -0.79840351 -0.87938719  0.62515512  0.9011001
  1.75831023 -0.84761557 -0.75915918 -0.79840351 -0.87938719  0.62515512
  0.9011001   1.75831023]
mylog        Mon, 03 Jul 2017 18:00:22 DEBUG    valid: 002001_2012-01-12_[-0.79367319 -0.76596441 -0.80336637 -0.87514424  0.4383527   1.03897817
  1.76081734 -0.79367319 -0.76596441 -0.80336637 -0.87514424  0.4383527
  1.03897817  1.76081734]
mylog        Mon, 03 Jul 2017 18:00:23 DEBUG    valid: 002001_2012-01-11_[-0.77181367 -0.71619946 -0.83860225 -0.90517741  0.43245793  1.03662167
  1.76271318 -0.77181367 -0.71619946 -0.83860225 -0.90517741  0.43245793
  1.03662167  1.76271318]
mylog        Mon, 03 Jul 2017 18:00:23 DEBUG    valid: 002001_2012-01-10_[-0.57134032 -0.76026312 -0.91395876 -0.95936375  0.41313758  1.02701276
  1.76477561 -0.57134032 -0.76026312 -0.91395876 -0.95936375  0.41313758
  1.02701276  1.76477561]
mylog        Mon, 03 Jul 2017 18:00:23 DEBUG    valid: 002001_2012-01-09_[-0.79270785 -0.73619469 -0.85289827 -0.86582787  0.4563278   1.04307212
  1.74822875 -0.79270785 -0.73619469 -0.85289827 -0.86582787  0.4563278
  1.04307212  1.74822875]
mylog        Mon, 03 Jul 2017 18:00:23 DEBUG    invalid: 002001_2012-01-08_None
mylog        Mon, 03 Jul 2017 18:00:24 DEBUG    invalid: 002001_2012-01-07_None
mylog        Mon, 03 Jul 2017 18:00:24 DEBUG    valid: 002001_2012-01-06_[-0.83208309 -0.74832992 -0.83458484 -0.84031214  0.46801105  1.04620758
  1.74109135 -0.83208309 -0.74832992 -0.83458484 -0.84031214  0.46801105
  1.04620758  1.74109135]
mylog        Mon, 03 Jul 2017 18:00:24 DEBUG    valid: 002001_2012-01-05_[-0.5123874  -0.8425526  -0.9164839  -0.91985561  0.38721045  1.04137287
  1.76269618 -0.5123874  -0.8425526  -0.9164839  -0.91985561  0.38721045
  1.04137287  1.76269618]
mylog        Mon, 03 Jul 2017 18:00:25 DEBUG    valid: 002001_2012-01-04_[-0.69965078 -0.83812102 -0.85966397 -0.84076398  0.432032    1.05797856
  1.74818919 -0.69965078 -0.83812102 -0.85966397 -0.84076398  0.432032
  1.05797856  1.74818919]
mylog        Mon, 03 Jul 2017 18:00:25 DEBUG    invalid: 002001_2012-01-03_None
mylog        Mon, 03 Jul 2017 18:00:25 DEBUG    invalid: 002001_2012-01-02_None
mylog        Mon, 03 Jul 2017 18:00:25 DEBUG    invalid: 002001_2012-01-01_None
mylog        Mon, 03 Jul 2017 18:00:25 DEBUG    invalid: 002001_2011-12-31_None
mylog        Mon, 03 Jul 2017 18:00:26 DEBUG    valid: 002001_2011-12-30_[-0.75420329 -0.86014919 -0.82855447 -0.80509262  0.44533895  1.0615774
  1.74108322 -0.75420329 -0.86014919 -0.82855447 -0.80509262  0.44533895
  1.0615774   1.74108322]
mylog        Mon, 03 Jul 2017 18:00:26 DEBUG    valid: 002001_2011-12-29_[-0.85730781 -0.83003365 -0.77389349 -0.77268377  0.39572282  1.10617497
  1.73202093 -0.85730781 -0.83003365 -0.77389349 -0.77268377  0.39572282
  1.10617497  1.73202093]
mylog        Mon, 03 Jul 2017 18:00:26 DEBUG    valid: 002001_2011-12-28_[-0.82620336 -0.83812901 -0.78579395 -0.77932588  0.38679091  1.1049938
  1.73766749 -0.82620336 -0.83812901 -0.78579395 -0.77932588  0.38679091
  1.1049938   1.73766749]
mylog        Mon, 03 Jul 2017 18:00:27 DEBUG    valid: 002001_2011-12-27_[-0.84086729 -0.83158537 -0.78584696 -0.77191507  0.38846154  1.10518942
  1.73656374 -0.84086729 -0.83158537 -0.78584696 -0.77191507  0.38846154
  1.10518942  1.73656374]
mylog        Mon, 03 Jul 2017 18:00:27 DEBUG    valid: 002001_2011-12-26_[-0.89929051 -0.80703353 -0.77530774 -0.75093888  0.39613182  1.10569013
  1.7307487  -0.89929051 -0.80703353 -0.77530774 -0.75093888  0.39613182
  1.10569013  1.7307487 ]
mylog        Mon, 03 Jul 2017 18:00:27 DEBUG    invalid: 002001_2011-12-25_None
mylog        Mon, 03 Jul 2017 18:00:27 DEBUG    invalid: 002001_2011-12-24_None
mylog        Mon, 03 Jul 2017 18:00:28 DEBUG    valid: 002001_2011-12-23_[-0.81070253 -0.80661776 -0.81630997 -0.79042146  0.37654571  1.10354273
  1.74396327 -0.81070253 -0.80661776 -0.81630997 -0.79042146  0.37654571
  1.10354273  1.74396327]
mylog        Mon, 03 Jul 2017 18:00:28 DEBUG    valid: 002001_2011-12-22_[-0.85578455 -0.78880799 -0.82275437 -0.82138948  0.47412972  1.17491897
  1.6396877  -0.85578455 -0.78880799 -0.82275437 -0.82138948  0.47412972
  1.17491897  1.6396877 ]
mylog        Mon, 03 Jul 2017 18:00:28 DEBUG    valid: 002001_2011-12-21_[-0.86068985 -0.7833035  -0.82106028 -0.8235636   0.47422393  1.17486231
  1.63953098 -0.86068985 -0.7833035  -0.82106028 -0.8235636   0.47422393
  1.17486231  1.63953098]
mylog        Mon, 03 Jul 2017 18:00:29 DEBUG    valid: 002001_2011-12-20_[-0.86196587 -0.78825006 -0.81721855 -0.82217388  0.47616694  1.17498875
  1.63845266 -0.86196587 -0.78825006 -0.81721855 -0.82217388  0.47616694
  1.17498875  1.63845266]
mylog        Mon, 03 Jul 2017 18:00:29 DEBUG    valid: 002001_2011-12-19_[-0.75232573 -0.83662513 -0.8440167  -0.85100969  0.46620575  1.17413406
  1.64363746 -0.75232573 -0.83662513 -0.8440167  -0.85100969  0.46620575
  1.17413406  1.64363746]
mylog        Mon, 03 Jul 2017 18:00:29 DEBUG    invalid: 002001_2011-12-18_None
mylog        Mon, 03 Jul 2017 18:00:29 DEBUG    invalid: 002001_2011-12-17_None
mylog        Mon, 03 Jul 2017 18:00:30 DEBUG    valid: 002001_2011-12-16_[-0.66096997 -0.88584335 -0.85278725 -0.87483688  0.45893057  1.17147201
  1.64403488 -0.66096997 -0.88584335 -0.85278725 -0.87483688  0.45893057
  1.17147201  1.64403488]
mylog        Mon, 03 Jul 2017 18:00:30 DEBUG    valid: 002001_2011-12-15_[-0.82892869 -0.85217548 -0.83823891 -0.8383136   0.59366425  1.31493009
  1.44906233 -0.82892869 -0.85217548 -0.83823891 -0.8383136   0.59366425
  1.31493009  1.44906233]
mylog        Mon, 03 Jul 2017 18:00:30 DEBUG    valid: 002001_2011-12-14_[-0.88736229 -0.84156621 -0.80871622 -0.82053968  0.59719947  1.31385503
  1.4471299  -0.88736229 -0.84156621 -0.80871622 -0.82053968  0.59719947
  1.31385503  1.4471299 ]
mylog        Mon, 03 Jul 2017 18:00:31 DEBUG    valid: 002001_2011-12-13_[-0.93927761 -0.83155546 -0.79607872 -0.78899016  0.59763503  1.31264869
  1.44561823 -0.93927761 -0.83155546 -0.79607872 -0.78899016  0.59763503
  1.31264869  1.44561823]
mylog        Mon, 03 Jul 2017 18:00:31 DEBUG    valid: 002001_2011-12-12_[-0.89727923 -0.83898406 -0.81168832 -0.80743941  0.59042612  1.31509949
  1.44986542 -0.89727923 -0.83898406 -0.81168832 -0.80743941  0.59042612
  1.31509949  1.44986542]
mylog        Mon, 03 Jul 2017 18:00:31 DEBUG    invalid: 002001_2011-12-11_None
mylog        Mon, 03 Jul 2017 18:00:31 DEBUG    invalid: 002001_2011-12-10_None
mylog        Mon, 03 Jul 2017 18:00:32 DEBUG    valid: 002001_2011-12-09_[-0.7565911  -0.86064562 -0.86693195 -0.86337344  0.57125637  1.31864752
  1.45763822 -0.7565911  -0.86064562 -0.86693195 -0.86337344  0.57125637
  1.31864752  1.45763822]
mylog        Mon, 03 Jul 2017 18:00:32 DEBUG    valid: 002001_2011-12-08_[-0.8734583  -0.85893769 -0.85504622 -0.83257745  0.82485363  1.18100567
  1.41416035 -0.8734583  -0.85893769 -0.85504622 -0.83257745  0.82485363
  1.18100567  1.41416035]
mylog        Mon, 03 Jul 2017 18:00:32 DEBUG    valid: 002001_2011-12-07_[-0.90348177 -0.82809565 -0.86320299 -0.82431583  0.82413462  1.18075136
  1.41421026 -0.90348177 -0.82809565 -0.86320299 -0.82431583  0.82413462
  1.18075136  1.41421026]
mylog        Mon, 03 Jul 2017 18:00:33 DEBUG    valid: 002001_2011-12-06_[-0.90660219 -0.82644739 -0.87805076 -0.80702654  0.82235057  1.1806183
  1.41515801 -0.90660219 -0.82644739 -0.87805076 -0.80702654  0.82235057
  1.1806183   1.41515801]
mylog        Mon, 03 Jul 2017 18:00:33 DEBUG    valid: 002001_2011-12-05_[-0.78194761 -0.870256   -0.92798322 -0.83464408  0.81409131  1.18045118
  1.42028842 -0.78194761 -0.870256   -0.92798322 -0.83464408  0.81409131
  1.18045118  1.42028842]
mylog        Mon, 03 Jul 2017 18:00:33 DEBUG    invalid: 002001_2011-12-04_None
mylog        Mon, 03 Jul 2017 18:00:33 DEBUG    invalid: 002001_2011-12-03_None
mylog        Mon, 03 Jul 2017 18:00:34 DEBUG    valid: 002001_2011-12-02_[-0.90500212 -0.84127928 -0.89199649 -0.77932766  0.8234182   1.18028302
  1.41390433 -0.90500212 -0.84127928 -0.89199649 -0.77932766  0.8234182
  1.18028302  1.41390433]
mylog        Mon, 03 Jul 2017 18:00:34 DEBUG    valid: 002001_2011-12-01_[-0.76725729 -0.91058502 -0.93111367 -0.81656495  0.91122158  1.08799764
  1.4263017  -0.76725729 -0.91058502 -0.93111367 -0.81656495  0.91122158
  1.08799764  1.4263017 ]
mylog        Mon, 03 Jul 2017 18:00:34 DEBUG    valid: 002001_2011-11-30_[-0.86812719 -0.91616749 -0.89983147 -0.74247509  0.91569303  1.08931762
  1.42159058 -0.86812719 -0.91616749 -0.89983147 -0.74247509  0.91569303
  1.08931762  1.42159058]
mylog        Mon, 03 Jul 2017 18:00:35 DEBUG    valid: 002001_2011-11-29_[-0.90557269 -0.93551588 -0.85617197 -0.72773341  0.91535767  1.08882865
  1.42080762 -0.90557269 -0.93551588 -0.85617197 -0.72773341  0.91535767
  1.08882865  1.42080762]
mylog        Mon, 03 Jul 2017 18:00:35 DEBUG    valid: 002001_2011-11-28_[-0.87799029 -0.95366016 -0.8621005  -0.73078978  0.91408804  1.08841643
  1.42203626 -0.87799029 -0.95366016 -0.8621005  -0.73078978  0.91408804
  1.08841643  1.42203626]
mylog        Mon, 03 Jul 2017 18:00:35 DEBUG    invalid: 002001_2011-11-27_None
mylog        Mon, 03 Jul 2017 18:00:35 DEBUG    invalid: 002001_2011-11-26_None
mylog        Mon, 03 Jul 2017 18:00:36 DEBUG    valid: 002001_2011-11-25_[-0.9681311  -0.93432614 -0.82654573 -0.69133503  0.91627482  1.08785313
  1.41621005 -0.9681311  -0.93432614 -0.82654573 -0.69133503  0.91627482
  1.08785313  1.41621005]
mylog        Mon, 03 Jul 2017 18:00:36 DEBUG    valid: 002001_2011-11-24_[-0.95037683 -0.92082266 -0.8460726  -0.71316482  0.93934023  1.10539632
  1.38570037 -0.95037683 -0.92082266 -0.8460726  -0.71316482  0.93934023
  1.10539632  1.38570037]
mylog        Mon, 03 Jul 2017 18:00:36 DEBUG    valid: 002001_2011-11-23_[-0.98351521 -0.90088868 -0.82960369 -0.71490889  0.93802259  1.10473824
  1.38615564 -0.98351521 -0.90088868 -0.82960369 -0.71490889  0.93802259
  1.10473824  1.38615564]
mylog        Mon, 03 Jul 2017 18:00:37 DEBUG    valid: 002001_2011-11-22_[-1.00997245 -0.84886847 -0.82340451 -0.74590229  0.93282282  1.10355976
  1.39176514 -1.00997245 -0.84886847 -0.82340451 -0.74590229  0.93282282
  1.10355976  1.39176514]
mylog        Mon, 03 Jul 2017 18:00:37 DEBUG    valid: 002001_2011-11-21_[-1.01757029 -0.8529782  -0.80798367 -0.74832868  0.93038163  1.10275541
  1.39372379 -1.01757029 -0.8529782  -0.80798367 -0.74832868  0.93038163
  1.10275541  1.39372379]
mylog        Mon, 03 Jul 2017 18:00:37 DEBUG    invalid: 002001_2011-11-20_None
mylog        Mon, 03 Jul 2017 18:00:37 DEBUG    invalid: 002001_2011-11-19_None
mylog        Mon, 03 Jul 2017 18:00:38 DEBUG    valid: 002001_2011-11-18_[-0.9219139  -0.88467307 -0.83766231 -0.78851503  0.92630173  1.10359501
  1.40286756 -0.9219139  -0.88467307 -0.83766231 -0.78851503  0.92630173
  1.10359501  1.40286756]
mylog        Mon, 03 Jul 2017 18:00:38 DEBUG    valid: 002001_2011-11-17_[-0.93445325 -0.89700516 -0.81467041 -0.79913153  1.02402837  1.0690824
  1.35214959 -0.93445325 -0.89700516 -0.81467041 -0.79913153  1.02402837
  1.0690824   1.35214959]
mylog        Mon, 03 Jul 2017 18:00:38 DEBUG    valid: 002001_2011-11-16_[-0.69698373 -0.98940254 -0.84041654 -0.90837177  1.01386469  1.06138228
  1.35992762 -0.69698373 -0.98940254 -0.84041654 -0.90837177  1.01386469
  1.06138228  1.35992762]
mylog        Mon, 03 Jul 2017 18:00:39 DEBUG    valid: 002001_2011-11-15_[-1.00575083 -0.87009164 -0.74998321 -0.81373764  1.02217199  1.06721058
  1.35018075 -1.00575083 -0.87009164 -0.74998321 -0.81373764  1.02217199
  1.06721058  1.35018075]
mylog        Mon, 03 Jul 2017 18:00:39 DEBUG    valid: 002001_2011-11-14_[-0.98789029 -0.84574761 -0.7697412  -0.83829622  1.02098742  1.06671003
  1.35397787 -0.98789029 -0.84574761 -0.7697412  -0.83829622  1.02098742
  1.06671003  1.35397787]
mylog        Mon, 03 Jul 2017 18:00:39 DEBUG    invalid: 002001_2011-11-13_None
mylog        Mon, 03 Jul 2017 18:00:39 DEBUG    invalid: 002001_2011-11-12_None
mylog        Mon, 03 Jul 2017 18:00:40 DEBUG    valid: 002001_2011-11-11_[-1.02626057 -0.8225087  -0.75360385 -0.8353716   1.01970056  1.06541472
  1.35262945 -1.02626057 -0.8225087  -0.75360385 -0.8353716   1.01970056
  1.06541472  1.35262945]
mylog        Mon, 03 Jul 2017 18:00:40 DEBUG    valid: 002001_2011-11-10_[-0.92147488 -0.82939579 -0.79825351 -0.89002328  1.31698999  0.90713429
  1.21502318 -0.92147488 -0.82939579 -0.79825351 -0.89002328  1.31698999
  0.90713429  1.21502318]
mylog        Mon, 03 Jul 2017 18:00:40 DEBUG    valid: 002001_2011-11-09_[-0.75498354 -0.78290601 -0.90666672 -0.98600105  1.32222462  0.89291481
  1.21541788 -0.75498354 -0.78290601 -0.90666672 -0.98600105  1.32222462
  0.89291481  1.21541788]
mylog        Mon, 03 Jul 2017 18:00:41 DEBUG    valid: 002001_2011-11-08_[-0.86994061 -0.76163093 -0.87205535 -0.93325144  1.31924893  0.90214943
  1.21547996 -0.86994061 -0.76163093 -0.87205535 -0.93325144  1.31924893
  0.90214943  1.21547996]
mylog        Mon, 03 Jul 2017 18:00:41 DEBUG    valid: 002001_2011-11-07_[-0.93827884 -0.77052301 -0.84538859 -0.88345187  1.31702294  0.9058828
  1.21473658 -0.93827884 -0.77052301 -0.84538859 -0.88345187  1.31702294
  0.9058828   1.21473658]
mylog        Mon, 03 Jul 2017 18:00:41 DEBUG    invalid: 002001_2011-11-06_None
mylog        Mon, 03 Jul 2017 18:00:41 DEBUG    invalid: 002001_2011-11-05_None
mylog        Mon, 03 Jul 2017 18:00:42 DEBUG    valid: 002001_2011-11-04_[-0.83557104 -0.79513398 -0.88161109 -0.92581277  1.32027857  0.90170696
  1.21614336 -0.83557104 -0.79513398 -0.88161109 -0.92581277  1.32027857
  0.90170696  1.21614336]
mylog        Mon, 03 Jul 2017 18:00:42 DEBUG    valid: 002001_2011-11-03_[-0.32959553 -0.92030743 -1.04596103 -1.06576122  1.12584885  0.96355744
  1.27221893 -0.32959553 -0.92030743 -1.04596103 -1.06576122  1.12584885
  0.96355744  1.27221893]
mylog        Mon, 03 Jul 2017 18:00:42 DEBUG    valid: 002001_2011-11-02_[-0.79100668 -0.88082385 -0.90976568 -0.87070389  1.15561963  1.0072169
  1.28946357 -0.79100668 -0.88082385 -0.90976568 -0.87070389  1.15561963
  1.0072169   1.28946357]
mylog        Mon, 03 Jul 2017 18:00:43 DEBUG    valid: 002001_2011-11-01_[-0.9249184  -0.85408672 -0.87974739 -0.79364454  1.15555063  1.01024637
  1.28660006 -0.9249184  -0.85408672 -0.87974739 -0.79364454  1.15555063
  1.01024637  1.28660006]
mylog        Mon, 03 Jul 2017 18:00:43 DEBUG    valid: 002001_2011-10-31_[-0.85687455 -0.88820363 -0.94652535 -0.75774745  1.15469074  1.00463227
  1.29002798 -0.85687455 -0.88820363 -0.94652535 -0.75774745  1.15469074
  1.00463227  1.29002798]
mylog        Mon, 03 Jul 2017 18:00:43 DEBUG    invalid: 002001_2011-10-30_None
mylog        Mon, 03 Jul 2017 18:00:43 DEBUG    invalid: 002001_2011-10-29_None
mylog        Mon, 03 Jul 2017 18:00:44 DEBUG    valid: 002001_2011-10-28_[-0.83397894 -0.90230576 -0.95926924 -0.75249147  1.15426249  1.00399181
  1.28979111 -0.83397894 -0.90230576 -0.95926924 -0.75249147  1.15426249
  1.00399181  1.28979111]
mylog        Mon, 03 Jul 2017 18:00:44 DEBUG    valid: 002001_2011-10-27_[-0.95914078 -0.90351969 -0.89323644 -0.68760386  0.9937986   1.17548134
  1.27422082 -0.95914078 -0.90351969 -0.89323644 -0.68760386  0.9937986
  1.17548134  1.27422082]
mylog        Mon, 03 Jul 2017 18:00:45 DEBUG    valid: 002001_2011-10-26_[-0.87284153 -0.94006834 -0.9163051  -0.71691946  0.99137809  1.17695126
  1.27780508 -0.87284153 -0.94006834 -0.9163051  -0.71691946  0.99137809
  1.17695126  1.27780508]
mylog        Mon, 03 Jul 2017 18:00:45 DEBUG    valid: 002001_2011-10-25_[-0.82555286 -0.96687936 -0.92631247 -0.72605302  0.98974667  1.17671853
  1.27833251 -0.82555286 -0.96687936 -0.92631247 -0.72605302  0.98974667
  1.17671853  1.27833251]
mylog        Mon, 03 Jul 2017 18:00:45 DEBUG    valid: 002001_2011-10-24_[-0.88566421 -0.97827343 -0.86478465 -0.71616656  0.99121755  1.17649036
  1.27718095 -0.88566421 -0.97827343 -0.86478465 -0.71616656  0.99121755
  1.17649036  1.27718095]
mylog        Mon, 03 Jul 2017 18:00:45 DEBUG    invalid: 002001_2011-10-23_None
mylog        Mon, 03 Jul 2017 18:00:46 DEBUG    invalid: 002001_2011-10-22_None
mylog        Mon, 03 Jul 2017 18:00:46 DEBUG    valid: 002001_2011-10-21_[-1.0679311  -0.9061924  -0.8005095  -0.65746553  0.99314426  1.17111585
  1.26783842 -1.0679311  -0.9061924  -0.8005095  -0.65746553  0.99314426
  1.17111585  1.26783842]
mylog        Mon, 03 Jul 2017 18:00:46 DEBUG    valid: 002001_2011-10-20_[-0.95547314 -0.91257617 -0.85823971 -0.7219852   1.05118966  1.10254527
  1.29453929 -0.95547314 -0.91257617 -0.85823971 -0.7219852   1.05118966
  1.10254527  1.29453929]
mylog        Mon, 03 Jul 2017 18:00:47 DEBUG    valid: 002001_2011-10-19_[-0.94147767 -0.90978291 -0.85298026 -0.74597718  1.05042951  1.10252124
  1.29726726 -0.94147767 -0.90978291 -0.85298026 -0.74597718  1.05042951
  1.10252124  1.29726726]
mylog        Mon, 03 Jul 2017 18:00:47 DEBUG    valid: 002001_2011-10-18_[-0.99430245 -0.90367678 -0.78683146 -0.76212566  1.04863355  1.10109231
  1.29721049 -0.99430245 -0.90367678 -0.78683146 -0.76212566  1.04863355
  1.10109231  1.29721049]
mylog        Mon, 03 Jul 2017 18:00:47 DEBUG    valid: 002001_2011-10-17_[-1.05176587 -0.87693804 -0.67314995 -0.8349462   1.04100607  1.09568598
  1.300108   -1.05176587 -0.87693804 -0.67314995 -0.8349462   1.04100607
  1.09568598  1.300108  ]
mylog        Mon, 03 Jul 2017 18:00:48 DEBUG    invalid: 002001_2011-10-16_None
mylog        Mon, 03 Jul 2017 18:00:48 DEBUG    invalid: 002001_2011-10-15_None
mylog        Mon, 03 Jul 2017 18:00:48 DEBUG    valid: 002001_2011-10-14_[-0.99192862 -0.91894022 -0.67099201 -0.85866499  1.04079004  1.09623215
  1.30350366 -0.99192862 -0.91894022 -0.67099201 -0.85866499  1.04079004
  1.09623215  1.30350366]
mylog        Mon, 03 Jul 2017 18:00:48 DEBUG    valid: 002001_2011-10-13_[-0.95879411 -0.96396879 -0.65667505 -0.84917704  0.98649269  1.07272746
  1.36939484 -0.95879411 -0.96396879 -0.65667505 -0.84917704  0.98649269
  1.07272746  1.36939484]
mylog        Mon, 03 Jul 2017 18:00:49 DEBUG    valid: 002001_2011-10-12_[-0.97275215 -0.93191379 -0.66348038 -0.86172084  0.98642246  1.07292613
  1.37051857 -0.97275215 -0.93191379 -0.66348038 -0.86172084  0.98642246
  1.07292613  1.37051857]
mylog        Mon, 03 Jul 2017 18:00:49 DEBUG    valid: 002001_2011-10-11_[-0.65654641 -0.93305881 -0.80273606 -1.02873342  0.97119461  1.06447945
  1.38540065 -0.65654641 -0.93305881 -0.80273606 -1.02873342  0.97119461
  1.06447945  1.38540065]
mylog        Mon, 03 Jul 2017 18:00:49 DEBUG    valid: 002001_2011-10-10_[-1.20016369 -0.51447787 -0.74640307 -0.91968094  0.96905074  1.056101
  1.35557384 -1.20016369 -0.51447787 -0.74640307 -0.91968094  0.96905074
  1.056101    1.35557384]
mylog        Mon, 03 Jul 2017 18:00:50 DEBUG    invalid: 002001_2011-10-09_None
mylog        Mon, 03 Jul 2017 18:00:50 DEBUG    invalid: 002001_2011-10-08_None
mylog        Mon, 03 Jul 2017 18:00:50 DEBUG    invalid: 002001_2011-10-07_None
mylog        Mon, 03 Jul 2017 18:00:50 DEBUG    invalid: 002001_2011-10-06_None
mylog        Mon, 03 Jul 2017 18:00:50 DEBUG    invalid: 002001_2011-10-05_None
mylog        Mon, 03 Jul 2017 18:00:50 DEBUG    invalid: 002001_2011-10-04_None
mylog        Mon, 03 Jul 2017 18:00:51 DEBUG    invalid: 002001_2011-10-03_None
mylog        Mon, 03 Jul 2017 18:00:51 DEBUG    invalid: 002001_2011-10-02_None
mylog        Mon, 03 Jul 2017 18:00:51 DEBUG    invalid: 002001_2011-10-01_None
mylog        Mon, 03 Jul 2017 18:00:51 DEBUG    valid: 002001_2011-09-30_[-1.24936145 -0.44547389 -0.75694466 -0.90774521  0.96263299  1.04932533
  1.34756688 -1.24936145 -0.44547389 -0.75694466 -0.90774521  0.96263299
  1.04932533  1.34756688]
mylog        Mon, 03 Jul 2017 18:00:52 DEBUG    valid: 002001_2011-09-29_[-0.93273664 -0.42429316 -0.87850686 -1.04567392  0.57581787  1.1363305
  1.56906221 -0.93273664 -0.42429316 -0.87850686 -1.04567392  0.57581787
  1.1363305   1.56906221]
mylog        Mon, 03 Jul 2017 18:00:52 DEBUG    valid: 002001_2011-09-28_[-0.35232335 -0.58832735 -1.05516787 -1.20429252  0.52009057  1.11165714
  1.56836338 -0.35232335 -0.58832735 -1.05516787 -1.20429252  0.52009057
  1.11165714  1.56836338]
mylog        Mon, 03 Jul 2017 18:00:52 DEBUG    valid: 002001_2011-09-27_[ 0.85981967 -0.83973988 -1.20282432 -1.27937361  0.32667616  0.86133505
  1.27410694  0.85981967 -0.83973988 -1.20282432 -1.27937361  0.32667616
  0.86133505  1.27410694]
mylog        Mon, 03 Jul 2017 18:00:52 DEBUG    invalid: 002001_2011-09-26_None
mylog        Mon, 03 Jul 2017 18:00:53 DEBUG    invalid: 002001_2011-09-25_None
mylog        Mon, 03 Jul 2017 18:00:53 DEBUG    invalid: 002001_2011-09-24_None
mylog        Mon, 03 Jul 2017 18:00:53 DEBUG    invalid: 002001_2011-09-23_None
mylog        Mon, 03 Jul 2017 18:00:53 DEBUG    invalid: 002001_2011-09-22_None
mylog        Mon, 03 Jul 2017 18:00:53 DEBUG    valid: 002001_2011-09-21_[-0.69900767 -0.83132982 -0.92240919 -0.9087023   0.66879041  1.15763018
  1.5350284  -0.69900767 -0.83132982 -0.92240919 -0.9087023   0.66879041
  1.15763018  1.5350284 ]
mylog        Mon, 03 Jul 2017 18:00:54 DEBUG    valid: 002001_2011-09-20_[-0.74886487 -0.88667493 -0.9022376  -0.8864506   0.83815636  1.23475935
  1.35131228 -0.74886487 -0.88667493 -0.9022376  -0.8864506   0.83815636
  1.23475935  1.35131228]
mylog        Mon, 03 Jul 2017 18:00:54 DEBUG    valid: 002001_2011-09-19_[-0.79739488 -0.91328968 -0.8603085  -0.85658064  0.84415156  1.23437239
  1.34904975 -0.79739488 -0.91328968 -0.8603085  -0.85658064  0.84415156
  1.23437239  1.34904975]
mylog        Mon, 03 Jul 2017 18:00:54 DEBUG    invalid: 002001_2011-09-18_None
mylog        Mon, 03 Jul 2017 18:00:54 DEBUG    invalid: 002001_2011-09-17_None
mylog        Mon, 03 Jul 2017 18:00:55 DEBUG    valid: 002001_2011-09-16_[-0.74928131 -0.94012185 -0.87768697 -0.85725075  0.84231204  1.23352933
  1.34849952 -0.74928131 -0.94012185 -0.87768697 -0.85725075  0.84231204
  1.23352933  1.34849952]
mylog        Mon, 03 Jul 2017 18:00:55 DEBUG    valid: 002001_2011-09-15_[-0.88225159 -0.92055613 -0.84770277 -0.81064189  1.09453343  1.17997689
  1.18664206 -0.88225159 -0.92055613 -0.84770277 -0.81064189  1.09453343
  1.17997689  1.18664206]
mylog        Mon, 03 Jul 2017 18:00:55 DEBUG    valid: 002001_2011-09-14_[-0.99116689 -0.86258732 -0.8151833  -0.78785293  1.09372481  1.17823657
  1.18482906 -0.99116689 -0.86258732 -0.8151833  -0.78785293  1.09372481
  1.17823657  1.18482906]
mylog        Mon, 03 Jul 2017 18:00:56 DEBUG    valid: 002001_2011-09-13_[-0.9748619  -0.85628407 -0.8214242  -0.80586579  1.09328302  1.17922447
  1.18592848 -0.9748619  -0.85628407 -0.8214242  -0.80586579  1.09328302
  1.17922447  1.18592848]
mylog        Mon, 03 Jul 2017 18:00:56 DEBUG    invalid: 002001_2011-09-12_None
mylog        Mon, 03 Jul 2017 18:00:56 DEBUG    invalid: 002001_2011-09-11_None
mylog        Mon, 03 Jul 2017 18:00:56 DEBUG    invalid: 002001_2011-09-10_None
mylog        Mon, 03 Jul 2017 18:00:57 DEBUG    valid: 002001_2011-09-09_[-0.92799199 -0.84492154 -0.85657628 -0.83184119  1.09252422  1.18095432
  1.18785247 -0.92799199 -0.84492154 -0.85657628 -0.83184119  1.09252422
  1.18095432  1.18785247]
mylog        Mon, 03 Jul 2017 18:00:57 DEBUG    valid: 002001_2011-09-08_[-0.95462364 -0.84394866 -0.84449455 -0.80622463  0.97230084  1.22941436
  1.24757628 -0.95462364 -0.84394866 -0.84449455 -0.80622463  0.97230084
  1.22941436  1.24757628]
mylog        Mon, 03 Jul 2017 18:00:57 DEBUG    valid: 002001_2011-09-07_[-0.8183766  -0.90091784 -0.89801271 -0.83292397  0.96711847  1.23219415
  1.2509185  -0.8183766  -0.90091784 -0.89801271 -0.83292397  0.96711847
  1.23219415  1.2509185 ]
mylog        Mon, 03 Jul 2017 18:00:58 DEBUG    valid: 002001_2011-09-06_[-0.90408196 -0.87544886 -0.87979187 -0.7909369   0.97056058  1.23066298
  1.24903603 -0.90408196 -0.87544886 -0.87979187 -0.7909369   0.97056058
  1.23066298  1.24903603]
mylog        Mon, 03 Jul 2017 18:00:58 DEBUG    valid: 002001_2011-09-05_[-0.75934601 -0.91127914 -0.94185552 -0.83401243  0.96501906  1.23133117
  1.25014286 -0.75934601 -0.91127914 -0.94185552 -0.83401243  0.96501906
  1.23133117  1.25014286]
mylog        Mon, 03 Jul 2017 18:00:58 DEBUG    invalid: 002001_2011-09-04_None
mylog        Mon, 03 Jul 2017 18:00:58 DEBUG    invalid: 002001_2011-09-03_None
mylog        Mon, 03 Jul 2017 18:00:59 DEBUG    valid: 002001_2011-09-02_[-0.93389514 -0.86682424 -0.88419634 -0.76360338  0.97192539  1.22920986
  1.24738385 -0.93389514 -0.86682424 -0.88419634 -0.76360338  0.97192539
  1.22920986  1.24738385]
mylog        Mon, 03 Jul 2017 18:00:59 DEBUG    valid: 002001_2011-09-01_[-0.9421557  -0.85535294 -0.8730576  -0.76778121  0.91049342  1.21405149
  1.31380254 -0.9421557  -0.85535294 -0.8730576  -0.76778121  0.91049342
  1.21405149  1.31380254]
mylog        Mon, 03 Jul 2017 18:00:59 DEBUG    valid: 002001_2011-08-31_[-0.8726889  -0.88282104 -0.88719206 -0.79729205  0.90643503  1.21592874
  1.31763028 -0.8726889  -0.88282104 -0.88719206 -0.79729205  0.90643503
  1.21592874  1.31763028]
mylog        Mon, 03 Jul 2017 18:01:00 DEBUG    valid: 002001_2011-08-30_[-0.85432503 -0.90122511 -0.8851417  -0.79932609  0.90747624  1.21563879
  1.31690289 -0.85432503 -0.90122511 -0.8851417  -0.79932609  0.90747624
  1.21563879  1.31690289]
mylog        Mon, 03 Jul 2017 18:01:00 DEBUG    valid: 002001_2011-08-29_[-0.84992771 -0.9251077  -0.87011479 -0.79448918  0.90889377  1.21506752
  1.31567809 -0.84992771 -0.9251077  -0.87011479 -0.79448918  0.90889377
  1.21506752  1.31567809]
mylog        Mon, 03 Jul 2017 18:01:00 DEBUG    invalid: 002001_2011-08-28_None
mylog        Mon, 03 Jul 2017 18:01:00 DEBUG    invalid: 002001_2011-08-27_None
mylog        Mon, 03 Jul 2017 18:01:01 DEBUG    valid: 002001_2011-08-26_[-0.86237206 -0.93081049 -0.83622837 -0.81031124  0.90846064  1.21522795
  1.31603357 -0.86237206 -0.93081049 -0.83622837 -0.81031124  0.90846064
  1.21522795  1.31603357]
mylog        Mon, 03 Jul 2017 18:01:01 DEBUG    valid: 002001_2011-08-25_[-0.91200392 -0.91505052 -0.80670671 -0.82057123  1.02697449  1.15841237
  1.26894551 -0.91200392 -0.91505052 -0.80670671 -0.82057123  1.02697449
  1.15841237  1.26894551]
mylog        Mon, 03 Jul 2017 18:01:01 DEBUG    valid: 002001_2011-08-24_[-0.99155137 -0.87964575 -0.75294189 -0.8251637   1.02532257  1.15673444
  1.2672457  -0.99155137 -0.87964575 -0.75294189 -0.8251637   1.02532257
  1.15673444  1.2672457 ]
mylog        Mon, 03 Jul 2017 18:01:02 DEBUG    valid: 002001_2011-08-23_[-1.02981809 -0.865987   -0.72435864 -0.82463482  1.02394574  1.15522608
  1.26562673 -1.02981809 -0.865987   -0.72435864 -0.82463482  1.02394574
  1.15522608  1.26562673]
mylog        Mon, 03 Jul 2017 18:01:02 DEBUG    valid: 002001_2011-08-22_[-0.9293081  -0.88625961 -0.76051424 -0.87642599  1.02259005  1.15801564
  1.27190225 -0.9293081  -0.88625961 -0.76051424 -0.87642599  1.02259005
  1.15801564  1.27190225]
mylog        Mon, 03 Jul 2017 18:01:02 DEBUG    invalid: 002001_2011-08-21_None
mylog        Mon, 03 Jul 2017 18:01:02 DEBUG    invalid: 002001_2011-08-20_None
mylog        Mon, 03 Jul 2017 18:01:06 DEBUG    valid: 002001_2011-08-19_[-0.88346389 -0.8572102  -0.78766936 -0.92517965  1.01979927  1.15852921
  1.27519462 -0.88346389 -0.8572102  -0.78766936 -0.92517965  1.01979927
  1.15852921  1.27519462]
mylog        Mon, 03 Jul 2017 18:01:06 DEBUG    valid: 002001_2011-08-18_[-0.85879147 -0.82753258 -0.82220693 -0.94567158  1.12014027  1.04721782
  1.28684447 -0.85879147 -0.82753258 -0.82220693 -0.94567158  1.12014027
  1.04721782  1.28684447]
mylog        Mon, 03 Jul 2017 18:01:07 DEBUG    valid: 002001_2011-08-17_[-1.0203454  -0.71684482 -0.79574019 -0.91084883  1.11729409  1.04583719
  1.28064796 -1.0203454  -0.71684482 -0.79574019 -0.91084883  1.11729409
  1.04583719  1.28064796]
mylog        Mon, 03 Jul 2017 18:01:07 DEBUG    valid: 002001_2011-08-16_[-0.9599755  -0.7027009  -0.84139403 -0.94222194  1.11761818  1.04496316
  1.28371102 -0.9599755  -0.7027009  -0.84139403 -0.94222194  1.11761818
  1.04496316  1.28371102]
mylog        Mon, 03 Jul 2017 18:01:07 DEBUG    valid: 002001_2011-08-15_[-0.68733973 -0.77899868 -0.94103767 -1.03077417  1.11366544  1.03812087
  1.28636395 -0.68733973 -0.77899868 -0.94103767 -1.03077417  1.11366544
  1.03812087  1.28636395]
mylog        Mon, 03 Jul 2017 18:01:08 DEBUG    invalid: 002001_2011-08-14_None
mylog        Mon, 03 Jul 2017 18:01:08 DEBUG    invalid: 002001_2011-08-13_None
mylog        Mon, 03 Jul 2017 18:01:08 DEBUG    valid: 002001_2011-08-12_[-0.67715448 -0.79159012 -0.97408205 -0.99615812  1.11440227  1.03992762
  1.28465488 -0.67715448 -0.79159012 -0.97408205 -0.99615812  1.11440227
  1.03992762  1.28465488]
mylog        Mon, 03 Jul 2017 18:01:09 DEBUG    valid: 002001_2011-08-11_[-0.51771812 -0.8629256  -1.01759564 -0.98291435  1.04386142  0.8817737
  1.45551858 -0.51771812 -0.8629256  -1.01759564 -0.98291435  1.04386142
  0.8817737   1.45551858]
mylog        Mon, 03 Jul 2017 18:01:09 DEBUG    valid: 002001_2011-08-10_[-0.76084324 -0.83330359 -0.9485662  -0.87782912  1.06154873  0.90834154
  1.45065187 -0.76084324 -0.83330359 -0.9485662  -0.87782912  1.06154873
  0.90834154  1.45065187]
mylog        Mon, 03 Jul 2017 18:01:10 DEBUG    valid: 002001_2011-08-09_[-0.8318913  -0.8511435  -0.92246825 -0.82003586  1.06516466  0.9157575
  1.44461676 -0.8318913  -0.8511435  -0.92246825 -0.82003586  1.06516466
  0.9157575   1.44461676]
mylog        Mon, 03 Jul 2017 18:01:10 DEBUG    valid: 002001_2011-08-08_[-0.71565512 -0.91104606 -0.95479972 -0.836464    1.06169398  0.91044361
  1.44582732 -0.71565512 -0.91104606 -0.95479972 -0.836464    1.06169398
  0.91044361  1.44582732]
mylog        Mon, 03 Jul 2017 18:01:10 DEBUG    invalid: 002001_2011-08-07_None
mylog        Mon, 03 Jul 2017 18:01:10 DEBUG    invalid: 002001_2011-08-06_None
mylog        Mon, 03 Jul 2017 18:01:11 DEBUG    valid: 002001_2011-08-05_[-0.8184372  -0.92548929 -0.90701122 -0.77357953  1.06618676  0.91943463
  1.43889584 -0.8184372  -0.92548929 -0.90701122 -0.77357953  1.06618676
  0.91943463  1.43889584]
mylog        Mon, 03 Jul 2017 18:01:11 DEBUG    valid: 002001_2011-08-04_[-0.79790825 -0.92720065 -0.88689338 -0.78053746  1.00657242  0.8406949
  1.54527242 -0.79790825 -0.92720065 -0.88689338 -0.78053746  1.00657242
  0.8406949   1.54527242]
mylog        Mon, 03 Jul 2017 18:01:11 DEBUG    valid: 002001_2011-08-03_[-0.93623234 -0.89750521 -0.83189732 -0.7279187   1.01017749  0.84866085
  1.53471522 -0.93623234 -0.89750521 -0.83189732 -0.7279187   1.01017749
  0.84866085  1.53471522]
mylog        Mon, 03 Jul 2017 18:01:12 DEBUG    valid: 002001_2011-08-02_[-0.9082107  -0.90816571 -0.83865339 -0.73851184  1.00885414  0.84557642
  1.53911109 -0.9082107  -0.90816571 -0.83865339 -0.73851184  1.00885414
  0.84557642  1.53911109]
mylog        Mon, 03 Jul 2017 18:01:12 DEBUG    valid: 002001_2011-08-01_[-0.97843154 -0.88209876 -0.82328021 -0.70521617  1.00781246  0.84515316
  1.53606105 -0.97843154 -0.88209876 -0.82328021 -0.70521617  1.00781246
  0.84515316  1.53606105]
mylog        Mon, 03 Jul 2017 18:01:12 DEBUG    invalid: 002001_2011-07-31_None
mylog        Mon, 03 Jul 2017 18:01:12 DEBUG    invalid: 002001_2011-07-30_None
mylog        Mon, 03 Jul 2017 18:01:13 DEBUG    valid: 002001_2011-07-29_[-0.90899428 -0.90568026 -0.82832401 -0.74731086  1.00444041  0.83670949
  1.5491595  -0.90899428 -0.90568026 -0.82832401 -0.74731086  1.00444041
  0.83670949  1.5491595 ]
mylog        Mon, 03 Jul 2017 18:01:13 DEBUG    valid: 002001_2011-07-28_[-0.93867281 -0.86622572 -0.77855503 -0.7517878   0.89979648  0.75843824
  1.67700664 -0.93867281 -0.86622572 -0.77855503 -0.7517878   0.89979648
  0.75843824  1.67700664]
mylog        Mon, 03 Jul 2017 18:01:13 DEBUG    valid: 002001_2011-07-27_[-0.96066373 -0.85254545 -0.78002607 -0.73880101  0.89744682  0.75523403
  1.67935542 -0.96066373 -0.85254545 -0.78002607 -0.73880101  0.89744682
  0.75523403  1.67935542]
mylog        Mon, 03 Jul 2017 18:01:14 DEBUG    valid: 002001_2011-07-26_[-0.90892585 -0.87099549 -0.78253869 -0.76867527  0.8933122   0.74854217
  1.68928094 -0.90892585 -0.87099549 -0.78253869 -0.76867527  0.8933122
  0.74854217  1.68928094]
mylog        Mon, 03 Jul 2017 18:01:14 DEBUG    valid: 002001_2011-07-25_[-0.90614947 -0.88072195 -0.77101943 -0.77180037  0.89192557  0.74655177
  1.69121389 -0.90614947 -0.88072195 -0.77101943 -0.77180037  0.89192557
  0.74655177  1.69121389]
mylog        Mon, 03 Jul 2017 18:01:14 DEBUG    invalid: 002001_2011-07-24_None
mylog        Mon, 03 Jul 2017 18:01:14 DEBUG    invalid: 002001_2011-07-23_None
mylog        Mon, 03 Jul 2017 18:01:15 DEBUG    valid: 002001_2011-07-22_[-0.84079976 -0.86321179 -0.80288859 -0.81928524  0.88519072  0.73610458
  1.70489009 -0.84079976 -0.86321179 -0.80288859 -0.81928524  0.88519072
  0.73610458  1.70489009]
mylog        Mon, 03 Jul 2017 18:01:15 DEBUG    valid: 002001_2011-07-21_[-0.90627476 -0.78358094 -0.80067808 -0.81132218  0.80190034  0.75127713
  1.74867848 -0.90627476 -0.78358094 -0.80067808 -0.81132218  0.80190034
  0.75127713  1.74867848]
mylog        Mon, 03 Jul 2017 18:01:15 DEBUG    valid: 002001_2011-07-20_[-0.9510212  -0.77343512 -0.78303931 -0.79383634  0.80413804  0.75392366
  1.74327027 -0.9510212  -0.77343512 -0.78303931 -0.79383634  0.80413804
  0.75392366  1.74327027]
mylog        Mon, 03 Jul 2017 18:01:16 DEBUG    valid: 002001_2011-07-19_[-0.96359463 -0.73555053 -0.78867666 -0.80999268  0.80152375  0.75106503
  1.74522572 -0.96359463 -0.73555053 -0.78867666 -0.80999268  0.80152375
  0.75106503  1.74522572]
mylog        Mon, 03 Jul 2017 18:01:16 DEBUG    valid: 002001_2011-07-18_[-0.70016049 -0.80299307 -0.85499936 -0.92096917  0.77812749  0.72475977
  1.77623484 -0.70016049 -0.80299307 -0.85499936 -0.92096917  0.77812749
  0.72475977  1.77623484]
mylog        Mon, 03 Jul 2017 18:01:16 DEBUG    invalid: 002001_2011-07-17_None
mylog        Mon, 03 Jul 2017 18:01:17 DEBUG    invalid: 002001_2011-07-16_None
mylog        Mon, 03 Jul 2017 18:01:17 DEBUG    valid: 002001_2011-07-15_[-0.5743914  -0.84704917 -0.88870248 -0.95357986  0.7727048   0.71928799
  1.77173013 -0.5743914  -0.84704917 -0.88870248 -0.95357986  0.7727048
  0.71928799  1.77173013]
mylog        Mon, 03 Jul 2017 18:01:17 DEBUG    valid: 002001_2011-07-14_[-0.88344803 -0.76714606 -0.76941346 -0.81491194  0.69196653  0.69580062
  1.84715234 -0.88344803 -0.76714606 -0.76941346 -0.81491194  0.69196653
  0.69580062  1.84715234]
mylog        Mon, 03 Jul 2017 18:01:18 DEBUG    valid: 002001_2011-07-13_[-0.73586625 -0.82290648 -0.79117634 -0.86902539  0.6738922   0.67785292
  1.86722933 -0.73586625 -0.82290648 -0.79117634 -0.86902539  0.6738922
  0.67785292  1.86722933]
mylog        Mon, 03 Jul 2017 18:01:18 DEBUG    valid: 002001_2011-07-12_[-0.74263944 -0.8360578  -0.79063557 -0.85673784  0.68156855  0.68547656
  1.85902552 -0.74263944 -0.8360578  -0.79063557 -0.85673784  0.68156855
  0.68547656  1.85902552]
mylog        Mon, 03 Jul 2017 18:01:18 DEBUG    valid: 002001_2011-07-11_[-0.76550007 -0.78651691 -0.80404135 -0.86967617  0.68083399  0.68474818
  1.86015232 -0.76550007 -0.78651691 -0.80404135 -0.86967617  0.68083399
  0.68474818  1.86015232]
mylog        Mon, 03 Jul 2017 18:01:18 DEBUG    invalid: 002001_2011-07-10_None
mylog        Mon, 03 Jul 2017 18:01:19 DEBUG    invalid: 002001_2011-07-09_None
mylog        Mon, 03 Jul 2017 18:01:19 DEBUG    valid: 002001_2011-07-08_[-0.85049671 -0.7622645  -0.77789038 -0.84471317  0.69188276  0.69571916
  1.84776283 -0.85049671 -0.7622645  -0.77789038 -0.84471317  0.69188276
  0.69571916  1.84776283]
mylog        Mon, 03 Jul 2017 18:01:19 DEBUG    valid: 002001_2011-07-07_[-0.81957619 -0.75797956 -0.75774902 -0.83144736  0.52234808  0.72262314
  1.92178091 -0.81957619 -0.75797956 -0.75774902 -0.83144736  0.52234808
  0.72262314  1.92178091]
mylog        Mon, 03 Jul 2017 18:01:20 DEBUG    valid: 002001_2011-07-06_[-0.86785211 -0.68832386 -0.76320983 -0.84137231  0.51871976  0.71960714
  1.92243121 -0.86785211 -0.68832386 -0.76320983 -0.84137231  0.51871976
  0.71960714  1.92243121]
mylog        Mon, 03 Jul 2017 18:01:20 DEBUG    valid: 002001_2011-07-05_[-0.51677526 -0.79221425 -0.87500949 -0.92729743  0.47938173  0.68885152
  1.94306318 -0.51677526 -0.79221425 -0.87500949 -0.92729743  0.47938173
  0.68885152  1.94306318]
mylog        Mon, 03 Jul 2017 18:01:20 DEBUG    valid: 002001_2011-07-04_[-0.78181305 -0.75682586 -0.80068733 -0.83066855  0.52582013  0.72519711
  1.91897756 -0.78181305 -0.75682586 -0.80068733 -0.83066855  0.52582013
  0.72519711  1.91897756]
mylog        Mon, 03 Jul 2017 18:01:20 DEBUG    invalid: 002001_2011-07-03_None
mylog        Mon, 03 Jul 2017 18:01:21 DEBUG    invalid: 002001_2011-07-02_None
mylog        Mon, 03 Jul 2017 18:01:21 DEBUG    valid: 002001_2011-07-01_[-0.84527587 -0.7375233  -0.79155669 -0.80456529  0.53729985  0.73348276
  1.90813854 -0.84527587 -0.7375233  -0.79155669 -0.80456529  0.53729985
  0.73348276  1.90813854]
mylog        Mon, 03 Jul 2017 18:01:22 DEBUG    valid: 002001_2011-06-30_[-0.50539206 -0.83554014 -0.92776232 -0.93130742  0.59925587  0.76309865
  1.8376474  -0.50539206 -0.83554014 -0.92776232 -0.93130742  0.59925587
  0.76309865  1.8376474 ]
mylog        Mon, 03 Jul 2017 18:01:22 DEBUG    valid: 002001_2011-06-29_[-0.8613623  -0.77309212 -0.80590168 -0.81852766  0.64662041  0.80074039
  1.81152295 -0.8613623  -0.77309212 -0.80590168 -0.81852766  0.64662041
  0.80074039  1.81152295]
mylog        Mon, 03 Jul 2017 18:01:22 DEBUG    valid: 002001_2011-06-28_[-0.75950417 -0.816372   -0.8337347  -0.8444475   0.6400866   0.79593307
  1.81803871 -0.75950417 -0.816372   -0.8337347  -0.8444475   0.6400866
  0.79593307  1.81803871]
mylog        Mon, 03 Jul 2017 18:01:23 DEBUG    valid: 002001_2011-06-27_[-0.80263555 -0.80076786 -0.82441365 -0.83089213  0.64547425  0.7999756
  1.81325934 -0.80263555 -0.80076786 -0.82441365 -0.83089213  0.64547425
  0.7999756   1.81325934]
mylog        Mon, 03 Jul 2017 18:01:23 DEBUG    invalid: 002001_2011-06-26_None
mylog        Mon, 03 Jul 2017 18:01:23 DEBUG    invalid: 002001_2011-06-25_None
mylog        Mon, 03 Jul 2017 18:01:23 DEBUG    valid: 002001_2011-06-24_[-0.73596635 -0.84045545 -0.84907456 -0.83017325  0.64337637  0.79825793
  1.8140353  -0.73596635 -0.84045545 -0.84907456 -0.83017325  0.64337637
  0.79825793  1.8140353 ]
mylog        Mon, 03 Jul 2017 18:01:24 DEBUG    valid: 002001_2011-06-23_[-0.75351234 -0.88546024 -0.85443173 -0.82601938  0.69860442  0.91454174
  1.70627753 -0.75351234 -0.88546024 -0.85443173 -0.82601938  0.69860442
  0.91454174  1.70627753]
mylog        Mon, 03 Jul 2017 18:01:24 DEBUG    valid: 002001_2011-06-22_[-0.92446892 -0.80319075 -0.8152525  -0.78217089  0.70947909  0.92065781
  1.69494617 -0.92446892 -0.80319075 -0.8152525  -0.78217089  0.70947909
  0.92065781  1.69494617]
mylog        Mon, 03 Jul 2017 18:01:25 DEBUG    valid: 002001_2011-06-21_[-0.78362734 -0.86236139 -0.84807646 -0.82328213  0.69286844  0.91147611
  1.71300278 -0.78362734 -0.86236139 -0.84807646 -0.82328213  0.69286844
  0.91147611  1.71300278]
mylog        Mon, 03 Jul 2017 18:01:25 DEBUG    valid: 002001_2011-06-20_[-0.94410977 -0.82355694 -0.79282411 -0.76061957  0.7050974   0.91789482
  1.69811817 -0.94410977 -0.82355694 -0.79282411 -0.76061957  0.7050974
  0.91789482  1.69811817]
mylog        Mon, 03 Jul 2017 18:01:25 DEBUG    invalid: 002001_2011-06-19_None
mylog        Mon, 03 Jul 2017 18:01:25 DEBUG    invalid: 002001_2011-06-18_None
mylog        Mon, 03 Jul 2017 18:01:26 DEBUG    valid: 002001_2011-06-17_[-0.9448788  -0.83561093 -0.79200781 -0.74688119  0.70291149  0.91656059
  1.69990666 -0.9448788  -0.83561093 -0.79200781 -0.74688119  0.70291149
  0.91656059  1.69990666]
mylog        Mon, 03 Jul 2017 18:01:26 DEBUG    valid: 002001_2011-06-16_[-0.65710874 -0.92190363 -0.90440871 -0.84655053  0.74084414  0.9183601
  1.67076736 -0.65710874 -0.92190363 -0.90440871 -0.84655053  0.74084414
  0.9183601   1.67076736]
mylog        Mon, 03 Jul 2017 18:01:27 DEBUG    valid: 002001_2011-06-15_[-0.90597162 -0.86017393 -0.82869015 -0.75578273  0.76648983  0.9349828
  1.64914579 -0.90597162 -0.86017393 -0.82869015 -0.75578273  0.76648983
  0.9349828   1.64914579]
mylog        Mon, 03 Jul 2017 18:01:27 DEBUG    valid: 002001_2011-06-14_[-0.86014084 -0.83483916 -0.86697774 -0.78642424  0.7591444   0.93081117
  1.65842642 -0.86014084 -0.83483916 -0.86697774 -0.78642424  0.7591444
  0.93081117  1.65842642]
mylog        Mon, 03 Jul 2017 18:01:27 DEBUG    valid: 002001_2011-06-13_[-0.97960902 -0.78007778 -0.83088193 -0.75544478  0.7650821   0.93351388
  1.64741751 -0.97960902 -0.78007778 -0.83088193 -0.75544478  0.7650821
  0.93351388  1.64741751]
mylog        Mon, 03 Jul 2017 18:01:27 DEBUG    invalid: 002001_2011-06-12_None
mylog        Mon, 03 Jul 2017 18:01:28 DEBUG    invalid: 002001_2011-06-11_None
mylog        Mon, 03 Jul 2017 18:01:28 DEBUG    valid: 002001_2011-06-10_[-0.85343446 -0.81943013 -0.86249217 -0.81049794  0.75365879  0.92755838
  1.66463753 -0.85343446 -0.81943013 -0.86249217 -0.81049794  0.75365879
  0.92755838  1.66463753]
mylog        Mon, 03 Jul 2017 18:01:28 DEBUG    valid: 002001_2011-06-09_[-0.86061449 -0.83609623 -0.84418337 -0.80324429  0.65013057  1.07229493
  1.62171288 -0.86061449 -0.83609623 -0.84418337 -0.80324429  0.65013057
  1.07229493  1.62171288]
mylog        Mon, 03 Jul 2017 18:01:29 DEBUG    valid: 002001_2011-06-08_[-0.695096   -0.9060132  -0.88990179 -0.84062864  0.63495022  1.06712306
  1.62956635 -0.695096   -0.9060132  -0.88990179 -0.84062864  0.63495022
  1.06712306  1.62956635]
mylog        Mon, 03 Jul 2017 18:01:29 DEBUG    valid: 002001_2011-06-07_[-0.78915953 -0.9242231  -0.82486164 -0.80311989  0.64852897  1.07130839
  1.62152679 -0.78915953 -0.9242231  -0.82486164 -0.80311989  0.64852897
  1.07130839  1.62152679]
mylog        Mon, 03 Jul 2017 18:01:29 DEBUG    invalid: 002001_2011-06-06_None
mylog        Mon, 03 Jul 2017 18:01:29 DEBUG    invalid: 002001_2011-06-05_None
mylog        Mon, 03 Jul 2017 18:01:29 DEBUG    invalid: 002001_2011-06-04_None
mylog        Mon, 03 Jul 2017 18:01:33 DEBUG    valid: 002001_2011-06-03_[-0.8956661  -0.90543591 -0.76993418 -0.77338221  0.65812762  1.07310991
  1.61318087 -0.8956661  -0.90543591 -0.76993418 -0.77338221  0.65812762
  1.07310991  1.61318087]
mylog        Mon, 03 Jul 2017 18:01:33 DEBUG    valid: 002001_2011-06-02_[-0.93547602 -0.88579369 -0.76583147 -0.79431695  0.68677603  1.24581336
  1.44882873 -0.93547602 -0.88579369 -0.76583147 -0.79431695  0.68677603
  1.24581336  1.44882873]
mylog        Mon, 03 Jul 2017 18:01:34 DEBUG    valid: 002001_2011-06-01_[-0.95283585 -0.85815352 -0.7564551  -0.81224868  0.68283871  1.24614449
  1.45070995 -0.95283585 -0.85815352 -0.7564551  -0.81224868  0.68283871
  1.24614449  1.45070995]
mylog        Mon, 03 Jul 2017 18:01:34 DEBUG    valid: 002001_2011-05-31_[-0.97270859 -0.83422698 -0.7563357  -0.81514321  0.68200757  1.24582739
  1.45057953 -0.97270859 -0.83422698 -0.7563357  -0.81514321  0.68200757
  1.24582739  1.45057953]
mylog        Mon, 03 Jul 2017 18:01:35 DEBUG    valid: 002001_2011-05-30_[-0.94147226 -0.78742308 -0.79207167 -0.85590234  0.67060361  1.24824681
  1.45801894 -0.94147226 -0.78742308 -0.79207167 -0.85590234  0.67060361
  1.24824681  1.45801894]
mylog        Mon, 03 Jul 2017 18:01:35 DEBUG    invalid: 002001_2011-05-29_None
mylog        Mon, 03 Jul 2017 18:01:35 DEBUG    invalid: 002001_2011-05-28_None
mylog        Mon, 03 Jul 2017 18:01:35 DEBUG    valid: 002001_2011-05-27_[-0.8400898  -0.77954571 -0.84663787 -0.90830653  0.6588597   1.25044288
  1.46527733 -0.8400898  -0.77954571 -0.84663787 -0.90830653  0.6588597
  1.25044288  1.46527733]
mylog        Mon, 03 Jul 2017 18:01:39 DEBUG    valid: 002001_2011-05-26_[-0.82312945 -0.75387358 -0.85596139 -0.88665067  0.53928706  1.58937583
  1.19095221 -0.82312945 -0.75387358 -0.85596139 -0.88665067  0.53928706
  1.58937583  1.19095221]
mylog        Mon, 03 Jul 2017 18:01:39 DEBUG    valid: 002001_2011-05-25_[-0.88365448 -0.72846688 -0.84081275 -0.86847233  0.54597164  1.58479137
  1.19064343 -0.88365448 -0.72846688 -0.84081275 -0.86847233  0.54597164
  1.58479137  1.19064343]
mylog        Mon, 03 Jul 2017 18:01:39 DEBUG    valid: 002001_2011-05-24_[-0.6525954  -0.81650577 -0.89511166 -0.93901372  0.52118132  1.59467445
  1.18737077 -0.6525954  -0.81650577 -0.89511166 -0.93901372  0.52118132
  1.59467445  1.18737077]
mylog        Mon, 03 Jul 2017 18:01:40 DEBUG    valid: 002001_2011-05-23_[-0.72039194 -0.83238949 -0.87159582 -0.89382001  0.54013129  1.58778234
  1.19028364 -0.72039194 -0.83238949 -0.87159582 -0.89382001  0.54013129
  1.58778234  1.19028364]
mylog        Mon, 03 Jul 2017 18:01:40 DEBUG    invalid: 002001_2011-05-22_None
mylog        Mon, 03 Jul 2017 18:01:40 DEBUG    invalid: 002001_2011-05-21_None
mylog        Mon, 03 Jul 2017 18:01:40 DEBUG    valid: 002001_2011-05-20_[-0.68542884 -0.87452431 -0.87880931 -0.8797419   0.54587951  1.58307902
  1.18954583 -0.68542884 -0.87452431 -0.87880931 -0.8797419   0.54587951
  1.58307902  1.18954583]
mylog        Mon, 03 Jul 2017 18:01:41 DEBUG    valid: 002001_2011-05-19_[-0.73490232 -0.87094547 -0.83929645 -0.82348874  0.55988299  1.76467251
  0.94407748 -0.73490232 -0.87094547 -0.83929645 -0.82348874  0.55988299
  1.76467251  0.94407748]
mylog        Mon, 03 Jul 2017 18:01:44 DEBUG    valid: 002001_2011-05-18_[-0.86175539 -0.83589477 -0.81320407 -0.76851685  0.57602944  1.75223334
  0.95110829 -0.86175539 -0.83589477 -0.81320407 -0.76851685  0.57602944
  1.75223334  0.95110829]
mylog        Mon, 03 Jul 2017 18:01:45 DEBUG    valid: 002001_2011-05-17_[-0.83949063 -0.82102965 -0.84578378 -0.76773933  0.56668429  1.76010554
  0.94725356 -0.83949063 -0.82102965 -0.84578378 -0.76773933  0.56668429
  1.76010554  0.94725356]
mylog        Mon, 03 Jul 2017 18:01:45 DEBUG    valid: 002001_2011-05-16_[-0.90056587 -0.7991941  -0.8275743  -0.74750633  0.57102727  1.75517427
  0.94863908 -0.90056587 -0.7991941  -0.8275743  -0.74750633  0.57102727
  1.75517427  0.94863908]
mylog        Mon, 03 Jul 2017 18:01:45 DEBUG    invalid: 002001_2011-05-15_None
mylog        Mon, 03 Jul 2017 18:01:45 DEBUG    invalid: 002001_2011-05-14_None
mylog        Mon, 03 Jul 2017 18:01:46 DEBUG    valid: 002001_2011-05-13_[-0.88607369 -0.80482398 -0.83985926 -0.74208434  0.56723366  1.75849382
  0.94711378 -0.88607369 -0.80482398 -0.83985926 -0.74208434  0.56723366
  1.75849382  0.94711378]
mylog        Mon, 03 Jul 2017 18:01:46 DEBUG    valid: 002001_2011-05-12_[-0.82709023 -0.82276582 -0.85144484 -0.76018678  0.5508505   1.77894737
  0.93168979 -0.82709023 -0.82276582 -0.85144484 -0.76018678  0.5508505
  1.77894737  0.93168979]
mylog        Mon, 03 Jul 2017 18:01:47 DEBUG    valid: 002001_2011-05-11_[-0.72167841 -0.87747132 -0.87471912 -0.77997582  0.54283724  1.78344974
  0.92755769 -0.72167841 -0.87747132 -0.87471912 -0.77997582  0.54283724
  1.78344974  0.92755769]
mylog        Mon, 03 Jul 2017 18:01:47 DEBUG    valid: 002001_2011-05-10_[-0.81455095 -0.87945212 -0.83751878 -0.73354426  0.55900128  1.77116516
  0.93489967 -0.81455095 -0.87945212 -0.83751878 -0.73354426  0.55900128
  1.77116516  0.93489967]
mylog        Mon, 03 Jul 2017 18:01:47 DEBUG    valid: 002001_2011-05-09_[-0.87766935 -0.86482887 -0.81242941 -0.71169544  0.56356438  1.76646768
  0.93659101 -0.87766935 -0.86482887 -0.81242941 -0.71169544  0.56356438
  1.76646768  0.93659101]
mylog        Mon, 03 Jul 2017 18:01:48 DEBUG    invalid: 002001_2011-05-08_None
mylog        Mon, 03 Jul 2017 18:01:48 DEBUG    invalid: 002001_2011-05-07_None
mylog        Mon, 03 Jul 2017 18:01:48 DEBUG    valid: 002001_2011-05-06_[-0.81101505 -0.90001287 -0.82725658 -0.72316092  0.55462522  1.77404614
  0.93277405 -0.81101505 -0.90001287 -0.82725658 -0.72316092  0.55462522
  1.77404614  0.93277405]
mylog        Mon, 03 Jul 2017 18:01:49 DEBUG    valid: 002001_2011-05-05_[-0.95643066 -0.85492927 -0.80144323 -0.71193726  0.76167819  1.69406766
  0.86899456 -0.95643066 -0.85492927 -0.80144323 -0.71193726  0.76167819
  1.69406766  0.86899456]
mylog        Mon, 03 Jul 2017 18:01:49 DEBUG    valid: 002001_2011-05-04_[-0.95495635 -0.85275018 -0.7930585  -0.72096031  0.75615549  1.70069908
  0.86487077 -0.95495635 -0.85275018 -0.7930585  -0.72096031  0.75615549
  1.70069908  0.86487077]
mylog        Mon, 03 Jul 2017 18:01:49 DEBUG    valid: 002001_2011-05-03_[-0.89882397 -0.87561065 -0.78028064 -0.7640735   0.74637325  1.71460096
  0.85781454 -0.89882397 -0.87561065 -0.78028064 -0.7640735   0.74637325
  1.71460096  0.85781454]
mylog        Mon, 03 Jul 2017 18:01:50 DEBUG    invalid: 002001_2011-05-02_None
mylog        Mon, 03 Jul 2017 18:01:50 DEBUG    invalid: 002001_2011-05-01_None
mylog        Mon, 03 Jul 2017 18:01:50 DEBUG    invalid: 002001_2011-04-30_None
mylog        Mon, 03 Jul 2017 18:01:50 DEBUG    valid: 002001_2011-04-29_[-0.98515432 -0.83784131 -0.75564853 -0.73647794  0.74855843  1.70761908
  0.8589446  -0.98515432 -0.83784131 -0.75564853 -0.73647794  0.74855843
  1.70761908  0.8589446 ]
mylog        Mon, 03 Jul 2017 18:01:51 DEBUG    valid: 002001_2011-04-28_[-0.80031848 -0.90751327 -0.82445837 -0.823529    1.02517449  1.61866733
  0.71197732 -0.80031848 -0.90751327 -0.82445837 -0.823529    1.02517449
  1.61866733  0.71197732]
mylog        Mon, 03 Jul 2017 18:01:51 DEBUG    valid: 002001_2011-04-27_[-0.9338315  -0.86761052 -0.77783847 -0.77779138  1.02732223  1.60982479
  0.71992484 -0.9338315  -0.86761052 -0.77783847 -0.77779138  1.02732223
  1.60982479  0.71992484]
mylog        Mon, 03 Jul 2017 18:01:51 DEBUG    valid: 002001_2011-04-26_[-0.93870563 -0.85058743 -0.79555077 -0.77007103  1.02559544  1.6144996
  0.71481981 -0.93870563 -0.85058743 -0.79555077 -0.77007103  1.02559544
  1.6144996   0.71481981]
mylog        Mon, 03 Jul 2017 18:01:52 DEBUG    valid: 002001_2011-04-25_[-0.91611959 -0.80501801 -0.83254452 -0.79794663  1.02222521  1.62557967
  0.70382388 -0.91611959 -0.80501801 -0.83254452 -0.79794663  1.02222521
  1.62557967  0.70382388]
mylog        Mon, 03 Jul 2017 18:01:52 DEBUG    invalid: 002001_2011-04-24_None
mylog        Mon, 03 Jul 2017 18:01:52 DEBUG    invalid: 002001_2011-04-23_None
mylog        Mon, 03 Jul 2017 18:01:52 DEBUG    valid: 002001_2011-04-22_[-0.95756877 -0.80360536 -0.82193163 -0.76618494  1.02176381  1.62309857
  0.70442832 -0.95756877 -0.80360536 -0.82193163 -0.76618494  1.02176381
  1.62309857  0.70442832]
mylog        Mon, 03 Jul 2017 18:01:53 DEBUG    valid: 002001_2011-04-21_[-0.85607002 -0.81158718 -0.84514292 -0.79965218  1.59232487  1.2063602
  0.51376724 -0.85607002 -0.81158718 -0.84514292 -0.79965218  1.59232487
  1.2063602   0.51376724]
mylog        Mon, 03 Jul 2017 18:01:53 DEBUG    valid: 002001_2011-04-20_[-0.84996693 -0.80338198 -0.85407084 -0.80360087  1.594018    1.20633738
  0.51066524 -0.84996693 -0.80338198 -0.85407084 -0.80360087  1.594018
  1.20633738  0.51066524]
mylog        Mon, 03 Jul 2017 18:01:53 DEBUG    invalid: 002001_2011-04-19_None
mylog        Mon, 03 Jul 2017 18:01:53 DEBUG    valid: 002001_2011-04-18_[-0.6387099  -0.8893206  -0.91390725 -0.84923028  1.60005563  1.20236947
  0.48874292 -0.6387099  -0.8893206  -0.91390725 -0.84923028  1.60005563
  1.20236947  0.48874292]
mylog        Mon, 03 Jul 2017 18:01:54 DEBUG    invalid: 002001_2011-04-17_None
mylog        Mon, 03 Jul 2017 18:01:54 DEBUG    invalid: 002001_2011-04-16_None
mylog        Mon, 03 Jul 2017 18:01:54 DEBUG    valid: 002001_2011-04-15_[-0.90546635 -0.83799207 -0.84452439 -0.72840126  1.58149592  1.20512912
  0.52975902 -0.90546635 -0.83799207 -0.84452439 -0.72840126  1.58149592
  1.20512912  0.52975902]
mylog        Mon, 03 Jul 2017 18:01:54 DEBUG    valid: 002001_2011-04-14_[-0.78146404 -0.82850255 -0.83415831 -0.69829099  1.91226837  0.84536196
  0.38478556 -0.78146404 -0.82850255 -0.83415831 -0.69829099  1.91226837
  0.84536196  0.38478556]
mylog        Mon, 03 Jul 2017 18:01:55 DEBUG    valid: 002001_2011-04-13_[-0.75547116 -0.85096766 -0.85692048 -0.6696307   1.91706599  0.84036445
  0.37555956 -0.75547116 -0.85096766 -0.85692048 -0.6696307   1.91706599
  0.84036445  0.37555956]
mylog        Mon, 03 Jul 2017 18:01:55 DEBUG    valid: 002001_2011-04-12_[-0.90644039 -0.82725408 -0.81184035 -0.59212264  1.90176789  0.84585916
  0.39003039 -0.90644039 -0.82725408 -0.81184035 -0.59212264  1.90176789
  0.84585916  0.39003039]
mylog        Mon, 03 Jul 2017 18:01:56 DEBUG    valid: 002001_2011-04-11_[-0.87519874 -0.84437495 -0.80560849 -0.60257304  1.91444264  0.83882482
  0.37448776 -0.87519874 -0.84437495 -0.80560849 -0.60257304  1.91444264
  0.83882482  0.37448776]
mylog        Mon, 03 Jul 2017 18:01:56 DEBUG    invalid: 002001_2011-04-10_None
mylog        Mon, 03 Jul 2017 18:01:56 DEBUG    invalid: 002001_2011-04-09_None
mylog        Mon, 03 Jul 2017 18:01:56 DEBUG    valid: 002001_2011-04-08_[-0.87652276 -0.88265538 -0.79419544 -0.56577693  1.91531653  0.83508202
  0.36875196 -0.87652276 -0.88265538 -0.79419544 -0.56577693  1.91531653
  0.83508202  0.36875196]
mylog        Mon, 03 Jul 2017 18:01:57 DEBUG    valid: 002001_2011-04-07_[-0.85264487 -0.90159507 -0.78602482 -0.57548786  1.93609416  0.77264626
  0.4070122  -0.85264487 -0.90159507 -0.78602482 -0.57548786  1.93609416
  0.77264626  0.4070122 ]
mylog        Mon, 03 Jul 2017 18:01:57 DEBUG    valid: 002001_2011-04-06_[-0.8795988  -0.91385924 -0.79029005 -0.52072627  1.93505304  0.76808139
  0.40133994 -0.8795988  -0.91385924 -0.79029005 -0.52072627  1.93505304
  0.76808139  0.40133994]
mylog        Mon, 03 Jul 2017 18:01:57 DEBUG    invalid: 002001_2011-04-05_None
mylog        Mon, 03 Jul 2017 18:01:57 DEBUG    invalid: 002001_2011-04-04_None
mylog        Mon, 03 Jul 2017 18:01:57 DEBUG    invalid: 002001_2011-04-03_None
mylog        Mon, 03 Jul 2017 18:01:58 DEBUG    invalid: 002001_2011-04-02_None
mylog        Mon, 03 Jul 2017 18:01:58 DEBUG    valid: 002001_2011-04-01_[-0.8974773  -0.89100503 -0.78744282 -0.52784614  1.9376068   0.7670209
  0.3991436  -0.8974773  -0.89100503 -0.78744282 -0.52784614  1.9376068
  0.7670209   0.3991436 ]
mylog        Mon, 03 Jul 2017 18:01:58 DEBUG    valid: 002001_2011-03-31_[-1.05974846 -0.80359837 -0.74684038 -0.51120168  1.91203483  0.71629996
  0.4930541  -1.05974846 -0.80359837 -0.74684038 -0.51120168  1.91203483
  0.71629996  0.4930541 ]
mylog        Mon, 03 Jul 2017 18:01:59 DEBUG    valid: 002001_2011-03-30_[-0.94058736 -0.81668041 -0.77311362 -0.58308753  1.95143196  0.69802514
  0.46401182 -0.94058736 -0.81668041 -0.77311362 -0.58308753  1.95143196
  0.69802514  0.46401182]
mylog        Mon, 03 Jul 2017 18:01:59 DEBUG    valid: 002001_2011-03-29_[-0.99066245 -0.77579656 -0.71851449 -0.61612964  1.96001534  0.68917774
  0.45191006 -0.99066245 -0.77579656 -0.71851449 -0.61612964  1.96001534
  0.68917774  0.45191006]
mylog        Mon, 03 Jul 2017 18:01:59 DEBUG    valid: 002001_2011-03-28_[-0.90418557 -0.82741241 -0.66980072 -0.68478812  1.98627497  0.67258964
  0.42732222 -0.90418557 -0.82741241 -0.66980072 -0.68478812  1.98627497
  0.67258964  0.42732222]
mylog        Mon, 03 Jul 2017 18:02:00 DEBUG    invalid: 002001_2011-03-27_None
mylog        Mon, 03 Jul 2017 18:02:00 DEBUG    invalid: 002001_2011-03-26_None
mylog        Mon, 03 Jul 2017 18:02:00 DEBUG    valid: 002001_2011-03-25_[-0.75694763 -0.90749577 -0.63587015 -0.76129586  2.00815926  0.65321074
  0.40023941 -0.75694763 -0.90749577 -0.63587015 -0.76129586  2.00815926
  0.65321074  0.40023941]
mylog        Mon, 03 Jul 2017 18:02:00 DEBUG    valid: 002001_2011-03-24_[-0.89440221 -0.90024137 -0.56798813 -0.74037861  1.96630921  0.62501857
  0.51168254 -0.89440221 -0.90024137 -0.56798813 -0.74037861  1.96630921
  0.62501857  0.51168254]
mylog        Mon, 03 Jul 2017 18:02:01 DEBUG    valid: 002001_2011-03-23_[-0.76040691 -0.92775208 -0.54485154 -0.83985319  1.9919037   0.5993153
  0.48164472 -0.76040691 -0.92775208 -0.54485154 -0.83985319  1.9919037
  0.5993153   0.48164472]
mylog        Mon, 03 Jul 2017 18:02:01 DEBUG    valid: 002001_2011-03-22_[-1.04316716 -0.74361395 -0.48829737 -0.8045302   1.95940729  0.61682335
  0.50337804 -1.04316716 -0.74361395 -0.48829737 -0.8045302   1.95940729
  0.61682335  0.50337804]
mylog        Mon, 03 Jul 2017 18:02:01 DEBUG    valid: 002001_2011-03-21_[-1.11595169 -0.58692234 -0.40671189 -0.90168048  1.97062125  0.57911226
  0.46153289 -1.11595169 -0.58692234 -0.40671189 -0.90168048  1.97062125
  0.57911226  0.46153289]
mylog        Mon, 03 Jul 2017 18:02:02 DEBUG    invalid: 002001_2011-03-20_None
mylog        Mon, 03 Jul 2017 18:02:02 DEBUG    invalid: 002001_2011-03-19_None
mylog        Mon, 03 Jul 2017 18:02:02 DEBUG    valid: 002001_2011-03-18_[-1.06817916 -0.42094874 -0.48907739 -0.9929441   1.99259979  0.55021397
  0.42833563 -1.06817916 -0.42094874 -0.48907739 -0.9929441   1.99259979
  0.55021397  0.42833563]
mylog        Mon, 03 Jul 2017 18:02:03 DEBUG    valid: 002001_2011-03-17_[-0.96118851 -0.24056294 -0.5339119  -1.34092844  1.64230984  0.39362039
  1.04066157 -0.96118851 -0.24056294 -0.5339119  -1.34092844  1.64230984
  0.39362039  1.04066157]
mylog        Mon, 03 Jul 2017 18:02:03 DEBUG    valid: 002001_2011-03-16_[-0.19430927 -0.15841979 -0.84727045 -1.62953526  1.60393244  0.2662143
  0.95938803 -0.19430927 -0.15841979 -0.84727045 -1.62953526  1.60393244
  0.2662143   0.95938803]
mylog        Mon, 03 Jul 2017 18:02:03 DEBUG    valid: 002001_2011-03-15_[ 0.3245004  -0.3585703  -0.99296107 -1.62814662  1.50158071  0.25341304
  0.90018384  0.3245004  -0.3585703  -0.99296107 -1.62814662  1.50158071
  0.25341304  0.90018384]
mylog        Mon, 03 Jul 2017 18:02:04 DEBUG    valid: 002001_2011-03-14_[ 0.26959568 -0.16424339 -1.14163348 -1.60564847  1.46173566  0.28529529
  0.89489871  0.26959568 -0.16424339 -1.14163348 -1.60564847  1.46173566
  0.28529529  0.89489871]
mylog        Mon, 03 Jul 2017 18:02:04 DEBUG    invalid: 002001_2011-03-13_None
mylog        Mon, 03 Jul 2017 18:02:04 DEBUG    invalid: 002001_2011-03-12_None
mylog        Mon, 03 Jul 2017 18:02:04 DEBUG    valid: 002001_2011-03-11_[-0.68651383 -0.27224753 -0.96013451 -1.26474674  1.58131652  0.52835262
  1.07397347 -0.68651383 -0.27224753 -0.96013451 -1.26474674  1.58131652
  0.52835262  1.07397347]
mylog        Mon, 03 Jul 2017 18:02:05 DEBUG    valid: 002001_2011-03-10_[ 0.91179937 -0.30019013 -1.07646164 -1.4085334   0.10920381  0.05514563
  1.70903636  0.91179937 -0.30019013 -1.07646164 -1.4085334   0.10920381
  0.05514563  1.70903636]
mylog        Mon, 03 Jul 2017 18:02:05 DEBUG    valid: 002001_2011-03-09_[-0.26555425 -0.45895037 -0.9741782  -1.16736001  0.45442385  0.40186956
  2.00974942 -0.26555425 -0.45895037 -0.9741782  -1.16736001  0.45442385
  0.40186956  2.00974942]
mylog        Mon, 03 Jul 2017 18:02:05 DEBUG    valid: 002001_2011-03-08_[ 1.4867819  -0.74379952 -1.07020592 -1.17319646  0.11942572  0.07948318
  1.3015111   1.4867819  -0.74379952 -1.07020592 -1.17319646  0.11942572
  0.07948318  1.3015111 ]
mylog        Mon, 03 Jul 2017 18:02:06 DEBUG    valid: 002001_2011-03-07_[-0.67169123 -0.82549284 -0.85064564 -0.84122094  0.66643549  0.62482825
  1.89778691 -0.67169123 -0.82549284 -0.85064564 -0.84122094  0.66643549
  0.62482825  1.89778691]
mylog        Mon, 03 Jul 2017 18:02:06 DEBUG    invalid: 002001_2011-03-06_None
mylog        Mon, 03 Jul 2017 18:02:06 DEBUG    invalid: 002001_2011-03-05_None
mylog        Mon, 03 Jul 2017 18:02:07 DEBUG    valid: 002001_2011-03-04_[-0.93804179 -0.7549356  -0.75309311 -0.76735684  0.69279809  0.65310419
  1.86752505 -0.93804179 -0.7549356  -0.75309311 -0.76735684  0.69279809
  0.65310419  1.86752505]
mylog        Mon, 03 Jul 2017 18:02:07 DEBUG    valid: 002001_2011-03-03_[-0.71033011 -0.79853023 -0.7710449  -0.81524791  0.4671826   0.63307889
  1.99489166 -0.71033011 -0.79853023 -0.7710449  -0.81524791  0.4671826
  0.63307889  1.99489166]
mylog        Mon, 03 Jul 2017 18:02:07 DEBUG    valid: 002001_2011-03-02_[-0.73020384 -0.8188364  -0.72555868 -0.82318995  0.47044635  0.63564172
  1.99170079 -0.73020384 -0.8188364  -0.72555868 -0.82318995  0.47044635
  0.63564172  1.99170079]
mylog        Mon, 03 Jul 2017 18:02:08 DEBUG    valid: 002001_2011-03-01_[-0.78104092 -0.82030993 -0.70475773 -0.80567873  0.48527816  0.64748622
  1.97902293 -0.78104092 -0.82030993 -0.70475773 -0.80567873  0.48527816
  0.64748622  1.97902293]
mylog        Mon, 03 Jul 2017 18:02:08 DEBUG    valid: 002001_2011-02-28_[-0.73375488 -0.80956034 -0.71338552 -0.84496575  0.47516132  0.63935097
  1.98715421 -0.73375488 -0.80956034 -0.71338552 -0.84496575  0.47516132
  0.63935097  1.98715421]
mylog        Mon, 03 Jul 2017 18:02:08 DEBUG    invalid: 002001_2011-02-27_None
mylog        Mon, 03 Jul 2017 18:02:08 DEBUG    invalid: 002001_2011-02-26_None
mylog        Mon, 03 Jul 2017 18:02:09 DEBUG    valid: 002001_2011-02-25_[-0.89365853 -0.73924446 -0.66264951 -0.8169561   0.49055207  0.65128097
  1.97067556 -0.89365853 -0.73924446 -0.66264951 -0.8169561   0.49055207
  0.65128097  1.97067556]
mylog        Mon, 03 Jul 2017 18:02:09 DEBUG    valid: 002001_2011-02-24_[-0.82054259 -0.70486286 -0.67198702 -0.85006178  0.32206281  0.71535388
  2.01003756 -0.82054259 -0.70486286 -0.67198702 -0.85006178  0.32206281
  0.71535388  2.01003756]
mylog        Mon, 03 Jul 2017 18:02:09 DEBUG    valid: 002001_2011-02-23_[-0.90457425 -0.59483109 -0.68205424 -0.85766554  0.3218872   0.71370389
  2.00353403 -0.90457425 -0.59483109 -0.68205424 -0.85766554  0.3218872
  0.71370389  2.00353403]
mylog        Mon, 03 Jul 2017 18:02:10 DEBUG    valid: 002001_2011-02-22_[-0.66067411 -0.64981279 -0.76711293 -0.93430523  0.28919476  0.69440115
  2.02830914 -0.66067411 -0.64981279 -0.76711293 -0.93430523  0.28919476
  0.69440115  2.02830914]
mylog        Mon, 03 Jul 2017 18:02:10 DEBUG    valid: 002001_2011-02-21_[-0.61755744 -0.6450178  -0.80384404 -0.94599898  0.29356483  0.6963908
  2.02246263 -0.61755744 -0.6450178  -0.80384404 -0.94599898  0.29356483
  0.6963908   2.02246263]
mylog        Mon, 03 Jul 2017 18:02:10 DEBUG    invalid: 002001_2011-02-20_None
mylog        Mon, 03 Jul 2017 18:02:11 DEBUG    invalid: 002001_2011-02-19_None
mylog        Mon, 03 Jul 2017 18:02:11 DEBUG    valid: 002001_2011-02-18_[-0.65015923 -0.62456565 -0.82291194 -0.92971431  0.30857791  0.70571476
  2.01305845 -0.65015923 -0.62456565 -0.82291194 -0.92971431  0.30857791
  0.70571476  2.01305845]
mylog        Mon, 03 Jul 2017 18:02:11 DEBUG    valid: 002001_2011-02-17_[-0.30676814 -0.68954096 -0.89103194 -0.99253445  0.21732723  0.60341724
  2.05913102 -0.30676814 -0.68954096 -0.89103194 -0.99253445  0.21732723
  0.60341724  2.05913102]
mylog        Mon, 03 Jul 2017 18:02:12 DEBUG    valid: 002001_2011-02-16_[-0.75195781 -0.65910391 -0.78458997 -0.83366132  0.31938627  0.67831359
  2.03161314 -0.75195781 -0.65910391 -0.78458997 -0.83366132  0.31938627
  0.67831359  2.03161314]
mylog        Mon, 03 Jul 2017 18:02:12 DEBUG    valid: 002001_2011-02-15_[-0.54277366 -0.74003993 -0.85047528 -0.86693124  0.29881658  0.66339623
  2.0380073  -0.54277366 -0.74003993 -0.85047528 -0.86693124  0.29881658
  0.66339623  2.0380073 ]
mylog        Mon, 03 Jul 2017 18:02:12 DEBUG    valid: 002001_2011-02-14_[-0.49704908 -0.79819011 -0.86378116 -0.84973658  0.31264672  0.67151556
  2.02459465 -0.49704908 -0.79819011 -0.86378116 -0.84973658  0.31264672
  0.67151556  2.02459465]
mylog        Mon, 03 Jul 2017 18:02:12 DEBUG    invalid: 002001_2011-02-13_None
mylog        Mon, 03 Jul 2017 18:02:13 DEBUG    invalid: 002001_2011-02-12_None
mylog        Mon, 03 Jul 2017 18:02:13 DEBUG    valid: 002001_2011-02-11_[-0.63977363 -0.81826408 -0.83580917 -0.76039153  0.34827115  0.6965009
  2.00946636 -0.63977363 -0.81826408 -0.83580917 -0.76039153  0.34827115
  0.6965009   2.00946636]
mylog        Mon, 03 Jul 2017 18:02:13 DEBUG    valid: 002001_2011-02-10_[-0.78729984 -0.83628491 -0.85303259 -0.7428828   0.5213977   0.85432243
  1.84378    -0.78729984 -0.83628491 -0.85303259 -0.7428828   0.5213977
  0.85432243  1.84378   ]
mylog        Mon, 03 Jul 2017 18:02:14 DEBUG    valid: 002001_2011-02-09_[-0.87237216 -0.81527053 -0.83031095 -0.70736107  0.53192062  0.85966552
  1.83372857 -0.87237216 -0.81527053 -0.83031095 -0.70736107  0.53192062
  0.85966552  1.83372857]
mylog        Mon, 03 Jul 2017 18:02:14 DEBUG    invalid: 002001_2011-02-08_None
mylog        Mon, 03 Jul 2017 18:02:14 DEBUG    invalid: 002001_2011-02-07_None
mylog        Mon, 03 Jul 2017 18:02:14 DEBUG    invalid: 002001_2011-02-06_None
mylog        Mon, 03 Jul 2017 18:02:14 DEBUG    invalid: 002001_2011-02-05_None
mylog        Mon, 03 Jul 2017 18:02:15 DEBUG    invalid: 002001_2011-02-04_None
mylog        Mon, 03 Jul 2017 18:02:15 DEBUG    invalid: 002001_2011-02-03_None
mylog        Mon, 03 Jul 2017 18:02:15 DEBUG    invalid: 002001_2011-02-02_None
mylog        Mon, 03 Jul 2017 18:02:15 DEBUG    valid: 002001_2011-02-01_[-0.85887582 -0.83195835 -0.82773154 -0.70527226  0.52957183  0.85843693
  1.83582921 -0.85887582 -0.83195835 -0.82773154 -0.70527226  0.52957183
  0.85843693  1.83582921]
mylog        Mon, 03 Jul 2017 18:02:16 DEBUG    valid: 002001_2011-01-31_[-0.87488392 -0.85453671 -0.84829367 -0.72754436  0.62525747  0.97035749
  1.70964371 -0.87488392 -0.85453671 -0.84829367 -0.72754436  0.62525747
  0.97035749  1.70964371]
mylog        Mon, 03 Jul 2017 18:02:16 DEBUG    invalid: 002001_2011-01-30_None
mylog        Mon, 03 Jul 2017 18:02:16 DEBUG    invalid: 002001_2011-01-29_None
mylog        Mon, 03 Jul 2017 18:02:16 DEBUG    valid: 002001_2011-01-28_[-0.77005193 -0.89222613 -0.87442625 -0.76205217  0.6136744   0.96559369
  1.71948839 -0.77005193 -0.89222613 -0.87442625 -0.76205217  0.6136744
  0.96559369  1.71948839]
mylog        Mon, 03 Jul 2017 18:02:17 DEBUG    valid: 002001_2011-01-27_[-0.85776835 -0.88197194 -0.85460401 -0.75343228  0.64259697  1.11132071
  1.59385889 -0.85776835 -0.88197194 -0.85460401 -0.75343228  0.64259697
  1.11132071  1.59385889]
mylog        Mon, 03 Jul 2017 18:02:17 DEBUG    valid: 002001_2011-01-26_[-0.93173448 -0.86723688 -0.82044617 -0.72768081  0.64748105  1.11114435
  1.58847295 -0.93173448 -0.86723688 -0.82044617 -0.72768081  0.64748105
  1.11114435  1.58847295]
mylog        Mon, 03 Jul 2017 18:02:17 DEBUG    valid: 002001_2011-01-25_[-0.90882525 -0.8703811  -0.81795118 -0.74872122  0.64053888  1.11067423
  1.59466564 -0.90882525 -0.8703811  -0.81795118 -0.74872122  0.64053888
  1.11067423  1.59466564]
mylog        Mon, 03 Jul 2017 18:02:18 DEBUG    valid: 002001_2011-01-24_[-0.89549997 -0.87903846 -0.81707353 -0.75342162  0.63757547  1.11036642
  1.59709168 -0.89549997 -0.87903846 -0.81707353 -0.75342162  0.63757547
  1.11036642  1.59709168]
mylog        Mon, 03 Jul 2017 18:02:18 DEBUG    invalid: 002001_2011-01-23_None
mylog        Mon, 03 Jul 2017 18:02:18 DEBUG    invalid: 002001_2011-01-22_None
mylog        Mon, 03 Jul 2017 18:02:18 DEBUG    valid: 002001_2011-01-21_[-0.87515942 -0.89398117 -0.78832577 -0.78369192  0.62715037  1.10898581
  1.60502211 -0.87515942 -0.89398117 -0.78832577 -0.78369192  0.62715037
  1.10898581  1.60502211]
mylog        Mon, 03 Jul 2017 18:02:19 DEBUG    valid: 002001_2011-01-20_[-0.94589841 -0.8853995  -0.74656728 -0.79727317  0.6693664   1.25367824
  1.45209373 -0.94589841 -0.8853995  -0.74656728 -0.79727317  0.6693664
  1.25367824  1.45209373]
mylog        Mon, 03 Jul 2017 18:02:19 DEBUG    valid: 002001_2011-01-19_[-0.91747127 -0.8834083  -0.75793877 -0.81600323  0.66251314  1.25547741
  1.45683101 -0.91747127 -0.8834083  -0.75793877 -0.81600323  0.66251314
  1.25547741  1.45683101]
mylog        Mon, 03 Jul 2017 18:02:20 DEBUG    valid: 002001_2011-01-18_[-0.9690106  -0.84565595 -0.74745304 -0.81037014  0.66293108  1.25436274
  1.45519591 -0.9690106  -0.84565595 -0.74745304 -0.81037014  0.66293108
  1.25436274  1.45519591]
mylog        Mon, 03 Jul 2017 18:02:20 DEBUG    valid: 002001_2011-01-17_[-0.8897551  -0.87011834 -0.77508238 -0.83822099  0.65252962  1.25759261
  1.46305459 -0.8897551  -0.87011834 -0.77508238 -0.83822099  0.65252962
  1.25759261  1.46305459]
mylog        Mon, 03 Jul 2017 18:02:20 DEBUG    invalid: 002001_2011-01-16_None
mylog        Mon, 03 Jul 2017 18:02:20 DEBUG    invalid: 002001_2011-01-15_None
mylog        Mon, 03 Jul 2017 18:02:21 DEBUG    valid: 002001_2011-01-14_[-0.92175523 -0.78546596 -0.80120848 -0.86191237  0.64689594  1.25797126
  1.46547484 -0.92175523 -0.78546596 -0.80120848 -0.86191237  0.64689594
  1.25797126  1.46547484]
mylog        Mon, 03 Jul 2017 18:02:21 DEBUG    valid: 002001_2011-01-13_[-0.89718993 -0.70775768 -0.82497611 -0.87685137  0.47013461  1.40445947
  1.432181   -0.89718993 -0.70775768 -0.82497611 -0.87685137  0.47013461
  1.40445947  1.432181  ]
mylog        Mon, 03 Jul 2017 18:02:22 DEBUG    valid: 002001_2011-01-12_[-0.84754854 -0.72489031 -0.84586553 -0.88716834  0.46349436  1.40699233
  1.43498603 -0.84754854 -0.72489031 -0.84586553 -0.88716834  0.46349436
  1.40699233  1.43498603]
mylog        Mon, 03 Jul 2017 18:02:22 DEBUG    valid: 002001_2011-01-11_[-0.93111622 -0.70772674 -0.82451367 -0.84571888  0.47761194  1.40201816
  1.4294454  -0.93111622 -0.70772674 -0.82451367 -0.84571888  0.47761194
  1.40201816  1.4294454 ]
mylog        Mon, 03 Jul 2017 18:02:22 DEBUG    valid: 002001_2011-01-10_[-0.49522376 -0.82640277 -0.96070536 -0.97491262  0.42170441  1.40320937
  1.43233074 -0.49522376 -0.82640277 -0.96070536 -0.97491262  0.42170441
  1.40320937  1.43233074]
mylog        Mon, 03 Jul 2017 18:02:23 DEBUG    invalid: 002001_2011-01-09_None
mylog        Mon, 03 Jul 2017 18:02:23 DEBUG    invalid: 002001_2011-01-08_None
mylog        Mon, 03 Jul 2017 18:02:23 DEBUG    valid: 002001_2011-01-07_[-0.49854759 -0.88468746 -0.94714232 -0.94008991  0.44609925  1.39806159
  1.42630643 -0.49854759 -0.88468746 -0.94714232 -0.94008991  0.44609925
  1.39806159  1.42630643]
mylog        Mon, 03 Jul 2017 18:02:24 DEBUG    valid: 002001_2011-01-06_[-0.79868465 -0.84123553 -0.85543388 -0.82159888  0.52861139  1.59514275
  1.19319881 -0.79868465 -0.84123553 -0.85543388 -0.82159888  0.52861139
  1.59514275  1.19319881]
mylog        Mon, 03 Jul 2017 18:02:24 DEBUG    valid: 002001_2011-01-05_[-0.82627276 -0.83638118 -0.84426291 -0.81155152  0.5314291   1.59368618
  1.19335309 -0.82627276 -0.83638118 -0.84426291 -0.81155152  0.5314291
  1.59368618  1.19335309]
mylog        Mon, 03 Jul 2017 18:02:24 DEBUG    valid: 002001_2011-01-04_[-0.80213454 -0.85272427 -0.84882779 -0.8142567   0.53088659  1.59382289
  1.19323382 -0.80213454 -0.85272427 -0.84882779 -0.8142567   0.53088659
  1.59382289  1.19323382]
mylog        Mon, 03 Jul 2017 18:02:24 DEBUG    invalid: 002001_2011-01-03_None
mylog        Mon, 03 Jul 2017 18:02:25 DEBUG    invalid: 002001_2011-01-02_None
mylog        Mon, 03 Jul 2017 18:02:25 DEBUG    invalid: 002001_2011-01-01_None
mylog        Mon, 03 Jul 2017 18:02:25 DEBUG    valid: 002001_2010-12-31_[-0.85994286 -0.84394179 -0.81702266 -0.7993916   0.53639288  1.59060329
  1.19330275 -0.85994286 -0.84394179 -0.81702266 -0.7993916   0.53639288
  1.59060329  1.19330275]
mylog        Mon, 03 Jul 2017 18:02:26 DEBUG    valid: 002001_2010-12-30_[-0.85487422 -0.83292214 -0.82027886 -0.80324116  0.60172985  1.68973253
  1.019854   -0.85487422 -0.83292214 -0.82027886 -0.80324116  0.60172985
  1.68973253  1.019854  ]
mylog        Mon, 03 Jul 2017 18:02:26 DEBUG    valid: 002001_2010-12-29_[-0.81244122 -0.86008455 -0.82472709 -0.81184764  0.59748858  1.69308202
  1.0185299  -0.81244122 -0.86008455 -0.82472709 -0.81184764  0.59748858
  1.69308202  1.0185299 ]
mylog        Mon, 03 Jul 2017 18:02:26 DEBUG    valid: 002001_2010-12-28_[-0.88045719 -0.83731145 -0.79499904 -0.79776881  0.60164052  1.68927341
  1.01962256 -0.88045719 -0.83731145 -0.79499904 -0.79776881  0.60164052
  1.68927341  1.01962256]
mylog        Mon, 03 Jul 2017 18:02:27 DEBUG    valid: 002001_2010-12-27_[-0.85243092 -0.85426881 -0.80448033 -0.79605539  0.59443788  1.69529538
  1.0175022  -0.85243092 -0.85426881 -0.80448033 -0.79605539  0.59443788
  1.69529538  1.0175022 ]
mylog        Mon, 03 Jul 2017 18:02:27 DEBUG    invalid: 002001_2010-12-26_None
mylog        Mon, 03 Jul 2017 18:02:27 DEBUG    invalid: 002001_2010-12-25_None
mylog        Mon, 03 Jul 2017 18:02:28 DEBUG    valid: 002001_2010-12-24_[-0.84936619 -0.8431425  -0.81534183 -0.79594862  0.58745754  1.70096016
  1.01538143 -0.84936619 -0.8431425  -0.81534183 -0.79594862  0.58745754
  1.70096016  1.01538143]
mylog        Mon, 03 Jul 2017 18:02:28 DEBUG    valid: 002001_2010-12-23_[-0.94317655 -0.83679583 -0.80737407 -0.77850521  0.80935284  1.61690288
  0.93959594 -0.94317655 -0.83679583 -0.80737407 -0.77850521  0.80935284
  1.61690288  0.93959594]
mylog        Mon, 03 Jul 2017 18:02:28 DEBUG    valid: 002001_2010-12-22_[-0.84008766 -0.85700292 -0.85501774 -0.8122919   0.80069672  1.62935871
  0.93434479 -0.84008766 -0.85700292 -0.85501774 -0.8122919   0.80069672
  1.62935871  0.93434479]
mylog        Mon, 03 Jul 2017 18:02:29 DEBUG    valid: 002001_2010-12-21_[-0.90941857 -0.82219871 -0.84138538 -0.79112956  0.80271802  1.6259275
  0.9354867  -0.90941857 -0.82219871 -0.84138538 -0.79112956  0.80271802
  1.6259275   0.9354867 ]
mylog        Mon, 03 Jul 2017 18:02:29 DEBUG    valid: 002001_2010-12-20_[-0.7796921  -0.85278673 -0.8933894  -0.83325078  0.79279845  1.63731671
  0.92900385 -0.7796921  -0.85278673 -0.8933894  -0.83325078  0.79279845
  1.63731671  0.92900385]
mylog        Mon, 03 Jul 2017 18:02:29 DEBUG    invalid: 002001_2010-12-19_None
mylog        Mon, 03 Jul 2017 18:02:30 DEBUG    invalid: 002001_2010-12-18_None
mylog        Mon, 03 Jul 2017 18:02:30 DEBUG    valid: 002001_2010-12-17_[-0.92356638 -0.80876738 -0.85435764 -0.77653437  0.80286941  1.62490723
  0.93544913 -0.92356638 -0.80876738 -0.85435764 -0.77653437  0.80286941
  1.62490723  0.93544913]
mylog        Mon, 03 Jul 2017 18:02:30 DEBUG    valid: 002001_2010-12-16_[-0.86657643 -0.85460577 -0.89349017 -0.80895381  1.09072936  1.4448986
  0.88799822 -0.86657643 -0.85460577 -0.89349017 -0.80895381  1.09072936
  1.4448986   0.88799822]
mylog        Mon, 03 Jul 2017 18:02:31 DEBUG    valid: 002001_2010-12-15_[-0.77816855 -0.90094085 -0.9142262  -0.82732717  1.08922367  1.44702648
  0.88441262 -0.77816855 -0.90094085 -0.9142262  -0.82732717  1.08922367
  1.44702648  0.88441262]
mylog        Mon, 03 Jul 2017 18:02:31 DEBUG    valid: 002001_2010-12-14_[-0.83776311 -0.89266537 -0.90083385 -0.79161498  1.09065615  1.44358764
  0.88863351 -0.83776311 -0.89266537 -0.90083385 -0.79161498  1.09065615
  1.44358764  0.88863351]
mylog        Mon, 03 Jul 2017 18:02:32 DEBUG    valid: 002001_2010-12-13_[-0.82890716 -0.92984483 -0.88244859 -0.77981025  1.08962213  1.4454433
  0.8859454  -0.82890716 -0.92984483 -0.88244859 -0.77981025  1.08962213
  1.4454433   0.8859454 ]
mylog        Mon, 03 Jul 2017 18:02:32 DEBUG    invalid: 002001_2010-12-12_None
mylog        Mon, 03 Jul 2017 18:02:32 DEBUG    invalid: 002001_2010-12-11_None
mylog        Mon, 03 Jul 2017 18:02:32 DEBUG    valid: 002001_2010-12-10_[-0.95783388 -0.9142965  -0.81452723 -0.73122034  1.08951328  1.43877127
  0.8895934  -0.95783388 -0.9142965  -0.81452723 -0.73122034  1.08951328
  1.43877127  0.8895934 ]
mylog        Mon, 03 Jul 2017 18:02:33 DEBUG    valid: 002001_2010-12-09_[-0.96960959 -0.91592607 -0.81617223 -0.71869225  1.31074874  1.27266075
  0.83699065 -0.96960959 -0.91592607 -0.81617223 -0.71869225  1.31074874
  1.27266075  0.83699065]
mylog        Mon, 03 Jul 2017 18:02:33 DEBUG    valid: 002001_2010-12-08_[-0.90149413 -0.94597462 -0.84130948 -0.73253223  1.31571542  1.27658642
  0.82900862 -0.90149413 -0.94597462 -0.84130948 -0.73253223  1.31571542
  1.27658642  0.82900862]
mylog        Mon, 03 Jul 2017 18:02:33 DEBUG    valid: 002001_2010-12-07_[-0.96878355 -0.94242806 -0.81305478 -0.69171608  1.31265612  1.27381359
  0.82951276 -0.96878355 -0.94242806 -0.81305478 -0.69171608  1.31265612
  1.27381359  0.82951276]
mylog        Mon, 03 Jul 2017 18:02:34 DEBUG    valid: 002001_2010-12-06_[-0.99003066 -0.88957171 -0.82974531 -0.70716211  1.31581646  1.27630767
  0.82438567 -0.99003066 -0.88957171 -0.82974531 -0.70716211  1.31581646
  1.27630767  0.82438567]
mylog        Mon, 03 Jul 2017 18:02:34 DEBUG    invalid: 002001_2010-12-05_None
mylog        Mon, 03 Jul 2017 18:02:34 DEBUG    invalid: 002001_2010-12-04_None
mylog        Mon, 03 Jul 2017 18:02:34 DEBUG    valid: 002001_2010-12-03_[-1.02890235 -0.83014222 -0.83210296 -0.72271196  1.31705931  1.27707585
  0.81972433 -1.02890235 -0.83014222 -0.83210296 -0.72271196  1.31705931
  1.27707585  0.81972433]
mylog        Mon, 03 Jul 2017 18:02:35 DEBUG    valid: 002001_2010-12-02_[-0.93936924 -0.81610894 -0.8206182  -0.72808295  1.70898762  0.96354114
  0.63165056 -0.93936924 -0.81610894 -0.8206182  -0.72808295  1.70898762
  0.96354114  0.63165056]
mylog        Mon, 03 Jul 2017 18:02:35 DEBUG    valid: 002001_2010-12-01_[-0.98723049 -0.78518857 -0.81439687 -0.71334942  1.70642545  0.96248089
  0.631259   -0.98723049 -0.78518857 -0.81439687 -0.71334942  1.70642545
  0.96248089  0.631259  ]
mylog        Mon, 03 Jul 2017 18:02:35 DEBUG    valid: 002001_2010-11-30_[-0.71310471 -0.86304801 -0.90467787 -0.80479346  1.73830162  0.94930196
  0.59802047 -0.71310471 -0.86304801 -0.90467787 -0.80479346  1.73830162
  0.94930196  0.59802047]
mylog        Mon, 03 Jul 2017 18:02:36 DEBUG    valid: 002001_2010-11-29_[-0.7132168  -0.9080562  -0.87554952 -0.78976455  1.73570998  0.95028379
  0.60059329 -0.7132168  -0.9080562  -0.87554952 -0.78976455  1.73570998
  0.95028379  0.60059329]
mylog        Mon, 03 Jul 2017 18:02:36 DEBUG    invalid: 002001_2010-11-28_None
mylog        Mon, 03 Jul 2017 18:02:36 DEBUG    invalid: 002001_2010-11-27_None
mylog        Mon, 03 Jul 2017 18:02:36 DEBUG    valid: 002001_2010-11-26_[-0.94901524 -0.85687082 -0.79122142 -0.7015286   1.71267158  0.96043835
  0.62552615 -0.94901524 -0.85687082 -0.79122142 -0.7015286   1.71267158
  0.96043835  0.62552615]
mylog        Mon, 03 Jul 2017 18:02:37 DEBUG    valid: 002001_2010-11-25_[-0.83145981 -0.85757177 -0.76333249 -0.70245518  1.91871222  0.77881511
  0.45729192 -0.83145981 -0.85757177 -0.76333249 -0.70245518  1.91871222
  0.77881511  0.45729192]
mylog        Mon, 03 Jul 2017 18:02:37 DEBUG    valid: 002001_2010-11-24_[-0.84042082 -0.88772574 -0.73342506 -0.68736282  1.9206001   0.77564246
  0.45269188 -0.84042082 -0.88772574 -0.73342506 -0.68736282  1.9206001
  0.77564246  0.45269188]
mylog        Mon, 03 Jul 2017 18:02:37 DEBUG    valid: 002001_2010-11-23_[-0.90684061 -0.87232257 -0.69803685 -0.66661103  1.91909666  0.77387038
  0.45084403 -0.90684061 -0.87232257 -0.69803685 -0.66661103  1.91909666
  0.77387038  0.45084403]
mylog        Mon, 03 Jul 2017 18:02:38 DEBUG    valid: 002001_2010-11-22_[-0.89826949 -0.83821756 -0.73161222 -0.66254969  1.93593976  0.76280391
  0.43190529 -0.89826949 -0.83821756 -0.73161222 -0.66254969  1.93593976
  0.76280391  0.43190529]
mylog        Mon, 03 Jul 2017 18:02:38 DEBUG    invalid: 002001_2010-11-21_None
mylog        Mon, 03 Jul 2017 18:02:38 DEBUG    invalid: 002001_2010-11-20_None
mylog        Mon, 03 Jul 2017 18:02:38 DEBUG    valid: 002001_2010-11-19_[-0.95659149 -0.8034446  -0.73335722 -0.63349884  1.93176731  0.76247033
  0.43265452 -0.95659149 -0.8034446  -0.73335722 -0.63349884  1.93176731
  0.76247033  0.43265452]
mylog        Mon, 03 Jul 2017 18:02:39 DEBUG    valid: 002001_2010-11-18_[-1.02172054 -0.7365769  -0.74950017 -0.58997095  1.94212497  0.75687475
  0.39876884 -1.02172054 -0.7365769  -0.74950017 -0.58997095  1.94212497
  0.75687475  0.39876884]
mylog        Mon, 03 Jul 2017 18:02:39 DEBUG    valid: 002001_2010-11-17_[-0.90963862 -0.71178222 -0.81630833 -0.64093332  1.97811371  0.73766591
  0.36288287 -0.90963862 -0.71178222 -0.81630833 -0.64093332  1.97811371
  0.73766591  0.36288287]
mylog        Mon, 03 Jul 2017 18:02:40 DEBUG    valid: 002001_2010-11-16_[-0.69350708 -0.7330993  -0.89406389 -0.72565057  2.01061988  0.71376351
  0.32193745 -0.69350708 -0.7330993  -0.89406389 -0.72565057  2.01061988
  0.71376351  0.32193745]
mylog        Mon, 03 Jul 2017 18:02:40 DEBUG    valid: 002001_2010-11-15_[-0.8618316  -0.72349442 -0.8205789  -0.6725546   1.98460649  0.73560954
  0.3582435  -0.8618316  -0.72349442 -0.8205789  -0.6725546   1.98460649
  0.73560954  0.3582435 ]
mylog        Mon, 03 Jul 2017 18:02:40 DEBUG    invalid: 002001_2010-11-14_None
mylog        Mon, 03 Jul 2017 18:02:40 DEBUG    invalid: 002001_2010-11-13_None
mylog        Mon, 03 Jul 2017 18:02:41 DEBUG    valid: 002001_2010-11-12_[-0.68422419 -0.81026145 -0.84742226 -0.72248742  1.99822172  0.72537304
  0.34080055 -0.68422419 -0.81026145 -0.84742226 -0.72248742  1.99822172
  0.72537304  0.34080055]
mylog        Mon, 03 Jul 2017 18:02:41 DEBUG    valid: 002001_2010-11-11_[-0.57552719 -0.9470597  -0.87364339 -0.7521788   1.88308819  0.85206998
  0.41325091 -0.57552719 -0.9470597  -0.87364339 -0.7521788   1.88308819
  0.85206998  0.41325091]
mylog        Mon, 03 Jul 2017 18:02:41 DEBUG    invalid: 002001_2010-11-10_None
mylog        Mon, 03 Jul 2017 18:02:41 DEBUG    valid: 002001_2010-11-09_[-0.57908014 -0.99688591 -0.82652315 -0.7528741   1.87193335  0.85757842
  0.42585154 -0.57908014 -0.99688591 -0.82652315 -0.7528741   1.87193335
  0.85757842  0.42585154]
mylog        Mon, 03 Jul 2017 18:02:42 DEBUG    valid: 002001_2010-11-08_[-0.89507626 -0.9183264  -0.70658694 -0.67638338  1.84399381  0.88110137
  0.4712778  -0.89507626 -0.9183264  -0.70658694 -0.67638338  1.84399381
  0.88110137  0.4712778 ]
mylog        Mon, 03 Jul 2017 18:02:42 DEBUG    invalid: 002001_2010-11-07_None
mylog        Mon, 03 Jul 2017 18:02:42 DEBUG    invalid: 002001_2010-11-06_None
mylog        Mon, 03 Jul 2017 18:02:42 DEBUG    valid: 002001_2010-11-05_[-1.06308549 -0.85196902 -0.58712931 -0.67510538  1.83184896  0.87610966
  0.46933058 -1.06308549 -0.85196902 -0.58712931 -0.67510538  1.83184896
  0.87610966  0.46933058]
mylog        Mon, 03 Jul 2017 18:02:43 DEBUG    valid: 002001_2010-11-04_[-1.18882364 -0.80928254 -0.50653801 -0.70731826  1.72013337  0.97311978
  0.5187093  -1.18882364 -0.80928254 -0.50653801 -0.70731826  1.72013337
  0.97311978  0.5187093 ]
mylog        Mon, 03 Jul 2017 18:02:43 DEBUG    valid: 002001_2010-11-03_[-1.05606627 -0.81172914 -0.46646218 -0.86420521  1.76467736  0.96125483
  0.47253062 -1.05606627 -0.81172914 -0.46646218 -0.86420521  1.76467736
  0.96125483  0.47253062]
mylog        Mon, 03 Jul 2017 18:02:44 DEBUG    valid: 002001_2010-11-02_[-0.93195975 -0.7678568  -0.48617189 -0.99608056  1.79395572  0.95057276
  0.43754051 -0.93195975 -0.7678568  -0.48617189 -0.99608056  1.79395572
  0.95057276  0.43754051]
mylog        Mon, 03 Jul 2017 18:02:44 DEBUG    valid: 002001_2010-11-01_[-0.86022968 -0.71280906 -0.53026246 -1.07110681  1.80164224  0.9464813
  0.42628448 -0.86022968 -0.71280906 -0.53026246 -1.07110681  1.80164224
  0.9464813   0.42628448]
mylog        Mon, 03 Jul 2017 18:02:44 DEBUG    invalid: 002001_2010-10-31_None
mylog        Mon, 03 Jul 2017 18:02:44 DEBUG    invalid: 002001_2010-10-30_None
mylog        Mon, 03 Jul 2017 18:02:45 DEBUG    valid: 002001_2010-10-29_[-0.92868544 -0.49333879 -0.59778194 -1.12699679  1.7929803   0.93719856
  0.4166241  -0.92868544 -0.49333879 -0.59778194 -1.12699679  1.7929803
  0.93719856  0.4166241 ]
mylog        Mon, 03 Jul 2017 18:02:45 DEBUG    valid: 002001_2010-10-28_[-0.82354035 -0.17488961 -0.61806423 -1.5418836   1.17007782  1.2991385
  0.68916146 -0.82354035 -0.17488961 -0.61806423 -1.5418836   1.17007782
  1.2991385   0.68916146]
mylog        Mon, 03 Jul 2017 18:02:45 DEBUG    valid: 002001_2010-10-27_[-0.41112728  0.08404403 -0.8632053  -1.73551961  1.09442337  1.22554042
  0.60584438 -0.41112728  0.08404403 -0.8632053  -1.73551961  1.09442337
  1.22554042  0.60584438]
mylog        Mon, 03 Jul 2017 18:02:46 DEBUG    valid: 002001_2010-10-26_[-0.44646826  0.10848017 -0.92762523 -1.68438705  1.09591219  1.21979385
  0.63429433 -0.44646826  0.10848017 -0.92762523 -1.68438705  1.09591219
  1.21979385  0.63429433]
mylog        Mon, 03 Jul 2017 18:02:47 DEBUG    valid: 002001_2010-10-25_[ 0.78548141 -0.22573531 -1.13357012 -1.75449924  0.87987796  0.99406671
  0.45437859  0.78548141 -0.22573531 -1.13357012 -1.75449924  0.87987796
  0.99406671  0.45437859]
mylog        Mon, 03 Jul 2017 18:02:47 DEBUG    invalid: 002001_2010-10-24_None
mylog        Mon, 03 Jul 2017 18:02:47 DEBUG    invalid: 002001_2010-10-23_None
mylog        Mon, 03 Jul 2017 18:02:47 DEBUG    valid: 002001_2010-10-22_[-0.15774653 -0.43956214 -1.04466785 -1.50014079  1.14701877  1.25666961
  0.73842894 -0.15774653 -0.43956214 -1.04466785 -1.50014079  1.14701877
  1.25666961  0.73842894]
mylog        Mon, 03 Jul 2017 18:02:48 DEBUG    valid: 002001_2010-10-21_[ 1.36948276 -0.55089455 -1.09283084 -1.47361106  0.09549866  1.02737989
  0.62497515  1.36948276 -0.55089455 -1.09283084 -1.47361106  0.09549866
  1.02737989  0.62497515]
mylog        Mon, 03 Jul 2017 18:02:49 DEBUG    valid: 002001_2010-10-20_[ 0.36893643 -0.8293131  -1.14285662 -1.27952885  0.45961824  1.41863264
  1.00451126  0.36893643 -0.8293131  -1.14285662 -1.27952885  0.45961824
  1.41863264  1.00451126]
mylog        Mon, 03 Jul 2017 18:02:49 DEBUG    valid: 002001_2010-10-19_[-0.40636115 -0.83996087 -1.03210818 -1.02194681  0.64054881  1.51974023
  1.14008799 -0.40636115 -0.83996087 -1.03210818 -1.02194681  0.64054881
  1.51974023  1.14008799]
mylog        Mon, 03 Jul 2017 18:02:49 DEBUG    valid: 002001_2010-10-18_[-0.6978439  -0.78801183 -0.97367682 -0.90793228  0.69294096  1.51468449
  1.15983938 -0.6978439  -0.78801183 -0.97367682 -0.90793228  0.69294096
  1.51468449  1.15983938]
mylog        Mon, 03 Jul 2017 18:02:49 DEBUG    invalid: 002001_2010-10-17_None
mylog        Mon, 03 Jul 2017 18:02:50 DEBUG    invalid: 002001_2010-10-16_None
mylog        Mon, 03 Jul 2017 18:02:50 DEBUG    valid: 002001_2010-10-15_[-0.78652217 -0.73388409 -0.97295733 -0.88103753  0.705055    1.50804697
  1.16129915 -0.78652217 -0.73388409 -0.97295733 -0.88103753  0.705055
  1.50804697  1.16129915]
mylog        Mon, 03 Jul 2017 18:02:50 DEBUG    valid: 002001_2010-10-14_[-0.77250986 -0.74969398 -0.98703623 -0.85078218  0.68946006  1.56090275
  1.10965944 -0.77250986 -0.74969398 -0.98703623 -0.85078218  0.68946006
  1.56090275  1.10965944]
mylog        Mon, 03 Jul 2017 18:02:51 DEBUG    valid: 002001_2010-10-13_[-0.68481199 -0.84943956 -0.97789285 -0.84714033  0.69257143  1.55721901
  1.10949429 -0.68481199 -0.84943956 -0.97789285 -0.84714033  0.69257143
  1.55721901  1.10949429]
mylog        Mon, 03 Jul 2017 18:02:51 DEBUG    valid: 002001_2010-10-12_[-0.6428439  -0.91180052 -0.97368693 -0.82960222  0.69988691  1.54881611
  1.10923055 -0.6428439  -0.91180052 -0.97368693 -0.82960222  0.69988691
  1.54881611  1.10923055]
mylog        Mon, 03 Jul 2017 18:02:51 DEBUG    valid: 002001_2010-10-11_[-0.52834243 -1.01184048 -0.96378502 -0.83454707  0.69576945  1.53993125
  1.1028143  -0.52834243 -1.01184048 -0.96378502 -0.83454707  0.69576945
  1.53993125  1.1028143 ]
mylog        Mon, 03 Jul 2017 18:02:52 DEBUG    invalid: 002001_2010-10-10_None
mylog        Mon, 03 Jul 2017 18:02:52 DEBUG    invalid: 002001_2010-10-09_None
mylog        Mon, 03 Jul 2017 18:02:52 DEBUG    valid: 002001_2010-10-08_[-0.83605731 -0.9902594  -0.82362169 -0.7247201   0.72927775  1.53000282
  1.11537793 -0.83605731 -0.9902594  -0.82362169 -0.7247201   0.72927775
  1.53000282  1.11537793]
mylog        Mon, 03 Jul 2017 18:02:52 DEBUG    invalid: 002001_2010-10-07_None
mylog        Mon, 03 Jul 2017 18:02:53 DEBUG    invalid: 002001_2010-10-06_None
mylog        Mon, 03 Jul 2017 18:02:53 DEBUG    invalid: 002001_2010-10-05_None
mylog        Mon, 03 Jul 2017 18:02:53 DEBUG    invalid: 002001_2010-10-04_None
mylog        Mon, 03 Jul 2017 18:02:53 DEBUG    invalid: 002001_2010-10-03_None
mylog        Mon, 03 Jul 2017 18:02:53 DEBUG    invalid: 002001_2010-10-02_None
mylog        Mon, 03 Jul 2017 18:02:53 DEBUG    invalid: 002001_2010-10-01_None
mylog        Mon, 03 Jul 2017 18:02:54 DEBUG    valid: 002001_2010-09-30_[-1.04436607 -0.94903523 -0.72992687 -0.68010251  1.02719145  1.44785052
  0.9283887  -1.04436607 -0.94903523 -0.72992687 -0.68010251  1.02719145
  1.44785052  0.9283887 ]
mylog        Mon, 03 Jul 2017 18:02:54 DEBUG    valid: 002001_2010-09-29_[-0.99379315 -0.9375689  -0.72260373 -0.72434243  1.12680237  1.50137825
  0.75012759 -0.99379315 -0.9375689  -0.72260373 -0.72434243  1.12680237
  1.50137825  0.75012759]
mylog        Mon, 03 Jul 2017 18:02:55 DEBUG    valid: 002001_2010-09-28_[-1.02705965 -0.92489196 -0.68628192 -0.73525932  1.12520029  1.50140534
  0.74688722 -1.02705965 -0.92489196 -0.68628192 -0.73525932  1.12520029
  1.50140534  0.74688722]
mylog        Mon, 03 Jul 2017 18:02:55 DEBUG    valid: 002001_2010-09-27_[-0.99381883 -0.88573099 -0.72325415 -0.77546517  1.12681003  1.512464
  0.7389951  -0.99381883 -0.88573099 -0.72325415 -0.77546517  1.12681003
  1.512464    0.7389951 ]
mylog        Mon, 03 Jul 2017 18:02:55 DEBUG    invalid: 002001_2010-09-26_None
mylog        Mon, 03 Jul 2017 18:02:55 DEBUG    invalid: 002001_2010-09-25_None
mylog        Mon, 03 Jul 2017 18:02:55 DEBUG    invalid: 002001_2010-09-24_None
mylog        Mon, 03 Jul 2017 18:02:56 DEBUG    invalid: 002001_2010-09-23_None
mylog        Mon, 03 Jul 2017 18:02:56 DEBUG    invalid: 002001_2010-09-22_None
mylog        Mon, 03 Jul 2017 18:02:56 DEBUG    valid: 002001_2010-09-21_[-1.08610312 -0.7777641  -0.72756737 -0.77682709  1.12347637  1.51028356
  0.73450175 -1.08610312 -0.7777641  -0.72756737 -0.77682709  1.12347637
  1.51028356  0.73450175]
mylog        Mon, 03 Jul 2017 18:02:56 DEBUG    valid: 002001_2010-09-20_[-0.90150778 -0.76681026 -0.80738974 -0.87367148  1.39124212  1.38613156
  0.57200557 -0.90150778 -0.76681026 -0.80738974 -0.87367148  1.39124212
  1.38613156  0.57200557]
mylog        Mon, 03 Jul 2017 18:02:57 DEBUG    invalid: 002001_2010-09-19_None
mylog        Mon, 03 Jul 2017 18:02:57 DEBUG    invalid: 002001_2010-09-18_None
mylog        Mon, 03 Jul 2017 18:02:57 DEBUG    valid: 002001_2010-09-17_[-1.02702927 -0.6624964  -0.80191195 -0.84593004  1.38422965  1.37917504
  0.57396297 -1.02702927 -0.6624964  -0.80191195 -0.84593004  1.38422965
  1.37917504  0.57396297]
mylog        Mon, 03 Jul 2017 18:02:58 DEBUG    valid: 002001_2010-09-16_[-0.82043438 -0.66962889 -0.89050547 -0.93115275  1.50192905  1.30799292
  0.50179952 -0.82043438 -0.66962889 -0.89050547 -0.93115275  1.50192905
  1.30799292  0.50179952]
mylog        Mon, 03 Jul 2017 18:02:58 DEBUG    valid: 002001_2010-09-15_[-0.61625361 -0.77195568 -0.93699889 -0.97248554  1.50185575  1.30567699
  0.49016099 -0.61625361 -0.77195568 -0.93699889 -0.97248554  1.50185575
  1.30567699  0.49016099]
mylog        Mon, 03 Jul 2017 18:02:58 DEBUG    invalid: 002001_2010-09-14_None
mylog        Mon, 03 Jul 2017 18:02:58 DEBUG    valid: 002001_2010-09-13_[-0.63503481 -0.83328446 -0.90794687 -0.93476391  1.49718198  1.30544655
  0.50840153 -0.63503481 -0.83328446 -0.90794687 -0.93476391  1.49718198
  1.30544655  0.50840153]
mylog        Mon, 03 Jul 2017 18:02:59 DEBUG    invalid: 002001_2010-09-12_None
mylog        Mon, 03 Jul 2017 18:02:59 DEBUG    invalid: 002001_2010-09-11_None
mylog        Mon, 03 Jul 2017 18:02:59 DEBUG    valid: 002001_2010-09-10_[-0.49889711 -0.90302041 -0.93552683 -0.95147601  1.48965571  1.29799648
  0.50126817 -0.49889711 -0.90302041 -0.93552683 -0.95147601  1.48965571
  1.29799648  0.50126817]
mylog        Mon, 03 Jul 2017 18:02:59 DEBUG    valid: 002001_2010-09-09_[-0.66020425 -0.92089673 -0.85455092 -0.87207016  1.59741716  1.17996235
  0.53034255 -0.66020425 -0.92089673 -0.85455092 -0.87207016  1.59741716
  1.17996235  0.53034255]
mylog        Mon, 03 Jul 2017 18:03:00 DEBUG    valid: 002001_2010-09-08_[-0.94343169 -0.8602338  -0.77559558 -0.75016831  1.5747837   1.18252688
  0.5721188  -0.94343169 -0.8602338  -0.77559558 -0.75016831  1.5747837
  1.18252688  0.5721188 ]
mylog        Mon, 03 Jul 2017 18:03:00 DEBUG    valid: 002001_2010-09-07_[-0.91349927 -0.85118741 -0.79920183 -0.76457764  1.58088421  1.18321007
  0.56437186 -0.91349927 -0.85118741 -0.79920183 -0.76457764  1.58088421
  1.18321007  0.56437186]
mylog        Mon, 03 Jul 2017 18:03:01 DEBUG    valid: 002001_2010-09-06_[-0.81840115 -0.84931271 -0.84864332 -0.80664573  1.59341013  1.18363272
  0.54596007 -0.81840115 -0.84931271 -0.84864332 -0.80664573  1.59341013
  1.18363272  0.54596007]
mylog        Mon, 03 Jul 2017 18:03:01 DEBUG    invalid: 002001_2010-09-05_None
mylog        Mon, 03 Jul 2017 18:03:01 DEBUG    invalid: 002001_2010-09-04_None
mylog        Mon, 03 Jul 2017 18:03:01 DEBUG    valid: 002001_2010-09-03_[-0.91079167 -0.80327527 -0.83243555 -0.77798051  1.58763492  1.18314574
  0.55370233 -0.91079167 -0.80327527 -0.83243555 -0.77798051  1.58763492
  1.18314574  0.55370233]
mylog        Mon, 03 Jul 2017 18:03:02 DEBUG    valid: 002001_2010-09-02_[-0.97135612 -0.72999013 -0.81052577 -0.77949079  1.67704112  1.07505971
  0.53926198 -0.97135612 -0.72999013 -0.81052577 -0.77949079  1.67704112
  1.07505971  0.53926198]
mylog        Mon, 03 Jul 2017 18:03:02 DEBUG    valid: 002001_2010-09-01_[-0.86871808 -0.78937032 -0.83422188 -0.80036334  1.68803846  1.07509491
  0.52954025 -0.86871808 -0.78937032 -0.83422188 -0.80036334  1.68803846
  1.07509491  0.52954025]
mylog        Mon, 03 Jul 2017 18:03:02 DEBUG    valid: 002001_2010-08-31_[-0.7077515  -0.86403664 -0.88302839 -0.82714171  1.69595393  1.07108612
  0.51491819 -0.7077515  -0.86403664 -0.88302839 -0.82714171  1.69595393
  1.07108612  0.51491819]
mylog        Mon, 03 Jul 2017 18:03:03 DEBUG    valid: 002001_2010-08-30_[-0.7417347  -0.88208264 -0.86180511 -0.80263884  1.69041628  1.07347773
  0.5243673  -0.7417347  -0.88208264 -0.86180511 -0.80263884  1.69041628
  1.07347773  0.5243673 ]
mylog        Mon, 03 Jul 2017 18:03:03 DEBUG    invalid: 002001_2010-08-29_None
mylog        Mon, 03 Jul 2017 18:03:03 DEBUG    invalid: 002001_2010-08-28_None
mylog        Mon, 03 Jul 2017 18:03:03 DEBUG    valid: 002001_2010-08-27_[-0.57788023 -0.95587279 -0.89183902 -0.83996357  1.68989072  1.06564123
  0.51002366 -0.57788023 -0.95587279 -0.89183902 -0.83996357  1.68989072
  1.06564123  0.51002366]
mylog        Mon, 03 Jul 2017 18:03:04 DEBUG    valid: 002001_2010-08-26_[-0.99050315 -0.79331115 -0.73893019 -0.68592514  1.82549625  0.89656101
  0.48661239 -0.99050315 -0.79331115 -0.73893019 -0.68592514  1.82549625
  0.89656101  0.48661239]
mylog        Mon, 03 Jul 2017 18:03:04 DEBUG    valid: 002001_2010-08-25_[-0.9426172  -0.79369009 -0.74427935 -0.72250965  1.84127072  0.89066811
  0.47115746 -0.9426172  -0.79369009 -0.74427935 -0.72250965  1.84127072
  0.89066811  0.47115746]
mylog        Mon, 03 Jul 2017 18:03:04 DEBUG    valid: 002001_2010-08-24_[-0.85307917 -0.82135443 -0.76743418 -0.75491538  1.85727743  0.88441904
  0.45508668 -0.85307917 -0.82135443 -0.76743418 -0.75491538  1.85727743
  0.88441904  0.45508668]
mylog        Mon, 03 Jul 2017 18:03:05 DEBUG    valid: 002001_2010-08-23_[-0.897113   -0.79035696 -0.74462214 -0.76266232  1.85658204  0.88374717
  0.4544252  -0.897113   -0.79035696 -0.74462214 -0.76266232  1.85658204
  0.88374717  0.4544252 ]
mylog        Mon, 03 Jul 2017 18:03:05 DEBUG    invalid: 002001_2010-08-22_None
mylog        Mon, 03 Jul 2017 18:03:05 DEBUG    invalid: 002001_2010-08-21_None
mylog        Mon, 03 Jul 2017 18:03:05 DEBUG    valid: 002001_2010-08-20_[-0.67654243 -0.83771451 -0.81596894 -0.83819891  1.88291175  0.86693663
  0.41857642 -0.67654243 -0.83771451 -0.81596894 -0.83819891  1.88291175
  0.86693663  0.41857642]
mylog        Mon, 03 Jul 2017 18:03:06 DEBUG    valid: 002001_2010-08-19_[-0.90336917 -0.79989463 -0.77028008 -0.74094371  1.83923535  0.87909114
  0.4961611  -0.90336917 -0.79989463 -0.77028008 -0.74094371  1.83923535
  0.87909114  0.4961611 ]
mylog        Mon, 03 Jul 2017 18:03:06 DEBUG    valid: 002001_2010-08-18_[-0.95195113 -0.76493252 -0.75663494 -0.73648967  1.83837648  0.87743908
  0.49419269 -0.95195113 -0.76493252 -0.75663494 -0.73648967  1.83837648
  0.87743908  0.49419269]
mylog        Mon, 03 Jul 2017 18:03:07 DEBUG    valid: 002001_2010-08-17_[-0.78808307 -0.81015828 -0.79154612 -0.8080891   1.86387911  0.86599047
  0.46800698 -0.78808307 -0.81015828 -0.79154612 -0.8080891   1.86387911
  0.86599047  0.46800698]
mylog        Mon, 03 Jul 2017 18:03:07 DEBUG    valid: 002001_2010-08-16_[-0.78629445 -0.79935572 -0.79657809 -0.81365504  1.86607696  0.86460873
  0.46519761 -0.78629445 -0.79935572 -0.79657809 -0.81365504  1.86607696
  0.86460873  0.46519761]
mylog        Mon, 03 Jul 2017 18:03:07 DEBUG    invalid: 002001_2010-08-15_None
mylog        Mon, 03 Jul 2017 18:03:08 DEBUG    invalid: 002001_2010-08-14_None
mylog        Mon, 03 Jul 2017 18:03:08 DEBUG    valid: 002001_2010-08-13_[-0.79864172 -0.79257764 -0.79742356 -0.81168771  1.86122603  0.86767839
  0.47142621 -0.79864172 -0.79257764 -0.79742356 -0.81168771  1.86122603
  0.86767839  0.47142621]
mylog        Mon, 03 Jul 2017 18:03:09 DEBUG    valid: 002001_2010-08-12_[-0.76923075 -0.80155596 -0.79847645 -0.83484231  1.86528297  0.83638785
  0.50243466 -0.76923075 -0.80155596 -0.79847645 -0.83484231  1.86528297
  0.83638785  0.50243466]
mylog        Mon, 03 Jul 2017 18:03:09 DEBUG    valid: 002001_2010-08-11_[-0.83774979 -0.76529385 -0.7926493  -0.81908101  1.85256551  0.84467245
  0.517536   -0.83774979 -0.76529385 -0.7926493  -0.81908101  1.85256551
  0.84467245  0.517536  ]
mylog        Mon, 03 Jul 2017 18:03:09 DEBUG    valid: 002001_2010-08-10_[-0.6796151  -0.7667333  -0.84927335 -0.89789465  1.86729533  0.83124786
  0.49497321 -0.6796151  -0.7667333  -0.84927335 -0.89789465  1.86729533
  0.83124786  0.49497321]
mylog        Mon, 03 Jul 2017 18:03:10 DEBUG    valid: 002001_2010-08-09_[-0.7731788  -0.72824586 -0.84370503 -0.86658285  1.85246891  0.84338354
  0.5158601  -0.7731788  -0.72824586 -0.84370503 -0.86658285  1.85246891
  0.84338354  0.5158601 ]
mylog        Mon, 03 Jul 2017 18:03:10 DEBUG    invalid: 002001_2010-08-08_None
mylog        Mon, 03 Jul 2017 18:03:10 DEBUG    invalid: 002001_2010-08-07_None
mylog        Mon, 03 Jul 2017 18:03:10 DEBUG    valid: 002001_2010-08-06_[-0.81722584 -0.73284529 -0.80570521 -0.86276696  1.84577831  0.84826605
  0.52449894 -0.81722584 -0.73284529 -0.80570521 -0.86276696  1.84577831
  0.84826605  0.52449894]
mylog        Mon, 03 Jul 2017 18:03:14 DEBUG    valid: 002001_2010-08-05_[-0.78501294 -0.78295737 -0.7482655  -0.95159818  1.76064538  0.94015688
  0.56703173 -0.78501294 -0.78295737 -0.7482655  -0.95159818  1.76064538
  0.94015688  0.56703173]
mylog        Mon, 03 Jul 2017 18:03:14 DEBUG    valid: 002001_2010-08-04_[-0.56572948 -0.8915139  -0.77592763 -1.00943586  1.75832322  0.93039585
  0.5538878  -0.56572948 -0.8915139  -0.77592763 -1.00943586  1.75832322
  0.93039585  0.5538878 ]
mylog        Mon, 03 Jul 2017 18:03:14 DEBUG    valid: 002001_2010-08-03_[-0.67316566 -0.87885057 -0.75421139 -0.96430096  1.74541154  0.94463826
  0.58047879 -0.67316566 -0.87885057 -0.75421139 -0.96430096  1.74541154
  0.94463826  0.58047879]
mylog        Mon, 03 Jul 2017 18:03:15 DEBUG    valid: 002001_2010-08-02_[-0.83625643 -0.89078898 -0.67016358 -0.89274886  1.72495333  0.95709728
  0.60790725 -0.83625643 -0.89078898 -0.67016358 -0.89274886  1.72495333
  0.95709728  0.60790725]
mylog        Mon, 03 Jul 2017 18:03:15 DEBUG    invalid: 002001_2010-08-01_None
mylog        Mon, 03 Jul 2017 18:03:15 DEBUG    invalid: 002001_2010-07-31_None
mylog        Mon, 03 Jul 2017 18:03:16 DEBUG    valid: 002001_2010-07-30_[-0.78261467 -0.85033183 -0.70818308 -0.94534205  1.73136813  0.95425226
  0.60085124 -0.78261467 -0.85033183 -0.70818308 -0.94534205  1.73136813
  0.95425226  0.60085124]
mylog        Mon, 03 Jul 2017 18:03:16 DEBUG    valid: 002001_2010-07-29_[-1.08999056 -0.55256702 -0.73244082 -0.96181878  1.52411787  1.10528515
  0.70741416 -1.08999056 -0.55256702 -0.73244082 -0.96181878  1.52411787
  1.10528515  0.70741416]
mylog        Mon, 03 Jul 2017 18:03:16 DEBUG    valid: 002001_2010-07-28_[-0.81601206 -0.55715247 -0.863449   -1.09656223  1.54618757  1.10367633
  0.68331187 -0.81601206 -0.55715247 -0.863449   -1.09656223  1.54618757
  1.10367633  0.68331187]
mylog        Mon, 03 Jul 2017 18:03:17 DEBUG    valid: 002001_2010-07-27_[-1.10142258 -0.47563222 -0.7727352  -0.97711438  1.51192928  1.10213162
  0.7128435  -1.10142258 -0.47563222 -0.7727352  -0.97711438  1.51192928
  1.10213162  0.7128435 ]
mylog        Mon, 03 Jul 2017 18:03:17 DEBUG    valid: 002001_2010-07-26_[-0.59335923 -0.51337814 -0.97280785 -1.20607504  1.53763828  1.0877006
  0.66028138 -0.59335923 -0.51337814 -0.97280785 -1.20607504  1.53763828
  1.0877006   0.66028138]
mylog        Mon, 03 Jul 2017 18:03:17 DEBUG    invalid: 002001_2010-07-25_None
mylog        Mon, 03 Jul 2017 18:03:17 DEBUG    invalid: 002001_2010-07-24_None
mylog        Mon, 03 Jul 2017 18:03:18 DEBUG    valid: 002001_2010-07-23_[ 0.45120021 -0.74871752 -1.15919819 -1.36667891  1.37317879  0.93380149
  0.51641413  0.45120021 -0.74871752 -1.15919819 -1.36667891  1.37317879
  0.93380149  0.51641413]
mylog        Mon, 03 Jul 2017 18:03:18 DEBUG    valid: 002001_2010-07-22_[-0.46000365 -0.79359225 -0.96683668 -1.1736613   1.112992    1.19481835
  1.08628353 -0.46000365 -0.79359225 -0.96683668 -1.1736613   1.112992
  1.19481835  1.08628353]
mylog        Mon, 03 Jul 2017 18:03:19 DEBUG    valid: 002001_2010-07-21_[-0.65580687 -0.81913557 -0.89575972 -1.06998045  1.1297159   1.2062231
  1.10474361 -0.65580687 -0.81913557 -0.89575972 -1.06998045  1.1297159
  1.2062231   1.10474361]
mylog        Mon, 03 Jul 2017 18:03:19 DEBUG    valid: 002001_2010-07-20_[-0.23520764 -0.95895941 -0.97534342 -1.16599482  1.09448566  1.17175504
  1.06926459 -0.23520764 -0.95895941 -0.97534342 -1.16599482  1.09448566
  1.17175504  1.06926459]
mylog        Mon, 03 Jul 2017 18:03:20 DEBUG    valid: 002001_2010-07-19_[-0.66910833 -0.91687045 -0.84186159 -1.01886448  1.13281742  1.20445179
  1.10943565 -0.66910833 -0.91687045 -0.84186159 -1.01886448  1.13281742
  1.20445179  1.10943565]
mylog        Mon, 03 Jul 2017 18:03:20 DEBUG    invalid: 002001_2010-07-18_None
mylog        Mon, 03 Jul 2017 18:03:20 DEBUG    invalid: 002001_2010-07-17_None
mylog        Mon, 03 Jul 2017 18:03:21 DEBUG    valid: 002001_2010-07-16_[-0.98036483 -0.82577995 -0.76148991 -0.88892999  1.13713166  1.20418925
  1.11524377 -0.98036483 -0.82577995 -0.76148991 -0.88892999  1.13713166
  1.20418925  1.11524377]
mylog        Mon, 03 Jul 2017 18:03:21 DEBUG    valid: 002001_2010-07-15_[-0.95712191 -0.77088437 -0.79139927 -0.93737532  1.12114409  1.16053948
  1.1750973  -0.95712191 -0.77088437 -0.79139927 -0.93737532  1.12114409
  1.16053948  1.1750973 ]
mylog        Mon, 03 Jul 2017 18:03:21 DEBUG    valid: 002001_2010-07-14_[-0.89451127 -0.79277083 -0.82593309 -0.94694211  1.12182658  1.16178282
  1.1765479  -0.89451127 -0.79277083 -0.82593309 -0.94694211  1.12182658
  1.16178282  1.1765479 ]
mylog        Mon, 03 Jul 2017 18:03:22 DEBUG    valid: 002001_2010-07-13_[-0.81398199 -0.78399291 -0.89084496 -0.96972329  1.12085949  1.16135893
  1.17632473 -0.81398199 -0.78399291 -0.89084496 -0.96972329  1.12085949
  1.16135893  1.17632473]
mylog        Mon, 03 Jul 2017 18:03:22 DEBUG    valid: 002001_2010-07-12_[-0.87510885 -0.73155961 -0.89531362 -0.95504765  1.12063929  1.16077881
  1.17561162 -0.87510885 -0.73155961 -0.89531362 -0.95504765  1.12063929
  1.16077881  1.17561162]
mylog        Mon, 03 Jul 2017 18:03:22 DEBUG    invalid: 002001_2010-07-11_None
mylog        Mon, 03 Jul 2017 18:03:23 DEBUG    invalid: 002001_2010-07-10_None
mylog        Mon, 03 Jul 2017 18:03:23 DEBUG    valid: 002001_2010-07-09_[-0.51817472 -0.85938509 -1.01125604 -1.03267212  1.10791526  1.14916485
  1.16440786 -0.51817472 -0.85938509 -1.01125604 -1.03267212  1.10791526
  1.14916485  1.16440786]
mylog        Mon, 03 Jul 2017 18:03:23 DEBUG    valid: 002001_2010-07-08_[-0.87771588 -0.74823134 -0.92984928 -0.89229223  0.97960205  1.27047984
  1.19800684 -0.87771588 -0.74823134 -0.92984928 -0.89229223  0.97960205
  1.27047984  1.19800684]
mylog        Mon, 03 Jul 2017 18:03:24 DEBUG    valid: 002001_2010-07-07_[-0.66088931 -0.80916002 -1.01599187 -0.94778762  0.97173631  1.26794712
  1.19414538 -0.66088931 -0.80916002 -1.01599187 -0.94778762  0.97173631
  1.26794712  1.19414538]
mylog        Mon, 03 Jul 2017 18:03:24 DEBUG    valid: 002001_2010-07-06_[-0.52845887 -0.9004372  -1.04431097 -0.94150212  0.96786223  1.25979088
  1.18705605 -0.52845887 -0.9004372  -1.04431097 -0.94150212  0.96786223
  1.25979088  1.18705605]
mylog        Mon, 03 Jul 2017 18:03:25 DEBUG    valid: 002001_2010-07-05_[-0.93013733 -0.80930922 -0.9217257  -0.78911774  0.99271407  1.26238224
  1.19519367 -0.93013733 -0.80930922 -0.9217257  -0.78911774  0.99271407
  1.26238224  1.19519367]
mylog        Mon, 03 Jul 2017 18:03:25 DEBUG    invalid: 002001_2010-07-04_None
mylog        Mon, 03 Jul 2017 18:03:25 DEBUG    invalid: 002001_2010-07-03_None
mylog        Mon, 03 Jul 2017 18:03:26 DEBUG    valid: 002001_2010-07-02_[-0.59305805 -0.94465293 -1.003165   -0.88763546  0.97759436  1.26073064
  1.19018645 -0.59305805 -0.94465293 -1.003165   -0.88763546  0.97759436
  1.26073064  1.19018645]
mylog        Mon, 03 Jul 2017 18:03:29 DEBUG    valid: 002001_2010-07-01_[-0.8312187  -0.94329053 -0.87447625 -0.80457146  1.07714651  1.296202
  1.08020843 -0.8312187  -0.94329053 -0.87447625 -0.80457146  1.07714651
  1.296202    1.08020843]
mylog        Mon, 03 Jul 2017 18:03:29 DEBUG    valid: 002001_2010-06-30_[-0.96112193 -0.95101375 -0.7889411  -0.74652589  1.0768818   1.29084829
  1.07987259 -0.96112193 -0.95101375 -0.7889411  -0.74652589  1.0768818
  1.29084829  1.07987259]
mylog        Mon, 03 Jul 2017 18:03:30 DEBUG    valid: 002001_2010-06-29_[-0.80416183 -1.02130895 -0.81436642 -0.80783176  1.07427739  1.29601477
  1.0773768  -0.80416183 -1.02130895 -0.81436642 -0.80783176  1.07427739
  1.29601477  1.0773768 ]
mylog        Mon, 03 Jul 2017 18:03:30 DEBUG    valid: 002001_2010-06-28_[-1.00635965 -0.96991268 -0.72619638 -0.73775621  1.07476616  1.28771601
  1.07774274 -1.00635965 -0.96991268 -0.72619638 -0.73775621  1.07476616
  1.28771601  1.07774274]
mylog        Mon, 03 Jul 2017 18:03:30 DEBUG    invalid: 002001_2010-06-27_None
mylog        Mon, 03 Jul 2017 18:03:31 DEBUG    invalid: 002001_2010-06-26_None
mylog        Mon, 03 Jul 2017 18:03:31 DEBUG    valid: 002001_2010-06-25_[-1.02263629 -0.93629244 -0.73812592 -0.74430111  1.0735916   1.29113181
  1.07663234 -1.02263629 -0.93629244 -0.73812592 -0.74430111  1.0735916
  1.29113181  1.07663234]
mylog        Mon, 03 Jul 2017 18:03:31 DEBUG    valid: 002001_2010-06-24_[-1.10769046 -0.82263182 -0.74214222 -0.75093328  1.25896592  1.2469051
  0.91752675 -1.10769046 -0.82263182 -0.74214222 -0.75093328  1.25896592
  1.2469051   0.91752675]
mylog        Mon, 03 Jul 2017 18:03:32 DEBUG    valid: 002001_2010-06-23_[-1.06675058 -0.76207874 -0.79954821 -0.80078658  1.26546743  1.25293788
  0.9107588  -1.06675058 -0.76207874 -0.79954821 -0.80078658  1.26546743
  1.25293788  0.9107588 ]
mylog        Mon, 03 Jul 2017 18:03:32 DEBUG    valid: 002001_2010-06-22_[-1.07012352 -0.71372784 -0.81852866 -0.82381367  1.26658577  1.25384041
  0.90576751 -1.07012352 -0.71372784 -0.81852866 -0.82381367  1.26658577
  1.25384041  0.90576751]
mylog        Mon, 03 Jul 2017 18:03:33 DEBUG    valid: 002001_2010-06-21_[-0.89556423 -0.74752457 -0.90083337 -0.89292255  1.27680763  1.2633794
  0.8966577  -0.89556423 -0.74752457 -0.90083337 -0.89292255  1.27680763
  1.2633794   0.8966577 ]
mylog        Mon, 03 Jul 2017 18:03:33 DEBUG    invalid: 002001_2010-06-20_None
mylog        Mon, 03 Jul 2017 18:03:33 DEBUG    invalid: 002001_2010-06-19_None
mylog        Mon, 03 Jul 2017 18:03:33 DEBUG    valid: 002001_2010-06-18_[-0.60748854 -0.84434801 -0.99569238 -0.96833786  1.27432682  1.26043679
  0.88110319 -0.60748854 -0.84434801 -0.99569238 -0.96833786  1.27432682
  1.26043679  0.88110319]
mylog        Mon, 03 Jul 2017 18:03:34 DEBUG    valid: 002001_2010-06-17_[-0.64773648 -0.87390237 -0.97884372 -0.92204923  1.22037521  1.31828765
  0.88386894 -0.64773648 -0.87390237 -0.97884372 -0.92204923  1.22037521
  1.31828765  0.88386894]
mylog        Mon, 03 Jul 2017 18:03:34 DEBUG    invalid: 002001_2010-06-16_None
mylog        Mon, 03 Jul 2017 18:03:35 DEBUG    invalid: 002001_2010-06-15_None
mylog        Mon, 03 Jul 2017 18:03:35 DEBUG    invalid: 002001_2010-06-14_None
mylog        Mon, 03 Jul 2017 18:03:35 DEBUG    invalid: 002001_2010-06-13_None
mylog        Mon, 03 Jul 2017 18:03:35 DEBUG    invalid: 002001_2010-06-12_None
mylog        Mon, 03 Jul 2017 18:03:36 DEBUG    valid: 002001_2010-06-11_[-0.73278878 -0.91277473 -0.91493871 -0.87399564  1.22167982  1.31628783
  0.89653022 -0.73278878 -0.91277473 -0.91493871 -0.87399564  1.22167982
  1.31628783  0.89653022]
mylog        Mon, 03 Jul 2017 18:03:36 DEBUG    invalid: 002001_2010-06-10_None
mylog        Mon, 03 Jul 2017 18:03:36 DEBUG    valid: 002001_2010-06-09_[-0.77148673 -0.92138229 -0.90128663 -0.8491423   1.0901427   1.35743911
  0.99571613 -0.77148673 -0.92138229 -0.90128663 -0.8491423   1.0901427
  1.35743911  0.99571613]
mylog        Mon, 03 Jul 2017 18:03:36 DEBUG    valid: 002001_2010-06-08_[-0.8578109  -0.89453869 -0.87568068 -0.81862836  1.0925999   1.35369452
  1.0003642  -0.8578109  -0.89453869 -0.87568068 -0.81862836  1.0925999
  1.35369452  1.0003642 ]
mylog        Mon, 03 Jul 2017 18:03:37 DEBUG    valid: 002001_2010-06-07_[-0.84686774 -0.91387521 -0.84650416 -0.83911557  1.09222919  1.35458583
  0.99954767 -0.84686774 -0.91387521 -0.84650416 -0.83911557  1.09222919
  1.35458583  0.99954767]
mylog        Mon, 03 Jul 2017 18:03:37 DEBUG    invalid: 002001_2010-06-06_None
mylog        Mon, 03 Jul 2017 18:03:37 DEBUG    invalid: 002001_2010-06-05_None
mylog        Mon, 03 Jul 2017 18:03:40 DEBUG    valid: 002001_2010-06-04_[-0.99529101 -0.8685283  -0.77559753 -0.80154149  1.09191564  1.34737035
  1.00167233 -0.99529101 -0.8685283  -0.77559753 -0.80154149  1.09191564
  1.34737035  1.00167233]
mylog        Mon, 03 Jul 2017 18:03:50 DEBUG    valid: 002001_2010-06-03_[-0.92583602 -0.85224084 -0.81299438 -0.85995678  1.22773766  1.24798655
  0.9753038  -0.92583602 -0.85224084 -0.81299438 -0.85995678  1.22773766
  1.24798655  0.9753038 ]
mylog        Mon, 03 Jul 2017 18:03:51 DEBUG    valid: 002001_2010-06-02_[-0.87911121 -0.87483773 -0.82065633 -0.8772806   1.22862717  1.24903397
  0.97422472 -0.87911121 -0.87483773 -0.82065633 -0.8772806   1.22862717
  1.24903397  0.97422472]
mylog        Mon, 03 Jul 2017 18:04:02 DEBUG    valid: 002001_2010-06-01_[-0.92975243 -0.88249033 -0.76198617 -0.87467776  1.22697889  1.24721426
  0.97471355 -0.92975243 -0.88249033 -0.76198617 -0.87467776  1.22697889
  1.24721426  0.97471355]
mylog        Mon, 03 Jul 2017 18:04:02 DEBUG    valid: 002001_2010-05-31_[-0.93296388 -0.82816778 -0.77446584 -0.91262356  1.22802051  1.2485882
  0.97161235 -0.93296388 -0.82816778 -0.77446584 -0.91262356  1.22802051
  1.2485882   0.97161235]
mylog        Mon, 03 Jul 2017 18:04:02 DEBUG    invalid: 002001_2010-05-30_None
mylog        Mon, 03 Jul 2017 18:04:02 DEBUG    invalid: 002001_2010-05-29_None
mylog        Mon, 03 Jul 2017 18:04:03 DEBUG    valid: 002001_2010-05-28_[-0.74770933 -0.86066448 -0.84403471 -0.99139526  1.22981346  1.25123548
  0.96275484 -0.74770933 -0.86066448 -0.84403471 -0.99139526  1.22981346
  1.25123548  0.96275484]
mylog        Mon, 03 Jul 2017 18:04:03 DEBUG    valid: 002001_2010-05-27_[-0.9749564  -0.78068242 -0.77764224 -0.89339483  1.41913625  1.06724346
  0.94029617 -0.9749564  -0.78068242 -0.77764224 -0.89339483  1.41913625
  1.06724346  0.94029617]
mylog        Mon, 03 Jul 2017 18:04:04 DEBUG    valid: 002001_2010-05-26_[-0.99429671 -0.75681703 -0.78338779 -0.89022508  1.41819777  1.06667188
  0.93985695 -0.99429671 -0.75681703 -0.78338779 -0.89022508  1.41819777
  1.06667188  0.93985695]
mylog        Mon, 03 Jul 2017 18:04:04 DEBUG    valid: 002001_2010-05-25_[-0.62602955 -0.78624829 -0.9488307  -1.04228999  1.43212532  1.05386616
  0.91740705 -0.62602955 -0.78624829 -0.9488307  -1.04228999  1.43212532
  1.05386616  0.91740705]
mylog        Mon, 03 Jul 2017 18:04:04 DEBUG    valid: 002001_2010-05-24_[-0.73778994 -0.77293526 -0.94259034 -0.96740306  1.42858673  1.062161
  0.92997087 -0.73778994 -0.77293526 -0.94259034 -0.96740306  1.42858673
  1.062161    0.92997087]
mylog        Mon, 03 Jul 2017 18:04:05 DEBUG    invalid: 002001_2010-05-23_None
mylog        Mon, 03 Jul 2017 18:04:05 DEBUG    invalid: 002001_2010-05-22_None
mylog        Mon, 03 Jul 2017 18:04:05 DEBUG    valid: 002001_2010-05-21_[-0.81811499 -0.76311762 -0.9516344  -0.89410539  1.42537257  1.0656804
  0.93591944 -0.81811499 -0.76311762 -0.9516344  -0.89410539  1.42537257
  1.0656804   0.93591944]
mylog        Mon, 03 Jul 2017 18:04:05 DEBUG    valid: 002001_2010-05-20_[-0.87703754 -0.78269022 -0.93719606 -0.83018926  1.44037505  1.02805479
  0.95868324 -0.87703754 -0.78269022 -0.93719606 -0.83018926  1.44037505
  1.02805479  0.95868324]
mylog        Mon, 03 Jul 2017 18:04:06 DEBUG    valid: 002001_2010-05-19_[-0.49093481 -0.92076119 -1.05352723 -0.91695875  1.43807282  1.00821562
  0.93589354 -0.49093481 -0.92076119 -1.05352723 -0.91695875  1.43807282
  1.00821562  0.93589354]
mylog        Mon, 03 Jul 2017 18:04:06 DEBUG    valid: 002001_2010-05-18_[-0.71452891 -0.92420929 -0.98200047 -0.80018723  1.43179636  1.02849209
  0.96063745 -0.71452891 -0.92420929 -0.98200047 -0.80018723  1.43179636
  1.02849209  0.96063745]
mylog        Mon, 03 Jul 2017 18:04:07 DEBUG    valid: 002001_2010-05-17_[-0.72367334 -0.95588809 -0.96582693 -0.77635029  1.42584368  1.03115042
  0.96474456 -0.72367334 -0.95588809 -0.96582693 -0.77635029  1.42584368
  1.03115042  0.96474456]
mylog        Mon, 03 Jul 2017 18:04:07 DEBUG    invalid: 002001_2010-05-16_None
mylog        Mon, 03 Jul 2017 18:04:07 DEBUG    invalid: 002001_2010-05-15_None
mylog        Mon, 03 Jul 2017 18:04:08 DEBUG    valid: 002001_2010-05-14_[-0.89288282 -0.94396712 -0.8795881  -0.71144334  1.41712982  1.03732615
  0.97342541 -0.89288282 -0.94396712 -0.8795881  -0.71144334  1.41712982
  1.03732615  0.97342541]
mylog        Mon, 03 Jul 2017 18:04:08 DEBUG    valid: 002001_2010-05-13_[-0.90565759 -0.92055128 -0.87088988 -0.71719935  1.46526618  1.05568829
  0.89334363 -0.90565759 -0.92055128 -0.87088988 -0.71719935  1.46526618
  1.05568829  0.89334363]
mylog        Mon, 03 Jul 2017 18:04:08 DEBUG    valid: 002001_2010-05-12_[-0.96030047 -0.9048432  -0.85832118 -0.68706918  1.46337054  1.05459505
  0.89256844 -0.96030047 -0.9048432  -0.85832118 -0.68706918  1.46337054
  1.05459505  0.89256844]
mylog        Mon, 03 Jul 2017 18:04:09 DEBUG    valid: 002001_2010-05-11_[-0.97459825 -0.91797038 -0.83572927 -0.68020161  1.46334548  1.05375237
  0.89140167 -0.97459825 -0.91797038 -0.83572927 -0.68020161  1.46334548
  1.05375237  0.89140167]
mylog        Mon, 03 Jul 2017 18:04:09 DEBUG    valid: 002001_2010-05-10_[-1.01660287 -0.91743971 -0.78964437 -0.68030145  1.46404479  1.05169373
  0.88824987 -1.01660287 -0.91743971 -0.78964437 -0.68030145  1.46404479
  1.05169373  0.88824987]
mylog        Mon, 03 Jul 2017 18:04:09 DEBUG    invalid: 002001_2010-05-09_None
mylog        Mon, 03 Jul 2017 18:04:10 DEBUG    invalid: 002001_2010-05-08_None
mylog        Mon, 03 Jul 2017 18:04:10 DEBUG    valid: 002001_2010-05-07_[-0.88974789 -0.95656076 -0.78855709 -0.77441011  1.48518048  1.04857624
  0.87551912 -0.88974789 -0.95656076 -0.78855709 -0.77441011  1.48518048
  1.04857624  0.87551912]
mylog        Mon, 03 Jul 2017 18:04:10 DEBUG    valid: 002001_2010-05-06_[-0.96711772 -0.9472067  -0.72052905 -0.74933625  1.53780944  1.01645829
  0.82992199 -0.96711772 -0.9472067  -0.72052905 -0.74933625  1.53780944
  1.01645829  0.82992199]
mylog        Mon, 03 Jul 2017 18:04:11 DEBUG    valid: 002001_2010-05-05_[-1.09136574 -0.90223211 -0.65606102 -0.72080167  1.52479328  1.01418069
  0.83148657 -1.09136574 -0.90223211 -0.65606102 -0.72080167  1.52479328
  1.01418069  0.83148657]
mylog        Mon, 03 Jul 2017 18:04:12 DEBUG    valid: 002001_2010-05-04_[-1.04128597 -0.89591027 -0.67808157 -0.76116972  1.53865831  1.01294342
  0.8248458  -1.04128597 -0.89591027 -0.67808157 -0.76116972  1.53865831
  1.01294342  0.8248458 ]
mylog        Mon, 03 Jul 2017 18:04:12 DEBUG    invalid: 002001_2010-05-03_None
mylog        Mon, 03 Jul 2017 18:04:12 DEBUG    invalid: 002001_2010-05-02_None
mylog        Mon, 03 Jul 2017 18:04:12 DEBUG    invalid: 002001_2010-05-01_None
mylog        Mon, 03 Jul 2017 18:04:13 DEBUG    valid: 002001_2010-04-30_[-0.86434664 -0.8880308  -0.77792324 -0.85602316  1.56414971  1.01018897
  0.81198515 -0.86434664 -0.8880308  -0.77792324 -0.85602316  1.56414971
  1.01018897  0.81198515]
mylog        Mon, 03 Jul 2017 18:04:14 DEBUG    valid: 002001_2010-04-29_[-1.01102616 -0.7334219  -0.8009246  -0.86585714  1.47244001  0.99385993
  0.94492987 -1.01102616 -0.7334219  -0.8009246  -0.86585714  1.47244001
  0.99385993  0.94492987]
mylog        Mon, 03 Jul 2017 18:04:14 DEBUG    valid: 002001_2010-04-28_[-1.10463001 -0.58480695 -0.8127155  -0.88465578  1.4655614   0.9851805
  0.93606634 -1.10463001 -0.58480695 -0.8127155  -0.88465578  1.4655614
  0.9851805   0.93606634]
mylog        Mon, 03 Jul 2017 18:04:14 DEBUG    valid: 002001_2010-04-27_[-1.03656471 -0.57407396 -0.82201313 -0.95494547  1.47732222  0.98053338
  0.92974167 -1.03656471 -0.57407396 -0.82201313 -0.95494547  1.47732222
  0.98053338  0.92974167]
mylog        Mon, 03 Jul 2017 18:04:15 DEBUG    valid: 002001_2010-04-26_[-0.7216786  -0.66569557 -0.92305579 -1.07653309  1.49396853  0.9731229
  0.91987162 -0.7216786  -0.66569557 -0.92305579 -1.07653309  1.49396853
  0.9731229   0.91987162]
mylog        Mon, 03 Jul 2017 18:04:15 DEBUG    invalid: 002001_2010-04-25_None
mylog        Mon, 03 Jul 2017 18:04:15 DEBUG    invalid: 002001_2010-04-24_None
mylog        Mon, 03 Jul 2017 18:04:15 DEBUG    valid: 002001_2010-04-23_[-0.21477315 -0.86846612 -1.01835143 -1.17481656  1.45972773  0.93515589
  0.88152364 -0.21477315 -0.86846612 -1.01835143 -1.17481656  1.45972773
  0.93515589  0.88152364]
mylog        Mon, 03 Jul 2017 18:04:16 DEBUG    invalid: 002001_2010-04-22_None
mylog        Mon, 03 Jul 2017 18:04:16 DEBUG    valid: 002001_2010-04-21_[-0.16632551 -0.98932304 -1.01596609 -1.13837719  1.02698135  1.09288979
  1.19012068 -0.16632551 -0.98932304 -1.01596609 -1.13837719  1.02698135
  1.09288979  1.19012068]
mylog        Mon, 03 Jul 2017 18:04:16 DEBUG    valid: 002001_2010-04-20_[-0.66381033 -0.96817055 -0.83404343 -0.97906876  1.07758967  1.13868587
  1.22881753 -0.66381033 -0.96817055 -0.83404343 -0.97906876  1.07758967
  1.13868587  1.22881753]
mylog        Mon, 03 Jul 2017 18:04:17 DEBUG    valid: 002001_2010-04-19_[-0.85803102 -0.84831132 -0.82117215 -0.93222666  1.08474449  1.14387928
  1.23111738 -0.85803102 -0.84831132 -0.82117215 -0.93222666  1.08474449
  1.14387928  1.23111738]
mylog        Mon, 03 Jul 2017 18:04:17 DEBUG    invalid: 002001_2010-04-18_None
mylog        Mon, 03 Jul 2017 18:04:17 DEBUG    invalid: 002001_2010-04-17_None
mylog        Mon, 03 Jul 2017 18:04:17 DEBUG    valid: 002001_2010-04-16_[-1.06162176 -0.77102253 -0.74663779 -0.86710771  1.08321565  1.13982836
  1.22334578 -1.06162176 -0.77102253 -0.74663779 -0.86710771  1.08321565
  1.13982836  1.22334578]
mylog        Mon, 03 Jul 2017 18:04:18 DEBUG    valid: 002001_2010-04-15_[-0.99085484 -0.74394395 -0.76988361 -0.9258076   0.97599962  1.06900984
  1.38548053 -0.99085484 -0.74394395 -0.76988361 -0.9258076   0.97599962
  1.06900984  1.38548053]
mylog        Mon, 03 Jul 2017 18:04:18 DEBUG    valid: 002001_2010-04-14_[-0.85560609 -0.78122078 -0.80347956 -0.99284284  0.97212092  1.06777719
  1.39325116 -0.85560609 -0.78122078 -0.80347956 -0.99284284  0.97212092
  1.06777719  1.39325116]
mylog        Mon, 03 Jul 2017 18:04:18 DEBUG    valid: 002001_2010-04-13_[-0.45800258 -0.76855649 -0.96153646 -1.17805259  0.93888256  1.04059412
  1.38667145 -0.45800258 -0.76855649 -0.96153646 -1.17805259  0.93888256
  1.04059412  1.38667145]
mylog        Mon, 03 Jul 2017 18:04:19 DEBUG    valid: 002001_2010-04-12_[-0.84476287 -0.75725939 -0.83450504 -0.99700882  0.97644756  1.06977288
  1.38731568 -0.84476287 -0.75725939 -0.83450504 -0.99700882  0.97644756
  1.06977288  1.38731568]
mylog        Mon, 03 Jul 2017 18:04:19 DEBUG    invalid: 002001_2010-04-11_None
mylog        Mon, 03 Jul 2017 18:04:19 DEBUG    invalid: 002001_2010-04-10_None
mylog        Mon, 03 Jul 2017 18:04:19 DEBUG    valid: 002001_2010-04-09_[-0.79117108 -0.7632006  -0.86955834 -1.00817281  0.97615052  1.06937549
  1.38657682 -0.79117108 -0.7632006  -0.86955834 -1.00817281  0.97615052
  1.06937549  1.38657682]
mylog        Mon, 03 Jul 2017 18:04:20 DEBUG    valid: 002001_2010-04-08_[-0.86576441 -0.74850659 -0.86589647 -0.9609821   1.08428453  0.99976077
  1.35710428 -0.86576441 -0.74850659 -0.86589647 -0.9609821   1.08428453
  0.99976077  1.35710428]
mylog        Mon, 03 Jul 2017 18:04:20 DEBUG    valid: 002001_2010-04-07_[-0.1755331  -0.89381461 -1.06343495 -1.16016231  1.03088857  0.94098568
  1.32107071 -0.1755331  -0.89381461 -1.06343495 -1.16016231  1.03088857
  0.94098568  1.32107071]
mylog        Mon, 03 Jul 2017 18:04:20 DEBUG    valid: 002001_2010-04-06_[-0.94581348 -0.76548746 -0.83812489 -0.89491118  1.0891015   1.00963379
  1.34560172 -0.94581348 -0.76548746 -0.83812489 -0.89491118  1.0891015
  1.00963379  1.34560172]
mylog        Mon, 03 Jul 2017 18:04:21 DEBUG    invalid: 002001_2010-04-05_None
mylog        Mon, 03 Jul 2017 18:04:21 DEBUG    invalid: 002001_2010-04-04_None
mylog        Mon, 03 Jul 2017 18:04:21 DEBUG    invalid: 002001_2010-04-03_None
mylog        Mon, 03 Jul 2017 18:04:21 DEBUG    valid: 002001_2010-04-02_[-0.7730632  -0.80102316 -0.90416432 -0.96358843  1.08624289  1.00404686
  1.35154937 -0.7730632  -0.80102316 -0.90416432 -0.96358843  1.08624289
  1.00404686  1.35154937]
mylog        Mon, 03 Jul 2017 18:04:22 DEBUG    valid: 002001_2010-04-01_[-0.81878178 -0.82055531 -0.89337945 -0.91642598  1.00379927  1.12055112
  1.32479212 -0.81878178 -0.82055531 -0.89337945 -0.91642598  1.00379927
  1.12055112  1.32479212]
mylog        Mon, 03 Jul 2017 18:04:22 DEBUG    valid: 002001_2010-03-31_[-0.6738789  -0.89430525 -0.9374204  -0.93350678  0.99959581  1.11703557
  1.32247995 -0.6738789  -0.89430525 -0.9374204  -0.93350678  0.99959581
  1.11703557  1.32247995]
mylog        Mon, 03 Jul 2017 18:04:23 DEBUG    valid: 002001_2010-03-30_[-0.73628502 -0.90123208 -0.92068243 -0.88792836  1.00530471  1.12004797
  1.32077521 -0.73628502 -0.90123208 -0.92068243 -0.88792836  1.00530471
  1.12004797  1.32077521]
mylog        Mon, 03 Jul 2017 18:04:23 DEBUG    valid: 002001_2010-03-29_[-0.77570303 -0.88752798 -0.94326317 -0.84135402  1.00670808  1.12078728
  1.32035284 -0.77570303 -0.88752798 -0.94326317 -0.84135402  1.00670808
  1.12078728  1.32035284]
mylog        Mon, 03 Jul 2017 18:04:23 DEBUG    invalid: 002001_2010-03-28_None
mylog        Mon, 03 Jul 2017 18:04:23 DEBUG    invalid: 002001_2010-03-27_None
mylog        Mon, 03 Jul 2017 18:04:24 DEBUG    valid: 002001_2010-03-26_[-0.93006546 -0.85722073 -0.88410626 -0.77781733  1.0108588   1.12198001
  1.31637098 -0.93006546 -0.85722073 -0.88410626 -0.77781733  1.0108588
  1.12198001  1.31637098]
mylog        Mon, 03 Jul 2017 18:04:24 DEBUG    valid: 002001_2010-03-25_[-0.97484171 -0.84330433 -0.85342172 -0.75040159  0.86637221  1.15339781
  1.40219933 -0.97484171 -0.84330433 -0.85342172 -0.75040159  0.86637221
  1.15339781  1.40219933]
mylog        Mon, 03 Jul 2017 18:04:24 DEBUG    valid: 002001_2010-03-24_[-0.87323292 -0.89124423 -0.87495124 -0.7853389   0.86035894  1.15465312
  1.40975522 -0.87323292 -0.89124423 -0.87495124 -0.7853389   0.86035894
  1.15465312  1.40975522]
mylog        Mon, 03 Jul 2017 18:04:25 DEBUG    valid: 002001_2010-03-23_[-0.73906171 -0.94196467 -0.92434407 -0.8127765   0.85287888  1.1526913
  1.41257677 -0.73906171 -0.94196467 -0.92434407 -0.8127765   0.85287888
  1.1526913   1.41257677]
mylog        Mon, 03 Jul 2017 18:04:25 DEBUG    valid: 002001_2010-03-22_[-0.84226449 -0.9413813  -0.87408591 -0.76578949  0.86375943  1.1540605
  1.40570127 -0.84226449 -0.9413813  -0.87408591 -0.76578949  0.86375943
  1.1540605   1.40570127]
mylog        Mon, 03 Jul 2017 18:04:25 DEBUG    invalid: 002001_2010-03-21_None
mylog        Mon, 03 Jul 2017 18:04:26 DEBUG    invalid: 002001_2010-03-20_None
mylog        Mon, 03 Jul 2017 18:04:26 DEBUG    valid: 002001_2010-03-19_[-0.93838197 -0.88720044 -0.84965059 -0.7482578   0.86692052  1.15390305
  1.40266723 -0.93838197 -0.88720044 -0.84965059 -0.7482578   0.86692052
  1.15390305  1.40266723]
mylog        Mon, 03 Jul 2017 18:04:26 DEBUG    valid: 002001_2010-03-18_[-0.96907542 -0.8729844  -0.83210583 -0.76971222  1.04632542  1.04876238
  1.34879007 -0.96907542 -0.8729844  -0.83210583 -0.76971222  1.04632542
  1.04876238  1.34879007]
mylog        Mon, 03 Jul 2017 18:04:27 DEBUG    valid: 002001_2010-03-17_[-0.92451529 -0.86451988 -0.85119442 -0.80646088  1.04512554  1.04761375
  1.35395117 -0.92451529 -0.86451988 -0.85119442 -0.80646088  1.04512554
  1.04761375  1.35395117]
mylog        Mon, 03 Jul 2017 18:04:27 DEBUG    valid: 002001_2010-03-16_[-1.00668643 -0.84760134 -0.80616829 -0.78073204  1.04463936  1.04709525
  1.34945349 -1.00668643 -0.84760134 -0.80616829 -0.78073204  1.04463936
  1.04709525  1.34945349]
mylog        Mon, 03 Jul 2017 18:04:27 DEBUG    invalid: 002001_2010-03-15_None
mylog        Mon, 03 Jul 2017 18:04:28 DEBUG    invalid: 002001_2010-03-14_None
mylog        Mon, 03 Jul 2017 18:04:28 DEBUG    invalid: 002001_2010-03-13_None
mylog        Mon, 03 Jul 2017 18:04:28 DEBUG    valid: 002001_2010-03-12_[-0.81201887 -0.92626308 -0.82053521 -0.88606362  1.04011873  1.04271253
  1.36204952 -0.81201887 -0.92626308 -0.82053521 -0.88606362  1.04011873
  1.04271253  1.36204952]
mylog        Mon, 03 Jul 2017 18:04:29 DEBUG    valid: 002001_2010-03-11_[-0.91130458 -0.90744362 -0.75697149 -0.85243586  0.94079584  1.05950426
  1.42785546 -0.91130458 -0.90744362 -0.75697149 -0.85243586  0.94079584
  1.05950426  1.42785546]
mylog        Mon, 03 Jul 2017 18:04:29 DEBUG    valid: 002001_2010-03-10_[-0.84125506 -0.91457629 -0.78706572 -0.88537118  0.93633578  1.05768831
  1.43424416 -0.84125506 -0.91457629 -0.78706572 -0.88537118  0.93633578
  1.05768831  1.43424416]
mylog        Mon, 03 Jul 2017 18:04:29 DEBUG    valid: 002001_2010-03-09_[-1.00161086 -0.87214795 -0.74453732 -0.80481347  0.93975702  1.05808732
  1.42526526 -1.00161086 -0.87214795 -0.74453732 -0.80481347  0.93975702
  1.05808732  1.42526526]
mylog        Mon, 03 Jul 2017 18:04:30 DEBUG    valid: 002001_2010-03-08_[-0.96270373 -0.86547577 -0.75816093 -0.8390432   0.93579096  1.0568985
  1.43269417 -0.96270373 -0.86547577 -0.75816093 -0.8390432   0.93579096
  1.0568985   1.43269417]
mylog        Mon, 03 Jul 2017 18:04:30 DEBUG    invalid: 002001_2010-03-07_None
mylog        Mon, 03 Jul 2017 18:04:30 DEBUG    invalid: 002001_2010-03-06_None
mylog        Mon, 03 Jul 2017 18:04:30 DEBUG    valid: 002001_2010-03-05_[-0.98418773 -0.74214623 -0.81222312 -0.88285772  0.93055026  1.05396101
  1.43690352 -0.98418773 -0.74214623 -0.81222312 -0.88285772  0.93055026
  1.05396101  1.43690352]
mylog        Mon, 03 Jul 2017 18:04:31 DEBUG    valid: 002001_2010-03-04_[-0.85255564 -0.7183451  -0.87822469 -0.95007446  0.81649802  1.08965116
  1.49305071 -0.85255564 -0.7183451  -0.87822469 -0.95007446  0.81649802
  1.08965116  1.49305071]
mylog        Mon, 03 Jul 2017 18:04:31 DEBUG    valid: 002001_2010-03-03_[-0.92623902 -0.68678801 -0.8662146  -0.92047781  0.82469089  1.09092419
  1.48410435 -0.92623902 -0.68678801 -0.8662146  -0.92047781  0.82469089
  1.09092419  1.48410435]
mylog        Mon, 03 Jul 2017 18:04:32 DEBUG    valid: 002001_2010-03-02_[-0.84374439 -0.70189936 -0.90146821 -0.95237447  0.82216802  1.09051118
  1.48680723 -0.84374439 -0.70189936 -0.90146821 -0.95237447  0.82216802
  1.09051118  1.48680723]
mylog        Mon, 03 Jul 2017 18:04:32 DEBUG    valid: 002001_2010-03-01_[-0.26339265 -0.83317956 -1.07231178 -1.11499498  0.76660955  1.0496408
  1.46762862 -0.26339265 -0.83317956 -1.07231178 -1.11499498  0.76660955
  1.0496408   1.46762862]
mylog        Mon, 03 Jul 2017 18:04:32 DEBUG    invalid: 002001_2010-02-28_None
mylog        Mon, 03 Jul 2017 18:04:32 DEBUG    invalid: 002001_2010-02-27_None
mylog        Mon, 03 Jul 2017 18:04:33 DEBUG    valid: 002001_2010-02-26_[-0.62117856 -0.85240412 -0.96545787 -0.95320019  0.82858643  1.08930743
  1.47434689 -0.62117856 -0.85240412 -0.96545787 -0.95320019  0.82858643
  1.08930743  1.47434689]
mylog        Mon, 03 Jul 2017 18:04:33 DEBUG    valid: 002001_2010-02-25_[-0.7692513  -0.86202298 -0.92635373 -0.88651532  1.06450855  1.02156322
  1.35807155 -0.7692513  -0.86202298 -0.92635373 -0.88651532  1.06450855
  1.02156322  1.35807155]
mylog        Mon, 03 Jul 2017 18:04:34 DEBUG    valid: 002001_2010-02-24_[-0.7906749  -0.89403427 -0.89144167 -0.86993998  1.0661152   1.02366209
  1.35631354 -0.7906749  -0.89403427 -0.89144167 -0.86993998  1.0661152
  1.02366209  1.35631354]
mylog        Mon, 03 Jul 2017 18:04:34 DEBUG    valid: 002001_2010-02-23_[-0.70231628 -0.96559405 -0.86035058 -0.90944756  1.06191958  1.01874601
  1.35704288 -0.70231628 -0.96559405 -0.86035058 -0.90944756  1.06191958
  1.01874601  1.35704288]
mylog        Mon, 03 Jul 2017 18:04:34 DEBUG    valid: 002001_2010-02-22_[-0.96226978 -0.89992238 -0.7678465  -0.8132089   1.06789757  1.02684795
  1.34850202 -0.96226978 -0.89992238 -0.7678465  -0.8132089   1.06789757
  1.02684795  1.34850202]
mylog        Mon, 03 Jul 2017 18:04:35 DEBUG    invalid: 002001_2010-02-21_None
mylog        Mon, 03 Jul 2017 18:04:35 DEBUG    invalid: 002001_2010-02-20_None
mylog        Mon, 03 Jul 2017 18:04:35 DEBUG    invalid: 002001_2010-02-19_None
mylog        Mon, 03 Jul 2017 18:04:35 DEBUG    invalid: 002001_2010-02-18_None
mylog        Mon, 03 Jul 2017 18:04:35 DEBUG    invalid: 002001_2010-02-17_None
mylog        Mon, 03 Jul 2017 18:04:35 DEBUG    invalid: 002001_2010-02-16_None
mylog        Mon, 03 Jul 2017 18:04:36 DEBUG    invalid: 002001_2010-02-15_None
mylog        Mon, 03 Jul 2017 18:04:36 DEBUG    invalid: 002001_2010-02-14_None
mylog        Mon, 03 Jul 2017 18:04:36 DEBUG    invalid: 002001_2010-02-13_None
mylog        Mon, 03 Jul 2017 18:04:36 DEBUG    valid: 002001_2010-02-12_[-0.91026601 -0.92032708 -0.78628833 -0.82847914  1.06753092  1.02593074
  1.35189891 -0.91026601 -0.92032708 -0.78628833 -0.82847914  1.06753092
  1.02593074  1.35189891]
mylog        Mon, 03 Jul 2017 18:04:37 DEBUG    valid: 002001_2010-02-11_[-0.95884434 -0.90466593 -0.7763138  -0.81125434  1.19353771  1.00913947
  1.24840123 -0.95884434 -0.90466593 -0.7763138  -0.81125434  1.19353771
  1.00913947  1.24840123]
mylog        Mon, 03 Jul 2017 18:04:37 DEBUG    valid: 002001_2010-02-10_[-0.93721297 -0.87282525 -0.81926981 -0.82447037  1.19528067  1.00728244
  1.25121529 -0.93721297 -0.87282525 -0.81926981 -0.82447037  1.19528067
  1.00728244  1.25121529]
mylog        Mon, 03 Jul 2017 18:04:37 DEBUG    valid: 002001_2010-02-09_[-0.92952223 -0.78080353 -0.89659528 -0.84539895  1.19628934  1.00190737
  1.25412329 -0.92952223 -0.78080353 -0.89659528 -0.84539895  1.19628934
  1.00190737  1.25412329]
mylog        Mon, 03 Jul 2017 18:04:38 DEBUG    valid: 002001_2010-02-08_[-1.02911458 -0.73970431 -0.87692092 -0.7981725   1.19300608  1.00067696
  1.25022926 -1.02911458 -0.73970431 -0.87692092 -0.7981725   1.19300608
  1.00067696  1.25022926]
mylog        Mon, 03 Jul 2017 18:04:38 DEBUG    invalid: 002001_2010-02-07_None
mylog        Mon, 03 Jul 2017 18:04:38 DEBUG    invalid: 002001_2010-02-06_None
mylog        Mon, 03 Jul 2017 18:04:38 DEBUG    valid: 002001_2010-02-05_[-1.01240005 -0.74648095 -0.88860687 -0.79789059  1.19382481  1.00008634
  1.25146731 -1.01240005 -0.74648095 -0.88860687 -0.79789059  1.19382481
  1.00008634  1.25146731]
mylog        Mon, 03 Jul 2017 18:04:39 DEBUG    valid: 002001_2010-02-04_[-0.78438    -0.82672033 -0.9699956  -0.87074547  1.03695223  1.13302148
  1.28186769 -0.78438    -0.82672033 -0.9699956  -0.87074547  1.03695223
  1.13302148  1.28186769]
mylog        Mon, 03 Jul 2017 18:04:39 DEBUG    valid: 002001_2010-02-03_[-0.31349307 -1.00217127 -1.08104449 -0.96462272  1.00386881  1.10240059
  1.25506216 -0.31349307 -1.00217127 -1.08104449 -0.96462272  1.00386881
  1.10240059  1.25506216]
mylog        Mon, 03 Jul 2017 18:04:39 DEBUG    valid: 002001_2010-02-02_[-0.76910877 -0.97086687 -0.9309534  -0.77855652  1.04331085  1.13334191
  1.27283279 -0.76910877 -0.97086687 -0.9309534  -0.77855652  1.04331085
  1.13334191  1.27283279]
mylog        Mon, 03 Jul 2017 18:04:40 DEBUG    valid: 002001_2010-02-01_[-0.91783713 -0.93517866 -0.88010025 -0.71733463  1.04648625  1.13410531
  1.2698591  -0.91783713 -0.93517866 -0.88010025 -0.71733463  1.04648625
  1.13410531  1.2698591 ]
mylog        Mon, 03 Jul 2017 18:04:40 DEBUG    invalid: 002001_2010-01-31_None
mylog        Mon, 03 Jul 2017 18:04:40 DEBUG    invalid: 002001_2010-01-30_None
mylog        Mon, 03 Jul 2017 18:04:41 DEBUG    valid: 002001_2010-01-29_[-0.90360443 -0.94879746 -0.87866015 -0.71926749  1.04583149  1.13396984
  1.27052821 -0.90360443 -0.94879746 -0.87866015 -0.71926749  1.04583149
  1.13396984  1.27052821]
mylog        Mon, 03 Jul 2017 18:04:41 DEBUG    valid: 002001_2010-01-28_[-1.01356696 -0.89977466 -0.84520522 -0.68554707  1.02014991  1.20008003
  1.22386397 -1.01356696 -0.89977466 -0.84520522 -0.68554707  1.02014991
  1.20008003  1.22386397]
mylog        Mon, 03 Jul 2017 18:04:41 DEBUG    valid: 002001_2010-01-27_[-1.02161838 -0.89786696 -0.82511945 -0.69961436  1.0180959   1.20097476
  1.22514849 -1.02161838 -0.89786696 -0.82511945 -0.69961436  1.0180959
  1.20097476  1.22514849]
mylog        Mon, 03 Jul 2017 18:04:42 DEBUG    valid: 002001_2010-01-26_[-0.93310513 -0.94453954 -0.80959228 -0.76392782  1.01465214  1.20563391
  1.23087871 -0.93310513 -0.94453954 -0.80959228 -0.76392782  1.01465214
  1.20563391  1.23087871]
mylog        Mon, 03 Jul 2017 18:04:42 DEBUG    valid: 002001_2010-01-25_[-1.02315569 -0.92470229 -0.74556664 -0.74991246  1.01278633  1.20272211
  1.22782864 -1.02315569 -0.92470229 -0.74556664 -0.74991246  1.01278633
  1.20272211  1.22782864]
mylog        Mon, 03 Jul 2017 18:04:42 DEBUG    invalid: 002001_2010-01-24_None
mylog        Mon, 03 Jul 2017 18:04:42 DEBUG    invalid: 002001_2010-01-23_None
mylog        Mon, 03 Jul 2017 18:04:43 DEBUG    valid: 002001_2010-01-22_[-0.93555843 -0.95029838 -0.7695574  -0.79494469  1.01143631  1.20656483
  1.23235776 -0.93555843 -0.95029838 -0.7695574  -0.79494469  1.01143631
  1.20656483  1.23235776]
mylog        Mon, 03 Jul 2017 18:04:43 DEBUG    valid: 002001_2010-01-21_[-0.98527788 -0.93352914 -0.73688747 -0.79109024  1.01301675  1.19334956
  1.24041842 -0.98527788 -0.93352914 -0.73688747 -0.79109024  1.01301675
  1.19334956  1.24041842]
mylog        Mon, 03 Jul 2017 18:04:43 DEBUG    valid: 002001_2010-01-20_[-0.96746839 -0.89321223 -0.76522172 -0.82515254  1.01211673  1.19553232
  1.24340582 -0.96746839 -0.89321223 -0.76522172 -0.82515254  1.01211673
  1.19553232  1.24340582]
mylog        Mon, 03 Jul 2017 18:04:44 DEBUG    valid: 002001_2010-01-19_[-0.99364105 -0.78097371 -0.79331509 -0.88119707  1.00781497  1.19608561
  1.24522633 -0.99364105 -0.78097371 -0.79331509 -0.88119707  1.00781497
  1.19608561  1.24522633]
mylog        Mon, 03 Jul 2017 18:04:44 DEBUG    valid: 002001_2010-01-18_[-1.03606298 -0.69886495 -0.7935286  -0.91176067  1.00321365  1.19364892
  1.24335463 -1.03606298 -0.69886495 -0.7935286  -0.91176067  1.00321365
  1.19364892  1.24335463]
mylog        Mon, 03 Jul 2017 18:04:44 DEBUG    invalid: 002001_2010-01-17_None
mylog        Mon, 03 Jul 2017 18:04:44 DEBUG    invalid: 002001_2010-01-16_None
mylog        Mon, 03 Jul 2017 18:04:45 DEBUG    valid: 002001_2010-01-15_[-1.04991937 -0.67984619 -0.79252243 -0.91490497  1.00197707  1.19271552
  1.24250038 -1.04991937 -0.67984619 -0.79252243 -0.91490497  1.00197707
  1.19271552  1.24250038]
mylog        Mon, 03 Jul 2017 18:04:45 DEBUG    valid: 002001_2010-01-14_[-0.81714764 -0.723555   -0.85619389 -1.01819059  0.83296418  1.2154008
  1.36672214 -0.81714764 -0.723555   -0.85619389 -1.01819059  0.83296418
  1.2154008   1.36672214]
mylog        Mon, 03 Jul 2017 18:04:45 DEBUG    valid: 002001_2010-01-13_[-0.31519964 -0.89747568 -0.977336   -1.13615853  0.79340561  1.18826395
  1.34450029 -0.31519964 -0.89747568 -0.977336   -1.13615853  0.79340561
  1.18826395  1.34450029]
mylog        Mon, 03 Jul 2017 18:04:46 DEBUG    valid: 002001_2010-01-12_[-0.52037599 -0.90030252 -0.92355153 -1.04513076  0.83172921  1.20497368
  1.35265791 -0.52037599 -0.90030252 -0.92355153 -1.04513076  0.83172921
  1.20497368  1.35265791]
mylog        Mon, 03 Jul 2017 18:04:46 DEBUG    valid: 002001_2010-01-11_[-0.85372461 -0.81952235 -0.83034417 -0.92721542  0.8640033   1.21413258
  1.35267066 -0.85372461 -0.81952235 -0.83034417 -0.92721542  0.8640033
  1.21413258  1.35267066]
mylog        Mon, 03 Jul 2017 18:04:46 DEBUG    invalid: 002001_2010-01-10_None
mylog        Mon, 03 Jul 2017 18:04:46 DEBUG    invalid: 002001_2010-01-09_None
mylog        Mon, 03 Jul 2017 18:04:47 DEBUG    valid: 002001_2010-01-08_[-0.78919871 -0.84072717 -0.85599274 -0.94332974  0.86241243  1.21388347
  1.35295246 -0.78919871 -0.84072717 -0.85599274 -0.94332974  0.86241243
  1.21388347  1.35295246]
mylog        Mon, 03 Jul 2017 18:04:47 DEBUG    valid: 002001_2010-01-07_[-0.94977766 -0.74928406 -0.83225941 -0.87649694  0.76841271  1.35056329
  1.28884208 -0.94977766 -0.74928406 -0.83225941 -0.87649694  0.76841271
  1.35056329  1.28884208]
mylog        Mon, 03 Jul 2017 18:04:47 DEBUG    valid: 002001_2010-01-06_[-0.76135759 -0.79119432 -0.91054357 -0.94050246  0.75402681  1.35673601
  1.29283512 -0.76135759 -0.79119432 -0.91054357 -0.94050246  0.75402681
  1.35673601  1.29283512]
mylog        Mon, 03 Jul 2017 18:04:48 DEBUG    valid: 002001_2010-01-05_[-0.71400175 -0.81674977 -0.93914942 -0.93104482  0.75350816  1.35563856
  1.29179904 -0.71400175 -0.81674977 -0.93914942 -0.93104482  0.75350816
  1.35563856  1.29179904]
mylog        Mon, 03 Jul 2017 18:04:48 DEBUG    valid: 002001_2010-01-04_[-0.86038863 -0.78717225 -0.9036885  -0.85989074  0.7687283   1.352133
  1.29027882 -0.86038863 -0.78717225 -0.9036885  -0.85989074  0.7687283
  1.352133    1.29027882]
mylog        Mon, 03 Jul 2017 18:04:48 DEBUG    invalid: 002001_2010-01-03_None
mylog        Mon, 03 Jul 2017 18:04:48 DEBUG    invalid: 002001_2010-01-02_None
mylog        Mon, 03 Jul 2017 18:04:49 DEBUG    invalid: 002001_2010-01-01_None
mylog        Mon, 03 Jul 2017 18:04:49 DEBUG    valid: 002001_2009-12-31_[-0.64574722 -0.86242007 -0.96365119 -0.92327401  0.75402516  1.35224619
  1.28882114 -0.64574722 -0.86242007 -0.96365119 -0.92327401  0.75402516
  1.35224619  1.28882114]
mylog        Mon, 03 Jul 2017 18:04:49 DEBUG    invalid: 002001_2009-12-30_None
mylog        Mon, 03 Jul 2017 18:04:49 DEBUG    valid: 002001_2009-12-29_[-0.80889742 -0.89102216 -0.88912682 -0.85567374  0.95508682  1.33892439
  1.15070893 -0.80889742 -0.89102216 -0.88912682 -0.85567374  0.95508682
  1.33892439  1.15070893]
mylog        Mon, 03 Jul 2017 18:04:50 DEBUG    valid: 002001_2009-12-28_[-0.79865343 -0.91593571 -0.88610384 -0.84336767  0.95586663  1.3377177
  1.15047633 -0.79865343 -0.91593571 -0.88610384 -0.84336767  0.95586663
  1.3377177   1.15047633]
mylog        Mon, 03 Jul 2017 18:04:50 DEBUG    invalid: 002001_2009-12-27_None
mylog        Mon, 03 Jul 2017 18:04:50 DEBUG    invalid: 002001_2009-12-26_None
mylog        Mon, 03 Jul 2017 18:04:50 DEBUG    valid: 002001_2009-12-25_[-0.78545414 -0.93114791 -0.89228434 -0.83429384  0.956811    1.3362022
  1.15016703 -0.78545414 -0.93114791 -0.89228434 -0.83429384  0.956811
  1.3362022   1.15016703]
mylog        Mon, 03 Jul 2017 18:04:51 DEBUG    valid: 002001_2009-12-24_[-0.87081591 -0.91746051 -0.86729414 -0.80368321  1.07552704  1.23661292
  1.14711382 -0.87081591 -0.91746051 -0.86729414 -0.80368321  1.07552704
  1.23661292  1.14711382]
mylog        Mon, 03 Jul 2017 18:04:51 DEBUG    valid: 002001_2009-12-23_[-0.98862114 -0.8720609  -0.83313427 -0.76040593  1.07516109  1.23352357
  1.14553759 -0.98862114 -0.8720609  -0.83313427 -0.76040593  1.07516109
  1.23352357  1.14553759]
mylog        Mon, 03 Jul 2017 18:04:51 DEBUG    valid: 002001_2009-12-22_[-0.94540384 -0.85461549 -0.86263917 -0.79530994  1.07420079  1.23715139
  1.14661625 -0.94540384 -0.85461549 -0.86263917 -0.79530994  1.07420079
  1.23715139  1.14661625]
mylog        Mon, 03 Jul 2017 18:04:52 DEBUG    valid: 002001_2009-12-21_[-0.93830083 -0.85944804 -0.86724083 -0.79311133  1.07330021  1.23821309
  1.14658772 -0.93830083 -0.85944804 -0.86724083 -0.79311133  1.07330021
  1.23821309  1.14658772]
mylog        Mon, 03 Jul 2017 18:04:52 DEBUG    invalid: 002001_2009-12-20_None
mylog        Mon, 03 Jul 2017 18:04:52 DEBUG    invalid: 002001_2009-12-19_None
mylog        Mon, 03 Jul 2017 18:04:52 DEBUG    valid: 002001_2009-12-18_[-0.94598731 -0.88306252 -0.84392157 -0.7842718   1.0724588   1.23852539
  1.14625901 -0.94598731 -0.88306252 -0.84392157 -0.7842718   1.0724588
  1.23852539  1.14625901]
mylog        Mon, 03 Jul 2017 18:04:53 DEBUG    valid: 002001_2009-12-17_[-0.90123582 -0.90935487 -0.83989545 -0.80924245  1.0838318   1.1466216
  1.2292752  -0.90123582 -0.90935487 -0.83989545 -0.80924245  1.0838318
  1.1466216   1.2292752 ]
mylog        Mon, 03 Jul 2017 18:04:53 DEBUG    valid: 002001_2009-12-16_[-0.77114441 -0.95561078 -0.88553702 -0.84465904  1.08170027  1.1455808
  1.22967018 -0.77114441 -0.95561078 -0.88553702 -0.84465904  1.08170027
  1.1455808   1.22967018]
mylog        Mon, 03 Jul 2017 18:04:54 DEBUG    valid: 002001_2009-12-15_[-0.9019052  -0.92316496 -0.84491318 -0.78881609  1.08412075  1.14636899
  1.22830969 -0.9019052  -0.92316496 -0.84491318 -0.78881609  1.08412075
  1.14636899  1.22830969]
mylog        Mon, 03 Jul 2017 18:04:54 DEBUG    valid: 002001_2009-12-14_[-0.99307892 -0.88281088 -0.81456476 -0.76379984  1.08332581  1.14492267
  1.22600593 -0.99307892 -0.88281088 -0.81456476 -0.76379984  1.08332581
  1.14492267  1.22600593]
mylog        Mon, 03 Jul 2017 18:04:54 DEBUG    invalid: 002001_2009-12-13_None
mylog        Mon, 03 Jul 2017 18:04:54 DEBUG    invalid: 002001_2009-12-12_None
mylog        Mon, 03 Jul 2017 18:04:55 DEBUG    valid: 002001_2009-12-11_[-0.97111975 -0.8481725  -0.85355665 -0.78406701  1.08242431  1.14563921
  1.2288524  -0.97111975 -0.8481725  -0.85355665 -0.78406701  1.08242431
  1.14563921  1.2288524 ]
mylog        Mon, 03 Jul 2017 18:04:55 DEBUG    valid: 002001_2009-12-10_[-0.98290592 -0.80510726 -0.86292901 -0.80337328  1.08849079  1.10459337
  1.26123131 -0.98290592 -0.80510726 -0.86292901 -0.80337328  1.08849079
  1.10459337  1.26123131]
mylog        Mon, 03 Jul 2017 18:04:55 DEBUG    valid: 002001_2009-12-09_[-0.91369409 -0.84496064 -0.86893842 -0.83087807  1.08889304  1.10524709
  1.26433109 -0.91369409 -0.84496064 -0.86893842 -0.83087807  1.08889304
  1.10524709  1.26433109]
mylog        Mon, 03 Jul 2017 18:04:56 DEBUG    valid: 002001_2009-12-08_[-0.89040584 -0.85591664 -0.86535428 -0.84747516  1.08883121  1.10525911
  1.2650616  -0.89040584 -0.85591664 -0.86535428 -0.84747516  1.08883121
  1.10525911  1.2650616 ]
mylog        Mon, 03 Jul 2017 18:04:56 DEBUG    valid: 002001_2009-12-07_[-0.72578337 -0.91683856 -0.89421546 -0.91595699  1.08477157  1.10169586
  1.26632695 -0.72578337 -0.91683856 -0.89421546 -0.91595699  1.08477157
  1.10169586  1.26632695]
mylog        Mon, 03 Jul 2017 18:04:56 DEBUG    invalid: 002001_2009-12-06_None
mylog        Mon, 03 Jul 2017 18:04:56 DEBUG    invalid: 002001_2009-12-05_None
mylog        Mon, 03 Jul 2017 18:04:57 DEBUG    valid: 002001_2009-12-04_[-0.74144482 -0.95470742 -0.85848818 -0.89854404  1.08578731  1.10248503
  1.26491212 -0.74144482 -0.95470742 -0.85848818 -0.89854404  1.08578731
  1.10248503  1.26491212]
mylog        Mon, 03 Jul 2017 18:04:57 DEBUG    valid: 002001_2009-12-03_[-0.98173515 -0.87708444 -0.7790753  -0.80294172  1.322294    0.95279966
  1.16574296 -0.98173515 -0.87708444 -0.7790753  -0.80294172  1.322294
  0.95279966  1.16574296]
mylog        Mon, 03 Jul 2017 18:04:57 DEBUG    valid: 002001_2009-12-02_[-0.90361684 -0.87456311 -0.81960954 -0.84736877  1.32833554  0.94914598
  1.16767674 -0.90361684 -0.87456311 -0.81960954 -0.84736877  1.32833554
  0.94914598  1.16767674]
mylog        Mon, 03 Jul 2017 18:04:58 DEBUG    valid: 002001_2009-12-01_[-0.87723309 -0.87130752 -0.82136092 -0.87530024  1.33030005  0.94700144
  1.16790029 -0.87723309 -0.87130752 -0.82136092 -0.87530024  1.33030005
  0.94700144  1.16790029]
mylog        Mon, 03 Jul 2017 18:04:58 DEBUG    valid: 002001_2009-11-30_[-0.9697705  -0.80229764 -0.8108254  -0.85860499  1.32810893  0.94682629
  1.16656331 -0.9697705  -0.80229764 -0.8108254  -0.85860499  1.32810893
  0.94682629  1.16656331]
mylog        Mon, 03 Jul 2017 18:04:58 DEBUG    invalid: 002001_2009-11-29_None
mylog        Mon, 03 Jul 2017 18:04:58 DEBUG    invalid: 002001_2009-11-28_None
mylog        Mon, 03 Jul 2017 18:04:59 DEBUG    valid: 002001_2009-11-27_[-0.95658884 -0.77587261 -0.81634054 -0.89138366  1.33227038  0.94129657
  1.16661871 -0.95658884 -0.77587261 -0.81634054 -0.89138366  1.33227038
  0.94129657  1.16661871]
mylog        Mon, 03 Jul 2017 18:04:59 DEBUG    valid: 002001_2009-11-26_[-0.85497621 -0.81550533 -0.85284536 -0.8989801   1.39313452  0.82903026
  1.20014222 -0.85497621 -0.81550533 -0.85284536 -0.8989801   1.39313452
  0.82903026  1.20014222]
mylog        Mon, 03 Jul 2017 18:05:00 DEBUG    valid: 002001_2009-11-25_[-0.85060182 -0.83552836 -0.85390221 -0.88360337  1.39124591  0.83235324
  1.20003661 -0.85060182 -0.83552836 -0.85390221 -0.88360337  1.39124591
  0.83235324  1.20003661]
mylog        Mon, 03 Jul 2017 18:05:00 DEBUG    valid: 002001_2009-11-24_[-0.67067292 -0.87511841 -0.9362682  -0.92819429  1.39309054  0.8201039
  1.19705939 -0.67067292 -0.87511841 -0.9362682  -0.92819429  1.39309054
  0.8201039   1.19705939]
mylog        Mon, 03 Jul 2017 18:05:00 DEBUG    valid: 002001_2009-11-23_[-0.67209833 -0.9041479  -0.94815102 -0.88729844  1.38977221  0.82527724
  1.19664624 -0.67209833 -0.9041479  -0.94815102 -0.88729844  1.38977221
  0.82527724  1.19664624]
mylog        Mon, 03 Jul 2017 18:05:00 DEBUG    invalid: 002001_2009-11-22_None
mylog        Mon, 03 Jul 2017 18:05:01 DEBUG    invalid: 002001_2009-11-21_None
mylog        Mon, 03 Jul 2017 18:05:01 DEBUG    valid: 002001_2009-11-20_[-0.95519618 -0.8009752  -0.8820492  -0.78364657  1.38238261  0.841984
  1.19750053 -0.95519618 -0.8009752  -0.8820492  -0.78364657  1.38238261
  0.841984    1.19750053]
mylog        Mon, 03 Jul 2017 18:05:01 DEBUG    valid: 002001_2009-11-19_[-0.96520217 -0.80840994 -0.88940874 -0.76259397  1.29480073  0.84681219
  1.28400189 -0.96520217 -0.80840994 -0.88940874 -0.76259397  1.29480073
  0.84681219  1.28400189]
mylog        Mon, 03 Jul 2017 18:05:02 DEBUG    valid: 002001_2009-11-18_[-0.77747454 -0.87335232 -0.95349168 -0.82084127  1.29962522  0.83705959
  1.288475   -0.77747454 -0.87335232 -0.95349168 -0.82084127  1.29962522
  0.83705959  1.288475  ]
mylog        Mon, 03 Jul 2017 18:05:02 DEBUG    valid: 002001_2009-11-17_[-0.85916714 -0.88411676 -0.92704617 -0.75715297  1.295976    0.8463689
  1.28513815 -0.85916714 -0.88411676 -0.92704617 -0.75715297  1.295976
  0.8463689   1.28513815]
mylog        Mon, 03 Jul 2017 18:05:02 DEBUG    valid: 002001_2009-11-16_[-0.59758873 -0.9923652  -0.99532313 -0.81707131  1.29308244  0.82740864
  1.2818573  -0.59758873 -0.9923652  -0.99532313 -0.81707131  1.29308244
  0.82740864  1.2818573 ]
mylog        Mon, 03 Jul 2017 18:05:02 DEBUG    invalid: 002001_2009-11-15_None
mylog        Mon, 03 Jul 2017 18:05:03 DEBUG    invalid: 002001_2009-11-14_None
mylog        Mon, 03 Jul 2017 18:05:03 DEBUG    valid: 002001_2009-11-13_[-0.93227035 -0.92011903 -0.86470384 -0.70811573  1.29097975  0.85378804
  1.28044117 -0.93227035 -0.92011903 -0.86470384 -0.70811573  1.29097975
  0.85378804  1.28044117]
mylog        Mon, 03 Jul 2017 18:05:03 DEBUG    valid: 002001_2009-11-12_[-0.93494085 -0.9337247  -0.82766125 -0.72293945  1.08763913  0.89639028
  1.43523684 -0.93494085 -0.9337247  -0.82766125 -0.72293945  1.08763913
  0.89639028  1.43523684]
mylog        Mon, 03 Jul 2017 18:05:04 DEBUG    valid: 002001_2009-11-11_[-0.99874366 -0.91049057 -0.79904288 -0.70717746  1.08685034  0.89736946
  1.43123476 -0.99874366 -0.91049057 -0.79904288 -0.70717746  1.08685034
  0.89736946  1.43123476]
mylog        Mon, 03 Jul 2017 18:05:04 DEBUG    valid: 002001_2009-11-10_[-0.96226552 -0.94087501 -0.78215458 -0.73129412  1.08640516  0.89390268
  1.43628139 -0.96226552 -0.94087501 -0.78215458 -0.73129412  1.08640516
  0.89390268  1.43628139]
mylog        Mon, 03 Jul 2017 18:05:04 DEBUG    valid: 002001_2009-11-09_[-0.90067586 -0.95192735 -0.77974415 -0.78620332  1.08538759  0.8867517
  1.44641139 -0.90067586 -0.95192735 -0.77974415 -0.78620332  1.08538759
  0.8867517   1.44641139]
mylog        Mon, 03 Jul 2017 18:05:05 DEBUG    invalid: 002001_2009-11-08_None
mylog        Mon, 03 Jul 2017 18:05:05 DEBUG    invalid: 002001_2009-11-07_None
mylog        Mon, 03 Jul 2017 18:05:05 DEBUG    valid: 002001_2009-11-06_[-1.01846947 -0.89287956 -0.71806535 -0.78183907  1.0831728   0.88533549
  1.44274516 -1.01846947 -0.89287956 -0.71806535 -0.78183907  1.0831728
  0.88533549  1.44274516]
mylog        Mon, 03 Jul 2017 18:05:05 DEBUG    valid: 002001_2009-11-05_[-1.02544217 -0.83436216 -0.71471657 -0.81059752  0.96422844  0.87553501
  1.54535497 -1.02544217 -0.83436216 -0.71471657 -0.81059752  0.96422844
  0.87553501  1.54535497]
mylog        Mon, 03 Jul 2017 18:05:06 DEBUG    valid: 002001_2009-11-04_[-1.10539087 -0.79679291 -0.69161449 -0.7809535   0.96265859  0.87498407
  1.53710912 -1.10539087 -0.79679291 -0.69161449 -0.7809535   0.96265859
  0.87498407  1.53710912]
mylog        Mon, 03 Jul 2017 18:05:07 DEBUG    valid: 002001_2009-11-03_[-0.90302929 -0.82299228 -0.75875533 -0.90190158  0.95565547  0.86204875
  1.56897427 -0.90302929 -0.82299228 -0.75875533 -0.90190158  0.95565547
  0.86204875  1.56897427]
mylog        Mon, 03 Jul 2017 18:05:08 DEBUG    valid: 002001_2009-11-02_[-0.83649053 -0.80784041 -0.79861024 -0.93956766  0.94893285  0.85244465
  1.58113134 -0.83649053 -0.80784041 -0.79861024 -0.93956766  0.94893285
  0.85244465  1.58113134]
mylog        Mon, 03 Jul 2017 18:05:08 DEBUG    invalid: 002001_2009-11-01_None
mylog        Mon, 03 Jul 2017 18:05:08 DEBUG    invalid: 002001_2009-10-31_None
mylog        Mon, 03 Jul 2017 18:05:08 DEBUG    valid: 002001_2009-10-30_[-0.72603177 -0.77777331 -0.86666255 -1.00151436  0.94248423  0.84440761
  1.58509016 -0.72603177 -0.77777331 -0.86666255 -1.00151436  0.94248423
  0.84440761  1.58509016]
mylog        Mon, 03 Jul 2017 18:05:09 DEBUG    valid: 002001_2009-10-29_[-0.96785898 -0.61655163 -0.75556878 -0.85482881  0.56255464  0.76810785
  1.86414571 -0.96785898 -0.61655163 -0.75556878 -0.85482881  0.56255464
  0.76810785  1.86414571]
mylog        Mon, 03 Jul 2017 18:05:09 DEBUG    valid: 002001_2009-10-28_[-0.74034055 -0.68437145 -0.83310701 -0.92779161  0.54265291  0.75509464
  1.88786306 -0.74034055 -0.68437145 -0.83310701 -0.92779161  0.54265291
  0.75509464  1.88786306]
mylog        Mon, 03 Jul 2017 18:05:10 DEBUG    valid: 002001_2009-10-27_[-0.54837829 -0.71757854 -0.91431632 -0.9751486   0.52455685  0.74028539
  1.89057949 -0.54837829 -0.71757854 -0.91431632 -0.9751486   0.52455685
  0.74028539  1.89057949]
mylog        Mon, 03 Jul 2017 18:05:10 DEBUG    valid: 002001_2009-10-26_[-0.46501115 -0.73832833 -0.95437619 -0.98763581  0.5270857   0.7404061
  1.87785968 -0.46501115 -0.73832833 -0.95437619 -0.98763581  0.5270857
  0.7404061   1.87785968]
mylog        Mon, 03 Jul 2017 18:05:10 DEBUG    invalid: 002001_2009-10-25_None
mylog        Mon, 03 Jul 2017 18:05:10 DEBUG    invalid: 002001_2009-10-24_None
mylog        Mon, 03 Jul 2017 18:05:11 DEBUG    valid: 002001_2009-10-23_[-0.57734018 -0.7741612  -0.91840847 -0.92341321  0.56389642  0.76869808
  1.86072856 -0.57734018 -0.7741612  -0.91840847 -0.92341321  0.56389642
  0.76869808  1.86072856]
mylog        Mon, 03 Jul 2017 18:05:11 DEBUG    valid: 002001_2009-10-22_[-0.81862191 -0.71602027 -0.75805694 -0.76663797  0.33429492  0.71827404
  2.00676813 -0.81862191 -0.71602027 -0.75805694 -0.76663797  0.33429492
  0.71827404  2.00676813]
mylog        Mon, 03 Jul 2017 18:05:12 DEBUG    valid: 002001_2009-10-21_[-0.56633067 -0.80052749 -0.81130101 -0.84139832  0.29947329  0.6955304
  2.02455379 -0.56633067 -0.80052749 -0.81130101 -0.84139832  0.29947329
  0.6955304   2.02455379]
mylog        Mon, 03 Jul 2017 18:05:12 DEBUG    valid: 002001_2009-10-20_[-0.52139167 -0.84830941 -0.82213603 -0.83390951  0.31190123  0.70215236
  2.01169302 -0.52139167 -0.84830941 -0.82213603 -0.83390951  0.31190123
  0.70215236  2.01169302]
mylog        Mon, 03 Jul 2017 18:05:12 DEBUG    valid: 002001_2009-10-19_[-0.7748707  -0.8291131  -0.70817892 -0.7652489   0.3553876   0.73092636
  1.99109766 -0.7748707  -0.8291131  -0.70817892 -0.7652489   0.3553876
  0.73092636  1.99109766]
mylog        Mon, 03 Jul 2017 18:05:12 DEBUG    invalid: 002001_2009-10-18_None
mylog        Mon, 03 Jul 2017 18:05:13 DEBUG    invalid: 002001_2009-10-17_None
mylog        Mon, 03 Jul 2017 18:05:13 DEBUG    valid: 002001_2009-10-16_[-0.86664664 -0.79402118 -0.6908043  -0.73584418  0.36918232  0.73884325
  1.97929073 -0.86664664 -0.79402118 -0.6908043  -0.73584418  0.36918232
  0.73884325  1.97929073]
mylog        Mon, 03 Jul 2017 18:05:13 DEBUG    valid: 002001_2009-10-15_[-0.8622199  -0.76829208 -0.73943463 -0.76939259  0.36833056  0.85983153
  1.91117711 -0.8622199  -0.76829208 -0.73943463 -0.76939259  0.36833056
  0.85983153  1.91117711]
mylog        Mon, 03 Jul 2017 18:05:14 DEBUG    valid: 002001_2009-10-14_[-0.85977777 -0.73813194 -0.75197189 -0.78448045  0.36180274  0.85683262
  1.9157267  -0.85977777 -0.73813194 -0.75197189 -0.78448045  0.36180274
  0.85683262  1.9157267 ]
mylog        Mon, 03 Jul 2017 18:05:14 DEBUG    valid: 002001_2009-10-13_[-0.83010454 -0.75553315 -0.74312828 -0.80147048  0.35528669  0.85404268
  1.92090708 -0.83010454 -0.75553315 -0.74312828 -0.80147048  0.35528669
  0.85404268  1.92090708]
mylog        Mon, 03 Jul 2017 18:05:14 DEBUG    valid: 002001_2009-10-12_[-0.83983042 -0.66655274 -0.78128969 -0.82730513  0.33904759  0.84588727
  1.93004311 -0.83983042 -0.66655274 -0.78128969 -0.82730513  0.33904759
  0.84588727  1.93004311]
mylog        Mon, 03 Jul 2017 18:05:14 DEBUG    invalid: 002001_2009-10-11_None
mylog        Mon, 03 Jul 2017 18:05:15 DEBUG    invalid: 002001_2009-10-10_None
mylog        Mon, 03 Jul 2017 18:05:15 DEBUG    valid: 002001_2009-10-09_[-0.65899792 -0.73820952 -0.83098997 -0.86905427  0.31843892  0.83593315
  1.94287962 -0.65899792 -0.73820952 -0.83098997 -0.86905427  0.31843892
  0.83593315  1.94287962]
mylog        Mon, 03 Jul 2017 18:05:15 DEBUG    invalid: 002001_2009-10-08_None
mylog        Mon, 03 Jul 2017 18:05:15 DEBUG    invalid: 002001_2009-10-07_None
mylog        Mon, 03 Jul 2017 18:05:15 DEBUG    invalid: 002001_2009-10-06_None
mylog        Mon, 03 Jul 2017 18:05:15 DEBUG    invalid: 002001_2009-10-05_None
mylog        Mon, 03 Jul 2017 18:05:16 DEBUG    invalid: 002001_2009-10-04_None
mylog        Mon, 03 Jul 2017 18:05:16 DEBUG    invalid: 002001_2009-10-03_None
mylog        Mon, 03 Jul 2017 18:05:16 DEBUG    invalid: 002001_2009-10-02_None
mylog        Mon, 03 Jul 2017 18:05:16 DEBUG    invalid: 002001_2009-10-01_None
mylog        Mon, 03 Jul 2017 18:05:16 DEBUG    valid: 002001_2009-09-30_[-0.72629194 -0.79197033 -0.82357771 -0.84373321  0.45322144  0.85782841
  1.87452335 -0.72629194 -0.79197033 -0.82357771 -0.84373321  0.45322144
  0.85782841  1.87452335]
mylog        Mon, 03 Jul 2017 18:05:17 DEBUG    valid: 002001_2009-09-29_[-0.86937667 -0.77771462 -0.79314845 -0.80625747  0.54180475  0.90014295
  1.8045495  -0.86937667 -0.77771462 -0.79314845 -0.80625747  0.54180475
  0.90014295  1.8045495 ]
mylog        Mon, 03 Jul 2017 18:05:17 DEBUG    valid: 002001_2009-09-28_[-0.41400403 -0.87158917 -0.93640303 -0.94573053  0.48276519  0.86284313
  1.82211844 -0.41400403 -0.87158917 -0.93640303 -0.94573053  0.48276519
  0.86284313  1.82211844]
mylog        Mon, 03 Jul 2017 18:05:17 DEBUG    invalid: 002001_2009-09-27_None
mylog        Mon, 03 Jul 2017 18:05:17 DEBUG    invalid: 002001_2009-09-26_None
mylog        Mon, 03 Jul 2017 18:05:18 DEBUG    valid: 002001_2009-09-25_[-0.87350633 -0.79956969 -0.80377931 -0.77930265  0.55691014  0.90736676
  1.79188109 -0.87350633 -0.79956969 -0.80377931 -0.77930265  0.55691014
  0.90736676  1.79188109]
mylog        Mon, 03 Jul 2017 18:05:18 DEBUG    valid: 002001_2009-09-24_[-0.88884195 -0.78948704 -0.80044961 -0.77895602  0.57181515  0.89289095
  1.79302853 -0.88884195 -0.78948704 -0.80044961 -0.77895602  0.57181515
  0.89289095  1.79302853]
mylog        Mon, 03 Jul 2017 18:05:18 DEBUG    valid: 002001_2009-09-23_[-0.84655475 -0.79495207 -0.81142789 -0.79957181  0.56185388  0.88806254
  1.80259011 -0.84655475 -0.79495207 -0.81142789 -0.79957181  0.56185388
  0.88806254  1.80259011]
mylog        Mon, 03 Jul 2017 18:05:19 DEBUG    valid: 002001_2009-09-22_[-0.70048111 -0.84573643 -0.85814449 -0.83495531  0.54641073  0.87951857
  1.81338803 -0.70048111 -0.84573643 -0.85814449 -0.83495531  0.54641073
  0.87951857  1.81338803]
mylog        Mon, 03 Jul 2017 18:05:19 DEBUG    valid: 002001_2009-09-21_[-0.82786285 -0.83076507 -0.819325   -0.77789468  0.56704106  0.89070565
  1.79810089 -0.82786285 -0.83076507 -0.819325   -0.77789468  0.56704106
  0.89070565  1.79810089]
mylog        Mon, 03 Jul 2017 18:05:19 DEBUG    invalid: 002001_2009-09-20_None
mylog        Mon, 03 Jul 2017 18:05:19 DEBUG    invalid: 002001_2009-09-19_None
mylog        Mon, 03 Jul 2017 18:05:20 DEBUG    valid: 002001_2009-09-18_[-0.82779683 -0.83731575 -0.81160477 -0.77700699  0.56387031  0.88907315
  1.80078088 -0.82779683 -0.83731575 -0.81160477 -0.77700699  0.56387031
  0.88907315  1.80078088]
mylog        Mon, 03 Jul 2017 18:05:20 DEBUG    valid: 002001_2009-09-17_[-0.80821397 -0.85911885 -0.82523673 -0.79214785  0.60051091  0.93155758
  1.75264892 -0.80821397 -0.85911885 -0.82523673 -0.79214785  0.60051091
  0.93155758  1.75264892]
mylog        Mon, 03 Jul 2017 18:05:20 DEBUG    valid: 002001_2009-09-16_[-0.87740645 -0.82827573 -0.8039307  -0.77717223  0.60504545  0.9335173
  1.74822237 -0.87740645 -0.82827573 -0.8039307  -0.77717223  0.60504545
  0.9335173   1.74822237]
mylog        Mon, 03 Jul 2017 18:05:21 DEBUG    valid: 002001_2009-09-15_[-0.88233881 -0.8240032  -0.81035714 -0.77022882  0.60564677  0.93374786
  1.74753333 -0.88233881 -0.8240032  -0.81035714 -0.77022882  0.60564677
  0.93374786  1.74753333]
mylog        Mon, 03 Jul 2017 18:05:21 DEBUG    valid: 002001_2009-09-14_[-0.84283639 -0.83919328 -0.82220648 -0.78065997  0.60080045  0.93169313
  1.75240255 -0.84283639 -0.83919328 -0.82220648 -0.78065997  0.60080045
  0.93169313  1.75240255]
mylog        Mon, 03 Jul 2017 18:05:21 DEBUG    invalid: 002001_2009-09-13_None
mylog        Mon, 03 Jul 2017 18:05:21 DEBUG    invalid: 002001_2009-09-12_None
mylog        Mon, 03 Jul 2017 18:05:22 DEBUG    valid: 002001_2009-09-11_[-0.85937553 -0.8193904  -0.82019886 -0.78384166  0.5974451   0.9301181
  1.75524324 -0.85937553 -0.8193904  -0.82019886 -0.78384166  0.5974451
  0.9301181   1.75524324]
mylog        Mon, 03 Jul 2017 18:05:22 DEBUG    valid: 002001_2009-09-10_[-0.7900286  -0.84584487 -0.85991112 -0.81837571  0.71933281  0.86892176
  1.72590574 -0.7900286  -0.84584487 -0.85991112 -0.81837571  0.71933281
  0.86892176  1.72590574]
mylog        Mon, 03 Jul 2017 18:05:23 DEBUG    valid: 002001_2009-09-09_[-0.89579724 -0.81312009 -0.82267617 -0.78699241  0.72765233  0.87458464
  1.71634894 -0.89579724 -0.81312009 -0.82267617 -0.78699241  0.72765233
  0.87458464  1.71634894]
mylog        Mon, 03 Jul 2017 18:05:23 DEBUG    valid: 002001_2009-09-08_[-0.90266136 -0.8302772  -0.80391497 -0.78144597  0.72778672  0.87462981
  1.71588296 -0.90266136 -0.8302772  -0.80391497 -0.78144597  0.72778672
  0.87462981  1.71588296]
mylog        Mon, 03 Jul 2017 18:05:23 DEBUG    valid: 002001_2009-09-07_[-0.76299456 -0.87455948 -0.84032439 -0.83320899  0.71564818  0.86626974
  1.72916949 -0.76299456 -0.87455948 -0.84032439 -0.83320899  0.71564818
  0.86626974  1.72916949]
mylog        Mon, 03 Jul 2017 18:05:23 DEBUG    invalid: 002001_2009-09-06_None
mylog        Mon, 03 Jul 2017 18:05:24 DEBUG    invalid: 002001_2009-09-05_None
mylog        Mon, 03 Jul 2017 18:05:24 DEBUG    valid: 002001_2009-09-04_[-0.81370778 -0.86332407 -0.82155957 -0.81605979  0.7197129   0.86921783
  1.72572049 -0.81370778 -0.86332407 -0.82155957 -0.81605979  0.7197129
  0.86921783  1.72572049]
mylog        Mon, 03 Jul 2017 18:05:24 DEBUG    valid: 002001_2009-09-03_[-0.81590139 -0.8780958  -0.82312093 -0.81103812  0.71830738  0.91356733
  1.69628153 -0.81590139 -0.8780958  -0.82312093 -0.81103812  0.71830738
  0.91356733  1.69628153]
mylog        Mon, 03 Jul 2017 18:05:25 DEBUG    valid: 002001_2009-09-02_[-0.97047597 -0.8269653  -0.78369321 -0.74672738  0.72735363  0.91804791
  1.68246031 -0.97047597 -0.8269653  -0.78369321 -0.74672738  0.72735363
  0.91804791  1.68246031]
mylog        Mon, 03 Jul 2017 18:05:25 DEBUG    valid: 002001_2009-09-01_[-0.90703627 -0.8248915  -0.81517416 -0.77926428  0.71730712  0.91276857
  1.69629052 -0.90703627 -0.8248915  -0.81517416 -0.77926428  0.71730712
  0.91276857  1.69629052]
mylog        Mon, 03 Jul 2017 18:05:25 DEBUG    valid: 002001_2009-08-31_[-0.82208745 -0.84081752 -0.84548192 -0.81486813  0.70898463  0.9080836
  1.70618679 -0.82208745 -0.84081752 -0.84548192 -0.81486813  0.70898463
  0.9080836   1.70618679]
mylog        Mon, 03 Jul 2017 18:05:25 DEBUG    invalid: 002001_2009-08-30_None
mylog        Mon, 03 Jul 2017 18:05:26 DEBUG    invalid: 002001_2009-08-29_None
mylog        Mon, 03 Jul 2017 18:05:26 DEBUG    valid: 002001_2009-08-28_[-0.89056561 -0.81430047 -0.82729573 -0.79220314  0.71259088  0.91007402
  1.70170006 -0.89056561 -0.81430047 -0.82729573 -0.79220314  0.71259088
  0.91007402  1.70170006]
mylog        Mon, 03 Jul 2017 18:05:26 DEBUG    valid: 002001_2009-08-27_[-0.84939461 -0.8264259  -0.84541836 -0.8234898   0.69783953  0.99733855
  1.64955059 -0.84939461 -0.8264259  -0.84541836 -0.8234898   0.69783953
  0.99733855  1.64955059]
mylog        Mon, 03 Jul 2017 18:05:27 DEBUG    valid: 002001_2009-08-26_[-0.82366508 -0.84236657 -0.85392244 -0.82476989  0.69788439  0.99735007
  1.64948952 -0.82366508 -0.84236657 -0.85392244 -0.82476989  0.69788439
  0.99735007  1.64948952]
mylog        Mon, 03 Jul 2017 18:05:27 DEBUG    valid: 002001_2009-08-25_[-0.84348998 -0.84541319 -0.84713313 -0.81036852  0.70146984  0.99876314
  1.64617185 -0.84348998 -0.84541319 -0.84713313 -0.81036852  0.70146984
  0.99876314  1.64617185]
mylog        Mon, 03 Jul 2017 18:05:27 DEBUG    valid: 002001_2009-08-24_[-0.78762598 -0.86461597 -0.87380425 -0.81802694  0.69843074  0.9973483
  1.64829411 -0.78762598 -0.86461597 -0.87380425 -0.81802694  0.69843074
  0.9973483   1.64829411]
mylog        Mon, 03 Jul 2017 18:05:27 DEBUG    invalid: 002001_2009-08-23_None
mylog        Mon, 03 Jul 2017 18:05:28 DEBUG    invalid: 002001_2009-08-22_None
mylog        Mon, 03 Jul 2017 18:05:28 DEBUG    valid: 002001_2009-08-21_[-0.80035171 -0.86535279 -0.86829525 -0.81098573  0.69981694  0.99795745
  1.64721109 -0.80035171 -0.86535279 -0.86829525 -0.81098573  0.69981694
  0.99795745  1.64721109]
mylog        Mon, 03 Jul 2017 18:05:28 DEBUG    valid: 002001_2009-08-20_[-0.88993705 -0.83200114 -0.82517522 -0.79319113  0.60811817  1.13861692
  1.59356947 -0.88993705 -0.83200114 -0.82517522 -0.79319113  0.60811817
  1.13861692  1.59356947]
mylog        Mon, 03 Jul 2017 18:05:29 DEBUG    valid: 002001_2009-08-19_[-0.88999901 -0.847533   -0.7996957  -0.80112602  0.60389889  1.1381445
  1.59631033 -0.88999901 -0.847533   -0.7996957  -0.80112602  0.60389889
  1.1381445   1.59631033]
mylog        Mon, 03 Jul 2017 18:05:29 DEBUG    valid: 002001_2009-08-18_[-0.88251819 -0.85293504 -0.79565387 -0.80654429  0.60192774  1.13799695
  1.5977267  -0.88251819 -0.85293504 -0.79565387 -0.80654429  0.60192774
  1.13799695  1.5977267 ]
mylog        Mon, 03 Jul 2017 18:05:29 DEBUG    valid: 002001_2009-08-17_[-0.82575935 -0.88344636 -0.81023556 -0.81732353  0.59905238  1.13782998
  1.59988243 -0.82575935 -0.88344636 -0.81023556 -0.81732353  0.59905238
  1.13782998  1.59988243]
mylog        Mon, 03 Jul 2017 18:05:29 DEBUG    invalid: 002001_2009-08-16_None
mylog        Mon, 03 Jul 2017 18:05:30 DEBUG    invalid: 002001_2009-08-15_None
mylog        Mon, 03 Jul 2017 18:05:30 DEBUG    valid: 002001_2009-08-14_[-0.78937184 -0.89914237 -0.82085683 -0.8239557   0.59270389  1.13694323
  1.60367962 -0.78937184 -0.89914237 -0.82085683 -0.8239557   0.59270389
  1.13694323  1.60367962]
mylog        Mon, 03 Jul 2017 18:05:30 DEBUG    valid: 002001_2009-08-13_[-0.90747729 -0.83648247 -0.7981493  -0.79712138  0.56719876  1.24363782
  1.52839385 -0.90747729 -0.83648247 -0.7981493  -0.79712138  0.56719876
  1.24363782  1.52839385]
mylog        Mon, 03 Jul 2017 18:05:31 DEBUG    valid: 002001_2009-08-12_[-0.90878029 -0.78810881 -0.81925189 -0.81981316  0.55904868  1.24423383
  1.53267164 -0.90878029 -0.78810881 -0.81925189 -0.81981316  0.55904868
  1.24423383  1.53267164]
mylog        Mon, 03 Jul 2017 18:05:31 DEBUG    valid: 002001_2009-08-11_[-0.97913697 -0.75524683 -0.79826112 -0.79987     0.56245912  1.24199753
  1.52805827 -0.97913697 -0.75524683 -0.79826112 -0.79987     0.56245912
  1.24199753  1.52805827]
mylog        Mon, 03 Jul 2017 18:05:31 DEBUG    valid: 002001_2009-08-10_[-0.85505993 -0.79838479 -0.83409141 -0.84480912  0.54672138  1.24569154
  1.53993234 -0.85505993 -0.79838479 -0.83409141 -0.84480912  0.54672138
  1.24569154  1.53993234]
mylog        Mon, 03 Jul 2017 18:05:31 DEBUG    invalid: 002001_2009-08-09_None
mylog        Mon, 03 Jul 2017 18:05:32 DEBUG    invalid: 002001_2009-08-08_None
mylog        Mon, 03 Jul 2017 18:05:32 DEBUG    valid: 002001_2009-08-07_[-0.73658224 -0.82664647 -0.87372432 -0.88676631  0.53234242  1.24556763
  1.54580929 -0.73658224 -0.82664647 -0.87372432 -0.88676631  0.53234242
  1.24556763  1.54580929]
mylog        Mon, 03 Jul 2017 18:05:32 DEBUG    valid: 002001_2009-08-06_[-0.63075624 -0.86867779 -0.89468811 -0.89463054  0.4844149   1.2022916
  1.60204618 -0.63075624 -0.86867779 -0.89468811 -0.89463054  0.4844149
  1.2022916   1.60204618]
mylog        Mon, 03 Jul 2017 18:05:33 DEBUG    valid: 002001_2009-08-05_[-0.81282713 -0.84764578 -0.83190758 -0.82212978  0.51761401  1.20661161
  1.59028465 -0.81282713 -0.84764578 -0.83190758 -0.82212978  0.51761401
  1.20661161  1.59028465]
mylog        Mon, 03 Jul 2017 18:05:33 DEBUG    valid: 002001_2009-08-04_[-0.90660944 -0.81779211 -0.80384897 -0.78965728  0.52917976  1.20593588
  1.58279217 -0.90660944 -0.81779211 -0.80384897 -0.78965728  0.52917976
  1.20593588  1.58279217]
mylog        Mon, 03 Jul 2017 18:05:33 DEBUG    valid: 002001_2009-08-03_[-0.76510204 -0.84706478 -0.85746361 -0.84060069  0.51032571  1.20620118
  1.59370422 -0.76510204 -0.84706478 -0.85746361 -0.84060069  0.51032571
  1.20620118  1.59370422]
mylog        Mon, 03 Jul 2017 18:05:33 DEBUG    invalid: 002001_2009-08-02_None
mylog        Mon, 03 Jul 2017 18:05:34 DEBUG    invalid: 002001_2009-08-01_None
mylog        Mon, 03 Jul 2017 18:05:34 DEBUG    valid: 002001_2009-07-31_[-0.84973432 -0.83333084 -0.81925735 -0.8122403   0.51781184  1.20659787
  1.5901531  -0.84973432 -0.83333084 -0.81925735 -0.8122403   0.51781184
  1.20659787  1.5901531 ]
mylog        Mon, 03 Jul 2017 18:05:34 DEBUG    valid: 002001_2009-07-30_[-0.88992444 -0.83764166 -0.82576249 -0.81251698  0.62488629  1.27717453
  1.46378473 -0.88992444 -0.83764166 -0.82576249 -0.81251698  0.62488629
  1.27717453  1.46378473]
mylog        Mon, 03 Jul 2017 18:05:35 DEBUG    valid: 002001_2009-07-29_[-0.86559891 -0.83955395 -0.84036741 -0.81932508  0.62053556  1.27809569
  1.4662141  -0.86559891 -0.83955395 -0.84036741 -0.81932508  0.62053556
  1.27809569  1.4662141 ]
mylog        Mon, 03 Jul 2017 18:05:35 DEBUG    valid: 002001_2009-07-28_[-0.83844983 -0.855847   -0.84371136 -0.82625334  0.61849086  1.27847884
  1.46729182 -0.83844983 -0.855847   -0.84371136 -0.82625334  0.61849086
  1.27847884  1.46729182]
mylog        Mon, 03 Jul 2017 18:05:35 DEBUG    valid: 002001_2009-07-27_[-0.8168337  -0.87858685 -0.84485354 -0.82334584  0.61786795  1.27839272
  1.46735927 -0.8168337  -0.87858685 -0.84485354 -0.82334584  0.61786795
  1.27839272  1.46735927]
mylog        Mon, 03 Jul 2017 18:05:36 DEBUG    invalid: 002001_2009-07-26_None
mylog        Mon, 03 Jul 2017 18:05:36 DEBUG    invalid: 002001_2009-07-25_None
mylog        Mon, 03 Jul 2017 18:05:36 DEBUG    valid: 002001_2009-07-24_[-0.86522865 -0.83651074 -0.84383315 -0.81856907  0.61857496  1.27840012
  1.46716652 -0.86522865 -0.83651074 -0.84383315 -0.81856907  0.61857496
  1.27840012  1.46716652]
mylog        Mon, 03 Jul 2017 18:05:36 DEBUG    valid: 002001_2009-07-23_[-0.86642943 -0.86118932 -0.86099369 -0.82108147  0.77780513  1.20693073
  1.42495806 -0.86642943 -0.86118932 -0.86099369 -0.82108147  0.77780513
  1.20693073  1.42495806]
mylog        Mon, 03 Jul 2017 18:05:37 DEBUG    valid: 002001_2009-07-22_[-0.91720403 -0.85093112 -0.84580304 -0.79536264  0.78150511  1.2060483
  1.42174743 -0.91720403 -0.85093112 -0.84580304 -0.79536264  0.78150511
  1.2060483   1.42174743]
mylog        Mon, 03 Jul 2017 18:05:37 DEBUG    valid: 002001_2009-07-21_[-0.94113243 -0.83389194 -0.8435775  -0.78956011  0.78130502  1.20563347
  1.42122349 -0.94113243 -0.83389194 -0.8435775  -0.78956011  0.78130502
  1.20563347  1.42122349]
mylog        Mon, 03 Jul 2017 18:05:37 DEBUG    valid: 002001_2009-07-20_[-0.70656534 -0.90079231 -0.92609594 -0.86566384  0.76276067  1.20566453
  1.43069223 -0.70656534 -0.90079231 -0.92609594 -0.86566384  0.76276067
  1.20566453  1.43069223]
mylog        Mon, 03 Jul 2017 18:05:38 DEBUG    invalid: 002001_2009-07-19_None
mylog        Mon, 03 Jul 2017 18:05:38 DEBUG    invalid: 002001_2009-07-18_None
mylog        Mon, 03 Jul 2017 18:05:38 DEBUG    valid: 002001_2009-07-17_[-0.88623274 -0.87105707 -0.85686095 -0.79489905  0.77835912  1.20656526
  1.42412544 -0.88623274 -0.87105707 -0.85686095 -0.79489905  0.77835912
  1.20656526  1.42412544]
mylog        Mon, 03 Jul 2017 18:05:38 DEBUG    valid: 002001_2009-07-16_[-0.92580471 -0.87103248 -0.8584453  -0.80322905  1.08166011  1.12766859
  1.24918284 -0.92580471 -0.87103248 -0.8584453  -0.80322905  1.08166011
  1.12766859  1.24918284]
mylog        Mon, 03 Jul 2017 18:05:39 DEBUG    valid: 002001_2009-07-15_[-0.88766744 -0.89278964 -0.86413017 -0.81478416  1.08120617  1.12769335
  1.25047188 -0.88766744 -0.89278964 -0.86413017 -0.81478416  1.08120617
  1.12769335  1.25047188]
mylog        Mon, 03 Jul 2017 18:05:39 DEBUG    valid: 002001_2009-07-14_[-0.88617177 -0.90379219 -0.86588141 -0.80303909  1.08108895  1.12754698
  1.25024853 -0.88617177 -0.90379219 -0.86588141 -0.80303909  1.08108895
  1.12754698  1.25024853]
mylog        Mon, 03 Jul 2017 18:05:39 DEBUG    valid: 002001_2009-07-13_[-0.88629233 -0.91487612 -0.86208155 -0.79511474  1.08078187  1.12732641
  1.25025646 -0.88629233 -0.91487612 -0.86208155 -0.79511474  1.08078187
  1.12732641  1.25025646]
mylog        Mon, 03 Jul 2017 18:05:40 DEBUG    invalid: 002001_2009-07-12_None
mylog        Mon, 03 Jul 2017 18:05:40 DEBUG    invalid: 002001_2009-07-11_None
mylog        Mon, 03 Jul 2017 18:05:40 DEBUG    valid: 002001_2009-07-10_[-0.88242447 -0.90831621 -0.88262714 -0.78462084  1.07972406  1.12687133
  1.25139328 -0.88242447 -0.90831621 -0.88262714 -0.78462084  1.07972406
  1.12687133  1.25139328]
mylog        Mon, 03 Jul 2017 18:05:40 DEBUG    valid: 002001_2009-07-09_[-0.96184079 -0.88177929 -0.83799209 -0.76194717  1.32582135  0.97424042
  1.14349757 -0.96184079 -0.88177929 -0.83799209 -0.76194717  1.32582135
  0.97424042  1.14349757]
mylog        Mon, 03 Jul 2017 18:05:41 DEBUG    valid: 002001_2009-07-08_[-0.97459953 -0.8683883  -0.83961154 -0.76006264  1.32687157  0.972625
  1.14316544 -0.97459953 -0.8683883  -0.83961154 -0.76006264  1.32687157
  0.972625    1.14316544]
mylog        Mon, 03 Jul 2017 18:05:41 DEBUG    valid: 002001_2009-07-07_[-0.96385397 -0.87519534 -0.84465177 -0.75931048  1.32814483  0.97161309
  1.14325365 -0.96385397 -0.87519534 -0.84465177 -0.75931048  1.32814483
  0.97161309  1.14325365]
mylog        Mon, 03 Jul 2017 18:05:42 DEBUG    valid: 002001_2009-07-06_[-0.83568206 -0.9219442  -0.89926359 -0.78755136  1.33480288  0.96605942
  1.14357891 -0.83568206 -0.9219442  -0.89926359 -0.78755136  1.33480288
  0.96605942  1.14357891]
mylog        Mon, 03 Jul 2017 18:05:42 DEBUG    invalid: 002001_2009-07-05_None
mylog        Mon, 03 Jul 2017 18:05:42 DEBUG    invalid: 002001_2009-07-04_None
mylog        Mon, 03 Jul 2017 18:05:42 DEBUG    valid: 002001_2009-07-03_[-0.89163954 -0.92862906 -0.88078011 -0.74140147  1.33276982  0.96673161
  1.14294875 -0.89163954 -0.92862906 -0.88078011 -0.74140147  1.33276982
  0.96673161  1.14294875]
mylog        Mon, 03 Jul 2017 18:05:43 DEBUG    valid: 002001_2009-07-02_[-0.91877196 -0.89484215 -0.8899483  -0.75285581  1.20273159  1.05542625
  1.19826038 -0.91877196 -0.89484215 -0.8899483  -0.75285581  1.20273159
  1.05542625  1.19826038]
mylog        Mon, 03 Jul 2017 18:05:43 DEBUG    invalid: 002001_2009-07-01_None
mylog        Mon, 03 Jul 2017 18:05:43 DEBUG    valid: 002001_2009-06-30_[-1.00550535 -0.87139867 -0.86300511 -0.70994238  1.1998693   1.0545246
  1.1954576  -1.00550535 -0.87139867 -0.86300511 -0.70994238  1.1998693
  1.0545246   1.1954576 ]
mylog        Mon, 03 Jul 2017 18:05:43 DEBUG    valid: 002001_2009-06-29_[-0.94664206 -0.90275249 -0.88023702 -0.72395028  1.20215024  1.05378476
  1.19764685 -0.94664206 -0.90275249 -0.88023702 -0.72395028  1.20215024
  1.05378476  1.19764685]
mylog        Mon, 03 Jul 2017 18:05:44 DEBUG    invalid: 002001_2009-06-28_None
mylog        Mon, 03 Jul 2017 18:05:44 DEBUG    invalid: 002001_2009-06-27_None
mylog        Mon, 03 Jul 2017 18:05:44 DEBUG    valid: 002001_2009-06-26_[-0.96296538 -0.89806973 -0.8645689  -0.72764796  1.20202499  1.05370404
  1.19752295 -0.96296538 -0.89806973 -0.8645689  -0.72764796  1.20202499
  1.05370404  1.19752295]
mylog        Mon, 03 Jul 2017 18:05:44 DEBUG    valid: 002001_2009-06-25_[-0.75528873 -0.96659011 -0.89927599 -0.8319391   1.25249887  1.05360818
  1.14698688 -0.75528873 -0.96659011 -0.89927599 -0.8319391   1.25249887
  1.05360818  1.14698688]
mylog        Mon, 03 Jul 2017 18:05:45 DEBUG    valid: 002001_2009-06-24_[-0.95428042 -0.9135962  -0.81524922 -0.7710881   1.24890418  1.05779138
  1.14751839 -0.95428042 -0.9135962  -0.81524922 -0.7710881   1.24890418
  1.05779138  1.14751839]
mylog        Mon, 03 Jul 2017 18:05:45 DEBUG    valid: 002001_2009-06-23_[-1.00314747 -0.90046064 -0.78867239 -0.7580072   1.2471687   1.05689235
  1.14622665 -1.00314747 -0.90046064 -0.78867239 -0.7580072   1.2471687
  1.05689235  1.14622665]
mylog        Mon, 03 Jul 2017 18:05:46 DEBUG    valid: 002001_2009-06-22_[-0.97103641 -0.9044025  -0.80872109 -0.7690305   1.25009856  1.0559759
  1.14711603 -0.97103641 -0.9044025  -0.80872109 -0.7690305   1.25009856
  1.0559759   1.14711603]
mylog        Mon, 03 Jul 2017 18:05:46 DEBUG    invalid: 002001_2009-06-21_None
mylog        Mon, 03 Jul 2017 18:05:46 DEBUG    invalid: 002001_2009-06-20_None
mylog        Mon, 03 Jul 2017 18:05:46 DEBUG    valid: 002001_2009-06-19_[-0.9222413  -0.93653632 -0.80489655 -0.79115668  1.25349031  1.05379112
  1.14754942 -0.9222413  -0.93653632 -0.80489655 -0.79115668  1.25349031
  1.05379112  1.14754942]
mylog        Mon, 03 Jul 2017 18:05:47 DEBUG    valid: 002001_2009-06-18_[-0.96093101 -0.87675051 -0.77708261 -0.83800544  1.11575166  1.05431275
  1.28270515 -0.96093101 -0.87675051 -0.77708261 -0.83800544  1.11575166
  1.05431275  1.28270515]
mylog        Mon, 03 Jul 2017 18:05:47 DEBUG    valid: 002001_2009-06-17_[-1.04653279 -0.81975138 -0.74980748 -0.82892513  1.113506    1.05265855
  1.27885223 -1.04653279 -0.81975138 -0.74980748 -0.82892513  1.113506
  1.05265855  1.27885223]
mylog        Mon, 03 Jul 2017 18:05:47 DEBUG    valid: 002001_2009-06-16_[-0.9902248  -0.8270692  -0.75147044 -0.88072898  1.11419187  1.0519359
  1.28336565 -0.9902248  -0.8270692  -0.75147044 -0.88072898  1.11419187
  1.0519359   1.28336565]
mylog        Mon, 03 Jul 2017 18:05:47 DEBUG    valid: 002001_2009-06-15_[-0.97696169 -0.83530957 -0.7341479  -0.90259647  1.1138907   1.05138683
  1.2837381  -0.97696169 -0.83530957 -0.7341479  -0.90259647  1.1138907
  1.05138683  1.2837381 ]
mylog        Mon, 03 Jul 2017 18:05:48 DEBUG    invalid: 002001_2009-06-14_None
mylog        Mon, 03 Jul 2017 18:05:48 DEBUG    invalid: 002001_2009-06-13_None
mylog        Mon, 03 Jul 2017 18:05:48 DEBUG    valid: 002001_2009-06-12_[-0.60320115 -0.8709106  -0.89473633 -1.06035394  1.10487003  1.03814556
  1.28618644 -0.60320115 -0.8709106  -0.89473633 -1.06035394  1.10487003
  1.03814556  1.28618644]
mylog        Mon, 03 Jul 2017 18:05:48 DEBUG    valid: 002001_2009-06-11_[-0.82693709 -0.74024146 -0.87770444 -0.99557227  0.95519564  1.18771174
  1.29754788 -0.82693709 -0.74024146 -0.87770444 -0.99557227  0.95519564
  1.18771174  1.29754788]
mylog        Mon, 03 Jul 2017 18:05:49 DEBUG    valid: 002001_2009-06-10_[-0.90577584 -0.70944563 -0.86759601 -0.95832701  0.9603905   1.1868819
  1.29387209 -0.90577584 -0.70944563 -0.86759601 -0.95832701  0.9603905
  1.1868819   1.29387209]
mylog        Mon, 03 Jul 2017 18:05:49 DEBUG    valid: 002001_2009-06-09_[-0.9705867  -0.64994532 -0.86052354 -0.95274826  0.95959068  1.18408352
  1.29012963 -0.9705867  -0.64994532 -0.86052354 -0.95274826  0.95959068
  1.18408352  1.29012963]
mylog        Mon, 03 Jul 2017 18:05:50 DEBUG    valid: 002001_2009-06-08_[-0.57444015 -0.73514302 -0.97413347 -1.11977488  0.93611246  1.17683353
  1.29054554 -0.57444015 -0.73514302 -0.97413347 -1.11977488  0.93611246
  1.17683353  1.29054554]
mylog        Mon, 03 Jul 2017 18:05:50 DEBUG    invalid: 002001_2009-06-07_None
mylog        Mon, 03 Jul 2017 18:05:50 DEBUG    invalid: 002001_2009-06-06_None
mylog        Mon, 03 Jul 2017 18:05:50 DEBUG    valid: 002001_2009-06-05_[-0.42356816 -0.88394439 -0.95471199 -1.11910692  0.93066929  1.16903209
  1.28163009 -0.42356816 -0.88394439 -0.95471199 -1.11910692  0.93066929
  1.16903209  1.28163009]
mylog        Mon, 03 Jul 2017 18:05:51 DEBUG    valid: 002001_2009-06-04_[-0.76904566 -0.8621035  -0.82397153 -0.91256626  0.62605061  1.32949155
  1.41214479 -0.76904566 -0.8621035  -0.82397153 -0.91256626  0.62605061
  1.32949155  1.41214479]
mylog        Mon, 03 Jul 2017 18:05:51 DEBUG    valid: 002001_2009-06-03_[-0.59083546 -0.94775969 -0.86935679 -0.93993229  0.61672988  1.32402417
  1.40713018 -0.59083546 -0.94775969 -0.86935679 -0.93993229  0.61672988
  1.32402417  1.40713018]
mylog        Mon, 03 Jul 2017 18:05:51 DEBUG    valid: 002001_2009-06-02_[-0.60409587 -0.96153144 -0.87954792 -0.9090046   0.63009934  1.32142537
  1.40265512 -0.60409587 -0.96153144 -0.87954792 -0.9090046   0.63009934
  1.32142537  1.40265512]
mylog        Mon, 03 Jul 2017 18:05:52 DEBUG    valid: 002001_2009-06-01_[-0.95771222 -0.80919994 -0.80713226 -0.80554028  0.66645956  1.31826925
  1.39485589 -0.95771222 -0.80919994 -0.80713226 -0.80554028  0.66645956
  1.31826925  1.39485589]
mylog        Mon, 03 Jul 2017 18:05:52 DEBUG    invalid: 002001_2009-05-31_None
mylog        Mon, 03 Jul 2017 18:05:52 DEBUG    invalid: 002001_2009-05-30_None
mylog        Mon, 03 Jul 2017 18:05:52 DEBUG    invalid: 002001_2009-05-29_None
mylog        Mon, 03 Jul 2017 18:05:52 DEBUG    invalid: 002001_2009-05-28_None
mylog        Mon, 03 Jul 2017 18:05:53 DEBUG    valid: 002001_2009-05-27_[-1.05217915 -0.67072571 -0.821733   -0.8194214   0.65869028  1.31417525
  1.39119374 -1.05217915 -0.67072571 -0.821733   -0.8194214   0.65869028
  1.31417525  1.39119374]
mylog        Mon, 03 Jul 2017 18:05:53 DEBUG    valid: 002001_2009-05-26_[-0.99960435 -0.71059529 -0.86610107 -0.85622743  0.90589339  1.26483449
  1.26180025 -0.99960435 -0.71059529 -0.86610107 -0.85622743  0.90589339
  1.26483449  1.26180025]
mylog        Mon, 03 Jul 2017 18:05:53 DEBUG    valid: 002001_2009-05-25_[-0.86051284 -0.75097334 -0.91664265 -0.90923988  0.900705    1.26989228
  1.26677144 -0.86051284 -0.75097334 -0.91664265 -0.90923988  0.900705
  1.26989228  1.26677144]
mylog        Mon, 03 Jul 2017 18:05:53 DEBUG    invalid: 002001_2009-05-24_None
mylog        Mon, 03 Jul 2017 18:05:54 DEBUG    invalid: 002001_2009-05-23_None
mylog        Mon, 03 Jul 2017 18:05:54 DEBUG    valid: 002001_2009-05-22_[-0.55224886 -0.86733821 -1.00040378 -0.98771258  0.88352256  1.26369729
  1.26048356 -0.55224886 -0.86733821 -1.00040378 -0.98771258  0.88352256
  1.26369729  1.26048356]
mylog        Mon, 03 Jul 2017 18:05:54 DEBUG    valid: 002001_2009-05-21_[-0.35259678 -0.98475171 -1.03648378 -0.99144422  0.93964283  1.10349783
  1.32213585 -0.35259678 -0.98475171 -1.03648378 -0.99144422  0.93964283
  1.10349783  1.32213585]
mylog        Mon, 03 Jul 2017 18:05:55 DEBUG    valid: 002001_2009-05-20_[-0.91367056 -0.90390128 -0.83886102 -0.79009984  0.9835217   1.13226713
  1.33074387 -0.91367056 -0.90390128 -0.83886102 -0.79009984  0.9835217
  1.13226713  1.33074387]
mylog        Mon, 03 Jul 2017 18:05:55 DEBUG    valid: 002001_2009-05-19_[-0.87007224 -0.94367541 -0.82834846 -0.80367007  0.98064179  1.13174847
  1.33337592 -0.87007224 -0.94367541 -0.82834846 -0.80367007  0.98064179
  1.13174847  1.33337592]
mylog        Mon, 03 Jul 2017 18:05:55 DEBUG    valid: 002001_2009-05-18_[-0.94430978 -0.92443745 -0.8020979  -0.77248823  0.98147761  1.13110265
  1.33075311 -0.94430978 -0.92443745 -0.8020979  -0.77248823  0.98147761
  1.13110265  1.33075311]
mylog        Mon, 03 Jul 2017 18:05:55 DEBUG    invalid: 002001_2009-05-17_None
mylog        Mon, 03 Jul 2017 18:05:56 DEBUG    invalid: 002001_2009-05-16_None
mylog        Mon, 03 Jul 2017 18:05:56 DEBUG    valid: 002001_2009-05-15_[-0.97192198 -0.91501303 -0.79544174 -0.75885239  0.97973971  1.13029731
  1.33119211 -0.97192198 -0.91501303 -0.79544174 -0.75885239  0.97973971
  1.13029731  1.33119211]
mylog        Mon, 03 Jul 2017 18:05:56 DEBUG    valid: 002001_2009-05-14_[-0.94571033 -0.9114976  -0.81767353 -0.77077399  1.00110863  1.11739623
  1.32715061 -0.94571033 -0.9114976  -0.81767353 -0.77077399  1.00110863
  1.11739623  1.32715061]
mylog        Mon, 03 Jul 2017 18:05:57 DEBUG    valid: 002001_2009-05-13_[-1.01328599 -0.8405126  -0.82648134 -0.7615118   0.99905678  1.11594689
  1.32678806 -1.01328599 -0.8405126  -0.82648134 -0.7615118   0.99905678
  1.11594689  1.32678806]
mylog        Mon, 03 Jul 2017 18:05:57 DEBUG    valid: 002001_2009-05-12_[-0.97087413 -0.81010576 -0.86985416 -0.79392229  0.99535216  1.11594347
  1.33346071 -0.97087413 -0.81010576 -0.86985416 -0.79392229  0.99535216
  1.11594347  1.33346071]
mylog        Mon, 03 Jul 2017 18:05:57 DEBUG    valid: 002001_2009-05-11_[-0.96016634 -0.8063464  -0.88296063 -0.79550533  0.99444785  1.11581085
  1.33472001 -0.96016634 -0.8063464  -0.88296063 -0.79550533  0.99444785
  1.11581085  1.33472001]
mylog        Mon, 03 Jul 2017 18:05:58 DEBUG    invalid: 002001_2009-05-10_None
mylog        Mon, 03 Jul 2017 18:05:58 DEBUG    invalid: 002001_2009-05-09_None
mylog        Mon, 03 Jul 2017 18:05:58 DEBUG    valid: 002001_2009-05-08_[-0.94202712 -0.79995134 -0.89554843 -0.80812086  0.99386856  1.11586433
  1.33591487 -0.94202712 -0.79995134 -0.89554843 -0.80812086  0.99386856
  1.11586433  1.33591487]
mylog        Mon, 03 Jul 2017 18:05:58 DEBUG    valid: 002001_2009-05-07_[-0.70271494 -0.89656821 -0.95801545 -0.88409548  1.18082541  0.96672287
  1.29384581 -0.70271494 -0.89656821 -0.95801545 -0.88409548  1.18082541
  0.96672287  1.29384581]
mylog        Mon, 03 Jul 2017 18:05:59 DEBUG    valid: 002001_2009-05-06_[-0.69767846 -0.94348169 -0.93930234 -0.86050659  1.1801804   0.96927624
  1.29151244 -0.69767846 -0.94348169 -0.93930234 -0.86050659  1.1801804
  0.96927624  1.29151244]
mylog        Mon, 03 Jul 2017 18:05:59 DEBUG    valid: 002001_2009-05-05_[-0.88222265 -0.91881658 -0.8694992  -0.77856315  1.18171342  0.97829343
  1.28909472 -0.88222265 -0.91881658 -0.8694992  -0.77856315  1.18171342
  0.97829343  1.28909472]
mylog        Mon, 03 Jul 2017 18:05:59 DEBUG    valid: 002001_2009-05-04_[-0.88401493 -0.95962655 -0.87678633 -0.72374239  1.1804332   0.97470297
  1.28903403 -0.88401493 -0.95962655 -0.87678633 -0.72374239  1.1804332
  0.97470297  1.28903403]
mylog        Mon, 03 Jul 2017 18:06:00 DEBUG    invalid: 002001_2009-05-03_None
mylog        Mon, 03 Jul 2017 18:06:00 DEBUG    invalid: 002001_2009-05-02_None
mylog        Mon, 03 Jul 2017 18:06:00 DEBUG    invalid: 002001_2009-05-01_None
mylog        Mon, 03 Jul 2017 18:06:00 DEBUG    valid: 002001_2009-04-30_[-0.97797935 -0.95050873 -0.81865107 -0.69171224  1.17819972  0.97539595
  1.28525573 -0.97797935 -0.95050873 -0.81865107 -0.69171224  1.17819972
  0.97539595  1.28525573]
mylog        Mon, 03 Jul 2017 18:06:01 DEBUG    valid: 002001_2009-04-29_[-0.98168083 -0.91657399 -0.81078981 -0.71708036  1.34189131  0.88099081
  1.20324287 -0.98168083 -0.91657399 -0.81078981 -0.71708036  1.34189131
  0.88099081  1.20324287]
mylog        Mon, 03 Jul 2017 18:06:01 DEBUG    valid: 002001_2009-04-28_[-0.94321121 -0.91347204 -0.81785233 -0.75492557  1.34732779  0.87645414
  1.20567922 -0.94321121 -0.91347204 -0.81785233 -0.75492557  1.34732779
  0.87645414  1.20567922]
mylog        Mon, 03 Jul 2017 18:06:01 DEBUG    valid: 002001_2009-04-27_[-1.00713481 -0.8780417  -0.78698928 -0.75331517  1.34587387  0.87529355
  1.20431354 -1.00713481 -0.8780417  -0.78698928 -0.75331517  1.34587387
  0.87529355  1.20431354]
mylog        Mon, 03 Jul 2017 18:06:01 DEBUG    invalid: 002001_2009-04-26_None
mylog        Mon, 03 Jul 2017 18:06:02 DEBUG    invalid: 002001_2009-04-25_None
mylog        Mon, 03 Jul 2017 18:06:02 DEBUG    valid: 002001_2009-04-24_[-1.02239095 -0.84990016 -0.78558411 -0.76657486  1.34733772  0.87258893
  1.20452343 -1.02239095 -0.84990016 -0.78558411 -0.76657486  1.34733772
  0.87258893  1.20452343]
mylog        Mon, 03 Jul 2017 18:06:02 DEBUG    valid: 002001_2009-04-23_[-0.915925   -0.84731805 -0.86286926 -0.8263863   1.24408823  0.98299846
  1.22541191 -0.915925   -0.84731805 -0.86286926 -0.8263863   1.24408823
  0.98299846  1.22541191]
mylog        Mon, 03 Jul 2017 18:06:03 DEBUG    valid: 002001_2009-04-22_[-0.9014251  -0.84715106 -0.8819624  -0.82196997  1.24472338  0.98186463
  1.22592052 -0.9014251  -0.84715106 -0.8819624  -0.82196997  1.24472338
  0.98186463  1.22592052]
mylog        Mon, 03 Jul 2017 18:06:03 DEBUG    valid: 002001_2009-04-21_[-0.8903889  -0.8427185  -0.90219024 -0.81674074  1.24546506  0.98009104
  1.22648228 -0.8903889  -0.8427185  -0.90219024 -0.81674074  1.24546506
  0.98009104  1.22648228]
mylog        Mon, 03 Jul 2017 18:06:04 DEBUG    valid: 002001_2009-04-20_[-0.91119516 -0.82161555 -0.88710012 -0.83185465  1.24575185  0.9793202
  1.22669342 -0.91119516 -0.82161555 -0.88710012 -0.83185465  1.24575185
  0.9793202   1.22669342]
mylog        Mon, 03 Jul 2017 18:06:04 DEBUG    invalid: 002001_2009-04-19_None
mylog        Mon, 03 Jul 2017 18:06:04 DEBUG    invalid: 002001_2009-04-18_None
mylog        Mon, 03 Jul 2017 18:06:05 DEBUG    valid: 002001_2009-04-17_[-0.8142109  -0.90411307 -0.81653369 -0.91525311  1.24867893  0.972508
  1.22892383 -0.8142109  -0.90411307 -0.81653369 -0.91525311  1.24867893
  0.972508    1.22892383]
mylog        Mon, 03 Jul 2017 18:06:05 DEBUG    valid: 002001_2009-04-16_[-0.89254608 -0.925547   -0.75991584 -0.86389063  1.00211849  1.07422331
  1.36555774 -0.89254608 -0.925547   -0.75991584 -0.86389063  1.00211849
  1.07422331  1.36555774]
mylog        Mon, 03 Jul 2017 18:06:05 DEBUG    valid: 002001_2009-04-15_[-0.8140142  -0.95680739 -0.7845305  -0.88585268  1.00156737  1.07383088
  1.36580653 -0.8140142  -0.95680739 -0.7845305  -0.88585268  1.00156737
  1.07383088  1.36580653]
mylog        Mon, 03 Jul 2017 18:06:06 DEBUG    valid: 002001_2009-04-14_[-0.74621403 -0.97581733 -0.81444422 -0.90180427  1.00117578  1.07314955
  1.36395452 -0.74621403 -0.97581733 -0.81444422 -0.90180427  1.00117578
  1.07314955  1.36395452]
mylog        Mon, 03 Jul 2017 18:06:06 DEBUG    invalid: 002001_2009-04-13_None
mylog        Mon, 03 Jul 2017 18:06:06 DEBUG    invalid: 002001_2009-04-12_None
mylog        Mon, 03 Jul 2017 18:06:06 DEBUG    invalid: 002001_2009-04-11_None
mylog        Mon, 03 Jul 2017 18:06:06 DEBUG    valid: 002001_2009-04-10_[-0.89881696 -0.89252271 -0.7849886  -0.8684887   1.007663    1.0774971
  1.35965688 -0.89881696 -0.89252271 -0.7849886  -0.8684887   1.007663
  1.0774971   1.35965688]
mylog        Mon, 03 Jul 2017 18:06:07 DEBUG    valid: 002001_2009-04-09_[-1.12262541 -0.60735582 -0.80043674 -0.88466354  0.95004535  1.17457514
  1.29046101 -1.12262541 -0.60735582 -0.80043674 -0.88466354  0.95004535
  1.17457514  1.29046101]
mylog        Mon, 03 Jul 2017 18:06:07 DEBUG    valid: 002001_2009-04-08_[-1.02093934 -0.61011809 -0.83507393 -0.95750694  0.94631361  1.17869357
  1.29863112 -1.02093934 -0.61011809 -0.83507393 -0.95750694  0.94631361
  1.17869357  1.29863112]
mylog        Mon, 03 Jul 2017 18:06:07 DEBUG    valid: 002001_2009-04-07_[-0.96798768 -0.64501407 -0.81686747 -0.99824582  0.94524972  1.18067738
  1.30218793 -0.96798768 -0.64501407 -0.81686747 -0.99824582  0.94524972
  1.18067738  1.30218793]
mylog        Mon, 03 Jul 2017 18:06:08 DEBUG    invalid: 002001_2009-04-06_None
mylog        Mon, 03 Jul 2017 18:06:08 DEBUG    invalid: 002001_2009-04-05_None
mylog        Mon, 03 Jul 2017 18:06:08 DEBUG    invalid: 002001_2009-04-04_None
mylog        Mon, 03 Jul 2017 18:06:08 DEBUG    valid: 002001_2009-04-03_[-0.75460368 -0.75439484 -0.83291988 -1.08620084  0.93836405  1.18200323
  1.30775196 -0.75460368 -0.75439484 -0.83291988 -1.08620084  0.93836405
  1.18200323  1.30775196]
mylog        Mon, 03 Jul 2017 18:06:09 DEBUG    valid: 002001_2009-04-02_[ 0.46000504 -0.99904062 -1.03887684 -1.3083706   0.58915907  1.06574633
  1.23137762  0.46000504 -0.99904062 -1.03887684 -1.3083706   0.58915907
  1.06574633  1.23137762]
mylog        Mon, 03 Jul 2017 18:06:09 DEBUG    valid: 002001_2009-04-01_[-0.76844758 -0.91599038 -0.7908316  -0.94021977  0.81000749  1.22979522
  1.37568662 -0.76844758 -0.91599038 -0.7908316  -0.94021977  0.81000749
  1.22979522  1.37568662]
mylog        Mon, 03 Jul 2017 18:06:09 DEBUG    valid: 002001_2009-03-31_[-0.89068513 -0.86340081 -0.76965003 -0.89672151  0.81897583  1.22941892
  1.37206273 -0.89068513 -0.86340081 -0.76965003 -0.89672151  0.81897583
  1.22941892  1.37206273]
mylog        Mon, 03 Jul 2017 18:06:10 DEBUG    valid: 002001_2009-03-30_[-0.97068064 -0.76587895 -0.78386902 -0.89564516  0.81769091  1.22790868
  1.37047418 -0.97068064 -0.76587895 -0.78386902 -0.89564516  0.81769091
  1.22790868  1.37047418]
mylog        Mon, 03 Jul 2017 18:06:10 DEBUG    invalid: 002001_2009-03-29_None
mylog        Mon, 03 Jul 2017 18:06:10 DEBUG    invalid: 002001_2009-03-28_None
mylog        Mon, 03 Jul 2017 18:06:10 DEBUG    valid: 002001_2009-03-27_[-0.92725772 -0.67398451 -0.85148236 -0.95586766  0.80590486  1.22799748
  1.37468991 -0.92725772 -0.67398451 -0.85148236 -0.95586766  0.80590486
  1.22799748  1.37468991]
mylog        Mon, 03 Jul 2017 18:06:11 DEBUG    valid: 002001_2009-03-26_[-0.93774044 -0.64426386 -0.86234385 -0.92502636  0.66371369  1.30067596
  1.40498485 -0.93774044 -0.64426386 -0.86234385 -0.92502636  0.66371369
  1.30067596  1.40498485]
mylog        Mon, 03 Jul 2017 18:06:11 DEBUG    valid: 002001_2009-03-25_[-0.77304351 -0.69144045 -0.93149084 -0.97063819  0.65260286  1.30369377
  1.41031636 -0.77304351 -0.69144045 -0.93149084 -0.97063819  0.65260286
  1.30369377  1.41031636]
mylog        Mon, 03 Jul 2017 18:06:11 DEBUG    valid: 002001_2009-03-24_[-0.4861797  -0.79227243 -1.02334008 -1.02530798  0.63173882  1.29349603
  1.40186534 -0.4861797  -0.79227243 -1.02334008 -1.02530798  0.63173882
  1.29349603  1.40186534]
mylog        Mon, 03 Jul 2017 18:06:12 DEBUG    valid: 002001_2009-03-23_[-0.29485434 -0.90275661 -1.06991661 -1.01471854  0.62714185  1.27454295
  1.3805613  -0.29485434 -0.90275661 -1.06991661 -1.01471854  0.62714185
  1.27454295  1.3805613 ]
mylog        Mon, 03 Jul 2017 18:06:12 DEBUG    invalid: 002001_2009-03-22_None
mylog        Mon, 03 Jul 2017 18:06:12 DEBUG    invalid: 002001_2009-03-21_None
mylog        Mon, 03 Jul 2017 18:06:12 DEBUG    valid: 002001_2009-03-20_[-0.75338578 -0.86548238 -0.93070803 -0.84046592  0.70166435  1.29556067
  1.39281708 -0.75338578 -0.86548238 -0.93070803 -0.84046592  0.70166435
  1.29556067  1.39281708]
mylog        Mon, 03 Jul 2017 18:06:13 DEBUG    valid: 002001_2009-03-19_[-0.80394505 -0.90021233 -0.92206764 -0.81866225  0.96436976  1.1497576
  1.33075991 -0.80394505 -0.90021233 -0.92206764 -0.81866225  0.96436976
  1.1497576   1.33075991]
mylog        Mon, 03 Jul 2017 18:06:13 DEBUG    valid: 002001_2009-03-18_[-0.82168801 -0.91965081 -0.89718796 -0.80689332  0.96599041  1.14992374
  1.32950595 -0.82168801 -0.91965081 -0.89718796 -0.80689332  0.96599041
  1.14992374  1.32950595]
mylog        Mon, 03 Jul 2017 18:06:13 DEBUG    valid: 002001_2009-03-17_[-0.86909613 -0.92732173 -0.86438153 -0.78465798  0.96771071  1.14992259
  1.32782408 -0.86909613 -0.92732173 -0.86438153 -0.78465798  0.96771071
  1.14992259  1.32782408]
mylog        Mon, 03 Jul 2017 18:06:14 DEBUG    valid: 002001_2009-03-16_[-0.89459991 -0.93753454 -0.84293927 -0.76912841  0.96785796  1.14949968
  1.3268445  -0.89459991 -0.93753454 -0.84293927 -0.76912841  0.96785796
  1.14949968  1.3268445 ]
mylog        Mon, 03 Jul 2017 18:06:14 DEBUG    invalid: 002001_2009-03-15_None
mylog        Mon, 03 Jul 2017 18:06:14 DEBUG    invalid: 002001_2009-03-14_None
mylog        Mon, 03 Jul 2017 18:06:14 DEBUG    valid: 002001_2009-03-13_[-0.96393497 -0.91485944 -0.82183303 -0.74031424  0.96781609  1.14840456
  1.32472104 -0.96393497 -0.91485944 -0.82183303 -0.74031424  0.96781609
  1.14840456  1.32472104]
mylog        Mon, 03 Jul 2017 18:06:15 DEBUG    valid: 002001_2009-03-12_[-0.96184723 -0.92570692 -0.81131194 -0.75688282  1.08832707  1.18062585
  1.18679599 -0.96184723 -0.92570692 -0.81131194 -0.75688282  1.08832707
  1.18062585  1.18679599]
mylog        Mon, 03 Jul 2017 18:06:15 DEBUG    valid: 002001_2009-03-11_[-0.97717389 -0.9001063  -0.81255514 -0.76620463  1.08771747  1.18104189
  1.18728059 -0.97717389 -0.9001063  -0.81255514 -0.76620463  1.08771747
  1.18104189  1.18728059]
mylog        Mon, 03 Jul 2017 18:06:15 DEBUG    valid: 002001_2009-03-10_[-1.01035001 -0.86972159 -0.80821189 -0.76576887  1.08642479  1.18066386
  1.1869637  -1.01035001 -0.86972159 -0.80821189 -0.76576887  1.08642479
  1.18066386  1.1869637 ]
mylog        Mon, 03 Jul 2017 18:06:16 DEBUG    valid: 002001_2009-03-09_[-0.95895343 -0.87411651 -0.82674256 -0.79898894  1.0863402   1.18299979
  1.18946144 -0.95895343 -0.87411651 -0.82674256 -0.79898894  1.0863402
  1.18299979  1.18946144]
mylog        Mon, 03 Jul 2017 18:06:16 DEBUG    invalid: 002001_2009-03-08_None
mylog        Mon, 03 Jul 2017 18:06:16 DEBUG    invalid: 002001_2009-03-07_None
mylog        Mon, 03 Jul 2017 18:06:16 DEBUG    valid: 002001_2009-03-06_[-0.98278079 -0.86933262 -0.82795942 -0.7766563   1.08552049  1.18236724
  1.1888414  -0.98278079 -0.86933262 -0.82795942 -0.7766563   1.08552049
  1.18236724  1.1888414 ]
mylog        Mon, 03 Jul 2017 18:06:17 DEBUG    valid: 002001_2009-03-05_[-0.88323518 -0.85824485 -0.88007936 -0.83679607  1.26839735  1.1245928
  1.06536531 -0.88323518 -0.85824485 -0.88007936 -0.83679607  1.26839735
  1.1245928   1.06536531]
mylog        Mon, 03 Jul 2017 18:06:17 DEBUG    valid: 002001_2009-03-04_[-0.86616111 -0.86731125 -0.89645347 -0.82818708  1.26839239  1.12449344
  1.06522707 -0.86616111 -0.86731125 -0.89645347 -0.82818708  1.26839239
  1.12449344  1.06522707]
mylog        Mon, 03 Jul 2017 18:06:17 DEBUG    valid: 002001_2009-03-03_[-0.89755349 -0.85830234 -0.89006523 -0.81170408  1.26755523  1.12449535
  1.06557456 -0.89755349 -0.85830234 -0.89006523 -0.81170408  1.26755523
  1.12449535  1.06557456]
mylog        Mon, 03 Jul 2017 18:06:18 DEBUG    valid: 002001_2009-03-02_[-0.95695    -0.83012767 -0.87159147 -0.79660206  1.26590705  1.12392128
  1.06544287 -0.95695    -0.83012767 -0.87159147 -0.79660206  1.26590705
  1.12392128  1.06544287]
mylog        Mon, 03 Jul 2017 18:06:18 DEBUG    invalid: 002001_2009-03-01_None
mylog        Mon, 03 Jul 2017 18:06:18 DEBUG    invalid: 002001_2009-02-28_None
mylog        Mon, 03 Jul 2017 18:06:18 DEBUG    valid: 002001_2009-02-27_[-0.71038063 -0.92152617 -0.93586186 -0.88255548  1.26926754  1.12105068
  1.06000593 -0.71038063 -0.92152617 -0.93586186 -0.88255548  1.26926754
  1.12105068  1.06000593]
mylog        Mon, 03 Jul 2017 18:06:19 DEBUG    valid: 002001_2009-02-26_[-0.90602482 -0.88722888 -0.8507779  -0.8114955   1.20732135  1.23536071
  1.01284502 -0.90602482 -0.88722888 -0.8507779  -0.8114955   1.20732135
  1.23536071  1.01284502]
mylog        Mon, 03 Jul 2017 18:06:19 DEBUG    valid: 002001_2009-02-25_[-0.87621741 -0.92081673 -0.85972504 -0.7980607   1.20741014  1.23561351
  1.01179622 -0.87621741 -0.92081673 -0.85972504 -0.7980607   1.20741014
  1.23561351  1.01179622]
mylog        Mon, 03 Jul 2017 18:06:19 DEBUG    valid: 002001_2009-02-24_[-0.85575806 -0.94770646 -0.86307597 -0.78683637  1.20742481  1.2358787
  1.01007336 -0.85575806 -0.94770646 -0.86307597 -0.78683637  1.20742481
  1.2358787   1.01007336]
mylog        Mon, 03 Jul 2017 18:06:20 DEBUG    valid: 002001_2009-02-23_[-0.96623537 -0.91111009 -0.82366904 -0.7490776   1.20516326  1.23302753
  1.01190133 -0.96623537 -0.91111009 -0.82366904 -0.7490776   1.20516326
  1.23302753  1.01190133]
mylog        Mon, 03 Jul 2017 18:06:20 DEBUG    invalid: 002001_2009-02-22_None
mylog        Mon, 03 Jul 2017 18:06:20 DEBUG    invalid: 002001_2009-02-21_None
mylog        Mon, 03 Jul 2017 18:06:20 DEBUG    valid: 002001_2009-02-20_[-0.90872204 -0.91753707 -0.83232791 -0.79527678  1.20802738  1.23670377
  1.00913265 -0.90872204 -0.91753707 -0.83232791 -0.79527678  1.20802738
  1.23670377  1.00913265]
mylog        Mon, 03 Jul 2017 18:06:21 DEBUG    valid: 002001_2009-02-19_[-1.02688455 -0.83504885 -0.80511313 -0.75989383  1.24501219  1.30555106
  0.87637712 -1.02688455 -0.83504885 -0.80511313 -0.75989383  1.24501219
  1.30555106  0.87637712]
mylog        Mon, 03 Jul 2017 18:06:21 DEBUG    valid: 002001_2009-02-18_[-0.96677665 -0.85140068 -0.81466276 -0.79891334  1.24895121  1.31086632
  0.8719359  -0.96677665 -0.85140068 -0.81466276 -0.79891334  1.24895121
  1.31086632  0.8719359 ]
mylog        Mon, 03 Jul 2017 18:06:22 DEBUG    valid: 002001_2009-02-17_[-0.94435785 -0.838731   -0.82401288 -0.82573774  1.25064086  1.31333858
  0.86886002 -0.94435785 -0.838731   -0.82401288 -0.82573774  1.25064086
  1.31333858  0.86886002]
mylog        Mon, 03 Jul 2017 18:06:22 DEBUG    valid: 002001_2009-02-16_[-0.84410869 -0.86927404 -0.8593424  -0.86152174  1.25295654  1.31674277
  0.86454756 -0.84410869 -0.86927404 -0.8593424  -0.86152174  1.25295654
  1.31674277  0.86454756]
mylog        Mon, 03 Jul 2017 18:06:22 DEBUG    invalid: 002001_2009-02-15_None
mylog        Mon, 03 Jul 2017 18:06:22 DEBUG    invalid: 002001_2009-02-14_None
mylog        Mon, 03 Jul 2017 18:06:23 DEBUG    valid: 002001_2009-02-13_[-0.7356133  -0.86599471 -0.92234855 -0.90391227  1.25287807  1.31787129
  0.85711948 -0.7356133  -0.86599471 -0.92234855 -0.90391227  1.25287807
  1.31787129  0.85711948]
mylog        Mon, 03 Jul 2017 18:06:23 DEBUG    valid: 002001_2009-02-12_[-0.95467102 -0.81812246 -0.8399163  -0.82256653  1.04835964  1.40495331
  0.98196336 -0.95467102 -0.81812246 -0.8399163  -0.82256653  1.04835964
  1.40495331  0.98196336]
mylog        Mon, 03 Jul 2017 18:06:23 DEBUG    valid: 002001_2009-02-11_[-0.84756888 -0.84346678 -0.85759267 -0.88757226  1.04516984  1.41465811
  0.97637264 -0.84756888 -0.84346678 -0.85759267 -0.88757226  1.04516984
  1.41465811  0.97637264]
mylog        Mon, 03 Jul 2017 18:06:24 DEBUG    valid: 002001_2009-02-10_[-0.959037   -0.82590871 -0.78360448 -0.86449841  1.04547897  1.40995452
  0.97761512 -0.959037   -0.82590871 -0.78360448 -0.86449841  1.04547897
  1.40995452  0.97761512]
mylog        Mon, 03 Jul 2017 18:06:24 DEBUG    valid: 002001_2009-02-09_[-0.67633776 -0.92987816 -0.87948267 -0.93769937  1.03759389  1.41927823
  0.96652584 -0.67633776 -0.92987816 -0.87948267 -0.93769937  1.03759389
  1.41927823  0.96652584]
mylog        Mon, 03 Jul 2017 18:06:24 DEBUG    invalid: 002001_2009-02-08_None
mylog        Mon, 03 Jul 2017 18:06:24 DEBUG    invalid: 002001_2009-02-07_None
mylog        Mon, 03 Jul 2017 18:06:25 DEBUG    valid: 002001_2009-02-06_[-0.908753   -0.90157072 -0.79293086 -0.83237666  1.04767222  1.40723612
  0.98072289 -0.908753   -0.90157072 -0.79293086 -0.83237666  1.04767222
  1.40723612  0.98072289]
mylog        Mon, 03 Jul 2017 18:06:25 DEBUG    valid: 002001_2009-02-05_[-0.79813071 -0.92518927 -0.8114913  -0.89088617  1.14763177  1.4063955
  0.87167018 -0.79813071 -0.92518927 -0.8114913  -0.89088617  1.14763177
  1.4063955   0.87167018]
mylog        Mon, 03 Jul 2017 18:06:25 DEBUG    valid: 002001_2009-02-04_[-0.86493945 -0.84725518 -0.82579658 -0.89055549  1.14853491  1.40519453
  0.87481726 -0.86493945 -0.84725518 -0.82579658 -0.89055549  1.14853491
  1.40519453  0.87481726]
mylog        Mon, 03 Jul 2017 18:06:26 DEBUG    valid: 002001_2009-02-03_[-0.97641827 -0.72929558 -0.83125648 -0.88480986  1.14622461  1.40041064
  0.87514494 -0.97641827 -0.72929558 -0.83125648 -0.88480986  1.14622461
  1.40041064  0.87514494]
mylog        Mon, 03 Jul 2017 18:06:26 DEBUG    valid: 002001_2009-02-02_[-1.03402525 -0.7077569  -0.81539653 -0.85946075  1.14445332  1.3960348
  0.87615131 -1.03402525 -0.7077569  -0.81539653 -0.85946075  1.14445332
  1.3960348   0.87615131]
mylog        Mon, 03 Jul 2017 18:06:26 DEBUG    invalid: 002001_2009-02-01_None
mylog        Mon, 03 Jul 2017 18:06:26 DEBUG    invalid: 002001_2009-01-31_None
mylog        Mon, 03 Jul 2017 18:06:27 DEBUG    invalid: 002001_2009-01-30_None
mylog        Mon, 03 Jul 2017 18:06:27 DEBUG    invalid: 002001_2009-01-29_None
mylog        Mon, 03 Jul 2017 18:06:27 DEBUG    invalid: 002001_2009-01-28_None
mylog        Mon, 03 Jul 2017 18:06:27 DEBUG    invalid: 002001_2009-01-27_None
mylog        Mon, 03 Jul 2017 18:06:27 DEBUG    invalid: 002001_2009-01-26_None
mylog        Mon, 03 Jul 2017 18:06:27 DEBUG    invalid: 002001_2009-01-25_None
mylog        Mon, 03 Jul 2017 18:06:28 DEBUG    invalid: 002001_2009-01-24_None
mylog        Mon, 03 Jul 2017 18:06:28 DEBUG    valid: 002001_2009-01-23_[-0.86182037 -0.75231861 -0.87121034 -0.93795341  1.14689671  1.40851214
  0.86789388 -0.86182037 -0.75231861 -0.87121034 -0.93795341  1.14689671
  1.40851214  0.86789388]
mylog        Mon, 03 Jul 2017 18:06:28 DEBUG    valid: 002001_2009-01-22_[-0.56659385 -0.79431208 -0.98539152 -1.0409522   1.08636937  1.4387441
  0.86213617 -0.56659385 -0.79431208 -0.98539152 -1.0409522   1.08636937
  1.4387441   0.86213617]
mylog        Mon, 03 Jul 2017 18:06:28 DEBUG    valid: 002001_2009-01-21_[-0.41321912 -0.91490301 -1.01225424 -1.01965337  1.0778547   1.42562096
  0.85655409 -0.41321912 -0.91490301 -1.01225424 -1.01965337  1.0778547
  1.42562096  0.85655409]
mylog        Mon, 03 Jul 2017 18:06:29 DEBUG    valid: 002001_2009-01-20_[-0.88599731 -0.86283432 -0.85682481 -0.82388813  1.10472173  1.42200203
  0.90282082 -0.88599731 -0.86283432 -0.85682481 -0.82388813  1.10472173
  1.42200203  0.90282082]
mylog        Mon, 03 Jul 2017 18:06:29 DEBUG    valid: 002001_2009-01-19_[-0.87305374 -0.89213729 -0.82684959 -0.83663396  1.10406358  1.42438094
  0.90023005 -0.87305374 -0.89213729 -0.82684959 -0.83663396  1.10406358
  1.42438094  0.90023005]
mylog        Mon, 03 Jul 2017 18:06:29 DEBUG    invalid: 002001_2009-01-18_None
mylog        Mon, 03 Jul 2017 18:06:29 DEBUG    invalid: 002001_2009-01-17_None
mylog        Mon, 03 Jul 2017 18:06:30 DEBUG    valid: 002001_2009-01-16_[-0.64550498 -0.95377783 -0.90381446 -0.90907759  1.09723481  1.42851485
  0.88642519 -0.64550498 -0.95377783 -0.90381446 -0.90907759  1.09723481
  1.42851485  0.88642519]
mylog        Mon, 03 Jul 2017 18:06:30 DEBUG    valid: 002001_2009-01-15_[-0.94630355 -0.87687168 -0.81251561 -0.77782752  1.39190036  1.22241253
  0.79920547 -0.94630355 -0.87687168 -0.81251561 -0.77782752  1.39190036
  1.22241253  0.79920547]
mylog        Mon, 03 Jul 2017 18:06:30 DEBUG    valid: 002001_2009-01-14_[-0.95580161 -0.85041955 -0.82795283 -0.77871779  1.39328142  1.22273293
  0.79687743 -0.95580161 -0.85041955 -0.82795283 -0.77871779  1.39328142
  1.22273293  0.79687743]
mylog        Mon, 03 Jul 2017 18:06:31 DEBUG    valid: 002001_2009-01-13_[-0.91982922 -0.83996252 -0.85646547 -0.7975429   1.39720267  1.22424024
  0.7923572  -0.91982922 -0.83996252 -0.85646547 -0.7975429   1.39720267
  1.22424024  0.7923572 ]
mylog        Mon, 03 Jul 2017 18:06:31 DEBUG    valid: 002001_2009-01-12_[-0.84927954 -0.80412993 -0.9117591  -0.8456088   1.40528443  1.22625836
  0.77923458 -0.84927954 -0.80412993 -0.9117591  -0.8456088   1.40528443
  1.22625836  0.77923458]
mylog        Mon, 03 Jul 2017 18:06:31 DEBUG    invalid: 002001_2009-01-11_None
mylog        Mon, 03 Jul 2017 18:06:32 DEBUG    invalid: 002001_2009-01-10_None
mylog        Mon, 03 Jul 2017 18:06:32 DEBUG    valid: 002001_2009-01-09_[-0.94340594 -0.78295402 -0.88945925 -0.7941591   1.39929016  1.22408527
  0.78660288 -0.94340594 -0.78295402 -0.88945925 -0.7941591   1.39929016
  1.22408527  0.78660288]
mylog        Mon, 03 Jul 2017 18:06:32 DEBUG    valid: 002001_2009-01-08_[-0.83428618 -0.83117271 -0.8945323  -0.79946287  1.5882955   1.08881025
  0.68234831 -0.83428618 -0.83117271 -0.8945323  -0.79946287  1.5882955
  1.08881025  0.68234831]
mylog        Mon, 03 Jul 2017 18:06:32 DEBUG    valid: 002001_2009-01-07_[-0.84179498 -0.88128907 -0.85473631 -0.78109426  1.58893795  1.08857601
  0.68140066 -0.84179498 -0.88128907 -0.85473631 -0.78109426  1.58893795
  1.08857601  0.68140066]
mylog        Mon, 03 Jul 2017 18:06:33 DEBUG    valid: 002001_2009-01-06_[-0.52851575 -1.01944906 -0.92456253 -0.84403446  1.59396129  1.0731915
  0.64940902 -0.52851575 -1.01944906 -0.92456253 -0.84403446  1.59396129
  1.0731915   0.64940902]
mylog        Mon, 03 Jul 2017 18:06:33 DEBUG    valid: 002001_2009-01-05_[-0.88177842 -0.94671349 -0.82034    -0.70843668  1.57748383  1.08874915
  0.69103561 -0.88177842 -0.94671349 -0.82034    -0.70843668  1.57748383
  1.08874915  0.69103561]
mylog        Mon, 03 Jul 2017 18:06:33 DEBUG    invalid: 002001_2009-01-04_None
mylog        Mon, 03 Jul 2017 18:06:34 DEBUG    invalid: 002001_2009-01-03_None
mylog        Mon, 03 Jul 2017 18:06:34 DEBUG    invalid: 002001_2009-01-02_None
mylog        Mon, 03 Jul 2017 18:06:34 DEBUG    invalid: 002001_2009-01-01_None
mylog        Mon, 03 Jul 2017 18:06:34 DEBUG    valid: 002001_2008-12-31_[-1.01607687 -0.92317055 -0.77344008 -0.63557437  1.56386664  1.08644949
  0.69794573 -1.01607687 -0.92317055 -0.77344008 -0.63557437  1.56386664
  1.08644949  0.69794573]
mylog        Mon, 03 Jul 2017 18:06:35 DEBUG    valid: 002001_2008-12-30_[-1.00497419 -0.90397962 -0.7812625  -0.64280321  1.59081422  1.09577036
  0.64643494 -1.00497419 -0.90397962 -0.7812625  -0.64280321  1.59081422
  1.09577036  0.64643494]
mylog        Mon, 03 Jul 2017 18:06:35 DEBUG    valid: 002001_2008-12-29_[-1.03157111 -0.82492399 -0.80125655 -0.67167519  1.60072324  1.09422011
  0.63448348 -1.03157111 -0.82492399 -0.80125655 -0.67167519  1.60072324
  1.09422011  0.63448348]
mylog        Mon, 03 Jul 2017 18:06:35 DEBUG    invalid: 002001_2008-12-28_None
mylog        Mon, 03 Jul 2017 18:06:35 DEBUG    invalid: 002001_2008-12-27_None
mylog        Mon, 03 Jul 2017 18:06:36 DEBUG    valid: 002001_2008-12-26_[-0.8959764  -0.81973385 -0.86569749 -0.75146561  1.62309899  1.0946949
  0.61507946 -0.8959764  -0.81973385 -0.86569749 -0.75146561  1.62309899
  1.0946949   0.61507946]
mylog        Mon, 03 Jul 2017 18:06:36 DEBUG    valid: 002001_2008-12-25_[-1.05995026 -0.75589529 -0.78006457 -0.70710907  1.64934559  1.06025138
  0.59342222 -1.05995026 -0.75589529 -0.78006457 -0.70710907  1.64934559
  1.06025138  0.59342222]
mylog        Mon, 03 Jul 2017 18:06:36 DEBUG    valid: 002001_2008-12-24_[-0.92983923 -0.79292419 -0.81060339 -0.77392316  1.6721879   1.06008304
  0.57501903 -0.92983923 -0.79292419 -0.81060339 -0.77392316  1.6721879
  1.06008304  0.57501903]
mylog        Mon, 03 Jul 2017 18:06:37 DEBUG    valid: 002001_2008-12-23_[-0.57261971 -0.89477225 -0.9060431  -0.90010207  1.6902443   1.04665384
  0.536639   -0.57261971 -0.89477225 -0.9060431  -0.90010207  1.6902443
  1.04665384  0.536639  ]
mylog        Mon, 03 Jul 2017 18:06:37 DEBUG    valid: 002001_2008-12-22_[-0.71667026 -0.90133562 -0.82651455 -0.85715023  1.67868266  1.057588
  0.56540001 -0.71667026 -0.90133562 -0.82651455 -0.85715023  1.67868266
  1.057588    0.56540001]
mylog        Mon, 03 Jul 2017 18:06:37 DEBUG    invalid: 002001_2008-12-21_None
mylog        Mon, 03 Jul 2017 18:06:37 DEBUG    invalid: 002001_2008-12-20_None
mylog        Mon, 03 Jul 2017 18:06:38 DEBUG    valid: 002001_2008-12-19_[-0.86468687 -0.89716468 -0.73690051 -0.8128874   1.66574808  1.06211926
  0.58377212 -0.86468687 -0.89716468 -0.73690051 -0.8128874   1.66574808
  1.06211926  0.58377212]
mylog        Mon, 03 Jul 2017 18:06:38 DEBUG    valid: 002001_2008-12-18_[-0.94181206 -0.84513362 -0.688973   -0.81637843  1.68136389  1.06338541
  0.5475478  -0.94181206 -0.84513362 -0.688973   -0.81637843  1.68136389
  1.06338541  0.5475478 ]
mylog        Mon, 03 Jul 2017 18:06:38 DEBUG    valid: 002001_2008-12-17_[-0.91321539 -0.84186105 -0.66268627 -0.8658402   1.69187972  1.05970523
  0.53201797 -0.91321539 -0.84186105 -0.66268627 -0.8658402   1.69187972
  1.05970523  0.53201797]
mylog        Mon, 03 Jul 2017 18:06:39 DEBUG    valid: 002001_2008-12-16_[-0.93079369 -0.83394943 -0.63138361 -0.88127126  1.69332693  1.05743195
  0.52663911 -0.93079369 -0.83394943 -0.63138361 -0.88127126  1.69332693
  1.05743195  0.52663911]
mylog        Mon, 03 Jul 2017 18:06:39 DEBUG    valid: 002001_2008-12-15_[-1.00884088 -0.75098358 -0.63577308 -0.87451453  1.69191661  1.05494393
  0.52325152 -1.00884088 -0.75098358 -0.63577308 -0.87451453  1.69191661
  1.05494393  0.52325152]
mylog        Mon, 03 Jul 2017 18:06:39 DEBUG    invalid: 002001_2008-12-14_None
mylog        Mon, 03 Jul 2017 18:06:39 DEBUG    invalid: 002001_2008-12-13_None
mylog        Mon, 03 Jul 2017 18:06:40 DEBUG    valid: 002001_2008-12-12_[-0.77767869 -0.72822352 -0.76940956 -0.98314997  1.72322093  1.04900882
  0.48623199 -0.77767869 -0.72822352 -0.76940956 -0.98314997  1.72322093
  1.04900882  0.48623199]
mylog        Mon, 03 Jul 2017 18:06:40 DEBUG    valid: 002001_2008-12-11_[-0.86048773 -0.6466357  -0.82365965 -1.01675388  1.47826488  1.24837428
  0.62089779 -0.86048773 -0.6466357  -0.82365965 -1.01675388  1.47826488
  1.24837428  0.62089779]
mylog        Mon, 03 Jul 2017 18:06:40 DEBUG    valid: 002001_2008-12-10_[-0.93727521 -0.52045918 -0.86050621 -1.01259337  1.46936237  1.24158714
  0.61988446 -0.93727521 -0.52045918 -0.86050621 -1.01259337  1.46936237
  1.24158714  0.61988446]
mylog        Mon, 03 Jul 2017 18:06:41 DEBUG    valid: 002001_2008-12-09_[-0.59535685 -0.51604906 -1.02601931 -1.14600662  1.46851993  1.23125634
  0.58365557 -0.59535685 -0.51604906 -1.02601931 -1.14600662  1.46851993
  1.23125634  0.58365557]
mylog        Mon, 03 Jul 2017 18:06:41 DEBUG    valid: 002001_2008-12-08_[-0.41635546 -0.60734336 -1.09216279 -1.1461429   1.45457241  1.22162543
  0.58580667 -0.41635546 -0.60734336 -1.09216279 -1.1461429   1.45457241
  1.22162543  0.58580667]
mylog        Mon, 03 Jul 2017 18:06:41 DEBUG    invalid: 002001_2008-12-07_None
mylog        Mon, 03 Jul 2017 18:06:41 DEBUG    invalid: 002001_2008-12-06_None
mylog        Mon, 03 Jul 2017 18:06:42 DEBUG    valid: 002001_2008-12-05_[-0.48155719 -0.73019174 -1.04477317 -1.05735199  1.45340247  1.23216495
  0.62830666 -0.48155719 -0.73019174 -1.04477317 -1.05735199  1.45340247
  1.23216495  0.62830666]
mylog        Mon, 03 Jul 2017 18:06:42 DEBUG    valid: 002001_2008-12-04_[-0.06841125 -0.90891117 -1.13292972 -1.12090156  1.25902267  1.20906981
  0.76306123 -0.06841125 -0.90891117 -1.13292972 -1.12090156  1.25902267
  1.20906981  0.76306123]
mylog        Mon, 03 Jul 2017 18:06:42 DEBUG    valid: 002001_2008-12-03_[-0.23480865 -0.98764386 -1.06924374 -1.0198984   1.27402218  1.2273124
  0.81026006 -0.23480865 -0.98764386 -1.06924374 -1.0198984   1.27402218
  1.2273124   0.81026006]
mylog        Mon, 03 Jul 2017 18:06:43 DEBUG    valid: 002001_2008-12-02_[-0.64775753 -0.99900249 -0.91897457 -0.85404553  1.29635068  1.25341083
  0.87001861 -0.64775753 -0.99900249 -0.91897457 -0.85404553  1.29635068
  1.25341083  0.87001861]
mylog        Mon, 03 Jul 2017 18:06:43 DEBUG    valid: 002001_2008-12-01_[-0.9686706  -0.94490299 -0.76457361 -0.75179973  1.29048814  1.25008791
  0.88937088 -0.9686706  -0.94490299 -0.76457361 -0.75179973  1.29048814
  1.25008791  0.88937088]
mylog        Mon, 03 Jul 2017 18:06:43 DEBUG    invalid: 002001_2008-11-30_None
mylog        Mon, 03 Jul 2017 18:06:43 DEBUG    invalid: 002001_2008-11-29_None
mylog        Mon, 03 Jul 2017 18:06:44 DEBUG    valid: 002001_2008-11-28_[-1.02918393 -0.89873066 -0.72556737 -0.77202818  1.29026131  1.24951737
  0.88573146 -1.02918393 -0.89873066 -0.72556737 -0.77202818  1.29026131
  1.24951737  0.88573146]
mylog        Mon, 03 Jul 2017 18:06:44 DEBUG    valid: 002001_2008-11-27_[-0.89583567 -0.92506963 -0.75256274 -0.84873087  1.37315807  1.21184713
  0.83719372 -0.89583567 -0.92506963 -0.75256274 -0.84873087  1.37315807
  1.21184713  0.83719372]
mylog        Mon, 03 Jul 2017 18:06:44 DEBUG    valid: 002001_2008-11-26_[-1.07977842 -0.85242141 -0.67531097 -0.79957296  1.36147152  1.20477463
  0.84083761 -1.07977842 -0.85242141 -0.67531097 -0.79957296  1.36147152
  1.20477463  0.84083761]
mylog        Mon, 03 Jul 2017 18:06:45 DEBUG    valid: 002001_2008-11-25_[-1.02674769 -0.81927845 -0.71995703 -0.84810715  1.37075924  1.20923729
  0.83409379 -1.02674769 -0.81927845 -0.71995703 -0.84810715  1.37075924
  1.20923729  0.83409379]
mylog        Mon, 03 Jul 2017 18:06:45 DEBUG    valid: 002001_2008-11-24_[-0.85738968 -0.79088457 -0.80314081 -0.96536687  1.38605444  1.21453979
  0.8161877  -0.85738968 -0.79088457 -0.80314081 -0.96536687  1.38605444
  1.21453979  0.8161877 ]
mylog        Mon, 03 Jul 2017 18:06:45 DEBUG    invalid: 002001_2008-11-23_None
mylog        Mon, 03 Jul 2017 18:06:45 DEBUG    invalid: 002001_2008-11-22_None
mylog        Mon, 03 Jul 2017 18:06:46 DEBUG    valid: 002001_2008-11-21_[-0.94289483 -0.72477099 -0.79143126 -0.95348356  1.38270189  1.21254208
  0.81733666 -0.94289483 -0.72477099 -0.79143126 -0.95348356  1.38270189
  1.21254208  0.81733666]
mylog        Mon, 03 Jul 2017 18:06:46 DEBUG    valid: 002001_2008-11-20_[-0.93417781 -0.67428934 -0.83514778 -0.97972282  1.35904692  1.16936828
  0.89492255 -0.93417781 -0.67428934 -0.83514778 -0.97972282  1.35904692
  1.16936828  0.89492255]
mylog        Mon, 03 Jul 2017 18:06:46 DEBUG    valid: 002001_2008-11-19_[-0.83042377 -0.66298084 -0.90644532 -1.01938253  1.3617581   1.16852879
  0.88894558 -0.83042377 -0.66298084 -0.90644532 -1.01938253  1.3617581
  1.16852879  0.88894558]
mylog        Mon, 03 Jul 2017 18:06:47 DEBUG    valid: 002001_2008-11-18_[-0.45182926 -0.81285632 -0.99707863 -1.11018709  1.35123637  1.1534476
  0.86726733 -0.45182926 -0.81285632 -0.99707863 -1.11018709  1.35123637
  1.1534476   0.86726733]
mylog        Mon, 03 Jul 2017 18:06:47 DEBUG    valid: 002001_2008-11-17_[-0.57087016 -0.816504   -0.97930674 -1.03762749  1.35241092  1.16298719
  0.88891027 -0.57087016 -0.816504   -0.97930674 -1.03762749  1.35241092
  1.16298719  0.88891027]
mylog        Mon, 03 Jul 2017 18:06:47 DEBUG    invalid: 002001_2008-11-16_None
mylog        Mon, 03 Jul 2017 18:06:47 DEBUG    invalid: 002001_2008-11-15_None
mylog        Mon, 03 Jul 2017 18:06:48 DEBUG    valid: 002001_2008-11-14_[-0.64586813 -0.80891221 -0.97798074 -0.98653828  1.35027532  1.16705942
  0.90196462 -0.64586813 -0.80891221 -0.97798074 -0.98653828  1.35027532
  1.16705942  0.90196462]
mylog        Mon, 03 Jul 2017 18:06:48 DEBUG    valid: 002001_2008-11-13_[-0.59049282 -0.87610275 -0.98330852 -0.96608518  1.35540946  1.1384948
  0.92208501 -0.59049282 -0.87610275 -0.98330852 -0.96608518  1.35540946
  1.1384948   0.92208501]
mylog        Mon, 03 Jul 2017 18:06:48 DEBUG    valid: 002001_2008-11-12_[-0.93998019 -0.82547891 -0.86152016 -0.81460864  1.3485722   1.14703961
  0.94597609 -0.93998019 -0.82547891 -0.86152016 -0.81460864  1.3485722
  1.14703961  0.94597609]
mylog        Mon, 03 Jul 2017 18:06:49 DEBUG    valid: 002001_2008-11-11_[-0.68160639 -0.88935325 -0.95259405 -0.90758298  1.354849    1.14354829
  0.93273937 -0.68160639 -0.88935325 -0.95259405 -0.90758298  1.354849
  1.14354829  0.93273937]
